GAS LISTING /tmp/ccIhbixH.s 			page 1


   1              		.file	"buffer_CPP_API.cpp"
   2              		.option pic
   3              		.option norelax
   4              		.text
   5              	.Ltext0:
   6              		.align	2
   7              		.globl	_ZN9BufferCPPC2Ei
   9              	_ZN9BufferCPPC2Ei:
  10              	.LFB45:
  11              		.file 1 "src/buffer_CPP_API.cpp"
   1:src/buffer_CPP_API.cpp **** #include "buffer_CPP_API.hpp"
   2:src/buffer_CPP_API.cpp **** #include "../lib/console.h"
   3:src/buffer_CPP_API.cpp **** 
   4:src/buffer_CPP_API.cpp **** BufferCPP::BufferCPP(int _cap) : cap(_cap + 1), head(0), tail(0) {
  12              		.loc 1 4 1
  13              		.cfi_startproc
  14              		.cfi_personality 0x9b,DW.ref.__gxx_personality_v0
  15              		.cfi_lsda 0x1b,.LLSDA45
  16              	.LVL0:
  17 0000 130101FD 		addi	sp,sp,-48
  18              		.cfi_def_cfa_offset 48
  19 0004 23341102 		sd	ra,40(sp)
  20 0008 23308102 		sd	s0,32(sp)
  21 000c 233C9100 		sd	s1,24(sp)
  22 0010 23382101 		sd	s2,16(sp)
  23 0014 23343101 		sd	s3,8(sp)
  24              		.cfi_offset 1, -8
  25              		.cfi_offset 8, -16
  26              		.cfi_offset 9, -24
  27              		.cfi_offset 18, -32
  28              		.cfi_offset 19, -40
  29 0018 13040103 		addi	s0,sp,48
  30              		.cfi_def_cfa 8, 0
  31 001c 93040500 		mv	s1,a0
  32 0020 13890500 		mv	s2,a1
  33              	.LBB2:
  34              		.loc 1 4 43 is_stmt 0
  35 0024 9B871500 		addiw	a5,a1,1
  36 0028 1B850700 		sext.w	a0,a5
  37              	.LVL1:
  38              		.loc 1 4 64
  39 002c 23A0F400 		sw	a5,0(s1)
  40 0030 23A80400 		sw	zero,16(s1)
  41 0034 23AA0400 		sw	zero,20(s1)
   5:src/buffer_CPP_API.cpp ****     buffer = (int *)mem_alloc(sizeof(int) * cap);
  42              		.loc 1 5 5 is_stmt 1
  43              		.loc 1 5 30 is_stmt 0
  44 0038 13152500 		slli	a0,a0,2
  45              	.LEHB0:
  46 003c 97000000 		call	_Z9mem_allocm@plt
  46      E7800000 
  47              	.LVL2:
  48              		.loc 1 5 12
  49 0044 23B4A400 		sd	a0,8(s1)
   6:src/buffer_CPP_API.cpp ****     itemAvailable = new Semaphore(0);
  50              		.loc 1 6 5 is_stmt 1
  51              		.loc 1 6 36 is_stmt 0
GAS LISTING /tmp/ccIhbixH.s 			page 2


  52 0048 13050001 		li	a0,16
  53 004c 97000000 		call	_Znwm@plt
  53      E7800000 
  54              	.LVL3:
  55              	.LEHE0:
  56 0054 93090500 		mv	s3,a0
  57 0058 93050000 		li	a1,0
  58              	.LEHB1:
  59 005c 97000000 		call	_ZN9SemaphoreC1Ej@plt
  59      E7800000 
  60              	.LVL4:
  61              	.LEHE1:
  62              		.loc 1 6 19 discriminator 2
  63 0064 23B03403 		sd	s3,32(s1)
   7:src/buffer_CPP_API.cpp ****     spaceAvailable = new Semaphore(_cap);
  64              		.loc 1 7 5 is_stmt 1 discriminator 2
  65              		.loc 1 7 40 is_stmt 0 discriminator 2
  66 0068 13050001 		li	a0,16
  67              	.LEHB2:
  68 006c 97000000 		call	_Znwm@plt
  68      E7800000 
  69              	.LVL5:
  70              	.LEHE2:
  71 0074 93090500 		mv	s3,a0
  72 0078 93050900 		mv	a1,s2
  73              	.LEHB3:
  74 007c 97000000 		call	_ZN9SemaphoreC1Ej@plt
  74      E7800000 
  75              	.LVL6:
  76              	.LEHE3:
  77              		.loc 1 7 20 discriminator 2
  78 0084 23BC3401 		sd	s3,24(s1)
   8:src/buffer_CPP_API.cpp ****     mutexHead = new Semaphore(1);
  79              		.loc 1 8 5 is_stmt 1 discriminator 2
  80              		.loc 1 8 32 is_stmt 0 discriminator 2
  81 0088 13050001 		li	a0,16
  82              	.LEHB4:
  83 008c 97000000 		call	_Znwm@plt
  83      E7800000 
  84              	.LVL7:
  85              	.LEHE4:
  86 0094 13090500 		mv	s2,a0
  87 0098 93051000 		li	a1,1
  88              	.LEHB5:
  89 009c 97000000 		call	_ZN9SemaphoreC1Ej@plt
  89      E7800000 
  90              	.LVL8:
  91              	.LEHE5:
  92              		.loc 1 8 15 discriminator 2
  93 00a4 23B42403 		sd	s2,40(s1)
   9:src/buffer_CPP_API.cpp ****     mutexTail = new Semaphore(1);
  94              		.loc 1 9 5 is_stmt 1 discriminator 2
  95              		.loc 1 9 32 is_stmt 0 discriminator 2
  96 00a8 13050001 		li	a0,16
  97              	.LEHB6:
  98 00ac 97000000 		call	_Znwm@plt
  98      E7800000 
GAS LISTING /tmp/ccIhbixH.s 			page 3


  99              	.LVL9:
 100              	.LEHE6:
 101 00b4 13090500 		mv	s2,a0
 102 00b8 93051000 		li	a1,1
 103              	.LEHB7:
 104 00bc 97000000 		call	_ZN9SemaphoreC1Ej@plt
 104      E7800000 
 105              	.LVL10:
 106              	.LEHE7:
 107              		.loc 1 9 15 discriminator 2
 108 00c4 23B82403 		sd	s2,48(s1)
 109              	.LBE2:
  10:src/buffer_CPP_API.cpp **** }
 110              		.loc 1 10 1 discriminator 2
 111 00c8 83308102 		ld	ra,40(sp)
 112              		.cfi_remember_state
 113              		.cfi_restore 1
 114 00cc 03340102 		ld	s0,32(sp)
 115              		.cfi_restore 8
 116              		.cfi_def_cfa 2, 48
 117 00d0 83348101 		ld	s1,24(sp)
 118              		.cfi_restore 9
 119              	.LVL11:
 120 00d4 03390101 		ld	s2,16(sp)
 121              		.cfi_restore 18
 122 00d8 83398100 		ld	s3,8(sp)
 123              		.cfi_restore 19
 124 00dc 13010103 		addi	sp,sp,48
 125              		.cfi_def_cfa_offset 0
 126 00e0 67800000 		jr	ra
 127              	.LVL12:
 128              	.L6:
 129              		.cfi_restore_state
 130 00e4 93040500 		mv	s1,a0
 131              	.LVL13:
 132              	.LBB3:
   6:src/buffer_CPP_API.cpp ****     spaceAvailable = new Semaphore(_cap);
 133              		.loc 1 6 36
 134 00e8 13850900 		mv	a0,s3
 135 00ec 97000000 		call	_ZdlPv@plt
 135      E7800000 
 136              	.LVL14:
 137 00f4 13850400 		mv	a0,s1
 138              	.LEHB8:
 139 00f8 97000000 		call	_Unwind_Resume@plt
 139      E7800000 
 140              	.LVL15:
 141              	.L7:
 142 0100 93040500 		mv	s1,a0
 143              	.LVL16:
   7:src/buffer_CPP_API.cpp ****     mutexHead = new Semaphore(1);
 144              		.loc 1 7 40
 145 0104 13850900 		mv	a0,s3
 146 0108 97000000 		call	_ZdlPv@plt
 146      E7800000 
 147              	.LVL17:
 148 0110 13850400 		mv	a0,s1
GAS LISTING /tmp/ccIhbixH.s 			page 4


 149 0114 97000000 		call	_Unwind_Resume@plt
 149      E7800000 
 150              	.LVL18:
 151              	.L8:
 152 011c 93040500 		mv	s1,a0
 153              	.LVL19:
   8:src/buffer_CPP_API.cpp ****     mutexTail = new Semaphore(1);
 154              		.loc 1 8 32
 155 0120 13050900 		mv	a0,s2
 156 0124 97000000 		call	_ZdlPv@plt
 156      E7800000 
 157              	.LVL20:
 158 012c 13850400 		mv	a0,s1
 159 0130 97000000 		call	_Unwind_Resume@plt
 159      E7800000 
 160              	.LVL21:
 161              	.L9:
 162 0138 93040500 		mv	s1,a0
 163              	.LVL22:
   9:src/buffer_CPP_API.cpp **** }
 164              		.loc 1 9 32
 165 013c 13050900 		mv	a0,s2
 166 0140 97000000 		call	_ZdlPv@plt
 166      E7800000 
 167              	.LVL23:
 168 0148 13850400 		mv	a0,s1
 169 014c 97000000 		call	_Unwind_Resume@plt
 169      E7800000 
 170              	.LVL24:
 171              	.LEHE8:
 172              	.LBE3:
 173              		.cfi_endproc
 174              	.LFE45:
 175              		.globl	__gxx_personality_v0
 176              		.section	.gcc_except_table,"a",@progbits
 177              	.LLSDA45:
 178 0000 FF       		.byte	0xff
 179 0001 FF       		.byte	0xff
 180 0002 03       		.byte	0x3
 181 0003 75       		.byte	0x75
 182 0004 00000000 		.4byte	.LEHB0-.LFB45
 183 0008 00000000 		.4byte	.LEHE0-.LEHB0
 184 000c 00000000 		.4byte	0
 185 0010 00       		.byte	0
 186 0011 00000000 		.4byte	.LEHB1-.LFB45
 187 0015 00000000 		.4byte	.LEHE1-.LEHB1
 188 0019 00000000 		.4byte	.L6-.LFB45
 189 001d 00       		.byte	0
 190 001e 00000000 		.4byte	.LEHB2-.LFB45
 191 0022 00000000 		.4byte	.LEHE2-.LEHB2
 192 0026 00000000 		.4byte	0
 193 002a 00       		.byte	0
 194 002b 00000000 		.4byte	.LEHB3-.LFB45
 195 002f 00000000 		.4byte	.LEHE3-.LEHB3
 196 0033 00000000 		.4byte	.L7-.LFB45
 197 0037 00       		.byte	0
 198 0038 00000000 		.4byte	.LEHB4-.LFB45
GAS LISTING /tmp/ccIhbixH.s 			page 5


 199 003c 00000000 		.4byte	.LEHE4-.LEHB4
 200 0040 00000000 		.4byte	0
 201 0044 00       		.byte	0
 202 0045 00000000 		.4byte	.LEHB5-.LFB45
 203 0049 00000000 		.4byte	.LEHE5-.LEHB5
 204 004d 00000000 		.4byte	.L8-.LFB45
 205 0051 00       		.byte	0
 206 0052 00000000 		.4byte	.LEHB6-.LFB45
 207 0056 00000000 		.4byte	.LEHE6-.LEHB6
 208 005a 00000000 		.4byte	0
 209 005e 00       		.byte	0
 210 005f 00000000 		.4byte	.LEHB7-.LFB45
 211 0063 00000000 		.4byte	.LEHE7-.LEHB7
 212 0067 00000000 		.4byte	.L9-.LFB45
 213 006b 00       		.byte	0
 214 006c 00000000 		.4byte	.LEHB8-.LFB45
 215 0070 00000000 		.4byte	.LEHE8-.LEHB8
 216 0074 00000000 		.4byte	0
 217 0078 00       		.byte	0
 218              		.text
 220              		.globl	_ZN9BufferCPPC1Ei
 221              		.set	_ZN9BufferCPPC1Ei,_ZN9BufferCPPC2Ei
 222              		.align	2
 223              		.globl	_ZN9BufferCPP3putEi
 225              	_ZN9BufferCPP3putEi:
 226              	.LFB50:
  11:src/buffer_CPP_API.cpp **** 
  12:src/buffer_CPP_API.cpp **** BufferCPP::~BufferCPP() {
  13:src/buffer_CPP_API.cpp ****     //Console::putc('\n');-------------------------------------------commented out putc here-------
  14:src/buffer_CPP_API.cpp ****     printString("Buffer deleted!\n");
  15:src/buffer_CPP_API.cpp ****     while (getCnt()) {
  16:src/buffer_CPP_API.cpp ****         char ch = buffer[head];
  17:src/buffer_CPP_API.cpp ****         //Console::putc(ch);-------------------------------------------commented out putc here-----
  18:src/buffer_CPP_API.cpp ****         __putc(ch);
  19:src/buffer_CPP_API.cpp ****         head = (head + 1) % cap;
  20:src/buffer_CPP_API.cpp ****     }
  21:src/buffer_CPP_API.cpp ****     //Console::putc('!');-------------------------------------------commented out putc here--------
  22:src/buffer_CPP_API.cpp ****     //Console::putc('\n');-------------------------------------------commented out putc here-------
  23:src/buffer_CPP_API.cpp **** 
  24:src/buffer_CPP_API.cpp ****     mem_free(buffer);
  25:src/buffer_CPP_API.cpp ****     delete itemAvailable;
  26:src/buffer_CPP_API.cpp ****     delete spaceAvailable;
  27:src/buffer_CPP_API.cpp ****     delete mutexTail;
  28:src/buffer_CPP_API.cpp ****     delete mutexHead;
  29:src/buffer_CPP_API.cpp **** 
  30:src/buffer_CPP_API.cpp **** }
  31:src/buffer_CPP_API.cpp **** 
  32:src/buffer_CPP_API.cpp **** void BufferCPP::put(int val) {
 227              		.loc 1 32 30 is_stmt 1
 228              		.cfi_startproc
 229              	.LVL25:
 230 0154 130101FE 		addi	sp,sp,-32
 231              		.cfi_def_cfa_offset 32
 232 0158 233C1100 		sd	ra,24(sp)
 233 015c 23388100 		sd	s0,16(sp)
 234 0160 23349100 		sd	s1,8(sp)
 235 0164 23302101 		sd	s2,0(sp)
GAS LISTING /tmp/ccIhbixH.s 			page 6


 236              		.cfi_offset 1, -8
 237              		.cfi_offset 8, -16
 238              		.cfi_offset 9, -24
 239              		.cfi_offset 18, -32
 240 0168 13040102 		addi	s0,sp,32
 241              		.cfi_def_cfa 8, 0
 242 016c 93040500 		mv	s1,a0
 243 0170 13890500 		mv	s2,a1
  33:src/buffer_CPP_API.cpp ****     spaceAvailable->wait();
 244              		.loc 1 33 5
 245              		.loc 1 33 25 is_stmt 0
 246 0174 03358501 		ld	a0,24(a0)
 247              	.LVL26:
 248 0178 97000000 		call	_ZN9Semaphore4waitEv@plt
 248      E7800000 
 249              	.LVL27:
  34:src/buffer_CPP_API.cpp **** 
  35:src/buffer_CPP_API.cpp ****     mutexTail->wait();
 250              		.loc 1 35 5 is_stmt 1
 251              		.loc 1 35 20 is_stmt 0
 252 0180 03B50403 		ld	a0,48(s1)
 253 0184 97000000 		call	_ZN9Semaphore4waitEv@plt
 253      E7800000 
 254              	.LVL28:
  36:src/buffer_CPP_API.cpp ****     buffer[tail] = val;
 255              		.loc 1 36 5 is_stmt 1
 256 018c 83B78400 		ld	a5,8(s1)
 257              		.loc 1 36 12 is_stmt 0
 258 0190 03A74401 		lw	a4,20(s1)
 259              		.loc 1 36 16
 260 0194 13172700 		slli	a4,a4,2
 261 0198 B387E700 		add	a5,a5,a4
 262              		.loc 1 36 18
 263 019c 23A02701 		sw	s2,0(a5)
  37:src/buffer_CPP_API.cpp ****     tail = (tail + 1) % cap;
 264              		.loc 1 37 5 is_stmt 1
 265              		.loc 1 37 13 is_stmt 0
 266 01a0 83A74401 		lw	a5,20(s1)
 267              		.loc 1 37 18
 268 01a4 9B871700 		addiw	a5,a5,1
 269              		.loc 1 37 25
 270 01a8 03A70400 		lw	a4,0(s1)
 271              		.loc 1 37 23
 272 01ac BBE7E702 		remw	a5,a5,a4
 273              		.loc 1 37 10
 274 01b0 23AAF400 		sw	a5,20(s1)
  38:src/buffer_CPP_API.cpp ****     mutexTail->signal();
 275              		.loc 1 38 5 is_stmt 1
 276              		.loc 1 38 22 is_stmt 0
 277 01b4 03B50403 		ld	a0,48(s1)
 278 01b8 97000000 		call	_ZN9Semaphore6signalEv@plt
 278      E7800000 
 279              	.LVL29:
  39:src/buffer_CPP_API.cpp **** 
  40:src/buffer_CPP_API.cpp ****     itemAvailable->signal();
 280              		.loc 1 40 5 is_stmt 1
 281              		.loc 1 40 26 is_stmt 0
GAS LISTING /tmp/ccIhbixH.s 			page 7


 282 01c0 03B50402 		ld	a0,32(s1)
 283 01c4 97000000 		call	_ZN9Semaphore6signalEv@plt
 283      E7800000 
 284              	.LVL30:
  41:src/buffer_CPP_API.cpp **** 
  42:src/buffer_CPP_API.cpp **** }
 285              		.loc 1 42 1
 286 01cc 83308101 		ld	ra,24(sp)
 287              		.cfi_restore 1
 288 01d0 03340101 		ld	s0,16(sp)
 289              		.cfi_restore 8
 290              		.cfi_def_cfa 2, 32
 291 01d4 83348100 		ld	s1,8(sp)
 292              		.cfi_restore 9
 293              	.LVL31:
 294 01d8 03390100 		ld	s2,0(sp)
 295              		.cfi_restore 18
 296 01dc 13010102 		addi	sp,sp,32
 297              		.cfi_def_cfa_offset 0
 298 01e0 67800000 		jr	ra
 299              		.cfi_endproc
 300              	.LFE50:
 302              		.align	2
 303              		.globl	_ZN9BufferCPP3getEv
 305              	_ZN9BufferCPP3getEv:
 306              	.LFB51:
  43:src/buffer_CPP_API.cpp **** 
  44:src/buffer_CPP_API.cpp **** int BufferCPP::get() {
 307              		.loc 1 44 22 is_stmt 1
 308              		.cfi_startproc
 309              	.LVL32:
 310 01e4 130101FE 		addi	sp,sp,-32
 311              		.cfi_def_cfa_offset 32
 312 01e8 233C1100 		sd	ra,24(sp)
 313 01ec 23388100 		sd	s0,16(sp)
 314 01f0 23349100 		sd	s1,8(sp)
 315 01f4 23302101 		sd	s2,0(sp)
 316              		.cfi_offset 1, -8
 317              		.cfi_offset 8, -16
 318              		.cfi_offset 9, -24
 319              		.cfi_offset 18, -32
 320 01f8 13040102 		addi	s0,sp,32
 321              		.cfi_def_cfa 8, 0
 322 01fc 93040500 		mv	s1,a0
  45:src/buffer_CPP_API.cpp ****     itemAvailable->wait();
 323              		.loc 1 45 5
 324              		.loc 1 45 24 is_stmt 0
 325 0200 03350502 		ld	a0,32(a0)
 326              	.LVL33:
 327 0204 97000000 		call	_ZN9Semaphore4waitEv@plt
 327      E7800000 
 328              	.LVL34:
  46:src/buffer_CPP_API.cpp **** 
  47:src/buffer_CPP_API.cpp ****     mutexHead->wait();
 329              		.loc 1 47 5 is_stmt 1
 330              		.loc 1 47 20 is_stmt 0
 331 020c 03B58402 		ld	a0,40(s1)
GAS LISTING /tmp/ccIhbixH.s 			page 8


 332 0210 97000000 		call	_ZN9Semaphore4waitEv@plt
 332      E7800000 
 333              	.LVL35:
  48:src/buffer_CPP_API.cpp **** 
  49:src/buffer_CPP_API.cpp ****     int ret = buffer[head];
 334              		.loc 1 49 5 is_stmt 1
 335              		.loc 1 49 15 is_stmt 0
 336 0218 03B78400 		ld	a4,8(s1)
 337              		.loc 1 49 22
 338 021c 83A70401 		lw	a5,16(s1)
 339              		.loc 1 49 26
 340 0220 93962700 		slli	a3,a5,2
 341 0224 3307D700 		add	a4,a4,a3
 342              		.loc 1 49 9
 343 0228 03290700 		lw	s2,0(a4)
 344              	.LVL36:
  50:src/buffer_CPP_API.cpp ****     head = (head + 1) % cap;
 345              		.loc 1 50 5 is_stmt 1
 346              		.loc 1 50 18 is_stmt 0
 347 022c 9B871700 		addiw	a5,a5,1
 348              		.loc 1 50 25
 349 0230 03A70400 		lw	a4,0(s1)
 350              		.loc 1 50 23
 351 0234 BBE7E702 		remw	a5,a5,a4
 352              		.loc 1 50 10
 353 0238 23A8F400 		sw	a5,16(s1)
  51:src/buffer_CPP_API.cpp ****     mutexHead->signal();
 354              		.loc 1 51 5 is_stmt 1
 355              		.loc 1 51 22 is_stmt 0
 356 023c 03B58402 		ld	a0,40(s1)
 357 0240 97000000 		call	_ZN9Semaphore6signalEv@plt
 357      E7800000 
 358              	.LVL37:
  52:src/buffer_CPP_API.cpp **** 
  53:src/buffer_CPP_API.cpp ****     spaceAvailable->signal();
 359              		.loc 1 53 5 is_stmt 1
 360              		.loc 1 53 27 is_stmt 0
 361 0248 03B58401 		ld	a0,24(s1)
 362 024c 97000000 		call	_ZN9Semaphore6signalEv@plt
 362      E7800000 
 363              	.LVL38:
  54:src/buffer_CPP_API.cpp **** 
  55:src/buffer_CPP_API.cpp ****     return ret;
 364              		.loc 1 55 5 is_stmt 1
  56:src/buffer_CPP_API.cpp **** }
 365              		.loc 1 56 1 is_stmt 0
 366 0254 13050900 		mv	a0,s2
 367 0258 83308101 		ld	ra,24(sp)
 368              		.cfi_restore 1
 369 025c 03340101 		ld	s0,16(sp)
 370              		.cfi_restore 8
 371              		.cfi_def_cfa 2, 32
 372 0260 83348100 		ld	s1,8(sp)
 373              		.cfi_restore 9
 374              	.LVL39:
 375 0264 03390100 		ld	s2,0(sp)
 376              		.cfi_restore 18
GAS LISTING /tmp/ccIhbixH.s 			page 9


 377              	.LVL40:
 378 0268 13010102 		addi	sp,sp,32
 379              		.cfi_def_cfa_offset 0
 380 026c 67800000 		jr	ra
 381              		.cfi_endproc
 382              	.LFE51:
 384              		.align	2
 385              		.globl	_ZN9BufferCPP6getCntEv
 387              	_ZN9BufferCPP6getCntEv:
 388              	.LFB52:
  57:src/buffer_CPP_API.cpp **** 
  58:src/buffer_CPP_API.cpp **** int BufferCPP::getCnt() {
 389              		.loc 1 58 25 is_stmt 1
 390              		.cfi_startproc
 391              	.LVL41:
 392 0270 130101FE 		addi	sp,sp,-32
 393              		.cfi_def_cfa_offset 32
 394 0274 233C1100 		sd	ra,24(sp)
 395 0278 23388100 		sd	s0,16(sp)
 396 027c 23349100 		sd	s1,8(sp)
 397 0280 23302101 		sd	s2,0(sp)
 398              		.cfi_offset 1, -8
 399              		.cfi_offset 8, -16
 400              		.cfi_offset 9, -24
 401              		.cfi_offset 18, -32
 402 0284 13040102 		addi	s0,sp,32
 403              		.cfi_def_cfa 8, 0
 404 0288 93040500 		mv	s1,a0
  59:src/buffer_CPP_API.cpp ****     int ret;
 405              		.loc 1 59 5
  60:src/buffer_CPP_API.cpp **** 
  61:src/buffer_CPP_API.cpp ****     mutexHead->wait();
 406              		.loc 1 61 5
 407              		.loc 1 61 20 is_stmt 0
 408 028c 03358502 		ld	a0,40(a0)
 409              	.LVL42:
 410 0290 97000000 		call	_ZN9Semaphore4waitEv@plt
 410      E7800000 
 411              	.LVL43:
  62:src/buffer_CPP_API.cpp ****     mutexTail->wait();
 412              		.loc 1 62 5 is_stmt 1
 413              		.loc 1 62 20 is_stmt 0
 414 0298 03B50403 		ld	a0,48(s1)
 415 029c 97000000 		call	_ZN9Semaphore4waitEv@plt
 415      E7800000 
 416              	.LVL44:
  63:src/buffer_CPP_API.cpp **** 
  64:src/buffer_CPP_API.cpp ****     if (tail >= head) {
 417              		.loc 1 64 5 is_stmt 1
 418              		.loc 1 64 9 is_stmt 0
 419 02a4 83A74401 		lw	a5,20(s1)
 420              		.loc 1 64 17
 421 02a8 03A90401 		lw	s2,16(s1)
 422              		.loc 1 64 5
 423 02ac 63CE2703 		blt	a5,s2,.L17
  65:src/buffer_CPP_API.cpp ****         ret = tail - head;
 424              		.loc 1 65 9 is_stmt 1
GAS LISTING /tmp/ccIhbixH.s 			page 10


 425              		.loc 1 65 13 is_stmt 0
 426 02b0 3B892741 		subw	s2,a5,s2
 427              	.LVL45:
 428              	.L18:
  66:src/buffer_CPP_API.cpp ****     } else {
  67:src/buffer_CPP_API.cpp ****         ret = cap - head + tail;
  68:src/buffer_CPP_API.cpp ****     }
  69:src/buffer_CPP_API.cpp **** 
  70:src/buffer_CPP_API.cpp ****     mutexTail->signal();
 429              		.loc 1 70 5 is_stmt 1
 430              		.loc 1 70 22 is_stmt 0
 431 02b4 03B50403 		ld	a0,48(s1)
 432 02b8 97000000 		call	_ZN9Semaphore6signalEv@plt
 432      E7800000 
 433              	.LVL46:
  71:src/buffer_CPP_API.cpp ****     mutexHead->signal();
 434              		.loc 1 71 5 is_stmt 1
 435              		.loc 1 71 22 is_stmt 0
 436 02c0 03B58402 		ld	a0,40(s1)
 437 02c4 97000000 		call	_ZN9Semaphore6signalEv@plt
 437      E7800000 
 438              	.LVL47:
  72:src/buffer_CPP_API.cpp **** 
  73:src/buffer_CPP_API.cpp ****     return ret;
 439              		.loc 1 73 5 is_stmt 1
  74:src/buffer_CPP_API.cpp **** }
 440              		.loc 1 74 1 is_stmt 0
 441 02cc 13050900 		mv	a0,s2
 442 02d0 83308101 		ld	ra,24(sp)
 443              		.cfi_remember_state
 444              		.cfi_restore 1
 445 02d4 03340101 		ld	s0,16(sp)
 446              		.cfi_restore 8
 447              		.cfi_def_cfa 2, 32
 448 02d8 83348100 		ld	s1,8(sp)
 449              		.cfi_restore 9
 450              	.LVL48:
 451 02dc 03390100 		ld	s2,0(sp)
 452              		.cfi_restore 18
 453              	.LVL49:
 454 02e0 13010102 		addi	sp,sp,32
 455              		.cfi_def_cfa_offset 0
 456 02e4 67800000 		jr	ra
 457              	.LVL50:
 458              	.L17:
 459              		.cfi_restore_state
  67:src/buffer_CPP_API.cpp ****     }
 460              		.loc 1 67 9 is_stmt 1
  67:src/buffer_CPP_API.cpp ****     }
 461              		.loc 1 67 15 is_stmt 0
 462 02e8 03A70400 		lw	a4,0(s1)
  67:src/buffer_CPP_API.cpp ****     }
 463              		.loc 1 67 19
 464 02ec 3B092741 		subw	s2,a4,s2
  67:src/buffer_CPP_API.cpp ****     }
 465              		.loc 1 67 13
 466 02f0 3B09F900 		addw	s2,s2,a5
GAS LISTING /tmp/ccIhbixH.s 			page 11


 467 02f4 6FF01FFC 		j	.L18
 468              		.cfi_endproc
 469              	.LFE52:
 471              		.section	.rodata.str1.8,"aMS",@progbits,1
 472              		.align	3
 473              	.LC0:
 474 0000 42756666 		.string	"Buffer deleted!\n"
 474      65722064 
 474      656C6574 
 474      6564210A 
 474      00
 475              		.text
 476              		.align	2
 477              		.globl	_ZN9BufferCPPD2Ev
 479              	_ZN9BufferCPPD2Ev:
 480              	.LFB48:
  12:src/buffer_CPP_API.cpp ****     //Console::putc('\n');-------------------------------------------commented out putc here-------
 481              		.loc 1 12 1 is_stmt 1
 482              		.cfi_startproc
 483              		.cfi_personality 0x9b,DW.ref.__gxx_personality_v0
 484              		.cfi_lsda 0x1b,.LLSDA48
 485              	.LVL51:
 486 02f8 130101FE 		addi	sp,sp,-32
 487              		.cfi_def_cfa_offset 32
 488 02fc 233C1100 		sd	ra,24(sp)
 489 0300 23388100 		sd	s0,16(sp)
 490 0304 23349100 		sd	s1,8(sp)
 491              		.cfi_offset 1, -8
 492              		.cfi_offset 8, -16
 493              		.cfi_offset 9, -24
 494 0308 13040102 		addi	s0,sp,32
 495              		.cfi_def_cfa 8, 0
 496 030c 93040500 		mv	s1,a0
 497              	.LBB4:
  14:src/buffer_CPP_API.cpp ****     while (getCnt()) {
 498              		.loc 1 14 5
  14:src/buffer_CPP_API.cpp ****     while (getCnt()) {
 499              		.loc 1 14 16 is_stmt 0
 500 0310 17050000 		lla	a0,.LC0
 500      13050500 
 501              	.LVL52:
 502 0318 97000000 		call	_Z11printStringPKc@plt
 502      E7800000 
 503              	.LVL53:
 504              	.L22:
  15:src/buffer_CPP_API.cpp ****         char ch = buffer[head];
 505              		.loc 1 15 5 is_stmt 1
  15:src/buffer_CPP_API.cpp ****         char ch = buffer[head];
 506              		.loc 1 15 19
  15:src/buffer_CPP_API.cpp ****         char ch = buffer[head];
 507              		.loc 1 15 18 is_stmt 0
 508 0320 13850400 		mv	a0,s1
 509 0324 97000000 		call	_ZN9BufferCPP6getCntEv
 509      E7800000 
 510              	.LVL54:
  15:src/buffer_CPP_API.cpp ****         char ch = buffer[head];
 511              		.loc 1 15 19
GAS LISTING /tmp/ccIhbixH.s 			page 12


 512 032c 630C0502 		beqz	a0,.L21
 513              	.LBB5:
  16:src/buffer_CPP_API.cpp ****         //Console::putc(ch);-------------------------------------------commented out putc here-----
 514              		.loc 1 16 9 is_stmt 1
  16:src/buffer_CPP_API.cpp ****         //Console::putc(ch);-------------------------------------------commented out putc here-----
 515              		.loc 1 16 19 is_stmt 0
 516 0330 83B78400 		ld	a5,8(s1)
  16:src/buffer_CPP_API.cpp ****         //Console::putc(ch);-------------------------------------------commented out putc here-----
 517              		.loc 1 16 26
 518 0334 03A70401 		lw	a4,16(s1)
  16:src/buffer_CPP_API.cpp ****         //Console::putc(ch);-------------------------------------------commented out putc here-----
 519              		.loc 1 16 30
 520 0338 13172700 		slli	a4,a4,2
 521 033c B387E700 		add	a5,a5,a4
 522              	.LVL55:
  18:src/buffer_CPP_API.cpp ****         head = (head + 1) % cap;
 523              		.loc 1 18 9 is_stmt 1
  18:src/buffer_CPP_API.cpp ****         head = (head + 1) % cap;
 524              		.loc 1 18 15 is_stmt 0
 525 0340 03C50700 		lbu	a0,0(a5)
 526 0344 97000000 		call	__putc@plt
 526      E7800000 
 527              	.LVL56:
  19:src/buffer_CPP_API.cpp ****     }
 528              		.loc 1 19 9 is_stmt 1
  19:src/buffer_CPP_API.cpp ****     }
 529              		.loc 1 19 17 is_stmt 0
 530 034c 83A70401 		lw	a5,16(s1)
  19:src/buffer_CPP_API.cpp ****     }
 531              		.loc 1 19 22
 532 0350 9B871700 		addiw	a5,a5,1
  19:src/buffer_CPP_API.cpp ****     }
 533              		.loc 1 19 29
 534 0354 03A70400 		lw	a4,0(s1)
  19:src/buffer_CPP_API.cpp ****     }
 535              		.loc 1 19 27
 536 0358 BBE7E702 		remw	a5,a5,a4
  19:src/buffer_CPP_API.cpp ****     }
 537              		.loc 1 19 14
 538 035c 23A8F400 		sw	a5,16(s1)
 539              	.LBE5:
  15:src/buffer_CPP_API.cpp ****         char ch = buffer[head];
 540              		.loc 1 15 5
 541 0360 6FF01FFC 		j	.L22
 542              	.L21:
  24:src/buffer_CPP_API.cpp ****     delete itemAvailable;
 543              		.loc 1 24 5 is_stmt 1
  24:src/buffer_CPP_API.cpp ****     delete itemAvailable;
 544              		.loc 1 24 13 is_stmt 0
 545 0364 03B58400 		ld	a0,8(s1)
 546 0368 97000000 		call	_Z8mem_freePv@plt
 546      E7800000 
 547              	.LVL57:
  25:src/buffer_CPP_API.cpp ****     delete spaceAvailable;
 548              		.loc 1 25 5 is_stmt 1
  25:src/buffer_CPP_API.cpp ****     delete spaceAvailable;
 549              		.loc 1 25 12 is_stmt 0
GAS LISTING /tmp/ccIhbixH.s 			page 13


 550 0370 03B50402 		ld	a0,32(s1)
  25:src/buffer_CPP_API.cpp ****     delete spaceAvailable;
 551              		.loc 1 25 25
 552 0374 63080500 		beqz	a0,.L23
  25:src/buffer_CPP_API.cpp ****     delete spaceAvailable;
 553              		.loc 1 25 12 discriminator 1
 554 0378 83370500 		ld	a5,0(a0)
 555 037c 83B78700 		ld	a5,8(a5)
 556 0380 E7800700 		jalr	a5
 557              	.LVL58:
 558              	.L23:
  26:src/buffer_CPP_API.cpp ****     delete mutexTail;
 559              		.loc 1 26 5 is_stmt 1
  26:src/buffer_CPP_API.cpp ****     delete mutexTail;
 560              		.loc 1 26 12 is_stmt 0
 561 0384 03B58401 		ld	a0,24(s1)
  26:src/buffer_CPP_API.cpp ****     delete mutexTail;
 562              		.loc 1 26 26
 563 0388 63080500 		beqz	a0,.L24
  26:src/buffer_CPP_API.cpp ****     delete mutexTail;
 564              		.loc 1 26 12 discriminator 1
 565 038c 83370500 		ld	a5,0(a0)
 566 0390 83B78700 		ld	a5,8(a5)
 567 0394 E7800700 		jalr	a5
 568              	.LVL59:
 569              	.L24:
  27:src/buffer_CPP_API.cpp ****     delete mutexHead;
 570              		.loc 1 27 5 is_stmt 1
  27:src/buffer_CPP_API.cpp ****     delete mutexHead;
 571              		.loc 1 27 12 is_stmt 0
 572 0398 03B50403 		ld	a0,48(s1)
  27:src/buffer_CPP_API.cpp ****     delete mutexHead;
 573              		.loc 1 27 21
 574 039c 63080500 		beqz	a0,.L25
  27:src/buffer_CPP_API.cpp ****     delete mutexHead;
 575              		.loc 1 27 12 discriminator 1
 576 03a0 83370500 		ld	a5,0(a0)
 577 03a4 83B78700 		ld	a5,8(a5)
 578 03a8 E7800700 		jalr	a5
 579              	.LVL60:
 580              	.L25:
  28:src/buffer_CPP_API.cpp **** 
 581              		.loc 1 28 5 is_stmt 1
  28:src/buffer_CPP_API.cpp **** 
 582              		.loc 1 28 12 is_stmt 0
 583 03ac 03B58402 		ld	a0,40(s1)
  28:src/buffer_CPP_API.cpp **** 
 584              		.loc 1 28 21
 585 03b0 63080500 		beqz	a0,.L20
  28:src/buffer_CPP_API.cpp **** 
 586              		.loc 1 28 12 discriminator 1
 587 03b4 83370500 		ld	a5,0(a0)
 588 03b8 83B78700 		ld	a5,8(a5)
 589 03bc E7800700 		jalr	a5
 590              	.LVL61:
 591              	.L20:
 592              	.LBE4:
GAS LISTING /tmp/ccIhbixH.s 			page 14


  30:src/buffer_CPP_API.cpp **** 
 593              		.loc 1 30 1
 594 03c0 83308101 		ld	ra,24(sp)
 595              		.cfi_restore 1
 596 03c4 03340101 		ld	s0,16(sp)
 597              		.cfi_restore 8
 598              		.cfi_def_cfa 2, 32
 599 03c8 83348100 		ld	s1,8(sp)
 600              		.cfi_restore 9
 601              	.LVL62:
 602 03cc 13010102 		addi	sp,sp,32
 603              		.cfi_def_cfa_offset 0
 604 03d0 67800000 		jr	ra
 605              		.cfi_endproc
 606              	.LFE48:
 607              		.section	.gcc_except_table
 608              	.LLSDA48:
 609 0079 FF       		.byte	0xff
 610 007a FF       		.byte	0xff
 611 007b 03       		.byte	0x3
 612 007c 00       		.byte	0
 613              		.text
 615              		.globl	_ZN9BufferCPPD1Ev
 616              		.set	_ZN9BufferCPPD1Ev,_ZN9BufferCPPD2Ev
 617              	.Letext0:
 618              		.file 2 "src/../h/../lib/hw.h"
 619              		.file 3 "src/buffer_CPP_API.hpp"
 620              		.file 4 "src/../h/syscall_cpp.hpp"
 621              		.file 5 "src/../h/syscall_c.h"
 622              		.file 6 "src/../h/../lib/console.h"
 623              		.file 7 "src/printing.hpp"
 2360              		.align	3
 2363              	DW.ref.__gxx_personality_v0:
 2364 0000 00000000 		.dword	__gxx_personality_v0
 2364      00000000 
 2365              		.ident	"GCC: (Ubuntu 9.4.0-1ubuntu1~20.04) 9.4.0"
 2366              		.section	.note.GNU-stack,"",@progbits
GAS LISTING /tmp/ccIhbixH.s 			page 15


DEFINED SYMBOLS
                            *ABS*:0000000000000000 buffer_CPP_API.cpp
     /tmp/ccIhbixH.s:9      .text:0000000000000000 _ZN9BufferCPPC2Ei
     /tmp/ccIhbixH.s:13     .text:0000000000000000 .L0 
     /tmp/ccIhbixH.s:2363   .data.rel.local.DW.ref.__gxx_personality_v0:0000000000000000 DW.ref.__gxx_personality_v0
     /tmp/ccIhbixH.s:17     .text:0000000000000000 .L0 
     /tmp/ccIhbixH.s:18     .text:0000000000000004 .L0 
     /tmp/ccIhbixH.s:24     .text:0000000000000018 .L0 
     /tmp/ccIhbixH.s:25     .text:0000000000000018 .L0 
     /tmp/ccIhbixH.s:26     .text:0000000000000018 .L0 
     /tmp/ccIhbixH.s:27     .text:0000000000000018 .L0 
     /tmp/ccIhbixH.s:28     .text:0000000000000018 .L0 
     /tmp/ccIhbixH.s:30     .text:000000000000001c .L0 
     /tmp/ccIhbixH.s:35     .text:0000000000000024 .L0 
     /tmp/ccIhbixH.s:39     .text:000000000000002c .L0 
     /tmp/ccIhbixH.s:43     .text:0000000000000038 .L0 
     /tmp/ccIhbixH.s:44     .text:0000000000000038 .L0 
     /tmp/ccIhbixH.s:49     .text:0000000000000044 .L0 
     /tmp/ccIhbixH.s:51     .text:0000000000000048 .L0 
     /tmp/ccIhbixH.s:52     .text:0000000000000048 .L0 
     /tmp/ccIhbixH.s:63     .text:0000000000000064 .L0 
     /tmp/ccIhbixH.s:65     .text:0000000000000068 .L0 
     /tmp/ccIhbixH.s:66     .text:0000000000000068 .L0 
     /tmp/ccIhbixH.s:78     .text:0000000000000084 .L0 
     /tmp/ccIhbixH.s:80     .text:0000000000000088 .L0 
     /tmp/ccIhbixH.s:81     .text:0000000000000088 .L0 
     /tmp/ccIhbixH.s:93     .text:00000000000000a4 .L0 
     /tmp/ccIhbixH.s:95     .text:00000000000000a8 .L0 
     /tmp/ccIhbixH.s:96     .text:00000000000000a8 .L0 
     /tmp/ccIhbixH.s:108    .text:00000000000000c4 .L0 
     /tmp/ccIhbixH.s:111    .text:00000000000000c8 .L0 
     /tmp/ccIhbixH.s:112    .text:00000000000000cc .L0 
     /tmp/ccIhbixH.s:113    .text:00000000000000cc .L0 
     /tmp/ccIhbixH.s:115    .text:00000000000000d0 .L0 
     /tmp/ccIhbixH.s:116    .text:00000000000000d0 .L0 
     /tmp/ccIhbixH.s:118    .text:00000000000000d4 .L0 
     /tmp/ccIhbixH.s:121    .text:00000000000000d8 .L0 
     /tmp/ccIhbixH.s:123    .text:00000000000000dc .L0 
     /tmp/ccIhbixH.s:125    .text:00000000000000e0 .L0 
     /tmp/ccIhbixH.s:129    .text:00000000000000e4 .L0 
     /tmp/ccIhbixH.s:134    .text:00000000000000e8 .L0 
     /tmp/ccIhbixH.s:145    .text:0000000000000104 .L0 
     /tmp/ccIhbixH.s:155    .text:0000000000000120 .L0 
     /tmp/ccIhbixH.s:165    .text:000000000000013c .L0 
     /tmp/ccIhbixH.s:173    .text:0000000000000154 .L0 
     /tmp/ccIhbixH.s:9      .text:0000000000000000 _ZN9BufferCPPC1Ei
     /tmp/ccIhbixH.s:225    .text:0000000000000154 _ZN9BufferCPP3putEi
     /tmp/ccIhbixH.s:228    .text:0000000000000154 .L0 
     /tmp/ccIhbixH.s:230    .text:0000000000000154 .L0 
     /tmp/ccIhbixH.s:231    .text:0000000000000158 .L0 
     /tmp/ccIhbixH.s:236    .text:0000000000000168 .L0 
     /tmp/ccIhbixH.s:237    .text:0000000000000168 .L0 
     /tmp/ccIhbixH.s:238    .text:0000000000000168 .L0 
     /tmp/ccIhbixH.s:239    .text:0000000000000168 .L0 
     /tmp/ccIhbixH.s:241    .text:000000000000016c .L0 
     /tmp/ccIhbixH.s:245    .text:0000000000000174 .L0 
     /tmp/ccIhbixH.s:246    .text:0000000000000174 .L0 
GAS LISTING /tmp/ccIhbixH.s 			page 16


     /tmp/ccIhbixH.s:251    .text:0000000000000180 .L0 
     /tmp/ccIhbixH.s:252    .text:0000000000000180 .L0 
     /tmp/ccIhbixH.s:256    .text:000000000000018c .L0 
     /tmp/ccIhbixH.s:258    .text:0000000000000190 .L0 
     /tmp/ccIhbixH.s:260    .text:0000000000000194 .L0 
     /tmp/ccIhbixH.s:263    .text:000000000000019c .L0 
     /tmp/ccIhbixH.s:265    .text:00000000000001a0 .L0 
     /tmp/ccIhbixH.s:266    .text:00000000000001a0 .L0 
     /tmp/ccIhbixH.s:268    .text:00000000000001a4 .L0 
     /tmp/ccIhbixH.s:270    .text:00000000000001a8 .L0 
     /tmp/ccIhbixH.s:272    .text:00000000000001ac .L0 
     /tmp/ccIhbixH.s:274    .text:00000000000001b0 .L0 
     /tmp/ccIhbixH.s:276    .text:00000000000001b4 .L0 
     /tmp/ccIhbixH.s:277    .text:00000000000001b4 .L0 
     /tmp/ccIhbixH.s:281    .text:00000000000001c0 .L0 
     /tmp/ccIhbixH.s:282    .text:00000000000001c0 .L0 
     /tmp/ccIhbixH.s:286    .text:00000000000001cc .L0 
     /tmp/ccIhbixH.s:287    .text:00000000000001d0 .L0 
     /tmp/ccIhbixH.s:289    .text:00000000000001d4 .L0 
     /tmp/ccIhbixH.s:290    .text:00000000000001d4 .L0 
     /tmp/ccIhbixH.s:292    .text:00000000000001d8 .L0 
     /tmp/ccIhbixH.s:295    .text:00000000000001dc .L0 
     /tmp/ccIhbixH.s:297    .text:00000000000001e0 .L0 
     /tmp/ccIhbixH.s:299    .text:00000000000001e4 .L0 
     /tmp/ccIhbixH.s:305    .text:00000000000001e4 _ZN9BufferCPP3getEv
     /tmp/ccIhbixH.s:308    .text:00000000000001e4 .L0 
     /tmp/ccIhbixH.s:310    .text:00000000000001e4 .L0 
     /tmp/ccIhbixH.s:311    .text:00000000000001e8 .L0 
     /tmp/ccIhbixH.s:316    .text:00000000000001f8 .L0 
     /tmp/ccIhbixH.s:317    .text:00000000000001f8 .L0 
     /tmp/ccIhbixH.s:318    .text:00000000000001f8 .L0 
     /tmp/ccIhbixH.s:319    .text:00000000000001f8 .L0 
     /tmp/ccIhbixH.s:321    .text:00000000000001fc .L0 
     /tmp/ccIhbixH.s:324    .text:0000000000000200 .L0 
     /tmp/ccIhbixH.s:325    .text:0000000000000200 .L0 
     /tmp/ccIhbixH.s:330    .text:000000000000020c .L0 
     /tmp/ccIhbixH.s:331    .text:000000000000020c .L0 
     /tmp/ccIhbixH.s:335    .text:0000000000000218 .L0 
     /tmp/ccIhbixH.s:336    .text:0000000000000218 .L0 
     /tmp/ccIhbixH.s:338    .text:000000000000021c .L0 
     /tmp/ccIhbixH.s:340    .text:0000000000000220 .L0 
     /tmp/ccIhbixH.s:343    .text:0000000000000228 .L0 
     /tmp/ccIhbixH.s:346    .text:000000000000022c .L0 
     /tmp/ccIhbixH.s:347    .text:000000000000022c .L0 
     /tmp/ccIhbixH.s:349    .text:0000000000000230 .L0 
     /tmp/ccIhbixH.s:351    .text:0000000000000234 .L0 
     /tmp/ccIhbixH.s:353    .text:0000000000000238 .L0 
     /tmp/ccIhbixH.s:355    .text:000000000000023c .L0 
     /tmp/ccIhbixH.s:356    .text:000000000000023c .L0 
     /tmp/ccIhbixH.s:360    .text:0000000000000248 .L0 
     /tmp/ccIhbixH.s:361    .text:0000000000000248 .L0 
     /tmp/ccIhbixH.s:365    .text:0000000000000254 .L0 
     /tmp/ccIhbixH.s:366    .text:0000000000000254 .L0 
     /tmp/ccIhbixH.s:368    .text:000000000000025c .L0 
     /tmp/ccIhbixH.s:370    .text:0000000000000260 .L0 
     /tmp/ccIhbixH.s:371    .text:0000000000000260 .L0 
     /tmp/ccIhbixH.s:373    .text:0000000000000264 .L0 
GAS LISTING /tmp/ccIhbixH.s 			page 17


     /tmp/ccIhbixH.s:376    .text:0000000000000268 .L0 
     /tmp/ccIhbixH.s:379    .text:000000000000026c .L0 
     /tmp/ccIhbixH.s:381    .text:0000000000000270 .L0 
     /tmp/ccIhbixH.s:387    .text:0000000000000270 _ZN9BufferCPP6getCntEv
     /tmp/ccIhbixH.s:390    .text:0000000000000270 .L0 
     /tmp/ccIhbixH.s:392    .text:0000000000000270 .L0 
     /tmp/ccIhbixH.s:393    .text:0000000000000274 .L0 
     /tmp/ccIhbixH.s:398    .text:0000000000000284 .L0 
     /tmp/ccIhbixH.s:399    .text:0000000000000284 .L0 
     /tmp/ccIhbixH.s:400    .text:0000000000000284 .L0 
     /tmp/ccIhbixH.s:401    .text:0000000000000284 .L0 
     /tmp/ccIhbixH.s:403    .text:0000000000000288 .L0 
     /tmp/ccIhbixH.s:406    .text:000000000000028c .L0 
     /tmp/ccIhbixH.s:407    .text:000000000000028c .L0 
     /tmp/ccIhbixH.s:408    .text:000000000000028c .L0 
     /tmp/ccIhbixH.s:413    .text:0000000000000298 .L0 
     /tmp/ccIhbixH.s:414    .text:0000000000000298 .L0 
     /tmp/ccIhbixH.s:418    .text:00000000000002a4 .L0 
     /tmp/ccIhbixH.s:419    .text:00000000000002a4 .L0 
     /tmp/ccIhbixH.s:421    .text:00000000000002a8 .L0 
     /tmp/ccIhbixH.s:423    .text:00000000000002ac .L0 
     /tmp/ccIhbixH.s:425    .text:00000000000002b0 .L0 
     /tmp/ccIhbixH.s:426    .text:00000000000002b0 .L0 
     /tmp/ccIhbixH.s:430    .text:00000000000002b4 .L0 
     /tmp/ccIhbixH.s:431    .text:00000000000002b4 .L0 
     /tmp/ccIhbixH.s:435    .text:00000000000002c0 .L0 
     /tmp/ccIhbixH.s:436    .text:00000000000002c0 .L0 
     /tmp/ccIhbixH.s:440    .text:00000000000002cc .L0 
     /tmp/ccIhbixH.s:441    .text:00000000000002cc .L0 
     /tmp/ccIhbixH.s:443    .text:00000000000002d4 .L0 
     /tmp/ccIhbixH.s:444    .text:00000000000002d4 .L0 
     /tmp/ccIhbixH.s:446    .text:00000000000002d8 .L0 
     /tmp/ccIhbixH.s:447    .text:00000000000002d8 .L0 
     /tmp/ccIhbixH.s:449    .text:00000000000002dc .L0 
     /tmp/ccIhbixH.s:452    .text:00000000000002e0 .L0 
     /tmp/ccIhbixH.s:455    .text:00000000000002e4 .L0 
     /tmp/ccIhbixH.s:459    .text:00000000000002e8 .L0 
     /tmp/ccIhbixH.s:461    .text:00000000000002e8 .L0 
     /tmp/ccIhbixH.s:462    .text:00000000000002e8 .L0 
     /tmp/ccIhbixH.s:464    .text:00000000000002ec .L0 
     /tmp/ccIhbixH.s:466    .text:00000000000002f0 .L0 
     /tmp/ccIhbixH.s:468    .text:00000000000002f8 .L0 
     /tmp/ccIhbixH.s:479    .text:00000000000002f8 _ZN9BufferCPPD2Ev
     /tmp/ccIhbixH.s:482    .text:00000000000002f8 .L0 
     /tmp/ccIhbixH.s:486    .text:00000000000002f8 .L0 
     /tmp/ccIhbixH.s:487    .text:00000000000002fc .L0 
     /tmp/ccIhbixH.s:491    .text:0000000000000308 .L0 
     /tmp/ccIhbixH.s:492    .text:0000000000000308 .L0 
     /tmp/ccIhbixH.s:493    .text:0000000000000308 .L0 
     /tmp/ccIhbixH.s:495    .text:000000000000030c .L0 
     /tmp/ccIhbixH.s:499    .text:0000000000000310 .L0 
     /tmp/ccIhbixH.s:500    .text:0000000000000310 .L0 
     /tmp/ccIhbixH.s:506    .text:0000000000000320 .L0 
     /tmp/ccIhbixH.s:507    .text:0000000000000320 .L0 
     /tmp/ccIhbixH.s:508    .text:0000000000000320 .L0 
     /tmp/ccIhbixH.s:512    .text:000000000000032c .L0 
     /tmp/ccIhbixH.s:515    .text:0000000000000330 .L0 
GAS LISTING /tmp/ccIhbixH.s 			page 18


     /tmp/ccIhbixH.s:516    .text:0000000000000330 .L0 
     /tmp/ccIhbixH.s:518    .text:0000000000000334 .L0 
     /tmp/ccIhbixH.s:520    .text:0000000000000338 .L0 
     /tmp/ccIhbixH.s:524    .text:0000000000000340 .L0 
     /tmp/ccIhbixH.s:525    .text:0000000000000340 .L0 
     /tmp/ccIhbixH.s:529    .text:000000000000034c .L0 
     /tmp/ccIhbixH.s:530    .text:000000000000034c .L0 
     /tmp/ccIhbixH.s:532    .text:0000000000000350 .L0 
     /tmp/ccIhbixH.s:534    .text:0000000000000354 .L0 
     /tmp/ccIhbixH.s:536    .text:0000000000000358 .L0 
     /tmp/ccIhbixH.s:538    .text:000000000000035c .L0 
     /tmp/ccIhbixH.s:541    .text:0000000000000360 .L0 
     /tmp/ccIhbixH.s:544    .text:0000000000000364 .L0 
     /tmp/ccIhbixH.s:545    .text:0000000000000364 .L0 
     /tmp/ccIhbixH.s:549    .text:0000000000000370 .L0 
     /tmp/ccIhbixH.s:550    .text:0000000000000370 .L0 
     /tmp/ccIhbixH.s:552    .text:0000000000000374 .L0 
     /tmp/ccIhbixH.s:554    .text:0000000000000378 .L0 
     /tmp/ccIhbixH.s:560    .text:0000000000000384 .L0 
     /tmp/ccIhbixH.s:561    .text:0000000000000384 .L0 
     /tmp/ccIhbixH.s:563    .text:0000000000000388 .L0 
     /tmp/ccIhbixH.s:565    .text:000000000000038c .L0 
     /tmp/ccIhbixH.s:571    .text:0000000000000398 .L0 
     /tmp/ccIhbixH.s:572    .text:0000000000000398 .L0 
     /tmp/ccIhbixH.s:574    .text:000000000000039c .L0 
     /tmp/ccIhbixH.s:576    .text:00000000000003a0 .L0 
     /tmp/ccIhbixH.s:582    .text:00000000000003ac .L0 
     /tmp/ccIhbixH.s:583    .text:00000000000003ac .L0 
     /tmp/ccIhbixH.s:585    .text:00000000000003b0 .L0 
     /tmp/ccIhbixH.s:587    .text:00000000000003b4 .L0 
     /tmp/ccIhbixH.s:594    .text:00000000000003c0 .L0 
     /tmp/ccIhbixH.s:595    .text:00000000000003c4 .L0 
     /tmp/ccIhbixH.s:597    .text:00000000000003c8 .L0 
     /tmp/ccIhbixH.s:598    .text:00000000000003c8 .L0 
     /tmp/ccIhbixH.s:600    .text:00000000000003cc .L0 
     /tmp/ccIhbixH.s:603    .text:00000000000003d0 .L0 
     /tmp/ccIhbixH.s:605    .text:00000000000003d4 .L0 
     /tmp/ccIhbixH.s:479    .text:00000000000002f8 _ZN9BufferCPPD1Ev
     /tmp/ccIhbixH.s:624    .text:00000000000003d4 .L0 
     /tmp/ccIhbixH.s:473    .rodata.str1.8:0000000000000000 .LC0
     /tmp/ccIhbixH.s:500    .text:0000000000000310 .L0 
     /tmp/ccIhbixH.s:458    .text:00000000000002e8 .L17
     /tmp/ccIhbixH.s:428    .text:00000000000002b4 .L18
     /tmp/ccIhbixH.s:542    .text:0000000000000364 .L21
     /tmp/ccIhbixH.s:504    .text:0000000000000320 .L22
     /tmp/ccIhbixH.s:558    .text:0000000000000384 .L23
     /tmp/ccIhbixH.s:569    .text:0000000000000398 .L24
     /tmp/ccIhbixH.s:580    .text:00000000000003ac .L25
     /tmp/ccIhbixH.s:591    .text:00000000000003c0 .L20
     /tmp/ccIhbixH.s:45     .text:000000000000003c .LEHB0
     /tmp/ccIhbixH.s:10     .text:0000000000000000 .LFB45
     /tmp/ccIhbixH.s:55     .text:0000000000000054 .LEHE0
     /tmp/ccIhbixH.s:58     .text:000000000000005c .LEHB1
     /tmp/ccIhbixH.s:61     .text:0000000000000064 .LEHE1
     /tmp/ccIhbixH.s:128    .text:00000000000000e4 .L6
     /tmp/ccIhbixH.s:67     .text:000000000000006c .LEHB2
     /tmp/ccIhbixH.s:70     .text:0000000000000074 .LEHE2
GAS LISTING /tmp/ccIhbixH.s 			page 19


     /tmp/ccIhbixH.s:73     .text:000000000000007c .LEHB3
     /tmp/ccIhbixH.s:76     .text:0000000000000084 .LEHE3
     /tmp/ccIhbixH.s:141    .text:0000000000000100 .L7
     /tmp/ccIhbixH.s:82     .text:000000000000008c .LEHB4
     /tmp/ccIhbixH.s:85     .text:0000000000000094 .LEHE4
     /tmp/ccIhbixH.s:88     .text:000000000000009c .LEHB5
     /tmp/ccIhbixH.s:91     .text:00000000000000a4 .LEHE5
     /tmp/ccIhbixH.s:151    .text:000000000000011c .L8
     /tmp/ccIhbixH.s:97     .text:00000000000000ac .LEHB6
     /tmp/ccIhbixH.s:100    .text:00000000000000b4 .LEHE6
     /tmp/ccIhbixH.s:103    .text:00000000000000bc .LEHB7
     /tmp/ccIhbixH.s:106    .text:00000000000000c4 .LEHE7
     /tmp/ccIhbixH.s:161    .text:0000000000000138 .L9
     /tmp/ccIhbixH.s:138    .text:00000000000000f8 .LEHB8
     /tmp/ccIhbixH.s:171    .text:0000000000000154 .LEHE8
     /tmp/ccIhbixH.s:1394   .debug_abbrev:0000000000000000 .Ldebug_abbrev0
     /tmp/ccIhbixH.s:2345   .debug_str:00000000000002cd .LASF51
     /tmp/ccIhbixH.s:2353   .debug_str:00000000000003c2 .LASF52
     /tmp/ccIhbixH.s:2273   .debug_str:00000000000000ed .LASF53
     /tmp/ccIhbixH.s:5      .text:0000000000000000 .Ltext0
     /tmp/ccIhbixH.s:617    .text:00000000000003d4 .Letext0
     /tmp/ccIhbixH.s:2235   .debug_line:0000000000000000 .Ldebug_line0
     /tmp/ccIhbixH.s:2301   .debug_str:00000000000001a5 .LASF0
     /tmp/ccIhbixH.s:2309   .debug_str:00000000000001e5 .LASF1
     /tmp/ccIhbixH.s:2297   .debug_str:0000000000000184 .LASF2
     /tmp/ccIhbixH.s:2283   .debug_str:000000000000014a .LASF4
     /tmp/ccIhbixH.s:2335   .debug_str:0000000000000288 .LASF3
     /tmp/ccIhbixH.s:2245   .debug_str:0000000000000038 .LASF5
     /tmp/ccIhbixH.s:2311   .debug_str:00000000000001f8 .LASF6
     /tmp/ccIhbixH.s:2299   .debug_str:0000000000000192 .LASF7
     /tmp/ccIhbixH.s:2349   .debug_str:00000000000003a0 .LASF8
     /tmp/ccIhbixH.s:2275   .debug_str:000000000000010b .LASF9
     /tmp/ccIhbixH.s:2319   .debug_str:0000000000000225 .LASF10
     /tmp/ccIhbixH.s:2347   .debug_str:0000000000000391 .LASF11
     /tmp/ccIhbixH.s:2249   .debug_str:0000000000000053 .LASF12
     /tmp/ccIhbixH.s:2239   .debug_str:000000000000000a .LASF13
     /tmp/ccIhbixH.s:2255   .debug_str:0000000000000082 .LASF14
     /tmp/ccIhbixH.s:2333   .debug_str:0000000000000272 .LASF15
     /tmp/ccIhbixH.s:2263   .debug_str:00000000000000b9 .LASF16
     /tmp/ccIhbixH.s:2271   .debug_str:00000000000000e8 .LASF17
     /tmp/ccIhbixH.s:2313   .debug_str:000000000000020b .LASF18
     /tmp/ccIhbixH.s:2329   .debug_str:0000000000000261 .LASF26
     /tmp/ccIhbixH.s:2331   .debug_str:000000000000026b .LASF19
     /tmp/ccIhbixH.s:2265   .debug_str:00000000000000cf .LASF20
     /tmp/ccIhbixH.s:2293   .debug_str:0000000000000178 .LASF21
     /tmp/ccIhbixH.s:2267   .debug_str:00000000000000d4 .LASF22
     /tmp/ccIhbixH.s:2277   .debug_str:0000000000000119 .LASF23
     /tmp/ccIhbixH.s:2291   .debug_str:000000000000016e .LASF24
     /tmp/ccIhbixH.s:2303   .debug_str:00000000000001b2 .LASF25
     /tmp/ccIhbixH.s:2305   .debug_str:00000000000001bc .LASF28
     /tmp/ccIhbixH.s:2287   .debug_str:000000000000015d .LASF27
     /tmp/ccIhbixH.s:2351   .debug_str:00000000000003b0 .LASF29
     /tmp/ccIhbixH.s:2279   .debug_str:0000000000000127 .LASF54
     /tmp/ccIhbixH.s:2247   .debug_str:000000000000003f .LASF55
     /tmp/ccIhbixH.s:2241   .debug_str:000000000000001a .LASF30
     /tmp/ccIhbixH.s:2243   .debug_str:0000000000000021 .LASF31
     /tmp/ccIhbixH.s:2237   .debug_str:0000000000000000 .LASF56
GAS LISTING /tmp/ccIhbixH.s 			page 20


     /tmp/ccIhbixH.s:2327   .debug_str:000000000000024c .LASF32
     /tmp/ccIhbixH.s:2269   .debug_str:00000000000000e3 .LASF34
     /tmp/ccIhbixH.s:2307   .debug_str:00000000000001ce .LASF33
     /tmp/ccIhbixH.s:2315   .debug_str:0000000000000210 .LASF35
     /tmp/ccIhbixH.s:388    .text:0000000000000270 .LFB52
     /tmp/ccIhbixH.s:469    .text:00000000000002f8 .LFE52
     /tmp/ccIhbixH.s:2325   .debug_str:0000000000000247 .LASF36
     /tmp/ccIhbixH.s:2030   .debug_loc:0000000000000000 .LLST6
     /tmp/ccIhbixH.s:2052   .debug_loc:000000000000005f .LLST7
     /tmp/ccIhbixH.s:411    .text:0000000000000298 .LVL43
     /tmp/ccIhbixH.s:416    .text:00000000000002a4 .LVL44
     /tmp/ccIhbixH.s:433    .text:00000000000002c0 .LVL46
     /tmp/ccIhbixH.s:438    .text:00000000000002cc .LVL47
     /tmp/ccIhbixH.s:306    .text:00000000000001e4 .LFB51
     /tmp/ccIhbixH.s:382    .text:0000000000000270 .LFE51
     /tmp/ccIhbixH.s:2059   .debug_loc:0000000000000082 .LLST4
     /tmp/ccIhbixH.s:2077   .debug_loc:00000000000000ce .LLST5
     /tmp/ccIhbixH.s:328    .text:000000000000020c .LVL34
     /tmp/ccIhbixH.s:333    .text:0000000000000218 .LVL35
     /tmp/ccIhbixH.s:358    .text:0000000000000248 .LVL37
     /tmp/ccIhbixH.s:363    .text:0000000000000254 .LVL38
     /tmp/ccIhbixH.s:226    .text:0000000000000154 .LFB50
     /tmp/ccIhbixH.s:300    .text:00000000000001e4 .LFE50
     /tmp/ccIhbixH.s:2088   .debug_loc:0000000000000104 .LLST2
     /tmp/ccIhbixH.s:2106   .debug_loc:0000000000000150 .LLST3
     /tmp/ccIhbixH.s:249    .text:0000000000000180 .LVL27
     /tmp/ccIhbixH.s:254    .text:000000000000018c .LVL28
     /tmp/ccIhbixH.s:279    .text:00000000000001c0 .LVL29
     /tmp/ccIhbixH.s:284    .text:00000000000001cc .LVL30
     /tmp/ccIhbixH.s:2321   .debug_str:0000000000000234 .LASF37
     /tmp/ccIhbixH.s:2251   .debug_str:0000000000000063 .LASF38
     /tmp/ccIhbixH.s:480    .text:00000000000002f8 .LFB48
     /tmp/ccIhbixH.s:606    .text:00000000000003d4 .LFE48
     /tmp/ccIhbixH.s:2120   .debug_loc:0000000000000189 .LLST8
     /tmp/ccIhbixH.s:527    .text:000000000000034c .LVL56
     /tmp/ccIhbixH.s:513    .text:0000000000000330 .LBB5
     /tmp/ccIhbixH.s:539    .text:0000000000000360 .LBE5
     /tmp/ccIhbixH.s:2138   .debug_loc:00000000000001d5 .LLST9
     /tmp/ccIhbixH.s:503    .text:0000000000000320 .LVL53
     /tmp/ccIhbixH.s:510    .text:000000000000032c .LVL54
     /tmp/ccIhbixH.s:547    .text:0000000000000370 .LVL57
     /tmp/ccIhbixH.s:2257   .debug_str:000000000000008e .LASF57
     /tmp/ccIhbixH.s:2343   .debug_str:00000000000002bb .LASF39
     /tmp/ccIhbixH.s:174    .text:0000000000000154 .LFE45
     /tmp/ccIhbixH.s:2146   .debug_loc:00000000000001f9 .LLST0
     /tmp/ccIhbixH.s:2208   .debug_loc:00000000000002e9 .LLST1
     /tmp/ccIhbixH.s:47     .text:0000000000000044 .LVL2
     /tmp/ccIhbixH.s:54     .text:0000000000000054 .LVL3
     /tmp/ccIhbixH.s:60     .text:0000000000000064 .LVL4
     /tmp/ccIhbixH.s:69     .text:0000000000000074 .LVL5
     /tmp/ccIhbixH.s:75     .text:0000000000000084 .LVL6
     /tmp/ccIhbixH.s:84     .text:0000000000000094 .LVL7
     /tmp/ccIhbixH.s:90     .text:00000000000000a4 .LVL8
     /tmp/ccIhbixH.s:99     .text:00000000000000b4 .LVL9
     /tmp/ccIhbixH.s:105    .text:00000000000000c4 .LVL10
     /tmp/ccIhbixH.s:136    .text:00000000000000f4 .LVL14
     /tmp/ccIhbixH.s:140    .text:0000000000000100 .LVL15
GAS LISTING /tmp/ccIhbixH.s 			page 21


     /tmp/ccIhbixH.s:147    .text:0000000000000110 .LVL17
     /tmp/ccIhbixH.s:150    .text:000000000000011c .LVL18
     /tmp/ccIhbixH.s:157    .text:000000000000012c .LVL20
     /tmp/ccIhbixH.s:160    .text:0000000000000138 .LVL21
     /tmp/ccIhbixH.s:167    .text:0000000000000148 .LVL23
     /tmp/ccIhbixH.s:170    .text:0000000000000154 .LVL24
     /tmp/ccIhbixH.s:2341   .debug_str:00000000000002b4 .LASF40
     /tmp/ccIhbixH.s:2355   .debug_str:00000000000003d9 .LASF41
     /tmp/ccIhbixH.s:2285   .debug_str:0000000000000151 .LASF42
     /tmp/ccIhbixH.s:2317   .debug_str:0000000000000217 .LASF43
     /tmp/ccIhbixH.s:2323   .debug_str:000000000000023e .LASF44
     /tmp/ccIhbixH.s:2259   .debug_str:0000000000000093 .LASF45
     /tmp/ccIhbixH.s:2337   .debug_str:000000000000029a .LASF46
     /tmp/ccIhbixH.s:2289   .debug_str:0000000000000168 .LASF47
     /tmp/ccIhbixH.s:2253   .debug_str:0000000000000075 .LASF48
     /tmp/ccIhbixH.s:2295   .debug_str:000000000000017d .LASF49
     /tmp/ccIhbixH.s:2339   .debug_str:00000000000002a4 .LASF50
     /tmp/ccIhbixH.s:2281   .debug_str:000000000000013b .LASF58
     /tmp/ccIhbixH.s:2261   .debug_str:00000000000000a1 .LASF59
     /tmp/ccIhbixH.s:391    .text:0000000000000270 .LVL41
     /tmp/ccIhbixH.s:409    .text:0000000000000290 .LVL42
     /tmp/ccIhbixH.s:450    .text:00000000000002dc .LVL48
     /tmp/ccIhbixH.s:457    .text:00000000000002e8 .LVL50
     /tmp/ccIhbixH.s:427    .text:00000000000002b4 .LVL45
     /tmp/ccIhbixH.s:453    .text:00000000000002e0 .LVL49
     /tmp/ccIhbixH.s:309    .text:00000000000001e4 .LVL32
     /tmp/ccIhbixH.s:326    .text:0000000000000204 .LVL33
     /tmp/ccIhbixH.s:374    .text:0000000000000264 .LVL39
     /tmp/ccIhbixH.s:344    .text:000000000000022c .LVL36
     /tmp/ccIhbixH.s:377    .text:0000000000000268 .LVL40
     /tmp/ccIhbixH.s:229    .text:0000000000000154 .LVL25
     /tmp/ccIhbixH.s:247    .text:0000000000000178 .LVL26
     /tmp/ccIhbixH.s:293    .text:00000000000001d8 .LVL31
     /tmp/ccIhbixH.s:485    .text:00000000000002f8 .LVL51
     /tmp/ccIhbixH.s:501    .text:0000000000000318 .LVL52
     /tmp/ccIhbixH.s:601    .text:00000000000003cc .LVL62
     /tmp/ccIhbixH.s:522    .text:0000000000000340 .LVL55
     /tmp/ccIhbixH.s:16     .text:0000000000000000 .LVL0
     /tmp/ccIhbixH.s:37     .text:000000000000002c .LVL1
     /tmp/ccIhbixH.s:119    .text:00000000000000d4 .LVL11
     /tmp/ccIhbixH.s:127    .text:00000000000000e4 .LVL12
     /tmp/ccIhbixH.s:131    .text:00000000000000e8 .LVL13
     /tmp/ccIhbixH.s:143    .text:0000000000000104 .LVL16
     /tmp/ccIhbixH.s:153    .text:0000000000000120 .LVL19
     /tmp/ccIhbixH.s:163    .text:000000000000013c .LVL22
     /tmp/ccIhbixH.s:625    .debug_info:0000000000000000 .Ldebug_info0
     /tmp/ccIhbixH.s:177    .gcc_except_table:0000000000000000 .LLSDA45
     /tmp/ccIhbixH.s:608    .gcc_except_table:0000000000000079 .LLSDA48

UNDEFINED SYMBOLS
_Z9mem_allocm
_Znwm
_ZN9SemaphoreC1Ej
_ZdlPv
_Unwind_Resume
__gxx_personality_v0
_ZN9Semaphore4waitEv
GAS LISTING /tmp/ccIhbixH.s 			page 22


_ZN9Semaphore6signalEv
_Z11printStringPKc
__putc
_Z8mem_freePv
