GAS LISTING /tmp/ccIzVuoI.s 			page 1


   1              		.file	"main.cpp"
   2              		.option pic
   3              		.option norelax
   4              		.text
   5              	.Ltext0:
   6              		.section	.rodata.str1.8,"aMS",@progbits,1
   7              		.align	3
   8              	.LC0:
   9 0000 0A00     		.string	"\n"
  10              		.text
  11              		.align	2
  12              		.globl	main
  14              	main:
  15              	.LFB73:
  16              		.file 1 "src/main.cpp"
   1:src/main.cpp  **** //
   2:src/main.cpp  **** // Created by os on 7/31/25.
   3:src/main.cpp  **** //
   4:src/main.cpp  **** #include "printing.hpp"
   5:src/main.cpp  **** #include "../lib/console.h"
   6:src/main.cpp  **** #include "../h/MemoryAllocator.h"
   7:src/main.cpp  **** #include "../h/riscv.h"
   8:src/main.cpp  **** #include "../h/console.h"
   9:src/main.cpp  **** #include "../h/syscall_c.h"
  10:src/main.cpp  **** //things we need to make but can use beforehand are in console.h
  11:src/main.cpp  **** 
  12:src/main.cpp  **** extern void userMain();
  13:src/main.cpp  **** extern void workerTest10();
  14:src/main.cpp  **** 
  15:src/main.cpp  **** void main() {
  17              		.loc 1 15 13
  18              		.cfi_startproc
  19 0000 130101FE 		addi	sp,sp,-32
  20              		.cfi_def_cfa_offset 32
  21 0004 233C1100 		sd	ra,24(sp)
  22 0008 23388100 		sd	s0,16(sp)
  23 000c 23349100 		sd	s1,8(sp)
  24 0010 23302101 		sd	s2,0(sp)
  25              		.cfi_offset 1, -8
  26              		.cfi_offset 8, -16
  27              		.cfi_offset 9, -24
  28              		.cfi_offset 18, -32
  29 0014 13040102 		addi	s0,sp,32
  30              		.cfi_def_cfa 8, 0
  16:src/main.cpp  ****     //testing for memory functions "${DIR_LIBS}/mem.lib \"
  17:src/main.cpp  **** 	//testing for console functions "${DIR_LIBS}/console.lib"
  18:src/main.cpp  **** 	/*printInt(  *((char *)(CONSOLE_STATUS)), 16 );
  19:src/main.cpp  **** 	__putc('\n');*/
  20:src/main.cpp  **** 
  21:src/main.cpp  **** 	MemoryAllocator::init_block();
  31              		.loc 1 21 2
  32              	.LBB14:
  33              	.LBB15:
  34              		.file 2 "src/../h/MemoryAllocator.h"
   1:src/../h/MemoryAllocator.h **** //
   2:src/../h/MemoryAllocator.h **** // Created by os on 8/10/25.
   3:src/../h/MemoryAllocator.h **** //
GAS LISTING /tmp/ccIzVuoI.s 			page 2


   4:src/../h/MemoryAllocator.h **** #ifndef MEMORYALLOCATOR_H
   5:src/../h/MemoryAllocator.h **** #define MEMORYALLOCATOR_H
   6:src/../h/MemoryAllocator.h **** 
   7:src/../h/MemoryAllocator.h **** #include "../lib/hw.h"
   8:src/../h/MemoryAllocator.h **** 
   9:src/../h/MemoryAllocator.h **** struct mem_header{
  10:src/../h/MemoryAllocator.h ****     mem_header *next;
  11:src/../h/MemoryAllocator.h **** 	mem_header *prev;
  12:src/../h/MemoryAllocator.h ****     size_t size;
  13:src/../h/MemoryAllocator.h **** };
  14:src/../h/MemoryAllocator.h **** 
  15:src/../h/MemoryAllocator.h **** class MemoryAllocator {
  16:src/../h/MemoryAllocator.h **** public:
  17:src/../h/MemoryAllocator.h ****     static void* mem_alloc(size_t size);
  18:src/../h/MemoryAllocator.h ****     static int mem_free(void* ptr);
  19:src/../h/MemoryAllocator.h **** 	static void init_block(){
  20:src/../h/MemoryAllocator.h ****         free_mem_head = (mem_header*)((uint64)HEAP_START_ADDR);
  35              		.loc 2 20 9
  36              		.loc 2 20 23 is_stmt 0
  37 0018 97060000 		la	a3,HEAP_START_ADDR
  37      83B60600 
  38 0020 83B70600 		ld	a5,0(a3)
  39 0024 17070000 		la	a4,_ZN15MemoryAllocator13free_mem_headE
  39      03370700 
  40 002c 2330F700 		sd	a5,0(a4)
  21:src/../h/MemoryAllocator.h ****         free_mem_head->next = free_mem_head->prev = nullptr;
  41              		.loc 2 21 9 is_stmt 1
  42              		.loc 2 21 51 is_stmt 0
  43 0030 23B40700 		sd	zero,8(a5)
  44              		.loc 2 21 29
  45 0034 23B00700 		sd	zero,0(a5)
  22:src/../h/MemoryAllocator.h ****         free_mem_head->size = ((uint64)HEAP_END_ADDR) - ((uint64)HEAP_START_ADDR) - sizeof(mem_head
  46              		.loc 2 22 9 is_stmt 1
  47              		.loc 2 22 55 is_stmt 0
  48 0038 97070000 		la	a5,HEAP_END_ADDR
  48      83B70700 
  49 0040 83B70700 		ld	a5,0(a5)
  50 0044 83B60600 		ld	a3,0(a3)
  51 0048 B387D740 		sub	a5,a5,a3
  52              		.loc 2 22 24
  53 004c 03370700 		ld	a4,0(a4)
  54              		.loc 2 22 83
  55 0050 938787FE 		addi	a5,a5,-24
  56              		.loc 2 22 29
  57 0054 2338F700 		sd	a5,16(a4)
  23:src/../h/MemoryAllocator.h **** 		used_mem_head = nullptr;
  58              		.loc 2 23 3 is_stmt 1
  59              		.loc 2 23 17 is_stmt 0
  60 0058 97070000 		la	a5,_ZN15MemoryAllocator13used_mem_headE
  60      83B70700 
  61 0060 23B00700 		sd	zero,0(a5)
  62              	.LBE15:
  63              	.LBE14:
  22:src/main.cpp  ****     ConsoleC::init_console();
  64              		.loc 1 22 5 is_stmt 1
  65              		.loc 1 22 27 is_stmt 0
  66 0064 97000000 		call	_ZN8ConsoleC12init_consoleEv@plt
GAS LISTING /tmp/ccIzVuoI.s 			page 3


  66      E7800000 
  67              	.LVL0:
  23:src/main.cpp  **** 
  24:src/main.cpp  ****    	TCB* main = TCB::createThread(nullptr, nullptr); //main thread
  68              		.loc 1 24 5 is_stmt 1
  69              		.loc 1 24 34 is_stmt 0
  70 006c 93050000 		li	a1,0
  71 0070 13050000 		li	a0,0
  72 0074 97000000 		call	_ZN3TCB12createThreadEPFvPvES0_@plt
  72      E7800000 
  73              	.LVL1:
  25:src/main.cpp  ****     main->setSysThread(true);
  74              		.loc 1 25 5 is_stmt 1
  75              	.LBB16:
  76              	.LBB17:
  77              		.file 3 "src/../h/tcb.h"
   1:src/../h/tcb.h **** //
   2:src/../h/tcb.h **** // Created by os on 8/16/25.
   3:src/../h/tcb.h **** //
   4:src/../h/tcb.h **** 
   5:src/../h/tcb.h **** #ifndef PROJECT_BASE_TCB_H
   6:src/../h/tcb.h **** #define PROJECT_BASE_TCB_H
   7:src/../h/tcb.h **** 
   8:src/../h/tcb.h **** #include "MemoryAllocator.h"
   9:src/../h/tcb.h **** #include "scheduler.h"
  10:src/../h/tcb.h **** #include "../lib/hw.h"
  11:src/../h/tcb.h **** #include "../lib/console.h"
  12:src/../h/tcb.h **** //#include "../src/printing.hpp"
  13:src/../h/tcb.h **** 
  14:src/../h/tcb.h **** class TCB
  15:src/../h/tcb.h **** {
  16:src/../h/tcb.h **** public:
  17:src/../h/tcb.h **** 
  18:src/../h/tcb.h ****     ~TCB() { delete[] stack; } //delete the whole stack??? might have issue here with mem leaks----
  19:src/../h/tcb.h **** 
  20:src/../h/tcb.h ****     bool isFinished() const { return finished; }
  21:src/../h/tcb.h **** 
  22:src/../h/tcb.h ****     void setFinished(bool value) { finished = value; }
  23:src/../h/tcb.h **** 
  24:src/../h/tcb.h ****     uint64 getTimeSlice() const { return timeSlice; }
  25:src/../h/tcb.h **** 
  26:src/../h/tcb.h ****     bool isBlocked() const { return t_blocked; }
  27:src/../h/tcb.h **** 
  28:src/../h/tcb.h ****     bool isSysThread() const { return sysThread; }
  29:src/../h/tcb.h **** 
  30:src/../h/tcb.h ****     void setSysThread(bool value) { sysThread = value; } // PRIVATE THIS LATER---------------------
  78              		.loc 3 30 37
  79              		.loc 3 30 47 is_stmt 0
  80 007c 93041000 		li	s1,1
  81 0080 230C9502 		sb	s1,56(a0)
  82              	.LVL2:
  83              	.LBE17:
  84              	.LBE16:
  26:src/main.cpp  ****     TCB::running = Scheduler::get();
  85              		.loc 1 26 5 is_stmt 1
  86              		.loc 1 26 34 is_stmt 0
  87 0084 97000000 		call	_ZN9Scheduler3getEv@plt
GAS LISTING /tmp/ccIzVuoI.s 			page 4


  87      E7800000 
  88              	.LVL3:
  89              		.loc 1 26 18
  90 008c 97070000 		la	a5,_ZN3TCB7runningE
  90      83B70700 
  91 0094 23B0A700 		sd	a0,0(a5)
  27:src/main.cpp  ****     TCB* idle = TCB::createThread(reinterpret_cast<void (*)(void *)>(TCB::idle_thread), nullptr);//
  92              		.loc 1 27 5 is_stmt 1
  93              		.loc 1 27 34 is_stmt 0
  94 0098 93050000 		li	a1,0
  95 009c 17050000 		la	a0,_ZN3TCB11idle_threadEv
  95      03350500 
  96 00a4 97000000 		call	_ZN3TCB12createThreadEPFvPvES0_@plt
  96      E7800000 
  97              	.LVL4:
  98 00ac 13090500 		mv	s2,a0
  99              	.LVL5:
  28:src/main.cpp  **** 	TCB* output = TCB::createThread(reinterpret_cast<void (*)(void *)>(ConsoleC::putterT), nullptr); /
 100              		.loc 1 28 2 is_stmt 1
 101              		.loc 1 28 33 is_stmt 0
 102 00b0 93050000 		li	a1,0
 103 00b4 17050000 		la	a0,_ZN8ConsoleC7putterTEv
 103      03350500 
 104              	.LVL6:
 105 00bc 97000000 		call	_ZN3TCB12createThreadEPFvPvES0_@plt
 105      E7800000 
 106              	.LVL7:
  29:src/main.cpp  ****     idle->setSysThread(true);
 107              		.loc 1 29 5 is_stmt 1
 108              	.LBB18:
 109              	.LBB19:
 110              		.loc 3 30 37
 111              		.loc 3 30 47 is_stmt 0
 112 00c4 230C9902 		sb	s1,56(s2)
 113              	.LVL8:
 114              	.LBE19:
 115              	.LBE18:
  30:src/main.cpp  ****     output->setSysThread(true);
 116              		.loc 1 30 5 is_stmt 1
 117              	.LBB20:
 118              	.LBB21:
 119              		.loc 3 30 37
 120              		.loc 3 30 47 is_stmt 0
 121 00c8 230C9502 		sb	s1,56(a0)
 122              	.LVL9:
 123              	.LBE21:
 124              	.LBE20:
  31:src/main.cpp  **** 
  32:src/main.cpp  **** 	Riscv::w_stvec((uint64) &Riscv::supervisorTrap); //set our ecall to be of supervisor trap
 125              		.loc 1 32 2 is_stmt 1
 126              		.loc 1 32 16 is_stmt 0
 127 00cc 97070000 		la	a5,_ZN5Riscv14supervisorTrapEv
 127      83B70700 
 128              	.LVL10:
 129              	.LBB22:
 130              	.LBB23:
 131              		.file 4 "src/../h/riscv.h"
GAS LISTING /tmp/ccIzVuoI.s 			page 5


   1:src/../h/riscv.h **** //
   2:src/../h/riscv.h **** // Created by os on 8/15/25.
   3:src/../h/riscv.h **** //
   4:src/../h/riscv.h **** 
   5:src/../h/riscv.h **** #ifndef PROJECT_BASE_RISCV_H
   6:src/../h/riscv.h **** #define PROJECT_BASE_RISCV_H
   7:src/../h/riscv.h **** 
   8:src/../h/riscv.h **** #include "../lib/hw.h"
   9:src/../h/riscv.h **** #include "tcb.h"
  10:src/../h/riscv.h **** 
  11:src/../h/riscv.h **** class Riscv
  12:src/../h/riscv.h **** {
  13:src/../h/riscv.h **** public:
  14:src/../h/riscv.h ****     static void setPriviledge()
  15:src/../h/riscv.h ****     {
  16:src/../h/riscv.h ****         if (TCB::running->isSysThread())
  17:src/../h/riscv.h ****             ms_sstatus(Riscv::SSTATUS_SPP);
  18:src/../h/riscv.h ****         else
  19:src/../h/riscv.h ****             mc_sstatus(Riscv::SSTATUS_SPP);
  20:src/../h/riscv.h ****     }
  21:src/../h/riscv.h ****     // pop sstatus.spp and sstatus.spie bits (has to be a non inline function)
  22:src/../h/riscv.h ****     static void popSppSpie();
  23:src/../h/riscv.h **** 
  24:src/../h/riscv.h ****     // read register scause
  25:src/../h/riscv.h ****     static uint64 r_scause();
  26:src/../h/riscv.h **** 
  27:src/../h/riscv.h ****     // write register scause
  28:src/../h/riscv.h ****     static void w_scause(uint64 scause);
  29:src/../h/riscv.h **** 
  30:src/../h/riscv.h ****     // read register sepc
  31:src/../h/riscv.h ****     static uint64 r_sepc();
  32:src/../h/riscv.h **** 
  33:src/../h/riscv.h ****     // write register sepc
  34:src/../h/riscv.h ****     static void w_sepc(uint64 sepc);
  35:src/../h/riscv.h **** 
  36:src/../h/riscv.h ****     // read register stvec
  37:src/../h/riscv.h ****     static uint64 r_stvec();
  38:src/../h/riscv.h **** 
  39:src/../h/riscv.h ****     // write register stvec
  40:src/../h/riscv.h ****     static void w_stvec(uint64 stvec);
  41:src/../h/riscv.h **** 
  42:src/../h/riscv.h ****     // read register stval
  43:src/../h/riscv.h ****     static uint64 r_stval();
  44:src/../h/riscv.h **** 
  45:src/../h/riscv.h ****     // write register stval
  46:src/../h/riscv.h ****     static void w_stval(uint64 stval);
  47:src/../h/riscv.h **** 
  48:src/../h/riscv.h ****     enum BitMaskSip
  49:src/../h/riscv.h ****     {
  50:src/../h/riscv.h ****         SIP_SSIP = (1 << 1),
  51:src/../h/riscv.h ****         SIP_STIP = (1 << 5),
  52:src/../h/riscv.h ****         SIP_SEIP = (1 << 9),
  53:src/../h/riscv.h ****     };
  54:src/../h/riscv.h **** 
  55:src/../h/riscv.h ****     // mask set register sip
  56:src/../h/riscv.h ****     static void ms_sip(uint64 mask);
  57:src/../h/riscv.h **** 
GAS LISTING /tmp/ccIzVuoI.s 			page 6


  58:src/../h/riscv.h ****     // mask clear register sip
  59:src/../h/riscv.h ****     static void mc_sip(uint64 mask);
  60:src/../h/riscv.h **** 
  61:src/../h/riscv.h ****     // read register sip
  62:src/../h/riscv.h ****     static uint64 r_sip();
  63:src/../h/riscv.h **** 
  64:src/../h/riscv.h ****     // write register sip
  65:src/../h/riscv.h ****     static void w_sip(uint64 sip);
  66:src/../h/riscv.h **** 
  67:src/../h/riscv.h ****     enum BitMaskSstatus
  68:src/../h/riscv.h ****     {
  69:src/../h/riscv.h ****         SSTATUS_SIE = (1 << 1),
  70:src/../h/riscv.h ****         SSTATUS_SPIE = (1 << 5),
  71:src/../h/riscv.h ****         SSTATUS_SPP = (1 << 8),
  72:src/../h/riscv.h ****     };
  73:src/../h/riscv.h **** 
  74:src/../h/riscv.h ****     // mask set register sstatus
  75:src/../h/riscv.h ****     static void ms_sstatus(uint64 mask);
  76:src/../h/riscv.h **** 
  77:src/../h/riscv.h ****     // mask clear register sstatus
  78:src/../h/riscv.h ****     static void mc_sstatus(uint64 mask);
  79:src/../h/riscv.h **** 
  80:src/../h/riscv.h ****     // read register sstatus
  81:src/../h/riscv.h ****     static uint64 r_sstatus();
  82:src/../h/riscv.h **** 
  83:src/../h/riscv.h ****     // write register sstatus
  84:src/../h/riscv.h ****     static void w_sstatus(uint64 sstatus);
  85:src/../h/riscv.h **** 
  86:src/../h/riscv.h ****     // supervisor trap
  87:src/../h/riscv.h ****     static void supervisorTrap();
  88:src/../h/riscv.h **** 
  89:src/../h/riscv.h ****     //user mode - chagne to private later after testing--------------------------------------------
  90:src/../h/riscv.h **** private:
  91:src/../h/riscv.h **** 
  92:src/../h/riscv.h ****     // supervisor trap handler
  93:src/../h/riscv.h ****     static void handleSupervisorTrap();
  94:src/../h/riscv.h **** 
  95:src/../h/riscv.h **** 
  96:src/../h/riscv.h **** };
  97:src/../h/riscv.h **** 
  98:src/../h/riscv.h **** inline uint64 Riscv::r_scause()
  99:src/../h/riscv.h **** {
 100:src/../h/riscv.h ****     uint64 volatile scause;
 101:src/../h/riscv.h ****     __asm__ volatile ("csrr %[scause], scause" : [scause] "=r"(scause));
 102:src/../h/riscv.h ****     return scause;
 103:src/../h/riscv.h **** }
 104:src/../h/riscv.h **** 
 105:src/../h/riscv.h **** inline void Riscv::w_scause(uint64 scause)
 106:src/../h/riscv.h **** {
 107:src/../h/riscv.h ****     __asm__ volatile ("csrw scause, %[scause]" : : [scause] "r"(scause));
 108:src/../h/riscv.h **** }
 109:src/../h/riscv.h **** 
 110:src/../h/riscv.h **** inline uint64 Riscv::r_sepc()
 111:src/../h/riscv.h **** {
 112:src/../h/riscv.h ****     uint64 volatile sepc;
 113:src/../h/riscv.h ****     __asm__ volatile ("csrr %[sepc], sepc" : [sepc] "=r"(sepc));
 114:src/../h/riscv.h ****     return sepc;
GAS LISTING /tmp/ccIzVuoI.s 			page 7


 115:src/../h/riscv.h **** }
 116:src/../h/riscv.h **** 
 117:src/../h/riscv.h **** inline void Riscv::w_sepc(uint64 sepc)
 118:src/../h/riscv.h **** {
 119:src/../h/riscv.h ****     __asm__ volatile ("csrw sepc, %[sepc]" : : [sepc] "r"(sepc));
 120:src/../h/riscv.h **** }
 121:src/../h/riscv.h **** 
 122:src/../h/riscv.h **** inline uint64 Riscv::r_stvec()
 123:src/../h/riscv.h **** {
 124:src/../h/riscv.h ****     uint64 volatile stvec;
 125:src/../h/riscv.h ****     __asm__ volatile ("csrr %[stvec], stvec" : [stvec] "=r"(stvec));
 126:src/../h/riscv.h ****     return stvec;
 127:src/../h/riscv.h **** }
 128:src/../h/riscv.h **** 
 129:src/../h/riscv.h **** inline void Riscv::w_stvec(uint64 stvec)
 130:src/../h/riscv.h **** {
 131:src/../h/riscv.h ****     __asm__ volatile ("csrw stvec, %[stvec]" : : [stvec] "r"(stvec));
 132              		.loc 4 131 5 is_stmt 1
 133              		.loc 4 131 69 is_stmt 0
 134              	#APP
 135              	# 131 "src/../h/riscv.h" 1
 132              	}
 136              		csrw stvec, a5
 137              	# 0 "" 2
 138              	.LVL11:
 139              	#NO_APP
 140              	.LBE23:
 141              	.LBE22:
  33:src/main.cpp  **** 	Riscv::ms_sstatus(Riscv::SSTATUS_SIE); //set so interrupts are enabled specifically timer prekids!
 142              		.loc 1 33 2 is_stmt 1
 143              	.LBB24:
 144              	.LBB25:
 133:src/../h/riscv.h **** 
 134:src/../h/riscv.h **** inline uint64 Riscv::r_stval()
 135:src/../h/riscv.h **** {
 136:src/../h/riscv.h ****     uint64 volatile stval;
 137:src/../h/riscv.h ****     __asm__ volatile ("csrr %[stval], stval" : [stval] "=r"(stval));
 138:src/../h/riscv.h ****     return stval;
 139:src/../h/riscv.h **** }
 140:src/../h/riscv.h **** 
 141:src/../h/riscv.h **** inline void Riscv::w_stval(uint64 stval)
 142:src/../h/riscv.h **** {
 143:src/../h/riscv.h ****     __asm__ volatile ("csrw stval, %[stval]" : : [stval] "r"(stval));
 144:src/../h/riscv.h **** }
 145:src/../h/riscv.h **** 
 146:src/../h/riscv.h **** inline void Riscv::ms_sip(uint64 mask)
 147:src/../h/riscv.h **** {
 148:src/../h/riscv.h ****     __asm__ volatile ("csrs sip, %[mask]" : : [mask] "r"(mask));
 149:src/../h/riscv.h **** }
 150:src/../h/riscv.h **** 
 151:src/../h/riscv.h **** inline void Riscv::mc_sip(uint64 mask)
 152:src/../h/riscv.h **** {
 153:src/../h/riscv.h ****     __asm__ volatile ("csrc sip, %[mask]" : : [mask] "r"(mask));
 154:src/../h/riscv.h **** }
 155:src/../h/riscv.h **** 
 156:src/../h/riscv.h **** inline uint64 Riscv::r_sip()
 157:src/../h/riscv.h **** {
GAS LISTING /tmp/ccIzVuoI.s 			page 8


 158:src/../h/riscv.h ****     uint64 volatile sip;
 159:src/../h/riscv.h ****     __asm__ volatile ("csrr %[sip], sip" : [sip] "=r"(sip));
 160:src/../h/riscv.h ****     return sip;
 161:src/../h/riscv.h **** }
 162:src/../h/riscv.h **** 
 163:src/../h/riscv.h **** inline void Riscv::w_sip(uint64 sip)
 164:src/../h/riscv.h **** {
 165:src/../h/riscv.h ****     __asm__ volatile ("csrw sip, %[sip]" : : [sip] "r"(sip));
 166:src/../h/riscv.h **** }
 167:src/../h/riscv.h **** 
 168:src/../h/riscv.h **** inline void Riscv::ms_sstatus(uint64 mask)
 169:src/../h/riscv.h **** {
 170:src/../h/riscv.h ****     __asm__ volatile ("csrs sstatus, %[mask]" : : [mask] "r"(mask));
 145              		.loc 4 170 5
 146              		.loc 4 170 68 is_stmt 0
 147 00d8 93072000 		li	a5,2
 148              	#APP
 149              	# 170 "src/../h/riscv.h" 1
 171              	}
 150              		csrs sstatus, a5
 151              	# 0 "" 2
 152              	.LVL12:
 153              	#NO_APP
 154              	.LBE25:
 155              	.LBE24:
  34:src/main.cpp  **** 
  35:src/main.cpp  **** 	printInt(mem_get_free_space());
 156              		.loc 1 35 2 is_stmt 1
 157              		.loc 1 35 29 is_stmt 0
 158 00e0 97000000 		call	_Z18mem_get_free_spacev@plt
 158      E7800000 
 159              	.LVL13:
 160              		.loc 1 35 10
 161 00e8 13060000 		li	a2,0
 162 00ec 9305A000 		li	a1,10
 163 00f0 1B050500 		sext.w	a0,a0
 164 00f4 97000000 		call	_Z8printIntiii@plt
 164      E7800000 
 165              	.LVL14:
  36:src/main.cpp  ****     printString("\n");
 166              		.loc 1 36 5 is_stmt 1
 167              		.loc 1 36 16 is_stmt 0
 168 00fc 17050000 		lla	a0,.LC0
 168      13050500 
 169 0104 97000000 		call	_Z11printStringPKc@plt
 169      E7800000 
 170              	.LVL15:
  37:src/main.cpp  ****     printInt(mem_get_largest_free_block());
 171              		.loc 1 37 5 is_stmt 1
 172              		.loc 1 37 40 is_stmt 0
 173 010c 97000000 		call	_Z26mem_get_largest_free_blockv@plt
 173      E7800000 
 174              	.LVL16:
 175              		.loc 1 37 13
 176 0114 13060000 		li	a2,0
 177 0118 9305A000 		li	a1,10
 178 011c 1B050500 		sext.w	a0,a0
GAS LISTING /tmp/ccIzVuoI.s 			page 9


 179 0120 97000000 		call	_Z8printIntiii@plt
 179      E7800000 
 180              	.LVL17:
  38:src/main.cpp  ****     printString("\n");
 181              		.loc 1 38 5 is_stmt 1
 182              		.loc 1 38 16 is_stmt 0
 183 0128 17050000 		lla	a0,.LC0
 183      13050500 
 184 0130 97000000 		call	_Z11printStringPKc@plt
 184      E7800000 
 185              	.LVL18:
 186              	.L2:
  39:src/main.cpp  **** 
  40:src/main.cpp  ****     while(1) {}
 187              		.loc 1 40 5 is_stmt 1 discriminator 1
 188              		.loc 1 40 5 discriminator 1
 189 0138 6F000000 		j	.L2
 190              		.cfi_endproc
 191              	.LFE73:
 193              	.Letext0:
 194              		.file 5 "src/../h/../lib/hw.h"
 195              		.file 6 "src/../h/scheduler.h"
 196              		.file 7 "src/../h/list.h"
 197              		.file 8 "src/../h/Semaphore.h"
 198              		.file 9 "src/../h/buffer.h"
 199              		.file 10 "src/../h/console.h"
 200              		.file 11 "src/../h/syscall_c.h"
 201              		.file 12 "src/printing.hpp"
GAS LISTING /tmp/ccIzVuoI.s 			page 10


DEFINED SYMBOLS
                            *ABS*:0000000000000000 main.cpp
     /tmp/ccIzVuoI.s:14     .text:0000000000000000 main
     /tmp/ccIzVuoI.s:18     .text:0000000000000000 .L0 
     /tmp/ccIzVuoI.s:19     .text:0000000000000000 .L0 
     /tmp/ccIzVuoI.s:20     .text:0000000000000004 .L0 
     /tmp/ccIzVuoI.s:25     .text:0000000000000014 .L0 
     /tmp/ccIzVuoI.s:26     .text:0000000000000014 .L0 
     /tmp/ccIzVuoI.s:27     .text:0000000000000014 .L0 
     /tmp/ccIzVuoI.s:28     .text:0000000000000014 .L0 
     /tmp/ccIzVuoI.s:30     .text:0000000000000018 .L0 
     /tmp/ccIzVuoI.s:35     .text:0000000000000018 .L0 
     /tmp/ccIzVuoI.s:36     .text:0000000000000018 .L0 
     /tmp/ccIzVuoI.s:37     .text:0000000000000018 .L0 
     /tmp/ccIzVuoI.s:42     .text:0000000000000030 .L0 
     /tmp/ccIzVuoI.s:43     .text:0000000000000030 .L0 
     /tmp/ccIzVuoI.s:45     .text:0000000000000034 .L0 
     /tmp/ccIzVuoI.s:47     .text:0000000000000038 .L0 
     /tmp/ccIzVuoI.s:48     .text:0000000000000038 .L0 
     /tmp/ccIzVuoI.s:53     .text:000000000000004c .L0 
     /tmp/ccIzVuoI.s:55     .text:0000000000000050 .L0 
     /tmp/ccIzVuoI.s:57     .text:0000000000000054 .L0 
     /tmp/ccIzVuoI.s:59     .text:0000000000000058 .L0 
     /tmp/ccIzVuoI.s:60     .text:0000000000000058 .L0 
     /tmp/ccIzVuoI.s:65     .text:0000000000000064 .L0 
     /tmp/ccIzVuoI.s:66     .text:0000000000000064 .L0 
     /tmp/ccIzVuoI.s:69     .text:000000000000006c .L0 
     /tmp/ccIzVuoI.s:70     .text:000000000000006c .L0 
     /tmp/ccIzVuoI.s:78     .text:000000000000007c .L0 
     /tmp/ccIzVuoI.s:79     .text:000000000000007c .L0 
     /tmp/ccIzVuoI.s:80     .text:000000000000007c .L0 
     /tmp/ccIzVuoI.s:86     .text:0000000000000084 .L0 
     /tmp/ccIzVuoI.s:87     .text:0000000000000084 .L0 
     /tmp/ccIzVuoI.s:90     .text:000000000000008c .L0 
     /tmp/ccIzVuoI.s:93     .text:0000000000000098 .L0 
     /tmp/ccIzVuoI.s:94     .text:0000000000000098 .L0 
     /tmp/ccIzVuoI.s:101    .text:00000000000000b0 .L0 
     /tmp/ccIzVuoI.s:102    .text:00000000000000b0 .L0 
     /tmp/ccIzVuoI.s:110    .text:00000000000000c4 .L0 
     /tmp/ccIzVuoI.s:111    .text:00000000000000c4 .L0 
     /tmp/ccIzVuoI.s:112    .text:00000000000000c4 .L0 
     /tmp/ccIzVuoI.s:119    .text:00000000000000c8 .L0 
     /tmp/ccIzVuoI.s:120    .text:00000000000000c8 .L0 
     /tmp/ccIzVuoI.s:121    .text:00000000000000c8 .L0 
     /tmp/ccIzVuoI.s:126    .text:00000000000000cc .L0 
     /tmp/ccIzVuoI.s:127    .text:00000000000000cc .L0 
     /tmp/ccIzVuoI.s:133    .text:00000000000000d4 .L0 
    src/../h/riscv.h:131    .text:00000000000000d4 .L0 
     /tmp/ccIzVuoI.s:145    .text:00000000000000d8 .L0 
     /tmp/ccIzVuoI.s:146    .text:00000000000000d8 .L0 
     /tmp/ccIzVuoI.s:147    .text:00000000000000d8 .L0 
     /tmp/ccIzVuoI.s:157    .text:00000000000000e0 .L0 
     /tmp/ccIzVuoI.s:158    .text:00000000000000e0 .L0 
     /tmp/ccIzVuoI.s:161    .text:00000000000000e8 .L0 
     /tmp/ccIzVuoI.s:167    .text:00000000000000fc .L0 
     /tmp/ccIzVuoI.s:168    .text:00000000000000fc .L0 
     /tmp/ccIzVuoI.s:172    .text:000000000000010c .L0 
GAS LISTING /tmp/ccIzVuoI.s 			page 11


     /tmp/ccIzVuoI.s:173    .text:000000000000010c .L0 
     /tmp/ccIzVuoI.s:176    .text:0000000000000114 .L0 
     /tmp/ccIzVuoI.s:182    .text:0000000000000128 .L0 
     /tmp/ccIzVuoI.s:183    .text:0000000000000128 .L0 
     /tmp/ccIzVuoI.s:188    .text:0000000000000138 .L0 
     /tmp/ccIzVuoI.s:189    .text:0000000000000138 .L0 
     /tmp/ccIzVuoI.s:190    .text:000000000000013c .L0 
     /tmp/ccIzVuoI.s:202    .text:000000000000013c .L0 
     /tmp/ccIzVuoI.s:37     .text:0000000000000018 .L0 
     /tmp/ccIzVuoI.s:39     .text:0000000000000024 .L0 
     /tmp/ccIzVuoI.s:48     .text:0000000000000038 .L0 
     /tmp/ccIzVuoI.s:60     .text:0000000000000058 .L0 
     /tmp/ccIzVuoI.s:90     .text:000000000000008c .L0 
     /tmp/ccIzVuoI.s:95     .text:000000000000009c .L0 
     /tmp/ccIzVuoI.s:103    .text:00000000000000b4 .L0 
     /tmp/ccIzVuoI.s:127    .text:00000000000000cc .L0 
     /tmp/ccIzVuoI.s:8      .rodata.str1.8:0000000000000000 .LC0
     /tmp/ccIzVuoI.s:168    .text:00000000000000fc .L0 
     /tmp/ccIzVuoI.s:183    .text:0000000000000128 .L0 
     /tmp/ccIzVuoI.s:186    .text:0000000000000138 .L2
     /tmp/ccIzVuoI.s:1976   .debug_abbrev:0000000000000000 .Ldebug_abbrev0
     /tmp/ccIzVuoI.s:3408   .debug_str:0000000000000a9a .LASF217
     /tmp/ccIzVuoI.s:3156   .debug_str:0000000000000387 .LASF218
     /tmp/ccIzVuoI.s:3170   .debug_str:00000000000003d8 .LASF219
     /tmp/ccIzVuoI.s:5      .text:0000000000000000 .Ltext0
     /tmp/ccIzVuoI.s:193    .text:000000000000013c .Letext0
     /tmp/ccIzVuoI.s:3044   .debug_line:0000000000000000 .Ldebug_line0
     /tmp/ccIzVuoI.s:3194   .debug_str:00000000000004ac .LASF0
     /tmp/ccIzVuoI.s:3222   .debug_str:0000000000000594 .LASF1
     /tmp/ccIzVuoI.s:3302   .debug_str:00000000000007e7 .LASF3
     /tmp/ccIzVuoI.s:3334   .debug_str:00000000000008ba .LASF2
     /tmp/ccIzVuoI.s:3346   .debug_str:0000000000000916 .LASF4
     /tmp/ccIzVuoI.s:3206   .debug_str:00000000000004f4 .LASF5
     /tmp/ccIzVuoI.s:3062   .debug_str:0000000000000091 .LASF6
     /tmp/ccIzVuoI.s:3294   .debug_str:00000000000007a3 .LASF7
     /tmp/ccIzVuoI.s:3212   .debug_str:0000000000000545 .LASF8
     /tmp/ccIzVuoI.s:3168   .debug_str:00000000000003c8 .LASF9
     /tmp/ccIzVuoI.s:3176   .debug_str:000000000000041e .LASF10
     /tmp/ccIzVuoI.s:3104   .debug_str:00000000000001cf .LASF11
     /tmp/ccIzVuoI.s:3154   .debug_str:0000000000000378 .LASF12
     /tmp/ccIzVuoI.s:3124   .debug_str:000000000000027e .LASF13
     /tmp/ccIzVuoI.s:3102   .debug_str:00000000000001bf .LASF14
     /tmp/ccIzVuoI.s:3384   .debug_str:0000000000000a0c .LASF15
     /tmp/ccIzVuoI.s:3138   .debug_str:00000000000002df .LASF16
     /tmp/ccIzVuoI.s:3368   .debug_str:0000000000000997 .LASF17
     /tmp/ccIzVuoI.s:3278   .debug_str:0000000000000743 .LASF52
     /tmp/ccIzVuoI.s:3106   .debug_str:00000000000001de .LASF18
     /tmp/ccIzVuoI.s:3076   .debug_str:00000000000000f9 .LASF19
     /tmp/ccIzVuoI.s:3220   .debug_str:000000000000058f .LASF20
     /tmp/ccIzVuoI.s:3290   .debug_str:0000000000000787 .LASF31
     /tmp/ccIzVuoI.s:3262   .debug_str:00000000000006d3 .LASF21
     /tmp/ccIzVuoI.s:3066   .debug_str:00000000000000a3 .LASF23
     /tmp/ccIzVuoI.s:3392   .debug_str:0000000000000a3e .LASF22
     /tmp/ccIzVuoI.s:3264   .debug_str:00000000000006dd .LASF24
     /tmp/ccIzVuoI.s:3096   .debug_str:000000000000018b .LASF68
     /tmp/ccIzVuoI.s:3130   .debug_str:00000000000002a8 .LASF70
     /tmp/ccIzVuoI.s:3268   .debug_str:0000000000000705 .LASF25
GAS LISTING /tmp/ccIzVuoI.s 			page 12


     /tmp/ccIzVuoI.s:3316   .debug_str:0000000000000844 .LASF27
     /tmp/ccIzVuoI.s:3216   .debug_str:000000000000056b .LASF26
     /tmp/ccIzVuoI.s:3468   .debug_str:0000000000000d1a .LASF28
     /tmp/ccIzVuoI.s:3402   .debug_str:0000000000000a77 .LASF29
     /tmp/ccIzVuoI.s:3074   .debug_str:00000000000000eb .LASF30
     /tmp/ccIzVuoI.s:3166   .debug_str:00000000000003be .LASF32
     /tmp/ccIzVuoI.s:3360   .debug_str:0000000000000964 .LASF33
     /tmp/ccIzVuoI.s:3486   .debug_str:0000000000000dd5 .LASF220
     /tmp/ccIzVuoI.s:3186   .debug_str:0000000000000452 .LASF221
     /tmp/ccIzVuoI.s:3456   .debug_str:0000000000000cc4 .LASF34
     /tmp/ccIzVuoI.s:3436   .debug_str:0000000000000c23 .LASF222
     /tmp/ccIzVuoI.s:3376   .debug_str:00000000000009df .LASF35
     /tmp/ccIzVuoI.s:3274   .debug_str:0000000000000737 .LASF36
     /tmp/ccIzVuoI.s:3330   .debug_str:00000000000008aa .LASF37
     /tmp/ccIzVuoI.s:3370   .debug_str:00000000000009ad .LASF38
     /tmp/ccIzVuoI.s:3150   .debug_str:000000000000034a .LASF44
     /tmp/ccIzVuoI.s:3338   .debug_str:00000000000008d5 .LASF223
     /tmp/ccIzVuoI.s:3326   .debug_str:000000000000088d .LASF224
     /tmp/ccIzVuoI.s:3218   .debug_str:0000000000000586 .LASF39
     /tmp/ccIzVuoI.s:3092   .debug_str:0000000000000159 .LASF40
     /tmp/ccIzVuoI.s:3242   .debug_str:0000000000000637 .LASF41
     /tmp/ccIzVuoI.s:3140   .debug_str:00000000000002f5 .LASF42
     /tmp/ccIzVuoI.s:3292   .debug_str:0000000000000797 .LASF43
     /tmp/ccIzVuoI.s:3458   .debug_str:0000000000000cce .LASF45
     /tmp/ccIzVuoI.s:3506   .debug_str:0000000000000e6f .LASF46
     /tmp/ccIzVuoI.s:3490   .debug_str:0000000000000df5 .LASF47
     /tmp/ccIzVuoI.s:3358   .debug_str:0000000000000959 .LASF48
     /tmp/ccIzVuoI.s:3210   .debug_str:0000000000000528 .LASF49
     /tmp/ccIzVuoI.s:3318   .debug_str:000000000000086f .LASF50
     /tmp/ccIzVuoI.s:3054   .debug_str:0000000000000039 .LASF51
     /tmp/ccIzVuoI.s:3112   .debug_str:0000000000000200 .LASF53
     /tmp/ccIzVuoI.s:3348   .debug_str:000000000000091d .LASF54
     /tmp/ccIzVuoI.s:3058   .debug_str:000000000000007b .LASF55
     /tmp/ccIzVuoI.s:3394   .debug_str:0000000000000a47 .LASF56
     /tmp/ccIzVuoI.s:3270   .debug_str:0000000000000718 .LASF57
     /tmp/ccIzVuoI.s:3086   .debug_str:0000000000000130 .LASF58
     /tmp/ccIzVuoI.s:3428   .debug_str:0000000000000bdd .LASF59
     /tmp/ccIzVuoI.s:3228   .debug_str:00000000000005c8 .LASF60
     /tmp/ccIzVuoI.s:3442   .debug_str:0000000000000c3d .LASF61
     /tmp/ccIzVuoI.s:3474   .debug_str:0000000000000d7e .LASF62
     /tmp/ccIzVuoI.s:3094   .debug_str:0000000000000176 .LASF63
     /tmp/ccIzVuoI.s:3488   .debug_str:0000000000000de9 .LASF64
     /tmp/ccIzVuoI.s:3386   .debug_str:0000000000000a18 .LASF65
     /tmp/ccIzVuoI.s:3180   .debug_str:0000000000000434 .LASF66
     /tmp/ccIzVuoI.s:3374   .debug_str:00000000000009c7 .LASF67
     /tmp/ccIzVuoI.s:3226   .debug_str:00000000000005c2 .LASF69
     /tmp/ccIzVuoI.s:3414   .debug_str:0000000000000b87 .LASF71
     /tmp/ccIzVuoI.s:3404   .debug_str:0000000000000a85 .LASF225
     /tmp/ccIzVuoI.s:3382   .debug_str:00000000000009ff .LASF72
     /tmp/ccIzVuoI.s:3444   .debug_str:0000000000000c56 .LASF73
     /tmp/ccIzVuoI.s:3288   .debug_str:0000000000000782 .LASF226
     /tmp/ccIzVuoI.s:3470   .debug_str:0000000000000d4d .LASF74
     /tmp/ccIzVuoI.s:3250   .debug_str:000000000000066f .LASF75
     /tmp/ccIzVuoI.s:3152   .debug_str:0000000000000361 .LASF76
     /tmp/ccIzVuoI.s:3498   .debug_str:0000000000000e49 .LASF77
     /tmp/ccIzVuoI.s:3172   .debug_str:00000000000003f6 .LASF78
     /tmp/ccIzVuoI.s:3252   .debug_str:000000000000067b .LASF79
GAS LISTING /tmp/ccIzVuoI.s 			page 13


     /tmp/ccIzVuoI.s:3164   .debug_str:00000000000003b2 .LASF80
     /tmp/ccIzVuoI.s:3050   .debug_str:0000000000000015 .LASF81
     /tmp/ccIzVuoI.s:3244   .debug_str:000000000000063f .LASF83
     /tmp/ccIzVuoI.s:3366   .debug_str:0000000000000984 .LASF82
     /tmp/ccIzVuoI.s:3336   .debug_str:00000000000008c8 .LASF84
     /tmp/ccIzVuoI.s:3234   .debug_str:000000000000060b .LASF85
     /tmp/ccIzVuoI.s:3256   .debug_str:0000000000000690 .LASF86
     /tmp/ccIzVuoI.s:3308   .debug_str:0000000000000800 .LASF87
     /tmp/ccIzVuoI.s:3492   .debug_str:0000000000000e10 .LASF88
     /tmp/ccIzVuoI.s:3048   .debug_str:0000000000000010 .LASF89
     /tmp/ccIzVuoI.s:3362   .debug_str:0000000000000975 .LASF90
     /tmp/ccIzVuoI.s:3388   .debug_str:0000000000000a30 .LASF91
     /tmp/ccIzVuoI.s:3424   .debug_str:0000000000000bc0 .LASF92
     /tmp/ccIzVuoI.s:3390   .debug_str:0000000000000a35 .LASF93
     /tmp/ccIzVuoI.s:3422   .debug_str:0000000000000bb6 .LASF94
     /tmp/ccIzVuoI.s:3416   .debug_str:0000000000000b97 .LASF95
     /tmp/ccIzVuoI.s:3496   .debug_str:0000000000000e3f .LASF96
     /tmp/ccIzVuoI.s:3354   .debug_str:000000000000093c .LASF97
     /tmp/ccIzVuoI.s:3132   .debug_str:00000000000002cb .LASF99
     /tmp/ccIzVuoI.s:3114   .debug_str:0000000000000208 .LASF101
     /tmp/ccIzVuoI.s:3126   .debug_str:000000000000028e .LASF98
     /tmp/ccIzVuoI.s:3056   .debug_str:0000000000000053 .LASF227
     /tmp/ccIzVuoI.s:3090   .debug_str:000000000000014b .LASF100
     /tmp/ccIzVuoI.s:3230   .debug_str:00000000000005d5 .LASF102
     /tmp/ccIzVuoI.s:3322   .debug_str:000000000000087f .LASF103
     /tmp/ccIzVuoI.s:3342   .debug_str:00000000000008f7 .LASF104
     /tmp/ccIzVuoI.s:3324   .debug_str:0000000000000884 .LASF105
     /tmp/ccIzVuoI.s:3120   .debug_str:000000000000024b .LASF106
     /tmp/ccIzVuoI.s:3356   .debug_str:000000000000094d .LASF107
     /tmp/ccIzVuoI.s:3412   .debug_str:0000000000000b73 .LASF108
     /tmp/ccIzVuoI.s:3134   .debug_str:00000000000002d4 .LASF109
     /tmp/ccIzVuoI.s:3466   .debug_str:0000000000000d03 .LASF110
     /tmp/ccIzVuoI.s:3396   .debug_str:0000000000000a52 .LASF111
     /tmp/ccIzVuoI.s:3398   .debug_str:0000000000000a59 .LASF112
     /tmp/ccIzVuoI.s:3178   .debug_str:000000000000042c .LASF113
     /tmp/ccIzVuoI.s:3224   .debug_str:00000000000005a7 .LASF114
     /tmp/ccIzVuoI.s:3100   .debug_str:00000000000001b6 .LASF115
     /tmp/ccIzVuoI.s:3454   .debug_str:0000000000000ca8 .LASF116
     /tmp/ccIzVuoI.s:3072   .debug_str:00000000000000e5 .LASF117
     /tmp/ccIzVuoI.s:3122   .debug_str:0000000000000266 .LASF118
     /tmp/ccIzVuoI.s:3070   .debug_str:00000000000000d1 .LASF119
     /tmp/ccIzVuoI.s:3052   .debug_str:0000000000000025 .LASF120
     /tmp/ccIzVuoI.s:3116   .debug_str:000000000000021b .LASF121
     /tmp/ccIzVuoI.s:3410   .debug_str:0000000000000b5e .LASF122
     /tmp/ccIzVuoI.s:3452   .debug_str:0000000000000c94 .LASF123
     /tmp/ccIzVuoI.s:3460   .debug_str:0000000000000cec .LASF124
     /tmp/ccIzVuoI.s:3280   .debug_str:000000000000074e .LASF125
     /tmp/ccIzVuoI.s:3462   .debug_str:0000000000000cf3 .LASF126
     /tmp/ccIzVuoI.s:3446   .debug_str:0000000000000c76 .LASF228
     /tmp/ccIzVuoI.s:3146   .debug_str:0000000000000335 .LASF127
     /tmp/ccIzVuoI.s:3406   .debug_str:0000000000000a8d .LASF128
     /tmp/ccIzVuoI.s:3128   .debug_str:000000000000029c .LASF129
     /tmp/ccIzVuoI.s:3306   .debug_str:00000000000007f2 .LASF130
     /tmp/ccIzVuoI.s:3118   .debug_str:0000000000000230 .LASF131
     /tmp/ccIzVuoI.s:3182   .debug_str:0000000000000441 .LASF132
     /tmp/ccIzVuoI.s:3190   .debug_str:000000000000047c .LASF133
     /tmp/ccIzVuoI.s:3434   .debug_str:0000000000000c1a .LASF134
GAS LISTING /tmp/ccIzVuoI.s 			page 14


     /tmp/ccIzVuoI.s:3426   .debug_str:0000000000000bc8 .LASF135
     /tmp/ccIzVuoI.s:3502   .debug_str:0000000000000e5e .LASF136
     /tmp/ccIzVuoI.s:3282   .debug_str:0000000000000756 .LASF137
     /tmp/ccIzVuoI.s:3310   .debug_str:0000000000000815 .LASF138
     /tmp/ccIzVuoI.s:3314   .debug_str:0000000000000831 .LASF139
     /tmp/ccIzVuoI.s:3276   .debug_str:000000000000073c .LASF140
     /tmp/ccIzVuoI.s:3214   .debug_str:0000000000000558 .LASF141
     /tmp/ccIzVuoI.s:3476   .debug_str:0000000000000d88 .LASF142
     /tmp/ccIzVuoI.s:3380   .debug_str:00000000000009eb .LASF143
     /tmp/ccIzVuoI.s:3272   .debug_str:000000000000072f .LASF144
     /tmp/ccIzVuoI.s:3158   .debug_str:0000000000000394 .LASF145
     /tmp/ccIzVuoI.s:3236   .debug_str:0000000000000617 .LASF146
     /tmp/ccIzVuoI.s:3204   .debug_str:00000000000004e0 .LASF147
     /tmp/ccIzVuoI.s:3504   .debug_str:0000000000000e67 .LASF148
     /tmp/ccIzVuoI.s:3200   .debug_str:00000000000004c4 .LASF149
     /tmp/ccIzVuoI.s:3378   .debug_str:00000000000009e4 .LASF150
     /tmp/ccIzVuoI.s:3350   .debug_str:0000000000000922 .LASF151
     /tmp/ccIzVuoI.s:3352   .debug_str:0000000000000935 .LASF152
     /tmp/ccIzVuoI.s:3110   .debug_str:00000000000001ed .LASF153
     /tmp/ccIzVuoI.s:3136   .debug_str:00000000000002d9 .LASF154
     /tmp/ccIzVuoI.s:3188   .debug_str:000000000000046a .LASF155
     /tmp/ccIzVuoI.s:3198   .debug_str:00000000000004be .LASF156
     /tmp/ccIzVuoI.s:3240   .debug_str:0000000000000625 .LASF157
     /tmp/ccIzVuoI.s:3064   .debug_str:0000000000000098 .LASF158
     /tmp/ccIzVuoI.s:3340   .debug_str:00000000000008df .LASF159
     /tmp/ccIzVuoI.s:3332   .debug_str:00000000000008af .LASF160
     /tmp/ccIzVuoI.s:3494   .debug_str:0000000000000e27 .LASF161
     /tmp/ccIzVuoI.s:3464   .debug_str:0000000000000cf9 .LASF162
     /tmp/ccIzVuoI.s:3480   .debug_str:0000000000000d9f .LASF163
     /tmp/ccIzVuoI.s:3108   .debug_str:00000000000001e3 .LASF164
     /tmp/ccIzVuoI.s:3260   .debug_str:00000000000006bd .LASF165
     /tmp/ccIzVuoI.s:3472   .debug_str:0000000000000d6f .LASF166
     /tmp/ccIzVuoI.s:3174   .debug_str:0000000000000402 .LASF167
     /tmp/ccIzVuoI.s:3300   .debug_str:00000000000007d2 .LASF168
     /tmp/ccIzVuoI.s:3208   .debug_str:0000000000000506 .LASF169
     /tmp/ccIzVuoI.s:3248   .debug_str:000000000000065b .LASF170
     /tmp/ccIzVuoI.s:3450   .debug_str:0000000000000c8d .LASF171
     /tmp/ccIzVuoI.s:3418   .debug_str:0000000000000ba1 .LASF172
     /tmp/ccIzVuoI.s:3440   .debug_str:0000000000000c34 .LASF173
     /tmp/ccIzVuoI.s:3478   .debug_str:0000000000000d90 .LASF174
     /tmp/ccIzVuoI.s:3448   .debug_str:0000000000000c85 .LASF175
     /tmp/ccIzVuoI.s:3430   .debug_str:0000000000000bf4 .LASF176
     /tmp/ccIzVuoI.s:3148   .debug_str:0000000000000341 .LASF177
     /tmp/ccIzVuoI.s:3080   .debug_str:0000000000000103 .LASF178
     /tmp/ccIzVuoI.s:3500   .debug_str:0000000000000e56 .LASF179
     /tmp/ccIzVuoI.s:3312   .debug_str:000000000000081c .LASF180
     /tmp/ccIzVuoI.s:3088   .debug_str:000000000000013c .LASF181
     /tmp/ccIzVuoI.s:3082   .debug_str:0000000000000119 .LASF182
     /tmp/ccIzVuoI.s:3046   .debug_str:0000000000000000 .LASF183
     /tmp/ccIzVuoI.s:3284   .debug_str:000000000000076b .LASF184
     /tmp/ccIzVuoI.s:3372   .debug_str:00000000000009c0 .LASF185
     /tmp/ccIzVuoI.s:3144   .debug_str:0000000000000320 .LASF186
     /tmp/ccIzVuoI.s:3202   .debug_str:00000000000004d8 .LASF187
     /tmp/ccIzVuoI.s:3258   .debug_str:00000000000006a7 .LASF188
     /tmp/ccIzVuoI.s:3400   .debug_str:0000000000000a72 .LASF189
     /tmp/ccIzVuoI.s:3364   .debug_str:000000000000097b .LASF190
     /tmp/ccIzVuoI.s:3286   .debug_str:000000000000077b .LASF191
GAS LISTING /tmp/ccIzVuoI.s 			page 15


     /tmp/ccIzVuoI.s:3266   .debug_str:00000000000006fe .LASF192
     /tmp/ccIzVuoI.s:3060   .debug_str:0000000000000087 .LASF193
     /tmp/ccIzVuoI.s:3328   .debug_str:00000000000008a4 .LASF194
     /tmp/ccIzVuoI.s:3438   .debug_str:0000000000000c28 .LASF195
     /tmp/ccIzVuoI.s:3068   .debug_str:00000000000000c4 .LASF196
     /tmp/ccIzVuoI.s:3196   .debug_str:00000000000004b9 .LASF197
     /tmp/ccIzVuoI.s:3484   .debug_str:0000000000000dc1 .LASF198
     /tmp/ccIzVuoI.s:3254   .debug_str:000000000000068b .LASF199
     /tmp/ccIzVuoI.s:3344   .debug_str:0000000000000902 .LASF200
     /tmp/ccIzVuoI.s:3420   .debug_str:0000000000000ba9 .LASF201
     /tmp/ccIzVuoI.s:3232   .debug_str:00000000000005ee .LASF202
     /tmp/ccIzVuoI.s:3084   .debug_str:0000000000000128 .LASF203
     /tmp/ccIzVuoI.s:3432   .debug_str:0000000000000c03 .LASF204
     /tmp/ccIzVuoI.s:3162   .debug_str:00000000000003ad .LASF205
     /tmp/ccIzVuoI.s:15     .text:0000000000000000 .LFB73
     /tmp/ccIzVuoI.s:191    .text:000000000000013c .LFE73
     /tmp/ccIzVuoI.s:2953   .debug_loc:0000000000000000 .LLST0
     /tmp/ccIzVuoI.s:3304   .debug_str:00000000000007ed .LASF206
     /tmp/ccIzVuoI.s:2960   .debug_loc:0000000000000023 .LLST1
     /tmp/ccIzVuoI.s:3320   .debug_str:0000000000000878 .LASF207
     /tmp/ccIzVuoI.s:2971   .debug_loc:0000000000000059 .LLST2
     /tmp/ccIzVuoI.s:3246   .debug_str:000000000000064c .LASF229
     /tmp/ccIzVuoI.s:32     .text:0000000000000018 .LBB14
     /tmp/ccIzVuoI.s:63     .text:0000000000000064 .LBE14
     /tmp/ccIzVuoI.s:75     .text:000000000000007c .LBB16
     /tmp/ccIzVuoI.s:84     .text:0000000000000084 .LBE16
     /tmp/ccIzVuoI.s:2978   .debug_loc:000000000000007c .LLST3
     /tmp/ccIzVuoI.s:2986   .debug_loc:00000000000000a0 .LLST4
     /tmp/ccIzVuoI.s:108    .text:00000000000000c4 .LBB18
     /tmp/ccIzVuoI.s:115    .text:00000000000000c8 .LBE18
     /tmp/ccIzVuoI.s:2993   .debug_loc:00000000000000c3 .LLST5
     /tmp/ccIzVuoI.s:3001   .debug_loc:00000000000000e7 .LLST6
     /tmp/ccIzVuoI.s:117    .text:00000000000000c8 .LBB20
     /tmp/ccIzVuoI.s:124    .text:00000000000000cc .LBE20
     /tmp/ccIzVuoI.s:3008   .debug_loc:000000000000010a .LLST7
     /tmp/ccIzVuoI.s:3016   .debug_loc:000000000000012e .LLST8
     /tmp/ccIzVuoI.s:129    .text:00000000000000d4 .LBB22
     /tmp/ccIzVuoI.s:141    .text:00000000000000d8 .LBE22
     /tmp/ccIzVuoI.s:143    .text:00000000000000d8 .LBB24
     /tmp/ccIzVuoI.s:155    .text:00000000000000e0 .LBE24
     /tmp/ccIzVuoI.s:3023   .debug_loc:0000000000000151 .LLST9
     /tmp/ccIzVuoI.s:67     .text:000000000000006c .LVL0
     /tmp/ccIzVuoI.s:73     .text:000000000000007c .LVL1
     /tmp/ccIzVuoI.s:88     .text:000000000000008c .LVL3
     /tmp/ccIzVuoI.s:97     .text:00000000000000ac .LVL4
     /tmp/ccIzVuoI.s:106    .text:00000000000000c4 .LVL7
     /tmp/ccIzVuoI.s:159    .text:00000000000000e8 .LVL13
     /tmp/ccIzVuoI.s:165    .text:00000000000000fc .LVL14
     /tmp/ccIzVuoI.s:170    .text:000000000000010c .LVL15
     /tmp/ccIzVuoI.s:174    .text:0000000000000114 .LVL16
     /tmp/ccIzVuoI.s:180    .text:0000000000000128 .LVL17
     /tmp/ccIzVuoI.s:185    .text:0000000000000138 .LVL18
     /tmp/ccIzVuoI.s:3078   .debug_str:00000000000000fe .LASF208
     /tmp/ccIzVuoI.s:3238   .debug_str:000000000000061f .LASF209
     /tmp/ccIzVuoI.s:3160   .debug_str:00000000000003a8 .LASF230
     /tmp/ccIzVuoI.s:3184   .debug_str:000000000000044c .LASF210
     /tmp/ccIzVuoI.s:3192   .debug_str:0000000000000494 .LASF211
GAS LISTING /tmp/ccIzVuoI.s 			page 16


     /tmp/ccIzVuoI.s:3142   .debug_str:0000000000000311 .LASF212
     /tmp/ccIzVuoI.s:3296   .debug_str:00000000000007b6 .LASF213
     /tmp/ccIzVuoI.s:3298   .debug_str:00000000000007bf .LASF214
     /tmp/ccIzVuoI.s:3482   .debug_str:0000000000000db5 .LASF215
     /tmp/ccIzVuoI.s:3098   .debug_str:0000000000000196 .LASF216
     /tmp/ccIzVuoI.s:99     .text:00000000000000b0 .LVL5
     /tmp/ccIzVuoI.s:104    .text:00000000000000bc .LVL6
     /tmp/ccIzVuoI.s:82     .text:0000000000000084 .LVL2
     /tmp/ccIzVuoI.s:113    .text:00000000000000c8 .LVL8
     /tmp/ccIzVuoI.s:122    .text:00000000000000cc .LVL9
     /tmp/ccIzVuoI.s:138    .text:00000000000000d8 .LVL11
     /tmp/ccIzVuoI.s:152    .text:00000000000000e0 .LVL12
     /tmp/ccIzVuoI.s:203    .debug_info:0000000000000000 .Ldebug_info0

UNDEFINED SYMBOLS
HEAP_START_ADDR
_ZN15MemoryAllocator13free_mem_headE
HEAP_END_ADDR
_ZN15MemoryAllocator13used_mem_headE
_ZN8ConsoleC12init_consoleEv
_ZN3TCB12createThreadEPFvPvES0_
_ZN9Scheduler3getEv
_ZN3TCB7runningE
_ZN3TCB11idle_threadEv
_ZN8ConsoleC7putterTEv
_ZN5Riscv14supervisorTrapEv
_Z18mem_get_free_spacev
_Z8printIntiii
_Z11printStringPKc
_Z26mem_get_largest_free_blockv
