GAS LISTING /tmp/ccNkZz2W.s 			page 1


   1              		.file	"printing.cpp"
   2              		.option pic
   3              		.option norelax
   4              		.text
   5              	.Ltext0:
   6              		.align	2
   7              		.globl	_Z11printStringPKc
   9              	_Z11printStringPKc:
  10              	.LFB42:
  11              		.file 1 "src/printing.cpp"
   1:src/printing.cpp **** //
   2:src/printing.cpp **** // Created by os on 5/18/22.
   3:src/printing.cpp **** //
   4:src/printing.cpp **** 
   5:src/printing.cpp **** #include "printing.hpp"
   6:src/printing.cpp **** //#include "../lib/console.h"
   7:src/printing.cpp **** 
   8:src/printing.cpp **** uint64 lockPrint = 0;
   9:src/printing.cpp **** 
  10:src/printing.cpp **** #define LOCK() while(copy_and_swap(lockPrint, 0, 1)) thread_dispatch();
  11:src/printing.cpp **** #define UNLOCK() while(copy_and_swap(lockPrint, 1, 0))
  12:src/printing.cpp **** 
  13:src/printing.cpp **** void printString(char const *string)
  14:src/printing.cpp **** {
  12              		.loc 1 14 1
  13              		.cfi_startproc
  14              	.LVL0:
  15 0000 130101FE 		addi	sp,sp,-32
  16              		.cfi_def_cfa_offset 32
  17 0004 233C1100 		sd	ra,24(sp)
  18 0008 23388100 		sd	s0,16(sp)
  19 000c 23349100 		sd	s1,8(sp)
  20              		.cfi_offset 1, -8
  21              		.cfi_offset 8, -16
  22              		.cfi_offset 9, -24
  23 0010 13040102 		addi	s0,sp,32
  24              		.cfi_def_cfa 8, 0
  25 0014 93040500 		mv	s1,a0
  26              	.LVL1:
  27              	.L3:
  15:src/printing.cpp ****     LOCK();
  28              		.loc 1 15 5 discriminator 3
  29              		.loc 1 15 5 discriminator 3
  30 0018 13061000 		li	a2,1
  31 001c 93050000 		li	a1,0
  32 0020 17050000 		lla	a0,.LANCHOR0
  32      13050500 
  33 0028 97000000 		call	copy_and_swap@plt
  33      E7800000 
  34              	.LVL2:
  35 0030 63080500 		beqz	a0,.L2
  36              		.loc 1 15 5 discriminator 1
  37 0034 97000000 		call	_Z15thread_dispatchv@plt
  37      E7800000 
  38              	.LVL3:
  39 003c 6FF0DFFD 		j	.L3
  40              	.L2:
GAS LISTING /tmp/ccNkZz2W.s 			page 2


  41              		.loc 1 15 11 discriminator 2
  16:src/printing.cpp ****     while (*string != '\0')
  42              		.loc 1 16 5 discriminator 2
  43              		.loc 1 16 20 discriminator 2
  44              		.loc 1 16 12 is_stmt 0 discriminator 2
  45 0040 03C50400 		lbu	a0,0(s1)
  46              		.loc 1 16 20 discriminator 2
  47 0044 630A0500 		beqz	a0,.L4
  17:src/printing.cpp ****     {
  18:src/printing.cpp ****         putc(*string);
  48              		.loc 1 18 9 is_stmt 1
  49              		.loc 1 18 13 is_stmt 0
  50 0048 97000000 		call	_Z4putcc@plt
  50      E7800000 
  51              	.LVL4:
  19:src/printing.cpp ****         string++;
  52              		.loc 1 19 9 is_stmt 1
  53              		.loc 1 19 15 is_stmt 0
  54 0050 93841400 		addi	s1,s1,1
  55              	.LVL5:
  16:src/printing.cpp ****     while (*string != '\0')
  56              		.loc 1 16 5
  57 0054 6FF0DFFE 		j	.L2
  58              	.L4:
  20:src/printing.cpp ****     }
  21:src/printing.cpp ****     UNLOCK();
  59              		.loc 1 21 5 is_stmt 1
  60              		.loc 1 21 5
  61 0058 13060000 		li	a2,0
  62 005c 93051000 		li	a1,1
  63 0060 17050000 		lla	a0,.LANCHOR0
  63      13050500 
  64 0068 97000000 		call	copy_and_swap@plt
  64      E7800000 
  65              	.LVL6:
  66 0070 E31405FE 		bnez	a0,.L4
  22:src/printing.cpp **** }
  67              		.loc 1 22 1 is_stmt 0
  68 0074 83308101 		ld	ra,24(sp)
  69              		.cfi_restore 1
  70 0078 03340101 		ld	s0,16(sp)
  71              		.cfi_restore 8
  72              		.cfi_def_cfa 2, 32
  73 007c 83348100 		ld	s1,8(sp)
  74              		.cfi_restore 9
  75              	.LVL7:
  76 0080 13010102 		addi	sp,sp,32
  77              		.cfi_def_cfa_offset 0
  78 0084 67800000 		jr	ra
  79              		.cfi_endproc
  80              	.LFE42:
  82              		.align	2
  83              		.globl	_Z9getStringPci
  85              	_Z9getStringPci:
  86              	.LFB43:
  23:src/printing.cpp **** 
  24:src/printing.cpp **** char* getString(char *buf, int max) {
GAS LISTING /tmp/ccNkZz2W.s 			page 3


  87              		.loc 1 24 37 is_stmt 1
  88              		.cfi_startproc
  89              	.LVL8:
  90 0088 130101FD 		addi	sp,sp,-48
  91              		.cfi_def_cfa_offset 48
  92 008c 23341102 		sd	ra,40(sp)
  93 0090 23308102 		sd	s0,32(sp)
  94 0094 233C9100 		sd	s1,24(sp)
  95 0098 23382101 		sd	s2,16(sp)
  96 009c 23343101 		sd	s3,8(sp)
  97 00a0 23304101 		sd	s4,0(sp)
  98              		.cfi_offset 1, -8
  99              		.cfi_offset 8, -16
 100              		.cfi_offset 9, -24
 101              		.cfi_offset 18, -32
 102              		.cfi_offset 19, -40
 103              		.cfi_offset 20, -48
 104 00a4 13040103 		addi	s0,sp,48
 105              		.cfi_def_cfa 8, 0
 106 00a8 93090500 		mv	s3,a0
 107 00ac 138A0500 		mv	s4,a1
 108              	.LVL9:
 109              	.L8:
  25:src/printing.cpp ****     LOCK();
 110              		.loc 1 25 5 discriminator 3
 111              		.loc 1 25 5 discriminator 3
 112 00b0 13061000 		li	a2,1
 113 00b4 93050000 		li	a1,0
 114 00b8 17050000 		lla	a0,.LANCHOR0
 114      13050500 
 115 00c0 97000000 		call	copy_and_swap@plt
 115      E7800000 
 116              	.LVL10:
 117 00c8 63080500 		beqz	a0,.L11
 118              		.loc 1 25 5 discriminator 1
 119 00cc 97000000 		call	_Z15thread_dispatchv@plt
 119      E7800000 
 120              	.LVL11:
 121 00d4 6FF0DFFD 		j	.L8
 122              	.L11:
  26:src/printing.cpp ****     int i, cc;
  27:src/printing.cpp ****     char c;
  28:src/printing.cpp **** 
  29:src/printing.cpp ****     for(i=0; i+1 < max; ){
 123              		.loc 1 29 10 is_stmt 0
 124 00d8 13090000 		li	s2,0
 125              	.L7:
 126              	.LVL12:
 127              		.loc 1 29 18 is_stmt 1 discriminator 1
 128 00dc 93040900 		mv	s1,s2
 129              		.loc 1 29 15 is_stmt 0 discriminator 1
 130 00e0 1B091900 		addiw	s2,s2,1
 131              	.LVL13:
 132              		.loc 1 29 18 discriminator 1
 133 00e4 635A4903 		bge	s2,s4,.L9
  30:src/printing.cpp **** 
  31:src/printing.cpp ****         cc = getc();
GAS LISTING /tmp/ccNkZz2W.s 			page 4


 134              		.loc 1 31 9 is_stmt 1
 135              		.loc 1 31 18 is_stmt 0
 136 00e8 97000000 		call	_Z4getcv@plt
 136      E7800000 
 137              	.LVL14:
  32:src/printing.cpp ****         if(cc < 1)
 138              		.loc 1 32 9 is_stmt 1
 139 00f0 63040502 		beqz	a0,.L9
  33:src/printing.cpp ****             break;
  34:src/printing.cpp ****         c = cc;
 140              		.loc 1 34 9
 141              	.LVL15:
  35:src/printing.cpp ****         buf[i++] = c;
 142              		.loc 1 35 9
 143              		.loc 1 35 16 is_stmt 0
 144 00f4 B3849900 		add	s1,s3,s1
 145              		.loc 1 35 18
 146 00f8 2380A400 		sb	a0,0(s1)
  36:src/printing.cpp ****         if(c == '\n' || c == '\r')
 147              		.loc 1 36 9 is_stmt 1
 148 00fc 9307A000 		li	a5,10
 149 0100 630AF500 		beq	a0,a5,.L12
 150              		.loc 1 36 22 is_stmt 0 discriminator 1
 151 0104 9307D000 		li	a5,13
 152 0108 E31AF5FC 		bne	a0,a5,.L7
  35:src/printing.cpp ****         buf[i++] = c;
 153              		.loc 1 35 14
 154 010c 93040900 		mv	s1,s2
 155 0110 6F008000 		j	.L9
 156              	.L12:
 157 0114 93040900 		mv	s1,s2
 158              	.LVL16:
 159              	.L9:
  37:src/printing.cpp ****             break;
  38:src/printing.cpp ****     }
  39:src/printing.cpp ****     buf[i] = '\0';
 160              		.loc 1 39 5 is_stmt 1
 161              		.loc 1 39 10 is_stmt 0
 162 0118 B3849900 		add	s1,s3,s1
 163              	.LVL17:
 164              		.loc 1 39 12
 165 011c 23800400 		sb	zero,0(s1)
 166              	.L10:
  40:src/printing.cpp **** 
  41:src/printing.cpp ****     UNLOCK();
 167              		.loc 1 41 5 is_stmt 1
 168              		.loc 1 41 5
 169 0120 13060000 		li	a2,0
 170 0124 93051000 		li	a1,1
 171 0128 17050000 		lla	a0,.LANCHOR0
 171      13050500 
 172 0130 97000000 		call	copy_and_swap@plt
 172      E7800000 
 173              	.LVL18:
 174 0138 E31405FE 		bnez	a0,.L10
  42:src/printing.cpp ****     return buf;
 175              		.loc 1 42 5
GAS LISTING /tmp/ccNkZz2W.s 			page 5


  43:src/printing.cpp **** }
 176              		.loc 1 43 1 is_stmt 0
 177 013c 13850900 		mv	a0,s3
 178 0140 83308102 		ld	ra,40(sp)
 179              		.cfi_restore 1
 180 0144 03340102 		ld	s0,32(sp)
 181              		.cfi_restore 8
 182              		.cfi_def_cfa 2, 48
 183 0148 83348101 		ld	s1,24(sp)
 184              		.cfi_restore 9
 185 014c 03390101 		ld	s2,16(sp)
 186              		.cfi_restore 18
 187 0150 83398100 		ld	s3,8(sp)
 188              		.cfi_restore 19
 189              	.LVL19:
 190 0154 033A0100 		ld	s4,0(sp)
 191              		.cfi_restore 20
 192 0158 13010103 		addi	sp,sp,48
 193              		.cfi_def_cfa_offset 0
 194 015c 67800000 		jr	ra
 195              		.cfi_endproc
 196              	.LFE43:
 198              		.align	2
 199              		.globl	_Z11stringToIntPKc
 201              	_Z11stringToIntPKc:
 202              	.LFB44:
  44:src/printing.cpp **** 
  45:src/printing.cpp **** int stringToInt(const char *s) {
 203              		.loc 1 45 32 is_stmt 1
 204              		.cfi_startproc
 205              	.LVL20:
 206 0160 130101FF 		addi	sp,sp,-16
 207              		.cfi_def_cfa_offset 16
 208 0164 23348100 		sd	s0,8(sp)
 209              		.cfi_offset 8, -8
 210 0168 13040101 		addi	s0,sp,16
 211              		.cfi_def_cfa 8, 0
 212 016c 93060500 		mv	a3,a0
  46:src/printing.cpp ****     int n;
 213              		.loc 1 46 5
  47:src/printing.cpp **** 
  48:src/printing.cpp ****     n = 0;
 214              		.loc 1 48 5
 215              	.LVL21:
 216              		.loc 1 48 7 is_stmt 0
 217 0170 13050000 		li	a0,0
 218              	.LVL22:
 219              	.L16:
  49:src/printing.cpp ****     while ('0' <= *s && *s <= '9')
 220              		.loc 1 49 5 is_stmt 1
 221              		.loc 1 49 22
 222              		.loc 1 49 19 is_stmt 0
 223 0174 03C60600 		lbu	a2,0(a3)
 224              		.loc 1 49 22
 225 0178 1B0706FD 		addiw	a4,a2,-48
 226 017c 1377F70F 		andi	a4,a4,0xff
 227 0180 93079000 		li	a5,9
GAS LISTING /tmp/ccNkZz2W.s 			page 6


 228 0184 63E0E702 		bgtu	a4,a5,.L15
  50:src/printing.cpp ****         n = n * 10 + *s++ - '0';
 229              		.loc 1 50 9 is_stmt 1
 230              		.loc 1 50 15 is_stmt 0
 231 0188 9B172500 		slliw	a5,a0,2
 232 018c BB87A700 		addw	a5,a5,a0
 233 0190 9B971700 		slliw	a5,a5,1
 234              		.loc 1 50 24
 235 0194 93861600 		addi	a3,a3,1
 236              	.LVL23:
 237              		.loc 1 50 20
 238 0198 BB87C700 		addw	a5,a5,a2
 239              		.loc 1 50 11
 240 019c 1B8507FD 		addiw	a0,a5,-48
 241              	.LVL24:
  49:src/printing.cpp ****     while ('0' <= *s && *s <= '9')
 242              		.loc 1 49 5
 243 01a0 6FF05FFD 		j	.L16
 244              	.LVL25:
 245              	.L15:
  51:src/printing.cpp ****     return n;
 246              		.loc 1 51 5 is_stmt 1
  52:src/printing.cpp **** }
 247              		.loc 1 52 1 is_stmt 0
 248 01a4 03348100 		ld	s0,8(sp)
 249              		.cfi_restore 8
 250              		.cfi_def_cfa 2, 16
 251 01a8 13010101 		addi	sp,sp,16
 252              		.cfi_def_cfa_offset 0
 253 01ac 67800000 		jr	ra
 254              		.cfi_endproc
 255              	.LFE44:
 257              		.align	2
 258              		.globl	_Z8printIntiii
 260              	_Z8printIntiii:
 261              	.LFB45:
  53:src/printing.cpp **** 
  54:src/printing.cpp **** char digits[] = "0123456789ABCDEF";
  55:src/printing.cpp **** 
  56:src/printing.cpp **** void printInt(int xx, int base, int sgn)
  57:src/printing.cpp **** {
 262              		.loc 1 57 1 is_stmt 1
 263              		.cfi_startproc
 264              	.LVL26:
 265 01b0 130101FC 		addi	sp,sp,-64
 266              		.cfi_def_cfa_offset 64
 267 01b4 233C1102 		sd	ra,56(sp)
 268 01b8 23388102 		sd	s0,48(sp)
 269 01bc 23349102 		sd	s1,40(sp)
 270 01c0 23302103 		sd	s2,32(sp)
 271 01c4 233C3101 		sd	s3,24(sp)
 272              		.cfi_offset 1, -8
 273              		.cfi_offset 8, -16
 274              		.cfi_offset 9, -24
 275              		.cfi_offset 18, -32
 276              		.cfi_offset 19, -40
 277 01c8 13040104 		addi	s0,sp,64
GAS LISTING /tmp/ccNkZz2W.s 			page 7


 278              		.cfi_def_cfa 8, 0
 279 01cc 93040500 		mv	s1,a0
 280 01d0 13890500 		mv	s2,a1
 281 01d4 93090600 		mv	s3,a2
 282              	.LVL27:
 283              	.L20:
  58:src/printing.cpp ****     LOCK();
 284              		.loc 1 58 5
 285              		.loc 1 58 5
 286 01d8 13061000 		li	a2,1
 287 01dc 93050000 		li	a1,0
 288 01e0 17050000 		lla	a0,.LANCHOR0
 288      13050500 
 289 01e8 97000000 		call	copy_and_swap@plt
 289      E7800000 
 290              	.LVL28:
 291 01f0 63080500 		beqz	a0,.L19
 292              		.loc 1 58 5 discriminator 2
 293 01f4 97000000 		call	_Z15thread_dispatchv@plt
 293      E7800000 
 294              	.LVL29:
 295 01fc 6FF0DFFD 		j	.L20
 296              	.L19:
 297              		.loc 1 58 11 discriminator 3
  59:src/printing.cpp ****     char buf[16];
 298              		.loc 1 59 5 discriminator 3
  60:src/printing.cpp ****     int i, neg;
 299              		.loc 1 60 5 discriminator 3
  61:src/printing.cpp ****     uint x;
 300              		.loc 1 61 5 discriminator 3
  62:src/printing.cpp **** 
  63:src/printing.cpp ****     neg = 0;
 301              		.loc 1 63 5 discriminator 3
 302              	.LVL30:
  64:src/printing.cpp ****     if(sgn && xx < 0){
 303              		.loc 1 64 5 discriminator 3
 304 0200 63840900 		beqz	s3,.L21
 305              		.loc 1 64 12 is_stmt 0 discriminator 1
 306 0204 63C40408 		bltz	s1,.L28
 307              	.L21:
  65:src/printing.cpp ****         neg = 1;
  66:src/printing.cpp ****         x = -xx;
  67:src/printing.cpp ****     } else {
  68:src/printing.cpp ****         x = xx;
 308              		.loc 1 68 9 is_stmt 1
 309              		.loc 1 68 11 is_stmt 0
 310 0208 1B850400 		sext.w	a0,s1
 311              	.LVL31:
  63:src/printing.cpp ****     if(sgn && xx < 0){
 312              		.loc 1 63 9
 313 020c 93050000 		li	a1,0
 314              	.LVL32:
 315              	.L22:
  69:src/printing.cpp ****     }
  70:src/printing.cpp **** 
  71:src/printing.cpp ****     i = 0;
 316              		.loc 1 71 5 is_stmt 1
GAS LISTING /tmp/ccNkZz2W.s 			page 8


 317              		.loc 1 71 7 is_stmt 0
 318 0210 93040000 		li	s1,0
 319              	.LVL33:
 320              	.L23:
  72:src/printing.cpp ****     do{
 321              		.loc 1 72 5 is_stmt 1
  73:src/printing.cpp ****         buf[i++] = digits[x % base];
 322              		.loc 1 73 9
 323              		.loc 1 73 31 is_stmt 0
 324 0214 9B070900 		sext.w	a5,s2
 325              		.loc 1 73 29
 326 0218 3B772503 		remuw	a4,a0,s2
 327 021c 13860400 		mv	a2,s1
 328              		.loc 1 73 14
 329 0220 9B841400 		addiw	s1,s1,1
 330              	.LVL34:
 331              		.loc 1 73 35
 332 0224 93160702 		slli	a3,a4,32
 333 0228 93D60602 		srli	a3,a3,32
 334 022c 17070000 		lla	a4,.LANCHOR1
 334      13070700 
 335 0234 3307D700 		add	a4,a4,a3
 336 0238 83460700 		lbu	a3,0(a4)
 337              		.loc 1 73 18
 338 023c 130704FD 		addi	a4,s0,-48
 339 0240 3307C700 		add	a4,a4,a2
 340 0244 2308D7FE 		sb	a3,-16(a4)
  74:src/printing.cpp ****     }while((x /= base) != 0);
 341              		.loc 1 74 24 is_stmt 1
 342 0248 1B070500 		sext.w	a4,a0
 343              		.loc 1 74 15 is_stmt 0
 344 024c 3B552503 		divuw	a0,a0,s2
 345              	.LVL35:
 346              		.loc 1 74 24
 347 0250 E372F7FC 		bleu	a5,a4,.L23
  75:src/printing.cpp ****     if(neg)
 348              		.loc 1 75 5 is_stmt 1
 349 0254 638C0500 		beqz	a1,.L26
  76:src/printing.cpp ****         buf[i++] = '-';
 350              		.loc 1 76 9
 351              	.LVL36:
 352              		.loc 1 76 18 is_stmt 0
 353 0258 930704FD 		addi	a5,s0,-48
 354 025c B3849700 		add	s1,a5,s1
 355 0260 9307D002 		li	a5,45
 356 0264 2388F4FE 		sb	a5,-16(s1)
 357              		.loc 1 76 14
 358 0268 9B042600 		addiw	s1,a2,2
 359              	.LVL37:
 360              	.L26:
  77:src/printing.cpp **** 
  78:src/printing.cpp ****     while(--i >= 0)
 361              		.loc 1 78 5 is_stmt 1
 362              		.loc 1 78 15
 363 026c 9B84F4FF 		addiw	s1,s1,-1
 364              	.LVL38:
 365 0270 63C40402 		bltz	s1,.L25
GAS LISTING /tmp/ccNkZz2W.s 			page 9


  79:src/printing.cpp ****         putc(buf[i]);
 366              		.loc 1 79 9
 367              		.loc 1 79 13 is_stmt 0
 368 0274 930704FD 		addi	a5,s0,-48
 369 0278 B3879700 		add	a5,a5,s1
 370 027c 03C507FF 		lbu	a0,-16(a5)
 371 0280 97000000 		call	_Z4putcc@plt
 371      E7800000 
 372              	.LVL39:
 373 0288 6FF05FFE 		j	.L26
 374              	.LVL40:
 375              	.L28:
  65:src/printing.cpp ****         x = -xx;
 376              		.loc 1 65 9 is_stmt 1
  66:src/printing.cpp ****     } else {
 377              		.loc 1 66 9
  66:src/printing.cpp ****     } else {
 378              		.loc 1 66 11 is_stmt 0
 379 028c 3B059040 		negw	a0,s1
 380              	.LVL41:
  65:src/printing.cpp ****         x = -xx;
 381              		.loc 1 65 13
 382 0290 93051000 		li	a1,1
  66:src/printing.cpp ****     } else {
 383              		.loc 1 66 11
 384 0294 6FF0DFF7 		j	.L22
 385              	.LVL42:
 386              	.L25:
  80:src/printing.cpp **** 
  81:src/printing.cpp ****     UNLOCK();
 387              		.loc 1 81 5 is_stmt 1
 388              		.loc 1 81 5
 389 0298 13060000 		li	a2,0
 390 029c 93051000 		li	a1,1
 391 02a0 17050000 		lla	a0,.LANCHOR0
 391      13050500 
 392 02a8 97000000 		call	copy_and_swap@plt
 392      E7800000 
 393              	.LVL43:
 394 02b0 E31405FE 		bnez	a0,.L25
  82:src/printing.cpp **** }...
 395              		.loc 1 82 1 is_stmt 0
 396 02b4 83308103 		ld	ra,56(sp)
 397              		.cfi_restore 1
 398 02b8 03340103 		ld	s0,48(sp)
 399              		.cfi_restore 8
 400              		.cfi_def_cfa 2, 64
 401 02bc 83348102 		ld	s1,40(sp)
 402              		.cfi_restore 9
 403 02c0 03390102 		ld	s2,32(sp)
 404              		.cfi_restore 18
 405 02c4 83398101 		ld	s3,24(sp)
 406              		.cfi_restore 19
 407 02c8 13010104 		addi	sp,sp,64
 408              		.cfi_def_cfa_offset 0
 409 02cc 67800000 		jr	ra
 410              		.cfi_endproc
GAS LISTING /tmp/ccNkZz2W.s 			page 10


 411              	.LFE45:
 413              		.globl	digits
 414              		.globl	lockPrint
 415              		.data
 416              		.align	3
 417              		.set	.LANCHOR1,. + 0
 420              	digits:
 421 0000 30313233 		.string	"0123456789ABCDEF"
 421      34353637 
 421      38394142 
 421      43444546 
 421      00
 422              		.bss
 423              		.align	3
 424              		.set	.LANCHOR0,. + 0
 427              	lockPrint:
 428 0000 00000000 		.zero	8
 428      00000000 
 429              		.text
 430              	.Letext0:
 431              		.file 2 "src/../h/../lib/hw.h"
 432              		.file 3 "src/../h/syscall_c.h"
 433              		.file 4 "src/printing.hpp"
GAS LISTING /tmp/ccNkZz2W.s 			page 11


DEFINED SYMBOLS
                            *ABS*:0000000000000000 printing.cpp
     /tmp/ccNkZz2W.s:9      .text:0000000000000000 _Z11printStringPKc
     /tmp/ccNkZz2W.s:13     .text:0000000000000000 .L0 
     /tmp/ccNkZz2W.s:15     .text:0000000000000000 .L0 
     /tmp/ccNkZz2W.s:16     .text:0000000000000004 .L0 
     /tmp/ccNkZz2W.s:20     .text:0000000000000010 .L0 
     /tmp/ccNkZz2W.s:21     .text:0000000000000010 .L0 
     /tmp/ccNkZz2W.s:22     .text:0000000000000010 .L0 
     /tmp/ccNkZz2W.s:24     .text:0000000000000014 .L0 
     /tmp/ccNkZz2W.s:29     .text:0000000000000018 .L0 
     /tmp/ccNkZz2W.s:30     .text:0000000000000018 .L0 
     /tmp/ccNkZz2W.s:37     .text:0000000000000034 .L0 
     /tmp/ccNkZz2W.s:42     .text:0000000000000040 .L0 
     /tmp/ccNkZz2W.s:43     .text:0000000000000040 .L0 
     /tmp/ccNkZz2W.s:44     .text:0000000000000040 .L0 
     /tmp/ccNkZz2W.s:45     .text:0000000000000040 .L0 
     /tmp/ccNkZz2W.s:47     .text:0000000000000044 .L0 
     /tmp/ccNkZz2W.s:49     .text:0000000000000048 .L0 
     /tmp/ccNkZz2W.s:50     .text:0000000000000048 .L0 
     /tmp/ccNkZz2W.s:53     .text:0000000000000050 .L0 
     /tmp/ccNkZz2W.s:54     .text:0000000000000050 .L0 
     /tmp/ccNkZz2W.s:57     .text:0000000000000054 .L0 
     /tmp/ccNkZz2W.s:60     .text:0000000000000058 .L0 
     /tmp/ccNkZz2W.s:61     .text:0000000000000058 .L0 
     /tmp/ccNkZz2W.s:68     .text:0000000000000074 .L0 
     /tmp/ccNkZz2W.s:69     .text:0000000000000078 .L0 
     /tmp/ccNkZz2W.s:71     .text:000000000000007c .L0 
     /tmp/ccNkZz2W.s:72     .text:000000000000007c .L0 
     /tmp/ccNkZz2W.s:74     .text:0000000000000080 .L0 
     /tmp/ccNkZz2W.s:77     .text:0000000000000084 .L0 
     /tmp/ccNkZz2W.s:79     .text:0000000000000088 .L0 
     /tmp/ccNkZz2W.s:85     .text:0000000000000088 _Z9getStringPci
     /tmp/ccNkZz2W.s:88     .text:0000000000000088 .L0 
     /tmp/ccNkZz2W.s:90     .text:0000000000000088 .L0 
     /tmp/ccNkZz2W.s:91     .text:000000000000008c .L0 
     /tmp/ccNkZz2W.s:98     .text:00000000000000a4 .L0 
     /tmp/ccNkZz2W.s:99     .text:00000000000000a4 .L0 
     /tmp/ccNkZz2W.s:100    .text:00000000000000a4 .L0 
     /tmp/ccNkZz2W.s:101    .text:00000000000000a4 .L0 
     /tmp/ccNkZz2W.s:102    .text:00000000000000a4 .L0 
     /tmp/ccNkZz2W.s:103    .text:00000000000000a4 .L0 
     /tmp/ccNkZz2W.s:105    .text:00000000000000a8 .L0 
     /tmp/ccNkZz2W.s:111    .text:00000000000000b0 .L0 
     /tmp/ccNkZz2W.s:112    .text:00000000000000b0 .L0 
     /tmp/ccNkZz2W.s:119    .text:00000000000000cc .L0 
     /tmp/ccNkZz2W.s:124    .text:00000000000000d8 .L0 
     /tmp/ccNkZz2W.s:128    .text:00000000000000dc .L0 
     /tmp/ccNkZz2W.s:130    .text:00000000000000e0 .L0 
     /tmp/ccNkZz2W.s:133    .text:00000000000000e4 .L0 
     /tmp/ccNkZz2W.s:135    .text:00000000000000e8 .L0 
     /tmp/ccNkZz2W.s:136    .text:00000000000000e8 .L0 
     /tmp/ccNkZz2W.s:139    .text:00000000000000f0 .L0 
     /tmp/ccNkZz2W.s:142    .text:00000000000000f4 .L0 
     /tmp/ccNkZz2W.s:143    .text:00000000000000f4 .L0 
     /tmp/ccNkZz2W.s:144    .text:00000000000000f4 .L0 
     /tmp/ccNkZz2W.s:146    .text:00000000000000f8 .L0 
GAS LISTING /tmp/ccNkZz2W.s 			page 12


     /tmp/ccNkZz2W.s:148    .text:00000000000000fc .L0 
     /tmp/ccNkZz2W.s:151    .text:0000000000000104 .L0 
     /tmp/ccNkZz2W.s:154    .text:000000000000010c .L0 
     /tmp/ccNkZz2W.s:161    .text:0000000000000118 .L0 
     /tmp/ccNkZz2W.s:162    .text:0000000000000118 .L0 
     /tmp/ccNkZz2W.s:165    .text:000000000000011c .L0 
     /tmp/ccNkZz2W.s:168    .text:0000000000000120 .L0 
     /tmp/ccNkZz2W.s:169    .text:0000000000000120 .L0 
     /tmp/ccNkZz2W.s:176    .text:000000000000013c .L0 
     /tmp/ccNkZz2W.s:177    .text:000000000000013c .L0 
     /tmp/ccNkZz2W.s:179    .text:0000000000000144 .L0 
     /tmp/ccNkZz2W.s:181    .text:0000000000000148 .L0 
     /tmp/ccNkZz2W.s:182    .text:0000000000000148 .L0 
     /tmp/ccNkZz2W.s:184    .text:000000000000014c .L0 
     /tmp/ccNkZz2W.s:186    .text:0000000000000150 .L0 
     /tmp/ccNkZz2W.s:188    .text:0000000000000154 .L0 
     /tmp/ccNkZz2W.s:191    .text:0000000000000158 .L0 
     /tmp/ccNkZz2W.s:193    .text:000000000000015c .L0 
     /tmp/ccNkZz2W.s:195    .text:0000000000000160 .L0 
     /tmp/ccNkZz2W.s:201    .text:0000000000000160 _Z11stringToIntPKc
     /tmp/ccNkZz2W.s:204    .text:0000000000000160 .L0 
     /tmp/ccNkZz2W.s:206    .text:0000000000000160 .L0 
     /tmp/ccNkZz2W.s:207    .text:0000000000000164 .L0 
     /tmp/ccNkZz2W.s:209    .text:0000000000000168 .L0 
     /tmp/ccNkZz2W.s:211    .text:000000000000016c .L0 
     /tmp/ccNkZz2W.s:214    .text:0000000000000170 .L0 
     /tmp/ccNkZz2W.s:216    .text:0000000000000170 .L0 
     /tmp/ccNkZz2W.s:217    .text:0000000000000170 .L0 
     /tmp/ccNkZz2W.s:221    .text:0000000000000174 .L0 
     /tmp/ccNkZz2W.s:222    .text:0000000000000174 .L0 
     /tmp/ccNkZz2W.s:223    .text:0000000000000174 .L0 
     /tmp/ccNkZz2W.s:225    .text:0000000000000178 .L0 
     /tmp/ccNkZz2W.s:230    .text:0000000000000188 .L0 
     /tmp/ccNkZz2W.s:231    .text:0000000000000188 .L0 
     /tmp/ccNkZz2W.s:235    .text:0000000000000194 .L0 
     /tmp/ccNkZz2W.s:238    .text:0000000000000198 .L0 
     /tmp/ccNkZz2W.s:240    .text:000000000000019c .L0 
     /tmp/ccNkZz2W.s:243    .text:00000000000001a0 .L0 
     /tmp/ccNkZz2W.s:247    .text:00000000000001a4 .L0 
     /tmp/ccNkZz2W.s:248    .text:00000000000001a4 .L0 
     /tmp/ccNkZz2W.s:249    .text:00000000000001a8 .L0 
     /tmp/ccNkZz2W.s:250    .text:00000000000001a8 .L0 
     /tmp/ccNkZz2W.s:252    .text:00000000000001ac .L0 
     /tmp/ccNkZz2W.s:254    .text:00000000000001b0 .L0 
     /tmp/ccNkZz2W.s:260    .text:00000000000001b0 _Z8printIntiii
     /tmp/ccNkZz2W.s:263    .text:00000000000001b0 .L0 
     /tmp/ccNkZz2W.s:265    .text:00000000000001b0 .L0 
     /tmp/ccNkZz2W.s:266    .text:00000000000001b4 .L0 
     /tmp/ccNkZz2W.s:272    .text:00000000000001c8 .L0 
     /tmp/ccNkZz2W.s:273    .text:00000000000001c8 .L0 
     /tmp/ccNkZz2W.s:274    .text:00000000000001c8 .L0 
     /tmp/ccNkZz2W.s:275    .text:00000000000001c8 .L0 
     /tmp/ccNkZz2W.s:276    .text:00000000000001c8 .L0 
     /tmp/ccNkZz2W.s:278    .text:00000000000001cc .L0 
     /tmp/ccNkZz2W.s:285    .text:00000000000001d8 .L0 
     /tmp/ccNkZz2W.s:286    .text:00000000000001d8 .L0 
     /tmp/ccNkZz2W.s:293    .text:00000000000001f4 .L0 
GAS LISTING /tmp/ccNkZz2W.s 			page 13


     /tmp/ccNkZz2W.s:298    .text:0000000000000200 .L0 
     /tmp/ccNkZz2W.s:299    .text:0000000000000200 .L0 
     /tmp/ccNkZz2W.s:300    .text:0000000000000200 .L0 
     /tmp/ccNkZz2W.s:301    .text:0000000000000200 .L0 
     /tmp/ccNkZz2W.s:303    .text:0000000000000200 .L0 
     /tmp/ccNkZz2W.s:304    .text:0000000000000200 .L0 
     /tmp/ccNkZz2W.s:306    .text:0000000000000204 .L0 
     /tmp/ccNkZz2W.s:309    .text:0000000000000208 .L0 
     /tmp/ccNkZz2W.s:310    .text:0000000000000208 .L0 
     /tmp/ccNkZz2W.s:313    .text:000000000000020c .L0 
     /tmp/ccNkZz2W.s:317    .text:0000000000000210 .L0 
     /tmp/ccNkZz2W.s:318    .text:0000000000000210 .L0 
     /tmp/ccNkZz2W.s:322    .text:0000000000000214 .L0 
     /tmp/ccNkZz2W.s:323    .text:0000000000000214 .L0 
     /tmp/ccNkZz2W.s:324    .text:0000000000000214 .L0 
     /tmp/ccNkZz2W.s:326    .text:0000000000000218 .L0 
     /tmp/ccNkZz2W.s:329    .text:0000000000000220 .L0 
     /tmp/ccNkZz2W.s:332    .text:0000000000000224 .L0 
     /tmp/ccNkZz2W.s:338    .text:000000000000023c .L0 
     /tmp/ccNkZz2W.s:342    .text:0000000000000248 .L0 
     /tmp/ccNkZz2W.s:344    .text:000000000000024c .L0 
     /tmp/ccNkZz2W.s:347    .text:0000000000000250 .L0 
     /tmp/ccNkZz2W.s:349    .text:0000000000000254 .L0 
     /tmp/ccNkZz2W.s:352    .text:0000000000000258 .L0 
     /tmp/ccNkZz2W.s:353    .text:0000000000000258 .L0 
     /tmp/ccNkZz2W.s:358    .text:0000000000000268 .L0 
     /tmp/ccNkZz2W.s:362    .text:000000000000026c .L0 
     /tmp/ccNkZz2W.s:363    .text:000000000000026c .L0 
     /tmp/ccNkZz2W.s:367    .text:0000000000000274 .L0 
     /tmp/ccNkZz2W.s:368    .text:0000000000000274 .L0 
     /tmp/ccNkZz2W.s:377    .text:000000000000028c .L0 
     /tmp/ccNkZz2W.s:378    .text:000000000000028c .L0 
     /tmp/ccNkZz2W.s:379    .text:000000000000028c .L0 
     /tmp/ccNkZz2W.s:382    .text:0000000000000290 .L0 
     /tmp/ccNkZz2W.s:384    .text:0000000000000294 .L0 
     /tmp/ccNkZz2W.s:388    .text:0000000000000298 .L0 
     /tmp/ccNkZz2W.s:389    .text:0000000000000298 .L0 
     /tmp/ccNkZz2W.s:396    .text:00000000000002b4 .L0 
     /tmp/ccNkZz2W.s:397    .text:00000000000002b8 .L0 
     /tmp/ccNkZz2W.s:399    .text:00000000000002bc .L0 
     /tmp/ccNkZz2W.s:400    .text:00000000000002bc .L0 
     /tmp/ccNkZz2W.s:402    .text:00000000000002c0 .L0 
     /tmp/ccNkZz2W.s:404    .text:00000000000002c4 .L0 
     /tmp/ccNkZz2W.s:406    .text:00000000000002c8 .L0 
     /tmp/ccNkZz2W.s:408    .text:00000000000002cc .L0 
     /tmp/ccNkZz2W.s:410    .text:00000000000002d0 .L0 
     /tmp/ccNkZz2W.s:420    .data:0000000000000000 digits
     /tmp/ccNkZz2W.s:427    .bss:0000000000000000 lockPrint
     /tmp/ccNkZz2W.s:417    .data:0000000000000000 .LANCHOR1
     /tmp/ccNkZz2W.s:424    .bss:0000000000000000 .LANCHOR0
     /tmp/ccNkZz2W.s:434    .text:00000000000002d0 .L0 
     /tmp/ccNkZz2W.s:32     .text:0000000000000020 .L0 
     /tmp/ccNkZz2W.s:63     .text:0000000000000060 .L0 
     /tmp/ccNkZz2W.s:114    .text:00000000000000b8 .L0 
     /tmp/ccNkZz2W.s:171    .text:0000000000000128 .L0 
     /tmp/ccNkZz2W.s:288    .text:00000000000001e0 .L0 
     /tmp/ccNkZz2W.s:334    .text:000000000000022c .L0 
GAS LISTING /tmp/ccNkZz2W.s 			page 14


     /tmp/ccNkZz2W.s:391    .text:00000000000002a0 .L0 
     /tmp/ccNkZz2W.s:40     .text:0000000000000040 .L2
     /tmp/ccNkZz2W.s:27     .text:0000000000000018 .L3
     /tmp/ccNkZz2W.s:58     .text:0000000000000058 .L4
     /tmp/ccNkZz2W.s:122    .text:00000000000000d8 .L11
     /tmp/ccNkZz2W.s:109    .text:00000000000000b0 .L8
     /tmp/ccNkZz2W.s:159    .text:0000000000000118 .L9
     /tmp/ccNkZz2W.s:156    .text:0000000000000114 .L12
     /tmp/ccNkZz2W.s:125    .text:00000000000000dc .L7
     /tmp/ccNkZz2W.s:166    .text:0000000000000120 .L10
     /tmp/ccNkZz2W.s:245    .text:00000000000001a4 .L15
     /tmp/ccNkZz2W.s:219    .text:0000000000000174 .L16
     /tmp/ccNkZz2W.s:296    .text:0000000000000200 .L19
     /tmp/ccNkZz2W.s:283    .text:00000000000001d8 .L20
     /tmp/ccNkZz2W.s:307    .text:0000000000000208 .L21
     /tmp/ccNkZz2W.s:375    .text:000000000000028c .L28
     /tmp/ccNkZz2W.s:320    .text:0000000000000214 .L23
     /tmp/ccNkZz2W.s:360    .text:000000000000026c .L26
     /tmp/ccNkZz2W.s:386    .text:0000000000000298 .L25
     /tmp/ccNkZz2W.s:315    .text:0000000000000210 .L22
     /tmp/ccNkZz2W.s:963    .debug_abbrev:0000000000000000 .Ldebug_abbrev0
     /tmp/ccNkZz2W.s:1632   .debug_str:00000000000001db .LASF39
     /tmp/ccNkZz2W.s:1570   .debug_str:0000000000000035 .LASF40
     /tmp/ccNkZz2W.s:1584   .debug_str:0000000000000083 .LASF41
     /tmp/ccNkZz2W.s:5      .text:0000000000000000 .Ltext0
     /tmp/ccNkZz2W.s:430    .text:00000000000002d0 .Letext0
     /tmp/ccNkZz2W.s:1558   .debug_line:0000000000000000 .Ldebug_line0
     /tmp/ccNkZz2W.s:1610   .debug_str:0000000000000133 .LASF0
     /tmp/ccNkZz2W.s:1576   .debug_str:0000000000000059 .LASF3
     /tmp/ccNkZz2W.s:1616   .debug_str:0000000000000161 .LASF1
     /tmp/ccNkZz2W.s:1604   .debug_str:000000000000010d .LASF2
     /tmp/ccNkZz2W.s:1594   .debug_str:00000000000000d9 .LASF4
     /tmp/ccNkZz2W.s:1628   .debug_str:00000000000001c0 .LASF5
     /tmp/ccNkZz2W.s:1566   .debug_str:000000000000001e .LASF6
     /tmp/ccNkZz2W.s:1620   .debug_str:0000000000000183 .LASF7
     /tmp/ccNkZz2W.s:1608   .debug_str:0000000000000120 .LASF8
     /tmp/ccNkZz2W.s:1636   .debug_str:00000000000002ae .LASF9
     /tmp/ccNkZz2W.s:1590   .debug_str:00000000000000bf .LASF10
     /tmp/ccNkZz2W.s:1624   .debug_str:000000000000019b .LASF11
     /tmp/ccNkZz2W.s:1634   .debug_str:000000000000029f .LASF12
     /tmp/ccNkZz2W.s:1568   .debug_str:0000000000000025 .LASF13
     /tmp/ccNkZz2W.s:1560   .debug_str:0000000000000000 .LASF14
     /tmp/ccNkZz2W.s:1574   .debug_str:000000000000004d .LASF15
     /tmp/ccNkZz2W.s:1626   .debug_str:00000000000001aa .LASF16
     /tmp/ccNkZz2W.s:1578   .debug_str:000000000000005e .LASF17
     /tmp/ccNkZz2W.s:1582   .debug_str:000000000000007e .LASF18
     /tmp/ccNkZz2W.s:1596   .debug_str:00000000000000e0 .LASF19
     /tmp/ccNkZz2W.s:1622   .debug_str:0000000000000196 .LASF20
     /tmp/ccNkZz2W.s:1600   .debug_str:00000000000000f6 .LASF21
     /tmp/ccNkZz2W.s:1588   .debug_str:00000000000000b6 .LASF27
     /tmp/ccNkZz2W.s:1618   .debug_str:0000000000000174 .LASF29
     /tmp/ccNkZz2W.s:261    .text:00000000000001b0 .LFB45
     /tmp/ccNkZz2W.s:411    .text:00000000000002d0 .LFE45
     /tmp/ccNkZz2W.s:1332   .debug_loc:0000000000000000 .LLST8
     /tmp/ccNkZz2W.s:1638   .debug_str:00000000000002be .LASF22
     /tmp/ccNkZz2W.s:1346   .debug_loc:0000000000000039 .LLST9
     /tmp/ccNkZz2W.s:1360   .debug_loc:0000000000000072 .LLST10
GAS LISTING /tmp/ccNkZz2W.s 			page 15


     /tmp/ccNkZz2W.s:1374   .debug_loc:00000000000000ab .LLST11
     /tmp/ccNkZz2W.s:1396   .debug_loc:000000000000010a .LLST12
     /tmp/ccNkZz2W.s:1413   .debug_loc:0000000000000155 .LLST13
     /tmp/ccNkZz2W.s:290    .text:00000000000001f0 .LVL28
     /tmp/ccNkZz2W.s:294    .text:00000000000001fc .LVL29
     /tmp/ccNkZz2W.s:372    .text:0000000000000288 .LVL39
     /tmp/ccNkZz2W.s:393    .text:00000000000002b0 .LVL43
     /tmp/ccNkZz2W.s:1592   .debug_str:00000000000000cd .LASF23
     /tmp/ccNkZz2W.s:1614   .debug_str:000000000000014e .LASF25
     /tmp/ccNkZz2W.s:202    .text:0000000000000160 .LFB44
     /tmp/ccNkZz2W.s:255    .text:00000000000001b0 .LFE44
     /tmp/ccNkZz2W.s:1442   .debug_loc:00000000000001ac .LLST6
     /tmp/ccNkZz2W.s:1453   .debug_loc:00000000000001e2 .LLST7
     /tmp/ccNkZz2W.s:1580   .debug_str:0000000000000074 .LASF24
     /tmp/ccNkZz2W.s:1642   .debug_str:00000000000002d6 .LASF26
     /tmp/ccNkZz2W.s:86     .text:0000000000000088 .LFB43
     /tmp/ccNkZz2W.s:196    .text:0000000000000160 .LFE43
     /tmp/ccNkZz2W.s:1475   .debug_loc:0000000000000241 .LLST1
     /tmp/ccNkZz2W.s:1490   .debug_loc:000000000000028a .LLST2
     /tmp/ccNkZz2W.s:1504   .debug_loc:00000000000002c3 .LLST3
     /tmp/ccNkZz2W.s:1515   .debug_loc:00000000000002f9 .LLST4
     /tmp/ccNkZz2W.s:1527   .debug_loc:0000000000000321 .LLST5
     /tmp/ccNkZz2W.s:116    .text:00000000000000c8 .LVL10
     /tmp/ccNkZz2W.s:120    .text:00000000000000d4 .LVL11
     /tmp/ccNkZz2W.s:137    .text:00000000000000f0 .LVL14
     /tmp/ccNkZz2W.s:173    .text:0000000000000138 .LVL18
     /tmp/ccNkZz2W.s:1598   .debug_str:00000000000000ea .LASF28
     /tmp/ccNkZz2W.s:1640   .debug_str:00000000000002c3 .LASF30
     /tmp/ccNkZz2W.s:10     .text:0000000000000000 .LFB42
     /tmp/ccNkZz2W.s:80     .text:0000000000000088 .LFE42
     /tmp/ccNkZz2W.s:1572   .debug_str:0000000000000046 .LASF31
     /tmp/ccNkZz2W.s:1534   .debug_loc:0000000000000344 .LLST0
     /tmp/ccNkZz2W.s:34     .text:0000000000000030 .LVL2
     /tmp/ccNkZz2W.s:38     .text:000000000000003c .LVL3
     /tmp/ccNkZz2W.s:51     .text:0000000000000050 .LVL4
     /tmp/ccNkZz2W.s:65     .text:0000000000000070 .LVL6
     /tmp/ccNkZz2W.s:1612   .debug_str:0000000000000140 .LASF32
     /tmp/ccNkZz2W.s:1586   .debug_str:00000000000000a1 .LASF33
     /tmp/ccNkZz2W.s:1602   .debug_str:00000000000000fd .LASF34
     /tmp/ccNkZz2W.s:1630   .debug_str:00000000000001d2 .LASF35
     /tmp/ccNkZz2W.s:1606   .debug_str:000000000000011b .LASF36
     /tmp/ccNkZz2W.s:1564   .debug_str:0000000000000015 .LASF37
     /tmp/ccNkZz2W.s:1562   .debug_str:0000000000000010 .LASF38
     /tmp/ccNkZz2W.s:264    .text:00000000000001b0 .LVL26
     /tmp/ccNkZz2W.s:282    .text:00000000000001d8 .LVL27
     /tmp/ccNkZz2W.s:314    .text:0000000000000210 .LVL32
     /tmp/ccNkZz2W.s:319    .text:0000000000000214 .LVL33
     /tmp/ccNkZz2W.s:330    .text:0000000000000224 .LVL34
     /tmp/ccNkZz2W.s:351    .text:0000000000000258 .LVL36
     /tmp/ccNkZz2W.s:359    .text:000000000000026c .LVL37
     /tmp/ccNkZz2W.s:364    .text:0000000000000270 .LVL38
     /tmp/ccNkZz2W.s:302    .text:0000000000000200 .LVL30
     /tmp/ccNkZz2W.s:374    .text:000000000000028c .LVL40
     /tmp/ccNkZz2W.s:385    .text:0000000000000298 .LVL42
     /tmp/ccNkZz2W.s:311    .text:000000000000020c .LVL31
     /tmp/ccNkZz2W.s:345    .text:0000000000000250 .LVL35
     /tmp/ccNkZz2W.s:380    .text:0000000000000290 .LVL41
GAS LISTING /tmp/ccNkZz2W.s 			page 16


     /tmp/ccNkZz2W.s:205    .text:0000000000000160 .LVL20
     /tmp/ccNkZz2W.s:218    .text:0000000000000174 .LVL22
     /tmp/ccNkZz2W.s:215    .text:0000000000000170 .LVL21
     /tmp/ccNkZz2W.s:241    .text:00000000000001a0 .LVL24
     /tmp/ccNkZz2W.s:244    .text:00000000000001a4 .LVL25
     /tmp/ccNkZz2W.s:89     .text:0000000000000088 .LVL8
     /tmp/ccNkZz2W.s:108    .text:00000000000000b0 .LVL9
     /tmp/ccNkZz2W.s:189    .text:0000000000000154 .LVL19
     /tmp/ccNkZz2W.s:126    .text:00000000000000dc .LVL12
     /tmp/ccNkZz2W.s:131    .text:00000000000000e4 .LVL13
     /tmp/ccNkZz2W.s:158    .text:0000000000000118 .LVL16
     /tmp/ccNkZz2W.s:163    .text:000000000000011c .LVL17
     /tmp/ccNkZz2W.s:141    .text:00000000000000f4 .LVL15
     /tmp/ccNkZz2W.s:14     .text:0000000000000000 .LVL0
     /tmp/ccNkZz2W.s:26     .text:0000000000000018 .LVL1
     /tmp/ccNkZz2W.s:75     .text:0000000000000080 .LVL7
     /tmp/ccNkZz2W.s:435    .debug_info:0000000000000000 .Ldebug_info0

UNDEFINED SYMBOLS
copy_and_swap
_Z15thread_dispatchv
_Z4putcc
_Z4getcv
