GAS LISTING /tmp/ccBNF1tL.s 			page 1


   1              		.file	"Semaphore.cpp"
   2              		.option pic
   3              		.option norelax
   4              		.text
   5              	.Ltext0:
   6              		.align	2
   7              		.globl	_ZN10SemaphoreC8sem_openEi
   9              	_ZN10SemaphoreC8sem_openEi:
  10              	.LFB42:
  11              		.file 1 "src/Semaphore.cpp"
   1:src/Semaphore.cpp **** //
   2:src/Semaphore.cpp **** // Created by os on 8/16/25.
   3:src/Semaphore.cpp **** //
   4:src/Semaphore.cpp **** 
   5:src/Semaphore.cpp **** //remove first add last
   6:src/Semaphore.cpp **** 
   7:src/Semaphore.cpp **** #include "../h/Semaphore.h"
   8:src/Semaphore.cpp **** #include "printing.hpp"
   9:src/Semaphore.cpp **** #include "../lib/console.h"
  10:src/Semaphore.cpp **** 
  11:src/Semaphore.cpp **** SemaphoreC* SemaphoreC::sem_open(int init)
  12:src/Semaphore.cpp **** {
  12              		.loc 1 12 1
  13              		.cfi_startproc
  14              	.LVL0:
  15 0000 130101FE 		addi	sp,sp,-32
  16              		.cfi_def_cfa_offset 32
  17 0004 233C1100 		sd	ra,24(sp)
  18 0008 23388100 		sd	s0,16(sp)
  19 000c 23349100 		sd	s1,8(sp)
  20              		.cfi_offset 1, -8
  21              		.cfi_offset 8, -16
  22              		.cfi_offset 9, -24
  23 0010 13040102 		addi	s0,sp,32
  24              		.cfi_def_cfa 8, 0
  25 0014 93040500 		mv	s1,a0
  13:src/Semaphore.cpp ****     //printString("NEW SEMAPHORE---\n");
  14:src/Semaphore.cpp ****     return new SemaphoreC(init);
  26              		.loc 1 14 5
  27              	.LVL1:
  28              	.LBB53:
  29              	.LBB54:
  30              		.file 2 "src/../h/Semaphore.h"
   1:src/../h/Semaphore.h **** //
   2:src/../h/Semaphore.h **** // Created by os on 8/16/25.
   3:src/../h/Semaphore.h **** //
   4:src/../h/Semaphore.h **** 
   5:src/../h/Semaphore.h **** #ifndef PROJECT_BASE_SEMAPHORE_H
   6:src/../h/Semaphore.h **** #define PROJECT_BASE_SEMAPHORE_H
   7:src/../h/Semaphore.h **** 
   8:src/../h/Semaphore.h **** #include "list.h"
   9:src/../h/Semaphore.h **** #include "tcb.h"
  10:src/../h/Semaphore.h **** 
  11:src/../h/Semaphore.h **** class SemaphoreC
  12:src/../h/Semaphore.h **** {
  13:src/../h/Semaphore.h **** public:
  14:src/../h/Semaphore.h **** 
GAS LISTING /tmp/ccBNF1tL.s 			page 2


  15:src/../h/Semaphore.h ****     static SemaphoreC* sem_open(int init = 0);
  16:src/../h/Semaphore.h ****     ~SemaphoreC() { close(); }
  17:src/../h/Semaphore.h ****     int wait();
  18:src/../h/Semaphore.h ****     int signal();
  19:src/../h/Semaphore.h **** 
  20:src/../h/Semaphore.h ****     int get_val() const { return val; }
  21:src/../h/Semaphore.h ****     bool isClosed() const { return closed; }
  22:src/../h/Semaphore.h **** 
  23:src/../h/Semaphore.h ****     int close();
  24:src/../h/Semaphore.h **** 
  25:src/../h/Semaphore.h ****     void* operator new(size_t size)
  26:src/../h/Semaphore.h ****      {
  27:src/../h/Semaphore.h ****          return MemoryAllocator::mem_alloc(size);
  31              		.loc 2 27 10
  32              		.loc 2 27 43 is_stmt 0
  33 0018 13058001 		li	a0,24
  34              	.LVL2:
  35 001c 97000000 		call	_ZN15MemoryAllocator9mem_allocEm@plt
  35      E7800000 
  36              	.LVL3:
  37              	.LBE54:
  38              	.LBE53:
  39              	.LBB55:
  40              	.LBB56:
  28:src/../h/Semaphore.h ****      }
  29:src/../h/Semaphore.h ****     void* operator new[](size_t size)
  30:src/../h/Semaphore.h ****     {
  31:src/../h/Semaphore.h ****         return MemoryAllocator::mem_alloc(size);
  32:src/../h/Semaphore.h ****     }
  33:src/../h/Semaphore.h ****     void operator delete(void* ptr)
  34:src/../h/Semaphore.h ****     {
  35:src/../h/Semaphore.h ****         MemoryAllocator::mem_free(ptr);
  36:src/../h/Semaphore.h ****         return;
  37:src/../h/Semaphore.h ****     }
  38:src/../h/Semaphore.h ****     void operator delete[] (void* ptr)
  39:src/../h/Semaphore.h ****     {
  40:src/../h/Semaphore.h ****         MemoryAllocator::mem_free(ptr);
  41:src/../h/Semaphore.h ****         return;
  42:src/../h/Semaphore.h ****     }
  43:src/../h/Semaphore.h **** private:
  44:src/../h/Semaphore.h ****     SemaphoreC(int init = 0) : val(init), closed(false)  {}
  41              		.loc 2 44 55
  42 0024 23209500 		sw	s1,0(a0)
  43 0028 23020500 		sb	zero,4(a0)
  44              	.LVL4:
  45              	.LBB57:
  46              	.LBB58:
  47              		.file 3 "src/../h/list.h"
   1:src/../h/list.h **** //
   2:src/../h/list.h **** // Created by os on 8/15/25.
   3:src/../h/list.h **** //
   4:src/../h/list.h **** 
   5:src/../h/list.h **** #ifndef PROJECT_BASE_LIST_H
   6:src/../h/list.h **** #define PROJECT_BASE_LIST_H
   7:src/../h/list.h **** 
   8:src/../h/list.h **** #include "MemoryAllocator.h"
   9:src/../h/list.h **** #include "../lib/console.h"
GAS LISTING /tmp/ccBNF1tL.s 			page 3


  10:src/../h/list.h **** 
  11:src/../h/list.h **** template<typename T>
  12:src/../h/list.h **** class List
  13:src/../h/list.h **** {
  14:src/../h/list.h **** private:
  15:src/../h/list.h ****     struct Elem
  16:src/../h/list.h ****     {
  17:src/../h/list.h ****         T *data;
  18:src/../h/list.h ****         Elem *next;
  19:src/../h/list.h **** 
  20:src/../h/list.h ****          void* operator new(size_t size)
  21:src/../h/list.h ****         {
  22:src/../h/list.h ****             return MemoryAllocator::mem_alloc(size); // alocira u broju blokova
  23:src/../h/list.h ****         }
  24:src/../h/list.h ****         void operator delete(void* ptr)
  25:src/../h/list.h ****         {
  26:src/../h/list.h ****             MemoryAllocator::mem_free(ptr);
  27:src/../h/list.h ****         }
  28:src/../h/list.h **** 
  29:src/../h/list.h ****         Elem(T *data, Elem *next) : data(data), next(next) {}
  30:src/../h/list.h ****     };
  31:src/../h/list.h **** 
  32:src/../h/list.h ****     Elem *head, *tail;
  33:src/../h/list.h **** 
  34:src/../h/list.h **** public:
  35:src/../h/list.h ****     List() : head(0), tail(0) {}
  48              		.loc 3 35 29
  49 002c 23340500 		sd	zero,8(a0)
  50 0030 23380500 		sd	zero,16(a0)
  51              	.LVL5:
  52              	.LBE58:
  53              	.LBE57:
  54              	.LBE56:
  55              	.LBE55:
  15:src/Semaphore.cpp **** }
  56              		.loc 1 15 1
  57 0034 83308101 		ld	ra,24(sp)
  58              		.cfi_restore 1
  59 0038 03340101 		ld	s0,16(sp)
  60              		.cfi_restore 8
  61              		.cfi_def_cfa 2, 32
  62 003c 83348100 		ld	s1,8(sp)
  63              		.cfi_restore 9
  64 0040 13010102 		addi	sp,sp,32
  65              		.cfi_def_cfa_offset 0
  66 0044 67800000 		jr	ra
  67              		.cfi_endproc
  68              	.LFE42:
  70              		.align	2
  71              		.globl	_ZN10SemaphoreC4waitEv
  73              	_ZN10SemaphoreC4waitEv:
  74              	.LFB43:
  16:src/Semaphore.cpp **** 
  17:src/Semaphore.cpp **** int SemaphoreC::wait()
  18:src/Semaphore.cpp **** {
  75              		.loc 1 18 1 is_stmt 1
  76              		.cfi_startproc
GAS LISTING /tmp/ccBNF1tL.s 			page 4


  77              	.LVL6:
  19:src/Semaphore.cpp ****     if(this->isClosed()) return -1;
  78              		.loc 1 19 5
  79              	.LBB59:
  80              	.LBB60:
  21:src/../h/Semaphore.h **** 
  81              		.loc 2 21 29
  21:src/../h/Semaphore.h **** 
  82              		.loc 2 21 36 is_stmt 0
  83 0048 83474500 		lbu	a5,4(a0)
  84              	.LVL7:
  85              	.LBE60:
  86              	.LBE59:
  87              		.loc 1 19 5
  88 004c 6392070C 		bnez	a5,.L9
  18:src/Semaphore.cpp ****     if(this->isClosed()) return -1;
  89              		.loc 1 18 1
  90 0050 130101FE 		addi	sp,sp,-32
  91              		.cfi_def_cfa_offset 32
  92 0054 233C1100 		sd	ra,24(sp)
  93 0058 23388100 		sd	s0,16(sp)
  94 005c 23349100 		sd	s1,8(sp)
  95 0060 23302101 		sd	s2,0(sp)
  96              		.cfi_offset 1, -8
  97              		.cfi_offset 8, -16
  98              		.cfi_offset 9, -24
  99              		.cfi_offset 18, -32
 100 0064 13040102 		addi	s0,sp,32
 101              		.cfi_def_cfa 8, 0
 102 0068 93040500 		mv	s1,a0
  20:src/Semaphore.cpp **** 
  21:src/Semaphore.cpp ****     if((int)(--this->val) < 0){
 103              		.loc 1 21 5 is_stmt 1
 104              	.LBB61:
 105              		.loc 1 21 22 is_stmt 0
 106 006c 83270500 		lw	a5,0(a0)
 107              		.loc 1 21 14
 108 0070 9B87F7FF 		addiw	a5,a5,-1
 109              		.loc 1 21 27
 110 0074 2320F500 		sw	a5,0(a0)
 111              		.loc 1 21 5
 112 0078 13970702 		slli	a4,a5,32
 113 007c 63400702 		bltz	a4,.L16
 114              	.LBE61:
  22:src/Semaphore.cpp ****         if(!TCB::running->isFinished() || !(TCB::running == nullptr)){
  23:src/Semaphore.cpp ****             TCB *tcb = TCB::running;
  24:src/Semaphore.cpp ****             tcb->t_blocked = true;
  25:src/Semaphore.cpp ****             this->blocked.addLast(tcb);
  26:src/Semaphore.cpp ****             TCB::timeSliceCounter=0;
  27:src/Semaphore.cpp ****             TCB::dispatch();
  28:src/Semaphore.cpp ****         }
  29:src/Semaphore.cpp ****         if(this->closed) return -1;
  30:src/Semaphore.cpp ****     }
  31:src/Semaphore.cpp **** 
  32:src/Semaphore.cpp ****     return 0;
 115              		.loc 1 32 12
 116 0080 13050000 		li	a0,0
GAS LISTING /tmp/ccBNF1tL.s 			page 5


 117              	.LVL8:
 118              	.L4:
  33:src/Semaphore.cpp **** }
 119              		.loc 1 33 1
 120 0084 83308101 		ld	ra,24(sp)
 121              		.cfi_remember_state
 122              		.cfi_restore 1
 123 0088 03340101 		ld	s0,16(sp)
 124              		.cfi_restore 8
 125              		.cfi_def_cfa 2, 32
 126 008c 83348100 		ld	s1,8(sp)
 127              		.cfi_restore 9
 128              	.LVL9:
 129 0090 03390100 		ld	s2,0(sp)
 130              		.cfi_restore 18
 131 0094 13010102 		addi	sp,sp,32
 132              		.cfi_def_cfa_offset 0
 133 0098 67800000 		jr	ra
 134              	.LVL10:
 135              	.L16:
 136              		.cfi_restore_state
 137              	.LBB79:
 138              	.LBB62:
  22:src/Semaphore.cpp ****         if(!TCB::running->isFinished() || !(TCB::running == nullptr)){
 139              		.loc 1 22 9 is_stmt 1
 140              	.LBB63:
  22:src/Semaphore.cpp ****         if(!TCB::running->isFinished() || !(TCB::running == nullptr)){
 141              		.loc 1 22 37 is_stmt 0
 142 009c 97070000 		la	a5,_ZN3TCB7runningE
 142      83B70700 
 143 00a4 03B90700 		ld	s2,0(a5)
 144              	.LVL11:
 145              	.LBB64:
 146              	.LBB65:
 147              		.file 4 "src/../h/tcb.h"
   1:src/../h/tcb.h **** //
   2:src/../h/tcb.h **** // Created by os on 8/16/25.
   3:src/../h/tcb.h **** //
   4:src/../h/tcb.h **** 
   5:src/../h/tcb.h **** #ifndef PROJECT_BASE_TCB_H
   6:src/../h/tcb.h **** #define PROJECT_BASE_TCB_H
   7:src/../h/tcb.h **** 
   8:src/../h/tcb.h **** #include "MemoryAllocator.h"
   9:src/../h/tcb.h **** #include "scheduler.h"
  10:src/../h/tcb.h **** #include "../lib/hw.h"
  11:src/../h/tcb.h **** #include "../lib/console.h"
  12:src/../h/tcb.h **** //#include "../src/printing.hpp"
  13:src/../h/tcb.h **** 
  14:src/../h/tcb.h **** class TCB
  15:src/../h/tcb.h **** {
  16:src/../h/tcb.h **** public:
  17:src/../h/tcb.h **** 
  18:src/../h/tcb.h ****     ~TCB() { delete[] stack; } //delete the whole stack??? might have issue here with mem leaks----
  19:src/../h/tcb.h **** 
  20:src/../h/tcb.h ****     bool isFinished() const { return finished; }
 148              		.loc 4 20 31 is_stmt 1
 149              		.loc 4 20 38 is_stmt 0
GAS LISTING /tmp/ccBNF1tL.s 			page 6


 150 00a8 83478902 		lbu	a5,40(s2)
 151              	.LVL12:
 152              	.LBE65:
 153              	.LBE64:
  22:src/Semaphore.cpp ****             TCB *tcb = TCB::running;
 154              		.loc 1 22 40
 155 00ac 63840700 		beqz	a5,.L5
  22:src/Semaphore.cpp ****             TCB *tcb = TCB::running;
 156              		.loc 1 22 40 discriminator 2
 157 00b0 63020904 		beqz	s2,.L6
 158              	.L5:
 159              	.LBB66:
  23:src/Semaphore.cpp ****             tcb->t_blocked = true;
 160              		.loc 1 23 13 is_stmt 1
 161              	.LVL13:
  24:src/Semaphore.cpp ****             this->blocked.addLast(tcb);
 162              		.loc 1 24 13
  24:src/Semaphore.cpp ****             this->blocked.addLast(tcb);
 163              		.loc 1 24 28 is_stmt 0
 164 00b4 93071000 		li	a5,1
 165 00b8 A304F902 		sb	a5,41(s2)
  25:src/Semaphore.cpp ****             TCB::timeSliceCounter=0;
 166              		.loc 1 25 13 is_stmt 1
 167              	.LVL14:
 168              	.LBB67:
 169              	.LBB68:
 170              	.LBB69:
 171              	.LBB70:
  22:src/../h/list.h ****         }
 172              		.loc 3 22 46 is_stmt 0
 173 00bc 13050001 		li	a0,16
 174 00c0 97000000 		call	_ZN15MemoryAllocator9mem_allocEm@plt
 174      E7800000 
 175              	.LVL15:
 176              	.LBE70:
 177              	.LBE69:
 178              	.LBB71:
 179              	.LBB72:
  29:src/../h/list.h ****     };
 180              		.loc 3 29 58
 181 00c8 23302501 		sd	s2,0(a0)
 182 00cc 23340500 		sd	zero,8(a0)
 183              	.LVL16:
 184              	.LBE72:
 185              	.LBE71:
  36:src/../h/list.h **** 
  37:src/../h/list.h ****     List(const List<T> &) = delete;
  38:src/../h/list.h **** 
  39:src/../h/list.h ****     List<T> &operator=(const List<T> &) = delete;
  40:src/../h/list.h **** 
  41:src/../h/list.h ****     void addFirst(T *data)
  42:src/../h/list.h ****     {
  43:src/../h/list.h ****         Elem *elem = new Elem(data, head);
  44:src/../h/list.h ****         head = elem;
  45:src/../h/list.h ****         if (!tail) { tail = head; }
  46:src/../h/list.h ****     }
  47:src/../h/list.h **** 
GAS LISTING /tmp/ccBNF1tL.s 			page 7


  48:src/../h/list.h ****     void addLast(T *data)
  49:src/../h/list.h ****     {
  50:src/../h/list.h ****         Elem *elem = new Elem(data, 0);
  51:src/../h/list.h ****         if (tail)
 186              		.loc 3 51 13
 187 00d0 83B70401 		ld	a5,16(s1)
 188              		.loc 3 51 9
 189 00d4 63880702 		beqz	a5,.L7
  52:src/../h/list.h ****         {
  53:src/../h/list.h ****             tail->next = elem;
 190              		.loc 3 53 13
 191 00d8 23B4A700 		sd	a0,8(a5)
  54:src/../h/list.h ****             tail = elem;
 192              		.loc 3 54 13
 193 00dc 23B8A400 		sd	a0,16(s1)
 194              	.L8:
 195              	.LVL17:
 196              	.LBE68:
 197              	.LBE67:
  26:src/Semaphore.cpp ****             TCB::dispatch();
 198              		.loc 1 26 13 is_stmt 1
  26:src/Semaphore.cpp ****             TCB::dispatch();
 199              		.loc 1 26 34 is_stmt 0
 200 00e0 97070000 		la	a5,_ZN3TCB16timeSliceCounterE
 200      83B70700 
 201 00e8 23B00700 		sd	zero,0(a5)
  27:src/Semaphore.cpp ****         }
 202              		.loc 1 27 13 is_stmt 1
  27:src/Semaphore.cpp ****         }
 203              		.loc 1 27 26 is_stmt 0
 204 00ec 97000000 		call	_ZN3TCB8dispatchEv@plt
 204      E7800000 
 205              	.LVL18:
 206              	.L6:
 207              	.LBE66:
 208              	.LBE63:
  29:src/Semaphore.cpp ****     }
 209              		.loc 1 29 9 is_stmt 1
  29:src/Semaphore.cpp ****     }
 210              		.loc 1 29 18 is_stmt 0
 211 00f4 83C74400 		lbu	a5,4(s1)
  29:src/Semaphore.cpp ****     }
 212              		.loc 1 29 9
 213 00f8 63900702 		bnez	a5,.L11
 214              	.LBE62:
 215              	.LBE79:
  32:src/Semaphore.cpp **** }
 216              		.loc 1 32 12
 217 00fc 13050000 		li	a0,0
 218 0100 6FF05FF8 		j	.L4
 219              	.LVL19:
 220              	.L7:
 221              	.LBB80:
 222              	.LBB77:
 223              	.LBB76:
 224              	.LBB75:
 225              	.LBB74:
GAS LISTING /tmp/ccBNF1tL.s 			page 8


 226              	.LBB73:
  55:src/../h/list.h ****         } else
  56:src/../h/list.h ****         {
  57:src/../h/list.h ****             head = tail = elem;
 227              		.loc 3 57 13
 228 0104 23B8A400 		sd	a0,16(s1)
 229 0108 23B4A400 		sd	a0,8(s1)
 230 010c 6FF05FFD 		j	.L8
 231              	.LVL20:
 232              	.L9:
 233              		.cfi_def_cfa_register 2
 234              		.cfi_restore 1
 235              		.cfi_restore 8
 236              		.cfi_restore 9
 237              		.cfi_restore 18
 238              	.LBE73:
 239              	.LBE74:
 240              	.LBE75:
 241              	.LBE76:
 242              	.LBE77:
 243              	.LBE80:
  19:src/Semaphore.cpp **** 
 244              		.loc 1 19 34
 245 0110 1305F0FF 		li	a0,-1
 246              	.LVL21:
 247              		.loc 1 33 1
 248 0114 67800000 		ret
 249              	.LVL22:
 250              	.L11:
 251              		.cfi_def_cfa_register 8
 252              		.cfi_offset 1, -8
 253              		.cfi_offset 8, -16
 254              		.cfi_offset 9, -24
 255              		.cfi_offset 18, -32
 256              	.LBB81:
 257              	.LBB78:
  29:src/Semaphore.cpp ****     }
 258              		.loc 1 29 34
 259 0118 1305F0FF 		li	a0,-1
 260 011c 6FF09FF6 		j	.L4
 261              	.LBE78:
 262              	.LBE81:
 263              		.cfi_endproc
 264              	.LFE43:
 266              		.align	2
 267              		.globl	_ZN10SemaphoreC6signalEv
 269              	_ZN10SemaphoreC6signalEv:
 270              	.LFB44:
  34:src/Semaphore.cpp **** 
  35:src/Semaphore.cpp **** int SemaphoreC::signal()
  36:src/Semaphore.cpp **** {
 271              		.loc 1 36 1 is_stmt 1
 272              		.cfi_startproc
 273              	.LVL23:
  37:src/Semaphore.cpp ****     if(this->isClosed()) return -1;
 274              		.loc 1 37 5
 275              	.LBB82:
GAS LISTING /tmp/ccBNF1tL.s 			page 9


 276              	.LBB83:
  21:src/../h/Semaphore.h **** 
 277              		.loc 2 21 29
  21:src/../h/Semaphore.h **** 
 278              		.loc 2 21 36 is_stmt 0
 279 0120 03474500 		lbu	a4,4(a0)
 280              	.LVL24:
 281              	.LBE83:
 282              	.LBE82:
 283              		.loc 1 37 5
 284 0124 63180708 		bnez	a4,.L21
 285 0128 93070500 		mv	a5,a0
  38:src/Semaphore.cpp **** 
  39:src/Semaphore.cpp ****     if((int)(++this->val) <= 0){
 286              		.loc 1 39 5 is_stmt 1
 287              	.LBB84:
 288              		.loc 1 39 22 is_stmt 0
 289 012c 03270500 		lw	a4,0(a0)
 290              		.loc 1 39 14
 291 0130 1B071700 		addiw	a4,a4,1
 292 0134 9B060700 		sext.w	a3,a4
 293              		.loc 1 39 27
 294 0138 2320E500 		sw	a4,0(a0)
 295              		.loc 1 39 5
 296 013c 6356D000 		blez	a3,.L28
 297              	.LBE84:
  40:src/Semaphore.cpp ****         TCB *tcb = this->blocked.removeFirst();
  41:src/Semaphore.cpp ****         tcb->t_blocked = false;
  42:src/Semaphore.cpp ****         Scheduler::put(tcb);
  43:src/Semaphore.cpp ****     }
  44:src/Semaphore.cpp ****     return 0;
 298              		.loc 1 44 12
 299 0140 13050000 		li	a0,0
 300              	.LVL25:
  45:src/Semaphore.cpp **** }
 301              		.loc 1 45 1
 302 0144 67800000 		ret
 303              	.LVL26:
 304              	.L28:
  36:src/Semaphore.cpp ****     if(this->isClosed()) return -1;
 305              		.loc 1 36 1
 306 0148 130101FE 		addi	sp,sp,-32
 307              		.cfi_def_cfa_offset 32
 308 014c 233C1100 		sd	ra,24(sp)
 309 0150 23388100 		sd	s0,16(sp)
 310 0154 23349100 		sd	s1,8(sp)
 311              		.cfi_offset 1, -8
 312              		.cfi_offset 8, -16
 313              		.cfi_offset 9, -24
 314 0158 13040102 		addi	s0,sp,32
 315              		.cfi_def_cfa 8, 0
 316              	.LBB93:
 317              	.LBB85:
  40:src/Semaphore.cpp ****         TCB *tcb = this->blocked.removeFirst();
 318              		.loc 1 40 9 is_stmt 1
 319              	.LVL27:
 320              	.LBB86:
GAS LISTING /tmp/ccBNF1tL.s 			page 10


 321              	.LBB87:
  58:src/../h/list.h ****         }
  59:src/../h/list.h ****     }
  60:src/../h/list.h **** 
  61:src/../h/list.h ****     T *removeFirst()
  62:src/../h/list.h ****     {
  63:src/../h/list.h ****         if (!head) { return 0; }
 322              		.loc 3 63 14 is_stmt 0
 323 015c 03358500 		ld	a0,8(a0)
 324              	.LVL28:
 325              		.loc 3 63 9
 326 0160 63060504 		beqz	a0,.L23
 327              	.LVL29:
  64:src/../h/list.h **** 
  65:src/../h/list.h ****         Elem *elem = head;
  66:src/../h/list.h ****         head = head->next;
 328              		.loc 3 66 22
 329 0164 03378500 		ld	a4,8(a0)
 330              		.loc 3 66 9
 331 0168 23B4E700 		sd	a4,8(a5)
  67:src/../h/list.h ****         if (!head) { tail = 0; }
 332              		.loc 3 67 9
 333 016c 630C0702 		beqz	a4,.L29
 334              	.L20:
  68:src/../h/list.h **** 
  69:src/../h/list.h ****         T *ret = elem->data;
 335              		.loc 3 69 12
 336 0170 83340500 		ld	s1,0(a0)
 337              	.LVL30:
 338              	.LBB88:
 339              	.LBB89:
  26:src/../h/list.h ****         }
 340              		.loc 3 26 38
 341 0174 97000000 		call	_ZN15MemoryAllocator8mem_freeEPv@plt
 341      E7800000 
 342              	.LVL31:
 343              	.L19:
 344              	.LBE89:
 345              	.LBE88:
 346              	.LBE87:
 347              	.LBE86:
  41:src/Semaphore.cpp ****         Scheduler::put(tcb);
 348              		.loc 1 41 9 is_stmt 1
  41:src/Semaphore.cpp ****         Scheduler::put(tcb);
 349              		.loc 1 41 24 is_stmt 0
 350 017c A3840402 		sb	zero,41(s1)
  42:src/Semaphore.cpp ****     }
 351              		.loc 1 42 9 is_stmt 1
  42:src/Semaphore.cpp ****     }
 352              		.loc 1 42 23 is_stmt 0
 353 0180 13850400 		mv	a0,s1
 354 0184 97000000 		call	_ZN9Scheduler3putEP3TCB@plt
 354      E7800000 
 355              	.LVL32:
 356              	.LBE85:
 357              	.LBE93:
  44:src/Semaphore.cpp **** }
GAS LISTING /tmp/ccBNF1tL.s 			page 11


 358              		.loc 1 44 12
 359 018c 13050000 		li	a0,0
 360              		.loc 1 45 1
 361 0190 83308101 		ld	ra,24(sp)
 362              		.cfi_remember_state
 363              		.cfi_restore 1
 364 0194 03340101 		ld	s0,16(sp)
 365              		.cfi_restore 8
 366              		.cfi_def_cfa 2, 32
 367 0198 83348100 		ld	s1,8(sp)
 368              		.cfi_restore 9
 369              	.LVL33:
 370 019c 13010102 		addi	sp,sp,32
 371              		.cfi_def_cfa_offset 0
 372 01a0 67800000 		jr	ra
 373              	.LVL34:
 374              	.L29:
 375              		.cfi_restore_state
 376              	.LBB94:
 377              	.LBB92:
 378              	.LBB91:
 379              	.LBB90:
  67:src/../h/list.h **** 
 380              		.loc 3 67 22
 381 01a4 23B80700 		sd	zero,16(a5)
 382 01a8 6FF09FFC 		j	.L20
 383              	.LVL35:
 384              	.L23:
  63:src/../h/list.h **** 
 385              		.loc 3 63 29
 386 01ac 93040500 		mv	s1,a0
 387 01b0 6FF0DFFC 		j	.L19
 388              	.LVL36:
 389              	.L21:
 390              		.cfi_def_cfa_register 2
 391              		.cfi_restore 1
 392              		.cfi_restore 8
 393              		.cfi_restore 9
 394              	.LBE90:
 395              	.LBE91:
 396              	.LBE92:
 397              	.LBE94:
  37:src/Semaphore.cpp **** 
 398              		.loc 1 37 34
 399 01b4 1305F0FF 		li	a0,-1
 400              	.LVL37:
 401 01b8 67800000 		ret
 402              		.cfi_endproc
 403              	.LFE44:
 405              		.align	2
 406              		.globl	_ZN10SemaphoreC5closeEv
 408              	_ZN10SemaphoreC5closeEv:
 409              	.LFB45:
  46:src/Semaphore.cpp **** 
  47:src/Semaphore.cpp **** int SemaphoreC::close()
  48:src/Semaphore.cpp **** {
 410              		.loc 1 48 1 is_stmt 1
GAS LISTING /tmp/ccBNF1tL.s 			page 12


 411              		.cfi_startproc
 412              	.LVL38:
 413 01bc 130101FE 		addi	sp,sp,-32
 414              		.cfi_def_cfa_offset 32
 415 01c0 233C1100 		sd	ra,24(sp)
 416 01c4 23388100 		sd	s0,16(sp)
 417 01c8 23349100 		sd	s1,8(sp)
 418 01cc 23302101 		sd	s2,0(sp)
 419              		.cfi_offset 1, -8
 420              		.cfi_offset 8, -16
 421              		.cfi_offset 9, -24
 422              		.cfi_offset 18, -32
 423 01d0 13040102 		addi	s0,sp,32
 424              		.cfi_def_cfa 8, 0
 425 01d4 93040500 		mv	s1,a0
  49:src/Semaphore.cpp ****     if(this->isClosed()) return -1;
 426              		.loc 1 49 5
 427              	.LVL39:
 428              	.LBB95:
 429              	.LBB96:
  21:src/../h/Semaphore.h **** 
 430              		.loc 2 21 29
  21:src/../h/Semaphore.h **** 
 431              		.loc 2 21 36 is_stmt 0
 432 01d8 83474500 		lbu	a5,4(a0)
 433              	.LVL40:
 434              	.LBE96:
 435              	.LBE95:
 436              		.loc 1 49 5
 437 01dc 63860702 		beqz	a5,.L35
 438              		.loc 1 49 34
 439 01e0 1305F0FF 		li	a0,-1
 440              	.LVL41:
 441 01e4 6F000006 		j	.L31
 442              	.LVL42:
 443              	.L39:
 444              	.LBB97:
 445              	.LBB98:
 446              	.LBB99:
  67:src/../h/list.h **** 
 447              		.loc 3 67 22
 448 01e8 23B80400 		sd	zero,16(s1)
 449              	.L34:
 450              		.loc 3 69 12
 451 01ec 03390500 		ld	s2,0(a0)
 452              	.LVL43:
 453              	.LBB100:
 454              	.LBB101:
  26:src/../h/list.h ****         }
 455              		.loc 3 26 38
 456 01f0 97000000 		call	_ZN15MemoryAllocator8mem_freeEPv@plt
 456      E7800000 
 457              	.LVL44:
 458              	.L33:
 459              	.LBE101:
 460              	.LBE100:
 461              	.LBE99:
GAS LISTING /tmp/ccBNF1tL.s 			page 13


 462              	.LBE98:
  50:src/Semaphore.cpp ****     while(this->blocked.peekLast()){ //peek first?
  51:src/Semaphore.cpp ****         TCB *tcb = this->blocked.removeFirst();
  52:src/Semaphore.cpp ****         tcb->t_blocked = false;
 463              		.loc 1 52 9 is_stmt 1
 464              		.loc 1 52 24 is_stmt 0
 465 01f8 A3040902 		sb	zero,41(s2)
  53:src/Semaphore.cpp ****         Scheduler::put(tcb);
 466              		.loc 1 53 9 is_stmt 1
 467              		.loc 1 53 23 is_stmt 0
 468 01fc 13050900 		mv	a0,s2
 469 0200 97000000 		call	_ZN9Scheduler3putEP3TCB@plt
 469      E7800000 
 470              	.LVL45:
 471              	.L35:
 472              	.LBE97:
  50:src/Semaphore.cpp ****     while(this->blocked.peekLast()){ //peek first?
 473              		.loc 1 50 5 is_stmt 1
  50:src/Semaphore.cpp ****     while(this->blocked.peekLast()){ //peek first?
 474              		.loc 1 50 34
 475              	.LBB104:
 476              	.LBB105:
  70:src/../h/list.h ****         delete elem;
  71:src/../h/list.h ****         return ret;
  72:src/../h/list.h ****     }
  73:src/../h/list.h **** 
  74:src/../h/list.h ****     T *peekFirst()
  75:src/../h/list.h ****     {
  76:src/../h/list.h ****         if (!head) { return 0; }
  77:src/../h/list.h ****         return head->data;
  78:src/../h/list.h ****     }
  79:src/../h/list.h **** 
  80:src/../h/list.h ****     T *removeLast()
  81:src/../h/list.h ****     {
  82:src/../h/list.h ****         if (!head) { return 0; }
  83:src/../h/list.h **** 
  84:src/../h/list.h ****         Elem *prev = 0;
  85:src/../h/list.h ****         for (Elem *curr = head; curr && curr != tail; curr = curr->next)
  86:src/../h/list.h ****         {
  87:src/../h/list.h ****             prev = curr;
  88:src/../h/list.h ****         }
  89:src/../h/list.h **** 
  90:src/../h/list.h ****         Elem *elem = tail;
  91:src/../h/list.h ****         if (prev) { prev->next = 0; }
  92:src/../h/list.h ****         else { head = 0; }
  93:src/../h/list.h ****         tail = prev;
  94:src/../h/list.h **** 
  95:src/../h/list.h ****         T *ret = elem->data;
  96:src/../h/list.h ****         delete elem;
  97:src/../h/list.h ****         return ret;
  98:src/../h/list.h ****     }
  99:src/../h/list.h **** 
 100:src/../h/list.h ****     T *peekLast()
 101:src/../h/list.h ****     {
 102:src/../h/list.h ****         if (!tail) { return 0; }
 477              		.loc 3 102 14 is_stmt 0
 478 0208 83B70401 		ld	a5,16(s1)
GAS LISTING /tmp/ccBNF1tL.s 			page 14


 479              		.loc 3 102 9
 480 020c 63860702 		beqz	a5,.L32
 103:src/../h/list.h ****         return tail->data;
 481              		.loc 3 103 22
 482 0210 83B70700 		ld	a5,0(a5)
 483              	.LVL46:
 484              	.LBE105:
 485              	.LBE104:
  50:src/Semaphore.cpp ****         TCB *tcb = this->blocked.removeFirst();
 486              		.loc 1 50 34
 487 0214 63820702 		beqz	a5,.L32
 488              	.LBB106:
  51:src/Semaphore.cpp ****         tcb->t_blocked = false;
 489              		.loc 1 51 9 is_stmt 1
 490              	.LVL47:
 491              	.LBB103:
 492              	.LBB102:
  63:src/../h/list.h **** 
 493              		.loc 3 63 14 is_stmt 0
 494 0218 03B58400 		ld	a0,8(s1)
  63:src/../h/list.h **** 
 495              		.loc 3 63 9
 496 021c 630A0500 		beqz	a0,.L37
 497              	.LVL48:
  66:src/../h/list.h ****         if (!head) { tail = 0; }
 498              		.loc 3 66 22
 499 0220 83378500 		ld	a5,8(a0)
  66:src/../h/list.h ****         if (!head) { tail = 0; }
 500              		.loc 3 66 9
 501 0224 23B4F400 		sd	a5,8(s1)
  67:src/../h/list.h **** 
 502              		.loc 3 67 9
 503 0228 E39207FC 		bnez	a5,.L34
 504 022c 6FF0DFFB 		j	.L39
 505              	.LVL49:
 506              	.L37:
  63:src/../h/list.h **** 
 507              		.loc 3 63 29
 508 0230 13090500 		mv	s2,a0
 509 0234 6FF05FFC 		j	.L33
 510              	.LVL50:
 511              	.L32:
 512              	.LBE102:
 513              	.LBE103:
 514              	.LBE106:
  54:src/Semaphore.cpp ****     }
  55:src/Semaphore.cpp ****     closed = true;
 515              		.loc 1 55 5 is_stmt 1
 516              		.loc 1 55 12 is_stmt 0
 517 0238 93071000 		li	a5,1
 518 023c 2382F400 		sb	a5,4(s1)
  56:src/Semaphore.cpp ****     return 0;
 519              		.loc 1 56 5 is_stmt 1
 520              		.loc 1 56 12 is_stmt 0
 521 0240 13050000 		li	a0,0
 522              	.L31:
  57:src/Semaphore.cpp **** 
GAS LISTING /tmp/ccBNF1tL.s 			page 15


  58:src/Semaphore.cpp **** }...
 523              		.loc 1 58 1
 524 0244 83308101 		ld	ra,24(sp)
 525              		.cfi_restore 1
 526 0248 03340101 		ld	s0,16(sp)
 527              		.cfi_restore 8
 528              		.cfi_def_cfa 2, 32
 529 024c 83348100 		ld	s1,8(sp)
 530              		.cfi_restore 9
 531              	.LVL51:
 532 0250 03390100 		ld	s2,0(sp)
 533              		.cfi_restore 18
 534 0254 13010102 		addi	sp,sp,32
 535              		.cfi_def_cfa_offset 0
 536 0258 67800000 		jr	ra
 537              		.cfi_endproc
 538              	.LFE45:
 540              	.Letext0:
 541              		.file 5 "src/../h/../lib/hw.h"
 542              		.file 6 "src/../h/MemoryAllocator.h"
 543              		.file 7 "src/../h/scheduler.h"
 544              		.file 8 "src/../h/syscall_c.h"
GAS LISTING /tmp/ccBNF1tL.s 			page 16


DEFINED SYMBOLS
                            *ABS*:0000000000000000 Semaphore.cpp
     /tmp/ccBNF1tL.s:9      .text:0000000000000000 _ZN10SemaphoreC8sem_openEi
     /tmp/ccBNF1tL.s:13     .text:0000000000000000 .L0 
     /tmp/ccBNF1tL.s:15     .text:0000000000000000 .L0 
     /tmp/ccBNF1tL.s:16     .text:0000000000000004 .L0 
     /tmp/ccBNF1tL.s:20     .text:0000000000000010 .L0 
     /tmp/ccBNF1tL.s:21     .text:0000000000000010 .L0 
     /tmp/ccBNF1tL.s:22     .text:0000000000000010 .L0 
     /tmp/ccBNF1tL.s:24     .text:0000000000000014 .L0 
     /tmp/ccBNF1tL.s:31     .text:0000000000000018 .L0 
     /tmp/ccBNF1tL.s:32     .text:0000000000000018 .L0 
     /tmp/ccBNF1tL.s:33     .text:0000000000000018 .L0 
     /tmp/ccBNF1tL.s:42     .text:0000000000000024 .L0 
     /tmp/ccBNF1tL.s:49     .text:000000000000002c .L0 
     /tmp/ccBNF1tL.s:57     .text:0000000000000034 .L0 
     /tmp/ccBNF1tL.s:58     .text:0000000000000038 .L0 
     /tmp/ccBNF1tL.s:60     .text:000000000000003c .L0 
     /tmp/ccBNF1tL.s:61     .text:000000000000003c .L0 
     /tmp/ccBNF1tL.s:63     .text:0000000000000040 .L0 
     /tmp/ccBNF1tL.s:65     .text:0000000000000044 .L0 
     /tmp/ccBNF1tL.s:67     .text:0000000000000048 .L0 
     /tmp/ccBNF1tL.s:73     .text:0000000000000048 _ZN10SemaphoreC4waitEv
     /tmp/ccBNF1tL.s:76     .text:0000000000000048 .L0 
     /tmp/ccBNF1tL.s:78     .text:0000000000000048 .L0 
     /tmp/ccBNF1tL.s:81     .text:0000000000000048 .L0 
     /tmp/ccBNF1tL.s:82     .text:0000000000000048 .L0 
     /tmp/ccBNF1tL.s:83     .text:0000000000000048 .L0 
     /tmp/ccBNF1tL.s:88     .text:000000000000004c .L0 
     /tmp/ccBNF1tL.s:90     .text:0000000000000050 .L0 
     /tmp/ccBNF1tL.s:91     .text:0000000000000054 .L0 
     /tmp/ccBNF1tL.s:96     .text:0000000000000064 .L0 
     /tmp/ccBNF1tL.s:97     .text:0000000000000064 .L0 
     /tmp/ccBNF1tL.s:98     .text:0000000000000064 .L0 
     /tmp/ccBNF1tL.s:99     .text:0000000000000064 .L0 
     /tmp/ccBNF1tL.s:101    .text:0000000000000068 .L0 
     /tmp/ccBNF1tL.s:105    .text:000000000000006c .L0 
     /tmp/ccBNF1tL.s:106    .text:000000000000006c .L0 
     /tmp/ccBNF1tL.s:108    .text:0000000000000070 .L0 
     /tmp/ccBNF1tL.s:110    .text:0000000000000074 .L0 
     /tmp/ccBNF1tL.s:112    .text:0000000000000078 .L0 
     /tmp/ccBNF1tL.s:116    .text:0000000000000080 .L0 
     /tmp/ccBNF1tL.s:120    .text:0000000000000084 .L0 
     /tmp/ccBNF1tL.s:121    .text:0000000000000088 .L0 
     /tmp/ccBNF1tL.s:122    .text:0000000000000088 .L0 
     /tmp/ccBNF1tL.s:124    .text:000000000000008c .L0 
     /tmp/ccBNF1tL.s:125    .text:000000000000008c .L0 
     /tmp/ccBNF1tL.s:127    .text:0000000000000090 .L0 
     /tmp/ccBNF1tL.s:130    .text:0000000000000094 .L0 
     /tmp/ccBNF1tL.s:132    .text:0000000000000098 .L0 
     /tmp/ccBNF1tL.s:136    .text:000000000000009c .L0 
     /tmp/ccBNF1tL.s:141    .text:000000000000009c .L0 
     /tmp/ccBNF1tL.s:142    .text:000000000000009c .L0 
     /tmp/ccBNF1tL.s:149    .text:00000000000000a8 .L0 
     /tmp/ccBNF1tL.s:150    .text:00000000000000a8 .L0 
     /tmp/ccBNF1tL.s:155    .text:00000000000000ac .L0 
     /tmp/ccBNF1tL.s:157    .text:00000000000000b0 .L0 
GAS LISTING /tmp/ccBNF1tL.s 			page 17


     /tmp/ccBNF1tL.s:162    .text:00000000000000b4 .L0 
     /tmp/ccBNF1tL.s:163    .text:00000000000000b4 .L0 
     /tmp/ccBNF1tL.s:164    .text:00000000000000b4 .L0 
     /tmp/ccBNF1tL.s:172    .text:00000000000000bc .L0 
     /tmp/ccBNF1tL.s:173    .text:00000000000000bc .L0 
     /tmp/ccBNF1tL.s:181    .text:00000000000000c8 .L0 
     /tmp/ccBNF1tL.s:187    .text:00000000000000d0 .L0 
     /tmp/ccBNF1tL.s:189    .text:00000000000000d4 .L0 
     /tmp/ccBNF1tL.s:191    .text:00000000000000d8 .L0 
     /tmp/ccBNF1tL.s:193    .text:00000000000000dc .L0 
     /tmp/ccBNF1tL.s:199    .text:00000000000000e0 .L0 
     /tmp/ccBNF1tL.s:200    .text:00000000000000e0 .L0 
     /tmp/ccBNF1tL.s:203    .text:00000000000000ec .L0 
     /tmp/ccBNF1tL.s:204    .text:00000000000000ec .L0 
     /tmp/ccBNF1tL.s:210    .text:00000000000000f4 .L0 
     /tmp/ccBNF1tL.s:211    .text:00000000000000f4 .L0 
     /tmp/ccBNF1tL.s:213    .text:00000000000000f8 .L0 
     /tmp/ccBNF1tL.s:217    .text:00000000000000fc .L0 
     /tmp/ccBNF1tL.s:228    .text:0000000000000104 .L0 
     /tmp/ccBNF1tL.s:233    .text:0000000000000110 .L0 
     /tmp/ccBNF1tL.s:234    .text:0000000000000110 .L0 
     /tmp/ccBNF1tL.s:235    .text:0000000000000110 .L0 
     /tmp/ccBNF1tL.s:236    .text:0000000000000110 .L0 
     /tmp/ccBNF1tL.s:237    .text:0000000000000110 .L0 
     /tmp/ccBNF1tL.s:245    .text:0000000000000110 .L0 
     /tmp/ccBNF1tL.s:248    .text:0000000000000114 .L0 
     /tmp/ccBNF1tL.s:251    .text:0000000000000118 .L0 
     /tmp/ccBNF1tL.s:252    .text:0000000000000118 .L0 
     /tmp/ccBNF1tL.s:253    .text:0000000000000118 .L0 
     /tmp/ccBNF1tL.s:254    .text:0000000000000118 .L0 
     /tmp/ccBNF1tL.s:255    .text:0000000000000118 .L0 
     /tmp/ccBNF1tL.s:259    .text:0000000000000118 .L0 
     /tmp/ccBNF1tL.s:263    .text:0000000000000120 .L0 
     /tmp/ccBNF1tL.s:269    .text:0000000000000120 _ZN10SemaphoreC6signalEv
     /tmp/ccBNF1tL.s:272    .text:0000000000000120 .L0 
     /tmp/ccBNF1tL.s:274    .text:0000000000000120 .L0 
     /tmp/ccBNF1tL.s:277    .text:0000000000000120 .L0 
     /tmp/ccBNF1tL.s:278    .text:0000000000000120 .L0 
     /tmp/ccBNF1tL.s:279    .text:0000000000000120 .L0 
     /tmp/ccBNF1tL.s:284    .text:0000000000000124 .L0 
     /tmp/ccBNF1tL.s:288    .text:000000000000012c .L0 
     /tmp/ccBNF1tL.s:289    .text:000000000000012c .L0 
     /tmp/ccBNF1tL.s:291    .text:0000000000000130 .L0 
     /tmp/ccBNF1tL.s:294    .text:0000000000000138 .L0 
     /tmp/ccBNF1tL.s:296    .text:000000000000013c .L0 
     /tmp/ccBNF1tL.s:299    .text:0000000000000140 .L0 
     /tmp/ccBNF1tL.s:302    .text:0000000000000144 .L0 
     /tmp/ccBNF1tL.s:306    .text:0000000000000148 .L0 
     /tmp/ccBNF1tL.s:307    .text:000000000000014c .L0 
     /tmp/ccBNF1tL.s:311    .text:0000000000000158 .L0 
     /tmp/ccBNF1tL.s:312    .text:0000000000000158 .L0 
     /tmp/ccBNF1tL.s:313    .text:0000000000000158 .L0 
     /tmp/ccBNF1tL.s:315    .text:000000000000015c .L0 
     /tmp/ccBNF1tL.s:322    .text:000000000000015c .L0 
     /tmp/ccBNF1tL.s:323    .text:000000000000015c .L0 
     /tmp/ccBNF1tL.s:326    .text:0000000000000160 .L0 
     /tmp/ccBNF1tL.s:329    .text:0000000000000164 .L0 
GAS LISTING /tmp/ccBNF1tL.s 			page 18


     /tmp/ccBNF1tL.s:331    .text:0000000000000168 .L0 
     /tmp/ccBNF1tL.s:333    .text:000000000000016c .L0 
     /tmp/ccBNF1tL.s:336    .text:0000000000000170 .L0 
     /tmp/ccBNF1tL.s:341    .text:0000000000000174 .L0 
     /tmp/ccBNF1tL.s:349    .text:000000000000017c .L0 
     /tmp/ccBNF1tL.s:350    .text:000000000000017c .L0 
     /tmp/ccBNF1tL.s:352    .text:0000000000000180 .L0 
     /tmp/ccBNF1tL.s:353    .text:0000000000000180 .L0 
     /tmp/ccBNF1tL.s:359    .text:000000000000018c .L0 
     /tmp/ccBNF1tL.s:361    .text:0000000000000190 .L0 
     /tmp/ccBNF1tL.s:362    .text:0000000000000194 .L0 
     /tmp/ccBNF1tL.s:363    .text:0000000000000194 .L0 
     /tmp/ccBNF1tL.s:365    .text:0000000000000198 .L0 
     /tmp/ccBNF1tL.s:366    .text:0000000000000198 .L0 
     /tmp/ccBNF1tL.s:368    .text:000000000000019c .L0 
     /tmp/ccBNF1tL.s:371    .text:00000000000001a0 .L0 
     /tmp/ccBNF1tL.s:375    .text:00000000000001a4 .L0 
     /tmp/ccBNF1tL.s:381    .text:00000000000001a4 .L0 
     /tmp/ccBNF1tL.s:386    .text:00000000000001ac .L0 
     /tmp/ccBNF1tL.s:390    .text:00000000000001b4 .L0 
     /tmp/ccBNF1tL.s:391    .text:00000000000001b4 .L0 
     /tmp/ccBNF1tL.s:392    .text:00000000000001b4 .L0 
     /tmp/ccBNF1tL.s:393    .text:00000000000001b4 .L0 
     /tmp/ccBNF1tL.s:399    .text:00000000000001b4 .L0 
     /tmp/ccBNF1tL.s:402    .text:00000000000001bc .L0 
     /tmp/ccBNF1tL.s:408    .text:00000000000001bc _ZN10SemaphoreC5closeEv
     /tmp/ccBNF1tL.s:411    .text:00000000000001bc .L0 
     /tmp/ccBNF1tL.s:413    .text:00000000000001bc .L0 
     /tmp/ccBNF1tL.s:414    .text:00000000000001c0 .L0 
     /tmp/ccBNF1tL.s:419    .text:00000000000001d0 .L0 
     /tmp/ccBNF1tL.s:420    .text:00000000000001d0 .L0 
     /tmp/ccBNF1tL.s:421    .text:00000000000001d0 .L0 
     /tmp/ccBNF1tL.s:422    .text:00000000000001d0 .L0 
     /tmp/ccBNF1tL.s:424    .text:00000000000001d4 .L0 
     /tmp/ccBNF1tL.s:430    .text:00000000000001d8 .L0 
     /tmp/ccBNF1tL.s:431    .text:00000000000001d8 .L0 
     /tmp/ccBNF1tL.s:432    .text:00000000000001d8 .L0 
     /tmp/ccBNF1tL.s:437    .text:00000000000001dc .L0 
     /tmp/ccBNF1tL.s:439    .text:00000000000001e0 .L0 
     /tmp/ccBNF1tL.s:448    .text:00000000000001e8 .L0 
     /tmp/ccBNF1tL.s:451    .text:00000000000001ec .L0 
     /tmp/ccBNF1tL.s:456    .text:00000000000001f0 .L0 
     /tmp/ccBNF1tL.s:464    .text:00000000000001f8 .L0 
     /tmp/ccBNF1tL.s:465    .text:00000000000001f8 .L0 
     /tmp/ccBNF1tL.s:467    .text:00000000000001fc .L0 
     /tmp/ccBNF1tL.s:468    .text:00000000000001fc .L0 
     /tmp/ccBNF1tL.s:474    .text:0000000000000208 .L0 
     /tmp/ccBNF1tL.s:477    .text:0000000000000208 .L0 
     /tmp/ccBNF1tL.s:478    .text:0000000000000208 .L0 
     /tmp/ccBNF1tL.s:480    .text:000000000000020c .L0 
     /tmp/ccBNF1tL.s:482    .text:0000000000000210 .L0 
     /tmp/ccBNF1tL.s:487    .text:0000000000000214 .L0 
     /tmp/ccBNF1tL.s:493    .text:0000000000000218 .L0 
     /tmp/ccBNF1tL.s:494    .text:0000000000000218 .L0 
     /tmp/ccBNF1tL.s:496    .text:000000000000021c .L0 
     /tmp/ccBNF1tL.s:499    .text:0000000000000220 .L0 
     /tmp/ccBNF1tL.s:501    .text:0000000000000224 .L0 
GAS LISTING /tmp/ccBNF1tL.s 			page 19


     /tmp/ccBNF1tL.s:503    .text:0000000000000228 .L0 
     /tmp/ccBNF1tL.s:508    .text:0000000000000230 .L0 
     /tmp/ccBNF1tL.s:516    .text:0000000000000238 .L0 
     /tmp/ccBNF1tL.s:517    .text:0000000000000238 .L0 
     /tmp/ccBNF1tL.s:520    .text:0000000000000240 .L0 
     /tmp/ccBNF1tL.s:521    .text:0000000000000240 .L0 
     /tmp/ccBNF1tL.s:524    .text:0000000000000244 .L0 
     /tmp/ccBNF1tL.s:525    .text:0000000000000248 .L0 
     /tmp/ccBNF1tL.s:527    .text:000000000000024c .L0 
     /tmp/ccBNF1tL.s:528    .text:000000000000024c .L0 
     /tmp/ccBNF1tL.s:530    .text:0000000000000250 .L0 
     /tmp/ccBNF1tL.s:533    .text:0000000000000254 .L0 
     /tmp/ccBNF1tL.s:535    .text:0000000000000258 .L0 
     /tmp/ccBNF1tL.s:537    .text:000000000000025c .L0 
     /tmp/ccBNF1tL.s:545    .text:000000000000025c .L0 
     /tmp/ccBNF1tL.s:142    .text:000000000000009c .L0 
     /tmp/ccBNF1tL.s:200    .text:00000000000000e0 .L0 
     /tmp/ccBNF1tL.s:232    .text:0000000000000110 .L9
     /tmp/ccBNF1tL.s:135    .text:000000000000009c .L16
     /tmp/ccBNF1tL.s:158    .text:00000000000000b4 .L5
     /tmp/ccBNF1tL.s:206    .text:00000000000000f4 .L6
     /tmp/ccBNF1tL.s:220    .text:0000000000000104 .L7
     /tmp/ccBNF1tL.s:250    .text:0000000000000118 .L11
     /tmp/ccBNF1tL.s:118    .text:0000000000000084 .L4
     /tmp/ccBNF1tL.s:194    .text:00000000000000e0 .L8
     /tmp/ccBNF1tL.s:389    .text:00000000000001b4 .L21
     /tmp/ccBNF1tL.s:304    .text:0000000000000148 .L28
     /tmp/ccBNF1tL.s:384    .text:00000000000001ac .L23
     /tmp/ccBNF1tL.s:374    .text:00000000000001a4 .L29
     /tmp/ccBNF1tL.s:334    .text:0000000000000170 .L20
     /tmp/ccBNF1tL.s:343    .text:000000000000017c .L19
     /tmp/ccBNF1tL.s:471    .text:0000000000000208 .L35
     /tmp/ccBNF1tL.s:522    .text:0000000000000244 .L31
     /tmp/ccBNF1tL.s:511    .text:0000000000000238 .L32
     /tmp/ccBNF1tL.s:506    .text:0000000000000230 .L37
     /tmp/ccBNF1tL.s:449    .text:00000000000001ec .L34
     /tmp/ccBNF1tL.s:443    .text:00000000000001e8 .L39
     /tmp/ccBNF1tL.s:458    .text:00000000000001f8 .L33
     /tmp/ccBNF1tL.s:2154   .debug_abbrev:0000000000000000 .Ldebug_abbrev0
     /tmp/ccBNF1tL.s:3913   .debug_str:00000000000007d5 .LASF137
     /tmp/ccBNF1tL.s:3757   .debug_str:0000000000000313 .LASF138
     /tmp/ccBNF1tL.s:3745   .debug_str:0000000000000299 .LASF139
     /tmp/ccBNF1tL.s:5      .text:0000000000000000 .Ltext0
     /tmp/ccBNF1tL.s:540    .text:000000000000025c .Letext0
     /tmp/ccBNF1tL.s:3669   .debug_line:0000000000000000 .Ldebug_line0
     /tmp/ccBNF1tL.s:3831   .debug_str:0000000000000575 .LASF0
     /tmp/ccBNF1tL.s:3853   .debug_str:0000000000000628 .LASF1
     /tmp/ccBNF1tL.s:3809   .debug_str:00000000000004cd .LASF2
     /tmp/ccBNF1tL.s:3775   .debug_str:00000000000003e4 .LASF4
     /tmp/ccBNF1tL.s:3893   .debug_str:0000000000000740 .LASF3
     /tmp/ccBNF1tL.s:3693   .debug_str:00000000000000ce .LASF5
     /tmp/ccBNF1tL.s:3855   .debug_str:000000000000063b .LASF6
     /tmp/ccBNF1tL.s:3829   .debug_str:0000000000000562 .LASF7
     /tmp/ccBNF1tL.s:3929   .debug_str:00000000000008fe .LASF8
     /tmp/ccBNF1tL.s:3753   .debug_str:00000000000002e4 .LASF9
     /tmp/ccBNF1tL.s:3865   .debug_str:000000000000066f .LASF10
     /tmp/ccBNF1tL.s:3919   .debug_str:00000000000008b0 .LASF11
GAS LISTING /tmp/ccBNF1tL.s 			page 20


     /tmp/ccBNF1tL.s:3695   .debug_str:00000000000000d5 .LASF12
     /tmp/ccBNF1tL.s:3679   .debug_str:0000000000000053 .LASF13
     /tmp/ccBNF1tL.s:3705   .debug_str:0000000000000120 .LASF14
     /tmp/ccBNF1tL.s:3885   .debug_str:00000000000006f5 .LASF15
     /tmp/ccBNF1tL.s:3719   .debug_str:00000000000001c2 .LASF16
     /tmp/ccBNF1tL.s:3917   .debug_str:00000000000008a5 .LASF34
     /tmp/ccBNF1tL.s:3955   .debug_str:00000000000009df .LASF17
     /tmp/ccBNF1tL.s:3945   .debug_str:0000000000000984 .LASF18
     /tmp/ccBNF1tL.s:3909   .debug_str:00000000000007c7 .LASF19
     /tmp/ccBNF1tL.s:3805   .debug_str:00000000000004af .LASF30
     /tmp/ccBNF1tL.s:3897   .debug_str:0000000000000763 .LASF20
     /tmp/ccBNF1tL.s:3905   .debug_str:000000000000079b .LASF22
     /tmp/ccBNF1tL.s:3869   .debug_str:0000000000000686 .LASF21
     /tmp/ccBNF1tL.s:3755   .debug_str:00000000000002f2 .LASF23
     /tmp/ccBNF1tL.s:3847   .debug_str:00000000000005e9 .LASF72
     /tmp/ccBNF1tL.s:3673   .debug_str:0000000000000006 .LASF74
     /tmp/ccBNF1tL.s:3941   .debug_str:0000000000000967 .LASF24
     /tmp/ccBNF1tL.s:3707   .debug_str:000000000000012c .LASF26
     /tmp/ccBNF1tL.s:3935   .debug_str:000000000000092a .LASF25
     /tmp/ccBNF1tL.s:3771   .debug_str:00000000000003ac .LASF27
     /tmp/ccBNF1tL.s:3767   .debug_str:000000000000038a .LASF28
     /tmp/ccBNF1tL.s:3807   .debug_str:00000000000004bf .LASF29
     /tmp/ccBNF1tL.s:3861   .debug_str:0000000000000660 .LASF31
     /tmp/ccBNF1tL.s:3747   .debug_str:00000000000002b7 .LASF32
     /tmp/ccBNF1tL.s:3769   .debug_str:0000000000000398 .LASF140
     /tmp/ccBNF1tL.s:3703   .debug_str:0000000000000108 .LASF141
     /tmp/ccBNF1tL.s:3799   .debug_str:000000000000048b .LASF33
     /tmp/ccBNF1tL.s:3921   .debug_str:00000000000008bf .LASF35
     /tmp/ccBNF1tL.s:3877   .debug_str:00000000000006b8 .LASF36
     /tmp/ccBNF1tL.s:3699   .debug_str:00000000000000f1 .LASF81
     /tmp/ccBNF1tL.s:3723   .debug_str:00000000000001f3 .LASF85
     /tmp/ccBNF1tL.s:3899   .debug_str:000000000000076d .LASF37
     /tmp/ccBNF1tL.s:3923   .debug_str:00000000000008c4 .LASF38
     /tmp/ccBNF1tL.s:3821   .debug_str:000000000000051c .LASF39
     /tmp/ccBNF1tL.s:3725   .debug_str:000000000000020b .LASF40
     /tmp/ccBNF1tL.s:3817   .debug_str:0000000000000507 .LASF41
     /tmp/ccBNF1tL.s:3773   .debug_str:00000000000003df .LASF42
     /tmp/ccBNF1tL.s:3837   .debug_str:00000000000005a0 .LASF43
     /tmp/ccBNF1tL.s:3881   .debug_str:00000000000006ca .LASF49
     /tmp/ccBNF1tL.s:3823   .debug_str:000000000000053b .LASF142
     /tmp/ccBNF1tL.s:3763   .debug_str:000000000000035a .LASF143
     /tmp/ccBNF1tL.s:3911   .debug_str:00000000000007cc .LASF44
     /tmp/ccBNF1tL.s:3729   .debug_str:000000000000022c .LASF45
     /tmp/ccBNF1tL.s:3815   .debug_str:00000000000004ff .LASF46
     /tmp/ccBNF1tL.s:3727   .debug_str:0000000000000210 .LASF47
     /tmp/ccBNF1tL.s:3915   .debug_str:0000000000000899 .LASF48
     /tmp/ccBNF1tL.s:3677   .debug_str:0000000000000035 .LASF50
     /tmp/ccBNF1tL.s:3701   .debug_str:00000000000000fe .LASF51
     /tmp/ccBNF1tL.s:3791   .debug_str:0000000000000444 .LASF52
     /tmp/ccBNF1tL.s:3841   .debug_str:00000000000005b8 .LASF53
     /tmp/ccBNF1tL.s:3689   .debug_str:0000000000000098 .LASF54
     /tmp/ccBNF1tL.s:3795   .debug_str:0000000000000474 .LASF55
     /tmp/ccBNF1tL.s:3947   .debug_str:0000000000000989 .LASF56
     /tmp/ccBNF1tL.s:3685   .debug_str:0000000000000084 .LASF57
     /tmp/ccBNF1tL.s:3731   .debug_str:0000000000000249 .LASF58
     /tmp/ccBNF1tL.s:3871   .debug_str:000000000000068f .LASF59
     /tmp/ccBNF1tL.s:3857   .debug_str:000000000000064e .LASF60
GAS LISTING /tmp/ccBNF1tL.s 			page 21


     /tmp/ccBNF1tL.s:3711   .debug_str:0000000000000176 .LASF61
     /tmp/ccBNF1tL.s:3811   .debug_str:00000000000004db .LASF62
     /tmp/ccBNF1tL.s:3957   .debug_str:00000000000009e4 .LASF63
     /tmp/ccBNF1tL.s:3801   .debug_str:0000000000000495 .LASF64
     /tmp/ccBNF1tL.s:3691   .debug_str:00000000000000b5 .LASF65
     /tmp/ccBNF1tL.s:3683   .debug_str:000000000000007a .LASF66
     /tmp/ccBNF1tL.s:3793   .debug_str:000000000000045f .LASF67
     /tmp/ccBNF1tL.s:3927   .debug_str:00000000000008f2 .LASF68
     /tmp/ccBNF1tL.s:3813   .debug_str:00000000000004e7 .LASF69
     /tmp/ccBNF1tL.s:3759   .debug_str:0000000000000325 .LASF70
     /tmp/ccBNF1tL.s:3743   .debug_str:0000000000000281 .LASF71
     /tmp/ccBNF1tL.s:3887   .debug_str:000000000000070b .LASF73
     /tmp/ccBNF1tL.s:3819   .debug_str:000000000000050c .LASF75
     /tmp/ccBNF1tL.s:3735   .debug_str:0000000000000258 .LASF144
     /tmp/ccBNF1tL.s:3789   .debug_str:0000000000000437 .LASF76
     /tmp/ccBNF1tL.s:3851   .debug_str:0000000000000608 .LASF77
     /tmp/ccBNF1tL.s:3875   .debug_str:00000000000006b3 .LASF145
     /tmp/ccBNF1tL.s:3949   .debug_str:00000000000009a3 .LASF78
     /tmp/ccBNF1tL.s:3687   .debug_str:000000000000008c .LASF79
     /tmp/ccBNF1tL.s:3715   .debug_str:00000000000001a6 .LASF80
     /tmp/ccBNF1tL.s:3777   .debug_str:00000000000003eb .LASF82
     /tmp/ccBNF1tL.s:3751   .debug_str:00000000000002d4 .LASF83
     /tmp/ccBNF1tL.s:3675   .debug_str:0000000000000029 .LASF84
     /tmp/ccBNF1tL.s:3879   .debug_str:00000000000006bd .LASF86
     /tmp/ccBNF1tL.s:3779   .debug_str:00000000000003f7 .LASF87
     /tmp/ccBNF1tL.s:3803   .debug_str:00000000000004a2 .LASF88
     /tmp/ccBNF1tL.s:3697   .debug_str:00000000000000e5 .LASF89
     /tmp/ccBNF1tL.s:3681   .debug_str:0000000000000063 .LASF90
     /tmp/ccBNF1tL.s:3825   .debug_str:0000000000000545 .LASF91
     /tmp/ccBNF1tL.s:3787   .debug_str:0000000000000420 .LASF92
     /tmp/ccBNF1tL.s:3783   .debug_str:0000000000000413 .LASF93
     /tmp/ccBNF1tL.s:3953   .debug_str:00000000000009d9 .LASF94
     /tmp/ccBNF1tL.s:3839   .debug_str:00000000000005b3 .LASF95
     /tmp/ccBNF1tL.s:3785   .debug_str:0000000000000418 .LASF96
     /tmp/ccBNF1tL.s:3781   .debug_str:000000000000040a .LASF97
     /tmp/ccBNF1tL.s:3943   .debug_str:000000000000097a .LASF98
     /tmp/ccBNF1tL.s:3843   .debug_str:00000000000005c3 .LASF99
     /tmp/ccBNF1tL.s:3733   .debug_str:000000000000024e .LASF100
     /tmp/ccBNF1tL.s:3895   .debug_str:0000000000000752 .LASF101
     /tmp/ccBNF1tL.s:3835   .debug_str:0000000000000597 .LASF104
     /tmp/ccBNF1tL.s:3739   .debug_str:0000000000000269 .LASF106
     /tmp/ccBNF1tL.s:3937   .debug_str:0000000000000945 .LASF102
     /tmp/ccBNF1tL.s:3761   .debug_str:0000000000000332 .LASF103
     /tmp/ccBNF1tL.s:3797   .debug_str:000000000000047d .LASF105
     /tmp/ccBNF1tL.s:3765   .debug_str:0000000000000371 .LASF107
     /tmp/ccBNF1tL.s:3741   .debug_str:000000000000027c .LASF108
     /tmp/ccBNF1tL.s:3907   .debug_str:00000000000007bc .LASF109
     /tmp/ccBNF1tL.s:3737   .debug_str:0000000000000260 .LASF110
     /tmp/ccBNF1tL.s:3891   .debug_str:0000000000000725 .LASF111
     /tmp/ccBNF1tL.s:3749   .debug_str:00000000000002c8 .LASF112
     /tmp/ccBNF1tL.s:3849   .debug_str:00000000000005f4 .LASF113
     /tmp/ccBNF1tL.s:3959   .debug_str:00000000000009fb .LASF114
     /tmp/ccBNF1tL.s:3901   .debug_str:000000000000077d .LASF115
     /tmp/ccBNF1tL.s:3859   .debug_str:0000000000000659 .LASF116
     /tmp/ccBNF1tL.s:3713   .debug_str:000000000000018d .LASF117
     /tmp/ccBNF1tL.s:3867   .debug_str:000000000000067e .LASF118
     /tmp/ccBNF1tL.s:3721   .debug_str:00000000000001d8 .LASF119
GAS LISTING /tmp/ccBNF1tL.s 			page 22


     /tmp/ccBNF1tL.s:3933   .debug_str:0000000000000921 .LASF120
     /tmp/ccBNF1tL.s:3845   .debug_str:00000000000005cd .LASF121
     /tmp/ccBNF1tL.s:3671   .debug_str:0000000000000000 .LASF122
     /tmp/ccBNF1tL.s:3873   .debug_str:000000000000069b .LASF123
     /tmp/ccBNF1tL.s:3883   .debug_str:00000000000006e1 .LASF124
     /tmp/ccBNF1tL.s:3951   .debug_str:00000000000009c5 .LASF125
     /tmp/ccBNF1tL.s:3925   .debug_str:00000000000008dd .LASF126
     /tmp/ccBNF1tL.s:3833   .debug_str:0000000000000582 .LASF127
     /tmp/ccBNF1tL.s:3889   .debug_str:0000000000000711 .LASF128
     /tmp/ccBNF1tL.s:3903   .debug_str:0000000000000794 .LASF129
     /tmp/ccBNF1tL.s:3827   .debug_str:000000000000055a .LASF130
     /tmp/ccBNF1tL.s:3717   .debug_str:00000000000001bd .LASF131
     /tmp/ccBNF1tL.s:3709   .debug_str:0000000000000157 .LASF133
     /tmp/ccBNF1tL.s:3863   .debug_str:000000000000066a .LASF132
     /tmp/ccBNF1tL.s:3931   .debug_str:000000000000090e .LASF134
     /tmp/ccBNF1tL.s:409    .text:00000000000001bc .LFB45
     /tmp/ccBNF1tL.s:538    .text:000000000000025c .LFE45
     /tmp/ccBNF1tL.s:3253   .debug_loc:0000000000000000 .LLST23
     /tmp/ccBNF1tL.s:3631   .debug_ranges:0000000000000000 .Ldebug_ranges0
     /tmp/ccBNF1tL.s:3271   .debug_loc:000000000000004c .LLST25
     /tmp/ccBNF1tL.s:445    .text:00000000000001e8 .LBB98
     /tmp/ccBNF1tL.s:3278   .debug_loc:000000000000006f .LLST26
     /tmp/ccBNF1tL.s:3293   .debug_loc:00000000000000a9 .LLST27
     /tmp/ccBNF1tL.s:3304   .debug_loc:00000000000000df .LLST28
     /tmp/ccBNF1tL.s:453    .text:00000000000001f0 .LBB100
     /tmp/ccBNF1tL.s:460    .text:00000000000001f8 .LBE100
     /tmp/ccBNF1tL.s:3311   .debug_loc:0000000000000102 .LLST29
     /tmp/ccBNF1tL.s:457    .text:00000000000001f8 .LVL44
     /tmp/ccBNF1tL.s:470    .text:0000000000000208 .LVL45
     /tmp/ccBNF1tL.s:428    .text:00000000000001d8 .LBB95
     /tmp/ccBNF1tL.s:435    .text:00000000000001dc .LBE95
     /tmp/ccBNF1tL.s:3318   .debug_loc:0000000000000125 .LLST24
     /tmp/ccBNF1tL.s:475    .text:0000000000000208 .LBB104
     /tmp/ccBNF1tL.s:485    .text:0000000000000214 .LBE104
     /tmp/ccBNF1tL.s:3325   .debug_loc:0000000000000148 .LLST30
     /tmp/ccBNF1tL.s:270    .text:0000000000000120 .LFB44
     /tmp/ccBNF1tL.s:403    .text:00000000000001bc .LFE44
     /tmp/ccBNF1tL.s:3334   .debug_loc:000000000000016d .LLST16
     /tmp/ccBNF1tL.s:3375   .debug_loc:000000000000021b .LLST18
     /tmp/ccBNF1tL.s:320    .text:000000000000015c .LBB86
     /tmp/ccBNF1tL.s:3382   .debug_loc:000000000000023e .LLST19
     /tmp/ccBNF1tL.s:3412   .debug_loc:00000000000002a5 .LLST20
     /tmp/ccBNF1tL.s:3423   .debug_loc:00000000000002db .LLST21
     /tmp/ccBNF1tL.s:338    .text:0000000000000174 .LBB88
     /tmp/ccBNF1tL.s:345    .text:000000000000017c .LBE88
     /tmp/ccBNF1tL.s:3430   .debug_loc:00000000000002fe .LLST22
     /tmp/ccBNF1tL.s:342    .text:000000000000017c .LVL31
     /tmp/ccBNF1tL.s:355    .text:000000000000018c .LVL32
     /tmp/ccBNF1tL.s:275    .text:0000000000000120 .LBB82
     /tmp/ccBNF1tL.s:282    .text:0000000000000124 .LBE82
     /tmp/ccBNF1tL.s:3437   .debug_loc:0000000000000321 .LLST17
     /tmp/ccBNF1tL.s:74     .text:0000000000000048 .LFB43
     /tmp/ccBNF1tL.s:264    .text:0000000000000120 .LFE43
     /tmp/ccBNF1tL.s:3444   .debug_loc:0000000000000344 .LLST5
     /tmp/ccBNF1tL.s:3481   .debug_loc:00000000000003df .LLST8
     /tmp/ccBNF1tL.s:168    .text:00000000000000bc .LBB67
     /tmp/ccBNF1tL.s:3492   .debug_loc:0000000000000415 .LLST9
GAS LISTING /tmp/ccBNF1tL.s 			page 23


     /tmp/ccBNF1tL.s:3503   .debug_loc:000000000000044b .LLST10
     /tmp/ccBNF1tL.s:3518   .debug_loc:0000000000000485 .LLST11
     /tmp/ccBNF1tL.s:170    .text:00000000000000bc .LBB69
     /tmp/ccBNF1tL.s:177    .text:00000000000000c8 .LBE69
     /tmp/ccBNF1tL.s:3529   .debug_loc:00000000000004bb .LLST12
     /tmp/ccBNF1tL.s:175    .text:00000000000000c8 .LVL15
     /tmp/ccBNF1tL.s:178    .text:00000000000000c8 .LBB71
     /tmp/ccBNF1tL.s:185    .text:00000000000000d0 .LBE71
     /tmp/ccBNF1tL.s:3537   .debug_loc:00000000000004df .LLST13
     /tmp/ccBNF1tL.s:3545   .debug_loc:0000000000000503 .LLST14
     /tmp/ccBNF1tL.s:3552   .debug_loc:0000000000000526 .LLST15
     /tmp/ccBNF1tL.s:205    .text:00000000000000f4 .LVL18
     /tmp/ccBNF1tL.s:79     .text:0000000000000048 .LBB59
     /tmp/ccBNF1tL.s:86     .text:000000000000004c .LBE59
     /tmp/ccBNF1tL.s:3559   .debug_loc:0000000000000549 .LLST6
     /tmp/ccBNF1tL.s:145    .text:00000000000000a8 .LBB64
     /tmp/ccBNF1tL.s:153    .text:00000000000000ac .LBE64
     /tmp/ccBNF1tL.s:3566   .debug_loc:000000000000056c .LLST7
     /tmp/ccBNF1tL.s:10     .text:0000000000000000 .LFB42
     /tmp/ccBNF1tL.s:68     .text:0000000000000048 .LFE42
     /tmp/ccBNF1tL.s:3961   .debug_str:0000000000000a00 .LASF135
     /tmp/ccBNF1tL.s:3573   .debug_loc:000000000000058f .LLST0
     /tmp/ccBNF1tL.s:28     .text:0000000000000018 .LBB53
     /tmp/ccBNF1tL.s:38     .text:0000000000000024 .LBE53
     /tmp/ccBNF1tL.s:3587   .debug_loc:00000000000005c8 .LLST1
     /tmp/ccBNF1tL.s:36     .text:0000000000000024 .LVL3
     /tmp/ccBNF1tL.s:39     .text:0000000000000024 .LBB55
     /tmp/ccBNF1tL.s:55     .text:0000000000000034 .LBE55
     /tmp/ccBNF1tL.s:3595   .debug_loc:00000000000005ec .LLST2
     /tmp/ccBNF1tL.s:3602   .debug_loc:000000000000060f .LLST3
     /tmp/ccBNF1tL.s:45     .text:000000000000002c .LBB57
     /tmp/ccBNF1tL.s:53     .text:0000000000000034 .LBE57
     /tmp/ccBNF1tL.s:3609   .debug_loc:0000000000000632 .LLST4
     /tmp/ccBNF1tL.s:3939   .debug_str:0000000000000953 .LASF136
     /tmp/ccBNF1tL.s:412    .text:00000000000001bc .LVL38
     /tmp/ccBNF1tL.s:440    .text:00000000000001e4 .LVL41
     /tmp/ccBNF1tL.s:531    .text:0000000000000250 .LVL51
     /tmp/ccBNF1tL.s:442    .text:00000000000001e8 .LVL42
     /tmp/ccBNF1tL.s:490    .text:0000000000000218 .LVL47
     /tmp/ccBNF1tL.s:510    .text:0000000000000238 .LVL50
     /tmp/ccBNF1tL.s:497    .text:0000000000000220 .LVL48
     /tmp/ccBNF1tL.s:505    .text:0000000000000230 .LVL49
     /tmp/ccBNF1tL.s:452    .text:00000000000001f0 .LVL43
     /tmp/ccBNF1tL.s:427    .text:00000000000001d8 .LVL39
     /tmp/ccBNF1tL.s:433    .text:00000000000001dc .LVL40
     /tmp/ccBNF1tL.s:483    .text:0000000000000214 .LVL46
     /tmp/ccBNF1tL.s:273    .text:0000000000000120 .LVL23
     /tmp/ccBNF1tL.s:300    .text:0000000000000144 .LVL25
     /tmp/ccBNF1tL.s:303    .text:0000000000000148 .LVL26
     /tmp/ccBNF1tL.s:324    .text:0000000000000160 .LVL28
     /tmp/ccBNF1tL.s:373    .text:00000000000001a4 .LVL34
     /tmp/ccBNF1tL.s:388    .text:00000000000001b4 .LVL36
     /tmp/ccBNF1tL.s:400    .text:00000000000001b8 .LVL37
     /tmp/ccBNF1tL.s:369    .text:000000000000019c .LVL33
     /tmp/ccBNF1tL.s:319    .text:000000000000015c .LVL27
     /tmp/ccBNF1tL.s:327    .text:0000000000000164 .LVL29
     /tmp/ccBNF1tL.s:383    .text:00000000000001ac .LVL35
GAS LISTING /tmp/ccBNF1tL.s 			page 24


     /tmp/ccBNF1tL.s:337    .text:0000000000000174 .LVL30
     /tmp/ccBNF1tL.s:280    .text:0000000000000124 .LVL24
     /tmp/ccBNF1tL.s:77     .text:0000000000000048 .LVL6
     /tmp/ccBNF1tL.s:117    .text:0000000000000084 .LVL8
     /tmp/ccBNF1tL.s:128    .text:0000000000000090 .LVL9
     /tmp/ccBNF1tL.s:134    .text:000000000000009c .LVL10
     /tmp/ccBNF1tL.s:231    .text:0000000000000110 .LVL20
     /tmp/ccBNF1tL.s:246    .text:0000000000000114 .LVL21
     /tmp/ccBNF1tL.s:249    .text:0000000000000118 .LVL22
     /tmp/ccBNF1tL.s:161    .text:00000000000000b4 .LVL13
     /tmp/ccBNF1tL.s:219    .text:0000000000000104 .LVL19
     /tmp/ccBNF1tL.s:167    .text:00000000000000bc .LVL14
     /tmp/ccBNF1tL.s:195    .text:00000000000000e0 .LVL17
     /tmp/ccBNF1tL.s:183    .text:00000000000000d0 .LVL16
     /tmp/ccBNF1tL.s:84     .text:000000000000004c .LVL7
     /tmp/ccBNF1tL.s:144    .text:00000000000000a8 .LVL11
     /tmp/ccBNF1tL.s:151    .text:00000000000000ac .LVL12
     /tmp/ccBNF1tL.s:14     .text:0000000000000000 .LVL0
     /tmp/ccBNF1tL.s:34     .text:000000000000001c .LVL2
     /tmp/ccBNF1tL.s:27     .text:0000000000000018 .LVL1
     /tmp/ccBNF1tL.s:51     .text:0000000000000034 .LVL5
     /tmp/ccBNF1tL.s:44     .text:000000000000002c .LVL4
     /tmp/ccBNF1tL.s:546    .debug_info:0000000000000000 .Ldebug_info0
     /tmp/ccBNF1tL.s:159    .text:00000000000000b4 .LBB66
     /tmp/ccBNF1tL.s:207    .text:00000000000000f4 .LBE66
     /tmp/ccBNF1tL.s:224    .text:0000000000000104 .LBB75
     /tmp/ccBNF1tL.s:240    .text:0000000000000110 .LBE75
     /tmp/ccBNF1tL.s:197    .text:00000000000000e0 .LBE67
     /tmp/ccBNF1tL.s:225    .text:0000000000000104 .LBB74
     /tmp/ccBNF1tL.s:239    .text:0000000000000110 .LBE74
     /tmp/ccBNF1tL.s:317    .text:000000000000015c .LBB85
     /tmp/ccBNF1tL.s:356    .text:000000000000018c .LBE85
     /tmp/ccBNF1tL.s:377    .text:00000000000001a4 .LBB92
     /tmp/ccBNF1tL.s:396    .text:00000000000001b4 .LBE92
     /tmp/ccBNF1tL.s:347    .text:000000000000017c .LBE86
     /tmp/ccBNF1tL.s:378    .text:00000000000001a4 .LBB91
     /tmp/ccBNF1tL.s:395    .text:00000000000001b4 .LBE91
     /tmp/ccBNF1tL.s:444    .text:00000000000001e8 .LBB97
     /tmp/ccBNF1tL.s:472    .text:0000000000000208 .LBE97
     /tmp/ccBNF1tL.s:488    .text:0000000000000218 .LBB106
     /tmp/ccBNF1tL.s:514    .text:0000000000000238 .LBE106
     /tmp/ccBNF1tL.s:462    .text:00000000000001f8 .LBE98
     /tmp/ccBNF1tL.s:491    .text:0000000000000218 .LBB103
     /tmp/ccBNF1tL.s:513    .text:0000000000000238 .LBE103

UNDEFINED SYMBOLS
_ZN15MemoryAllocator9mem_allocEm
_ZN3TCB7runningE
_ZN3TCB16timeSliceCounterE
_ZN3TCB8dispatchEv
_ZN15MemoryAllocator8mem_freeEPv
_ZN9Scheduler3putEP3TCB
