GAS LISTING /tmp/ccVIPci5.s 			page 1


   1              		.file	"sleeper.cpp"
   2              		.option pic
   3              		.option norelax
   4              		.text
   5              	.Ltext0:
   6              		.align	2
   8              	_Z41__static_initialization_and_destruction_0ii:
   9              	.LFB43:
  10              		.file 1 "src/sleeper.cpp"
   1:src/sleeper.cpp **** //
   2:src/sleeper.cpp **** // Created by os on 9/15/25.
   3:src/sleeper.cpp **** //
   4:src/sleeper.cpp **** 
   5:src/sleeper.cpp **** #include "../h/sleeper.h"
   6:src/sleeper.cpp **** #include "../lib/console.h"
   7:src/sleeper.cpp **** 
   8:src/sleeper.cpp **** Sleep_list Sleeper::sleep;
   9:src/sleeper.cpp **** 
  10:src/sleeper.cpp **** int Sleeper::time_sleep(time_t time)
  11:src/sleeper.cpp **** {
  12:src/sleeper.cpp ****     if(time <= 0) return -1;
  13:src/sleeper.cpp ****     TCB *tcb = TCB::running;
  14:src/sleeper.cpp ****     if(tcb == nullptr) return -2;
  15:src/sleeper.cpp ****     if(tcb->isBlocked() || tcb->isFinished()) return -3;
  16:src/sleeper.cpp ****     tcb->t_blocked = true;
  17:src/sleeper.cpp ****     sleep.add(tcb, time);
  18:src/sleeper.cpp ****     //dispatch here
  19:src/sleeper.cpp ****     TCB::timeSliceCounter=0;
  20:src/sleeper.cpp ****     TCB::dispatch();
  21:src/sleeper.cpp ****     return 0;
  22:src/sleeper.cpp **** }
  23:src/sleeper.cpp **** 
  24:src/sleeper.cpp **** void Sleeper::awaken()
  25:src/sleeper.cpp **** {
  26:src/sleeper.cpp ****     if(sleep.peekFirst() != 0)
  27:src/sleeper.cpp ****     {
  28:src/sleeper.cpp ****         //__putc('-');
  29:src/sleeper.cpp ****         sleep.head->time -= 1;
  30:src/sleeper.cpp ****         while(sleep.head && sleep.head->time == 0)
  31:src/sleeper.cpp ****         {
  32:src/sleeper.cpp **** 
  33:src/sleeper.cpp ****             TCB* tcb = sleep.removeFirst();
  34:src/sleeper.cpp ****             tcb->t_blocked = false;
  35:src/sleeper.cpp ****             //__putc('t');
  36:src/sleeper.cpp ****             Scheduler::put(tcb);
  37:src/sleeper.cpp **** 
  38:src/sleeper.cpp ****         }
  39:src/sleeper.cpp ****     }
  40:src/sleeper.cpp **** 
  41:src/sleeper.cpp ****     return;
  42:src/sleeper.cpp **** }...
  11              		.loc 1 42 1
  12              		.cfi_startproc
  13              	.LVL0:
  14 0000 130101FF 		addi	sp,sp,-16
  15              		.cfi_def_cfa_offset 16
  16 0004 23348100 		sd	s0,8(sp)
GAS LISTING /tmp/ccVIPci5.s 			page 2


  17              		.cfi_offset 8, -8
  18 0008 13040101 		addi	s0,sp,16
  19              		.cfi_def_cfa 8, 0
  20              		.loc 1 42 1 is_stmt 0
  21 000c 93071000 		li	a5,1
  22 0010 6308F500 		beq	a0,a5,.L4
  23              	.L1:
  24 0014 03348100 		ld	s0,8(sp)
  25              		.cfi_remember_state
  26              		.cfi_restore 8
  27              		.cfi_def_cfa 2, 16
  28 0018 13010101 		addi	sp,sp,16
  29              		.cfi_def_cfa_offset 0
  30 001c 67800000 		jr	ra
  31              	.L4:
  32              		.cfi_restore_state
  33              		.loc 1 42 1 discriminator 1
  34 0020 B7070100 		li	a5,65536
  35 0024 9387F7FF 		addi	a5,a5,-1
  36 0028 E396F5FE 		bne	a1,a5,.L1
  37              	.LVL1:
  38              	.LBB48:
  39              	.LBB49:
  40              	.LBB50:
  41              		.file 2 "src/../h/sleep_list.h"
   1:src/../h/sleep_list.h **** //
   2:src/../h/sleep_list.h **** // Created by os on 9/15/25.
   3:src/../h/sleep_list.h **** //
   4:src/../h/sleep_list.h **** 
   5:src/../h/sleep_list.h **** #ifndef PROJECT_BASE_SLEEP_LIST_H
   6:src/../h/sleep_list.h **** #define PROJECT_BASE_SLEEP_LIST_H
   7:src/../h/sleep_list.h **** 
   8:src/../h/sleep_list.h **** #include "MemoryAllocator.h"
   9:src/../h/sleep_list.h **** #include "tcb.h"
  10:src/../h/sleep_list.h **** #include "../lib/console.h"
  11:src/../h/sleep_list.h **** 
  12:src/../h/sleep_list.h **** class Sleep_list
  13:src/../h/sleep_list.h **** {
  14:src/../h/sleep_list.h **** private:
  15:src/../h/sleep_list.h ****     struct Elem
  16:src/../h/sleep_list.h ****     {
  17:src/../h/sleep_list.h ****         TCB *data;
  18:src/../h/sleep_list.h ****         Elem *next;
  19:src/../h/sleep_list.h ****         Elem *prev;
  20:src/../h/sleep_list.h ****         time_t time;
  21:src/../h/sleep_list.h **** 
  22:src/../h/sleep_list.h ****         void* operator new(size_t size)
  23:src/../h/sleep_list.h ****        {
  24:src/../h/sleep_list.h ****            return MemoryAllocator::mem_alloc(size); // alocira u broju blokova
  25:src/../h/sleep_list.h ****        }
  26:src/../h/sleep_list.h ****         void operator delete(void* ptr)
  27:src/../h/sleep_list.h ****         {
  28:src/../h/sleep_list.h ****             MemoryAllocator::mem_free(ptr);
  29:src/../h/sleep_list.h ****         }
  30:src/../h/sleep_list.h **** 
  31:src/../h/sleep_list.h ****         Elem(TCB *data, Elem *next, Elem *prev, time_t time) : data(data), next(next), prev(prev), 
  32:src/../h/sleep_list.h ****     };
GAS LISTING /tmp/ccVIPci5.s 			page 3


  33:src/../h/sleep_list.h **** 
  34:src/../h/sleep_list.h ****     Elem *curr, *head, *tail;
  35:src/../h/sleep_list.h **** 
  36:src/../h/sleep_list.h **** public:
  37:src/../h/sleep_list.h ****     Sleep_list() : curr(0), head(0), tail(0) {}
  42              		.loc 2 37 44
  43 002c 97070000 		lla	a5,.LANCHOR0
  43      93870700 
  44 0034 23B00700 		sd	zero,0(a5)
  45 0038 23B40700 		sd	zero,8(a5)
  46 003c 23B80700 		sd	zero,16(a5)
  47              	.LVL2:
  48              	.LBE50:
  49              	.LBE49:
  50              	.LBE48:
  51              		.loc 1 42 1
  52 0040 6FF05FFD 		j	.L1
  53              		.cfi_endproc
  54              	.LFE43:
  56              		.align	2
  57              		.globl	_ZN7Sleeper10time_sleepEm
  59              	_ZN7Sleeper10time_sleepEm:
  60              	.LFB41:
  11:src/sleeper.cpp **** {
  61              		.loc 1 11 1 is_stmt 1
  62              		.cfi_startproc
  63              	.LVL3:
  12:src/sleeper.cpp ****     if(time <= 0) return -1;
  64              		.loc 1 12 5
  65 0044 6306051C 		beqz	a0,.L15
  11:src/sleeper.cpp **** {
  66              		.loc 1 11 1 is_stmt 0
  67 0048 130101FE 		addi	sp,sp,-32
  68              		.cfi_def_cfa_offset 32
  69 004c 233C1100 		sd	ra,24(sp)
  70 0050 23388100 		sd	s0,16(sp)
  71 0054 23349100 		sd	s1,8(sp)
  72 0058 23302101 		sd	s2,0(sp)
  73              		.cfi_offset 1, -8
  74              		.cfi_offset 8, -16
  75              		.cfi_offset 9, -24
  76              		.cfi_offset 18, -32
  77 005c 13040102 		addi	s0,sp,32
  78              		.cfi_def_cfa 8, 0
  79 0060 93040500 		mv	s1,a0
  13:src/sleeper.cpp ****     TCB *tcb = TCB::running;
  80              		.loc 1 13 5 is_stmt 1
  13:src/sleeper.cpp ****     TCB *tcb = TCB::running;
  81              		.loc 1 13 10 is_stmt 0
  82 0064 97070000 		la	a5,_ZN3TCB7runningE
  82      83B70700 
  83 006c 03B90700 		ld	s2,0(a5)
  84              	.LVL4:
  14:src/sleeper.cpp ****     if(tcb == nullptr) return -2;
  85              		.loc 1 14 5 is_stmt 1
  86 0070 6304091A 		beqz	s2,.L16
  15:src/sleeper.cpp ****     if(tcb->isBlocked() || tcb->isFinished()) return -3;
GAS LISTING /tmp/ccVIPci5.s 			page 4


  87              		.loc 1 15 5
  88              	.LVL5:
  89              	.LBB85:
  90              	.LBB86:
  91              		.file 3 "src/../h/tcb.h"
   1:src/../h/tcb.h **** //
   2:src/../h/tcb.h **** // Created by os on 8/16/25.
   3:src/../h/tcb.h **** //
   4:src/../h/tcb.h **** 
   5:src/../h/tcb.h **** #ifndef PROJECT_BASE_TCB_H
   6:src/../h/tcb.h **** #define PROJECT_BASE_TCB_H
   7:src/../h/tcb.h **** 
   8:src/../h/tcb.h **** #include "MemoryAllocator.h"
   9:src/../h/tcb.h **** #include "scheduler.h"
  10:src/../h/tcb.h **** #include "../lib/hw.h"
  11:src/../h/tcb.h **** #include "../lib/console.h"
  12:src/../h/tcb.h **** //#include "../src/printing.hpp"
  13:src/../h/tcb.h **** 
  14:src/../h/tcb.h **** class TCB
  15:src/../h/tcb.h **** {
  16:src/../h/tcb.h **** public:
  17:src/../h/tcb.h **** 
  18:src/../h/tcb.h ****     ~TCB() { delete[] stack; } //delete the whole stack??? might have issue here with mem leaks----
  19:src/../h/tcb.h **** 
  20:src/../h/tcb.h ****     bool isFinished() const { return finished; }
  21:src/../h/tcb.h **** 
  22:src/../h/tcb.h ****     void setFinished(bool value) { finished = value; }
  23:src/../h/tcb.h **** 
  24:src/../h/tcb.h ****     uint64 getTimeSlice() const { return timeSlice; }
  25:src/../h/tcb.h **** 
  26:src/../h/tcb.h ****     bool isBlocked() const { return t_blocked; }
  92              		.loc 3 26 30
  93              		.loc 3 26 37 is_stmt 0
  94 0074 83479902 		lbu	a5,41(s2)
  95              	.LVL6:
  96              	.LBE86:
  97              	.LBE85:
  15:src/sleeper.cpp ****     if(tcb->isBlocked() || tcb->isFinished()) return -3;
  98              		.loc 1 15 25
  99 0078 6394071A 		bnez	a5,.L17
 100              	.LVL7:
 101              	.LBB87:
 102              	.LBB88:
  20:src/../h/tcb.h **** 
 103              		.loc 3 20 31 is_stmt 1
  20:src/../h/tcb.h **** 
 104              		.loc 3 20 38 is_stmt 0
 105 007c 83478902 		lbu	a5,40(s2)
 106              	.LVL8:
 107              	.LBE88:
 108              	.LBE87:
  15:src/sleeper.cpp ****     if(tcb->isBlocked() || tcb->isFinished()) return -3;
 109              		.loc 1 15 25
 110 0080 6394071A 		bnez	a5,.L18
  16:src/sleeper.cpp ****     tcb->t_blocked = true;
 111              		.loc 1 16 5 is_stmt 1
  16:src/sleeper.cpp ****     tcb->t_blocked = true;
GAS LISTING /tmp/ccVIPci5.s 			page 5


 112              		.loc 1 16 20 is_stmt 0
 113 0084 93071000 		li	a5,1
 114 0088 A304F902 		sb	a5,41(s2)
  17:src/sleeper.cpp ****     sleep.add(tcb, time);
 115              		.loc 1 17 5 is_stmt 1
 116              	.LVL9:
 117              	.LBB89:
 118              	.LBB90:
  38:src/../h/sleep_list.h **** 
  39:src/../h/sleep_list.h ****     Sleep_list(const Sleep_list &) = delete;
  40:src/../h/sleep_list.h **** 
  41:src/../h/sleep_list.h ****     Sleep_list &operator=(const Sleep_list &) = delete;
  42:src/../h/sleep_list.h **** 
  43:src/../h/sleep_list.h ****     void add(TCB* data, time_t time)//subtract time properly
  44:src/../h/sleep_list.h ****     {
  45:src/../h/sleep_list.h **** 
  46:src/../h/sleep_list.h ****         time_t time_test = time;
 119              		.loc 2 46 9
  47:src/../h/sleep_list.h ****         if(head == 0)
 120              		.loc 2 47 9
 121              	.LBB91:
 122              		.loc 2 47 12 is_stmt 0
 123 008c 97070000 		ld	a5,.LANCHOR0+8
 123      83B70700 
 124              		.loc 2 47 9
 125 0094 638E0702 		beqz	a5,.L23
 126              	.LBE91:
 127              	.LBE90:
 128              	.LBE89:
  48:src/../h/sleep_list.h ****         {
  49:src/../h/sleep_list.h ****             Elem *elem = new Elem(data, 0, 0, time);
  50:src/../h/sleep_list.h ****             head = elem;
  51:src/../h/sleep_list.h ****             if (!tail) { tail = head; }
  52:src/../h/sleep_list.h ****             return;
  53:src/../h/sleep_list.h ****         } else if( head->time > time ) {
 129              		.loc 2 53 16 is_stmt 1
 130              	.LBB124:
 131              	.LBB122:
 132              	.LBB120:
 133              	.LBB92:
 134              		.loc 2 53 26 is_stmt 0
 135 0098 03B78701 		ld	a4,24(a5)
 136              		.loc 2 53 16
 137 009c 6368E506 		bltu	a0,a4,.L24
 138              	.LBB93:
  54:src/../h/sleep_list.h ****             Elem *elem = new Elem(data, head, 0, time);
  55:src/../h/sleep_list.h ****             head->prev = elem;
  56:src/../h/sleep_list.h ****             head->time -= time;
  57:src/../h/sleep_list.h ****             head = elem;
  58:src/../h/sleep_list.h ****             return;
  59:src/../h/sleep_list.h ****         } else {
  60:src/../h/sleep_list.h ****             curr = head;
 139              		.loc 2 60 13 is_stmt 1
 140              		.loc 2 60 18 is_stmt 0
 141 00a0 17070000 		sd	a5,.LANCHOR0,a4
 141      2330F700 
 142              	.LVL10:
GAS LISTING /tmp/ccVIPci5.s 			page 6


 143              	.L12:
  61:src/../h/sleep_list.h ****             while(curr && ( curr->time <= time_test) ) {
 144              		.loc 2 61 13 is_stmt 1
 145              		.loc 2 61 24
 146              		.loc 2 61 19 is_stmt 0
 147 00a8 97070000 		ld	a5,.LANCHOR0
 147      83B70700 
 148              		.loc 2 61 24
 149 00b0 6380070A 		beqz	a5,.L11
 150              		.loc 2 61 35
 151 00b4 03B78701 		ld	a4,24(a5)
 152              		.loc 2 61 24
 153 00b8 63ECE408 		bgtu	a4,s1,.L11
  62:src/../h/sleep_list.h ****                 time_test -= curr->time;
 154              		.loc 2 62 17 is_stmt 1
 155              		.loc 2 62 27 is_stmt 0
 156 00bc B384E440 		sub	s1,s1,a4
 157              	.LVL11:
  63:src/../h/sleep_list.h ****                 curr = curr->next;
 158              		.loc 2 63 17 is_stmt 1
 159              		.loc 2 63 30 is_stmt 0
 160 00c0 83B78700 		ld	a5,8(a5)
 161              		.loc 2 63 22
 162 00c4 17070000 		sd	a5,.LANCHOR0,a4
 162      2330F700 
  61:src/../h/sleep_list.h ****             while(curr && ( curr->time <= time_test) ) {
 163              		.loc 2 61 13
 164 00cc 6FF0DFFD 		j	.L12
 165              	.LVL12:
 166              	.L23:
 167              	.LBE93:
 168              	.LBE92:
 169              	.LBB113:
  49:src/../h/sleep_list.h ****             head = elem;
 170              		.loc 2 49 13 is_stmt 1
 171              	.LBB114:
 172              	.LBB115:
  24:src/../h/sleep_list.h ****        }
 173              		.loc 2 24 12
  24:src/../h/sleep_list.h ****        }
 174              		.loc 2 24 45 is_stmt 0
 175 00d0 13050002 		li	a0,32
 176 00d4 97000000 		call	_ZN15MemoryAllocator9mem_allocEm@plt
 176      E7800000 
 177              	.LVL13:
 178              	.LBE115:
 179              	.LBE114:
 180              	.LBB116:
 181              	.LBB117:
  31:src/../h/sleep_list.h ****     };
 182              		.loc 2 31 109
 183 00dc 23302501 		sd	s2,0(a0)
 184 00e0 23340500 		sd	zero,8(a0)
 185 00e4 23380500 		sd	zero,16(a0)
 186 00e8 233C9500 		sd	s1,24(a0)
 187              	.LVL14:
 188              	.LBE117:
GAS LISTING /tmp/ccVIPci5.s 			page 7


 189              	.LBE116:
  50:src/../h/sleep_list.h ****             if (!tail) { tail = head; }
 190              		.loc 2 50 13 is_stmt 1
  50:src/../h/sleep_list.h ****             if (!tail) { tail = head; }
 191              		.loc 2 50 18 is_stmt 0
 192 00ec 97070000 		lla	a5,.LANCHOR0
 192      93870700 
 193 00f4 23B4A700 		sd	a0,8(a5)
  51:src/../h/sleep_list.h ****             return;
 194              		.loc 2 51 13 is_stmt 1
  51:src/../h/sleep_list.h ****             return;
 195              		.loc 2 51 18 is_stmt 0
 196 00f8 83B70701 		ld	a5,16(a5)
  51:src/../h/sleep_list.h ****             return;
 197              		.loc 2 51 13
 198 00fc 6396070A 		bnez	a5,.L9
  51:src/../h/sleep_list.h ****             return;
 199              		.loc 2 51 26 is_stmt 1
  51:src/../h/sleep_list.h ****             return;
 200              		.loc 2 51 31 is_stmt 0
 201 0100 97070000 		sd	a0,.LANCHOR0+16,a5
 201      23B0A700 
  52:src/../h/sleep_list.h ****         } else if( head->time > time ) {
 202              		.loc 2 52 13 is_stmt 1
 203 0108 6F00000A 		j	.L9
 204              	.LVL15:
 205              	.L24:
 206              	.LBE113:
 207              	.LBB118:
 208              	.LBB106:
  54:src/../h/sleep_list.h ****             head->prev = elem;
 209              		.loc 2 54 13
 210              	.LBB107:
 211              	.LBB108:
  24:src/../h/sleep_list.h ****        }
 212              		.loc 2 24 12
  24:src/../h/sleep_list.h ****        }
 213              		.loc 2 24 45 is_stmt 0
 214 010c 13050002 		li	a0,32
 215 0110 97000000 		call	_ZN15MemoryAllocator9mem_allocEm@plt
 215      E7800000 
 216              	.LVL16:
 217              	.LBE108:
 218              	.LBE107:
  54:src/../h/sleep_list.h ****             head->prev = elem;
 219              		.loc 2 54 54
 220 0118 97070000 		lla	a5,.LANCHOR0
 220      93870700 
 221 0120 03B78700 		ld	a4,8(a5)
 222              	.LVL17:
 223              	.LBB109:
 224              	.LBB110:
  31:src/../h/sleep_list.h ****     };
 225              		.loc 2 31 109
 226 0124 23302501 		sd	s2,0(a0)
 227 0128 2334E500 		sd	a4,8(a0)
 228 012c 23380500 		sd	zero,16(a0)
GAS LISTING /tmp/ccVIPci5.s 			page 8


 229 0130 233C9500 		sd	s1,24(a0)
 230              	.LVL18:
 231              	.LBE110:
 232              	.LBE109:
  55:src/../h/sleep_list.h ****             head->time -= time;
 233              		.loc 2 55 13 is_stmt 1
 234 0134 03B78700 		ld	a4,8(a5)
  55:src/../h/sleep_list.h ****             head->time -= time;
 235              		.loc 2 55 24 is_stmt 0
 236 0138 2338A700 		sd	a0,16(a4)
  56:src/../h/sleep_list.h ****             head = elem;
 237              		.loc 2 56 13 is_stmt 1
  56:src/../h/sleep_list.h ****             head = elem;
 238              		.loc 2 56 24 is_stmt 0
 239 013c 83368701 		ld	a3,24(a4)
 240 0140 B3849640 		sub	s1,a3,s1
 241              	.LVL19:
 242 0144 233C9700 		sd	s1,24(a4)
  57:src/../h/sleep_list.h ****             return;
 243              		.loc 2 57 13 is_stmt 1
  57:src/../h/sleep_list.h ****             return;
 244              		.loc 2 57 18 is_stmt 0
 245 0148 23B4A700 		sd	a0,8(a5)
  58:src/../h/sleep_list.h ****         } else {
 246              		.loc 2 58 13 is_stmt 1
 247 014c 6F00C005 		j	.L9
 248              	.LVL20:
 249              	.L11:
 250              	.LBE106:
 251              	.LBB111:
  64:src/../h/sleep_list.h ****             }
  65:src/../h/sleep_list.h **** 
  66:src/../h/sleep_list.h ****             if(curr){
 252              		.loc 2 66 13
 253              	.LBB94:
 254 0150 63840708 		beqz	a5,.L13
 255              	.LBB95:
  67:src/../h/sleep_list.h ****                 Elem *elem = new Elem(data, curr, curr->prev, time_test);
 256              		.loc 2 67 17
 257              	.LVL21:
 258              	.LBB96:
 259              	.LBB97:
  24:src/../h/sleep_list.h ****        }
 260              		.loc 2 24 12
  24:src/../h/sleep_list.h ****        }
 261              		.loc 2 24 45 is_stmt 0
 262 0154 13050002 		li	a0,32
 263              	.LVL22:
 264 0158 97000000 		call	_ZN15MemoryAllocator9mem_allocEm@plt
 264      E7800000 
 265              	.LVL23:
 266              	.LBE97:
 267              	.LBE96:
 268              		.loc 2 67 72
 269 0160 97070000 		lla	a5,.LANCHOR0
 269      93870700 
 270 0168 03B70700 		ld	a4,0(a5)
GAS LISTING /tmp/ccVIPci5.s 			page 9


 271 016c 83360701 		ld	a3,16(a4)
 272              	.LVL24:
 273              	.LBB98:
 274              	.LBB99:
  31:src/../h/sleep_list.h ****     };
 275              		.loc 2 31 109
 276 0170 23302501 		sd	s2,0(a0)
 277 0174 2334E500 		sd	a4,8(a0)
 278 0178 2338D500 		sd	a3,16(a0)
 279 017c 233C9500 		sd	s1,24(a0)
 280              	.LVL25:
 281              	.LBE99:
 282              	.LBE98:
  68:src/../h/sleep_list.h ****                 if(curr->prev) curr->prev->next = elem;
 283              		.loc 2 68 17 is_stmt 1
 284              		.loc 2 68 20 is_stmt 0
 285 0180 83B70700 		ld	a5,0(a5)
 286              		.loc 2 68 26
 287 0184 83B70701 		ld	a5,16(a5)
 288              		.loc 2 68 17
 289 0188 63840700 		beqz	a5,.L14
 290              		.loc 2 68 32 is_stmt 1
 291              		.loc 2 68 49 is_stmt 0
 292 018c 23B4A700 		sd	a0,8(a5)
 293              	.L14:
  69:src/../h/sleep_list.h ****                 curr->prev = elem;
 294              		.loc 2 69 17 is_stmt 1
 295 0190 97070000 		ld	a5,.LANCHOR0
 295      83B70700 
 296              		.loc 2 69 28 is_stmt 0
 297 0198 23B8A700 		sd	a0,16(a5)
  70:src/../h/sleep_list.h ****                 curr->time -= time_test;
 298              		.loc 2 70 17 is_stmt 1
 299              		.loc 2 70 28 is_stmt 0
 300 019c 03B58701 		ld	a0,24(a5)
 301              	.LVL26:
 302 01a0 B3049540 		sub	s1,a0,s1
 303              	.LVL27:
 304 01a4 23BC9700 		sd	s1,24(a5)
  71:src/../h/sleep_list.h ****                 return;
 305              		.loc 2 71 17 is_stmt 1
 306              	.LVL28:
 307              	.L9:
 308              	.LBE95:
 309              	.LBE94:
 310              	.LBE111:
 311              	.LBE118:
 312              	.LBE120:
 313              	.LBE122:
 314              	.LBE124:
  19:src/sleeper.cpp ****     TCB::timeSliceCounter=0;
 315              		.loc 1 19 5
  19:src/sleeper.cpp ****     TCB::timeSliceCounter=0;
 316              		.loc 1 19 26 is_stmt 0
 317 01a8 97070000 		la	a5,_ZN3TCB16timeSliceCounterE
 317      83B70700 
 318 01b0 23B00700 		sd	zero,0(a5)
GAS LISTING /tmp/ccVIPci5.s 			page 10


  20:src/sleeper.cpp ****     TCB::dispatch();
 319              		.loc 1 20 5 is_stmt 1
  20:src/sleeper.cpp ****     TCB::dispatch();
 320              		.loc 1 20 18 is_stmt 0
 321 01b4 97000000 		call	_ZN3TCB8dispatchEv@plt
 321      E7800000 
 322              	.LVL29:
  21:src/sleeper.cpp ****     return 0;
 323              		.loc 1 21 5 is_stmt 1
  21:src/sleeper.cpp ****     return 0;
 324              		.loc 1 21 12 is_stmt 0
 325 01bc 13050000 		li	a0,0
 326              	.L6:
  22:src/sleeper.cpp **** }
 327              		.loc 1 22 1
 328 01c0 83308101 		ld	ra,24(sp)
 329              		.cfi_remember_state
 330              		.cfi_restore 1
 331 01c4 03340101 		ld	s0,16(sp)
 332              		.cfi_restore 8
 333              		.cfi_def_cfa 2, 32
 334 01c8 83348100 		ld	s1,8(sp)
 335              		.cfi_restore 9
 336 01cc 03390100 		ld	s2,0(sp)
 337              		.cfi_restore 18
 338              	.LVL30:
 339 01d0 13010102 		addi	sp,sp,32
 340              		.cfi_def_cfa_offset 0
 341 01d4 67800000 		jr	ra
 342              	.LVL31:
 343              	.L13:
 344              		.cfi_restore_state
 345              	.LBB125:
 346              	.LBB123:
 347              	.LBB121:
 348              	.LBB119:
 349              	.LBB112:
 350              	.LBB105:
 351              	.LBB100:
  72:src/../h/sleep_list.h ****             }else{
  73:src/../h/sleep_list.h ****                 Elem *elem = new Elem(data, 0, tail, time_test);
 352              		.loc 2 73 17 is_stmt 1
 353              	.LBB101:
 354              	.LBB102:
  24:src/../h/sleep_list.h ****        }
 355              		.loc 2 24 12
  24:src/../h/sleep_list.h ****        }
 356              		.loc 2 24 45 is_stmt 0
 357 01d8 13050002 		li	a0,32
 358              	.LVL32:
 359 01dc 97000000 		call	_ZN15MemoryAllocator9mem_allocEm@plt
 359      E7800000 
 360              	.LVL33:
 361              	.LBE102:
 362              	.LBE101:
 363              		.loc 2 73 63
 364 01e4 97070000 		lla	a5,.LANCHOR0
GAS LISTING /tmp/ccVIPci5.s 			page 11


 364      93870700 
 365 01ec 03B70701 		ld	a4,16(a5)
 366              	.LVL34:
 367              	.LBB103:
 368              	.LBB104:
  31:src/../h/sleep_list.h ****     };
 369              		.loc 2 31 109
 370 01f0 23302501 		sd	s2,0(a0)
 371 01f4 23340500 		sd	zero,8(a0)
 372 01f8 2338E500 		sd	a4,16(a0)
 373 01fc 233C9500 		sd	s1,24(a0)
 374              	.LVL35:
 375              	.LBE104:
 376              	.LBE103:
  74:src/../h/sleep_list.h ****                 tail->next = elem;
 377              		.loc 2 74 17 is_stmt 1
 378 0200 03B70701 		ld	a4,16(a5)
 379              		.loc 2 74 28 is_stmt 0
 380 0204 2334A700 		sd	a0,8(a4)
  75:src/../h/sleep_list.h ****                 tail = elem;
 381              		.loc 2 75 17 is_stmt 1
 382              		.loc 2 75 22 is_stmt 0
 383 0208 23B8A700 		sd	a0,16(a5)
  76:src/../h/sleep_list.h ****                 return;
 384              		.loc 2 76 17 is_stmt 1
 385 020c 6FF0DFF9 		j	.L9
 386              	.LVL36:
 387              	.L15:
 388              		.cfi_def_cfa_register 2
 389              		.cfi_restore 1
 390              		.cfi_restore 8
 391              		.cfi_restore 9
 392              		.cfi_restore 18
 393              	.LBE100:
 394              	.LBE105:
 395              	.LBE112:
 396              	.LBE119:
 397              	.LBE121:
 398              	.LBE123:
 399              	.LBE125:
  12:src/sleeper.cpp ****     if(time <= 0) return -1;
 400              		.loc 1 12 27 is_stmt 0
 401 0210 1305F0FF 		li	a0,-1
 402              	.LVL37:
  22:src/sleeper.cpp **** }
 403              		.loc 1 22 1
 404 0214 67800000 		ret
 405              	.LVL38:
 406              	.L16:
 407              		.cfi_def_cfa_register 8
 408              		.cfi_offset 1, -8
 409              		.cfi_offset 8, -16
 410              		.cfi_offset 9, -24
 411              		.cfi_offset 18, -32
  14:src/sleeper.cpp ****     if(tcb == nullptr) return -2;
 412              		.loc 1 14 32
 413 0218 1305E0FF 		li	a0,-2
GAS LISTING /tmp/ccVIPci5.s 			page 12


 414 021c 6FF05FFA 		j	.L6
 415              	.L17:
  15:src/sleeper.cpp ****     if(tcb->isBlocked() || tcb->isFinished()) return -3;
 416              		.loc 1 15 55
 417 0220 1305D0FF 		li	a0,-3
 418 0224 6FF0DFF9 		j	.L6
 419              	.L18:
 420 0228 1305D0FF 		li	a0,-3
 421 022c 6FF05FF9 		j	.L6
 422              		.cfi_endproc
 423              	.LFE41:
 425              		.align	2
 426              		.globl	_ZN7Sleeper6awakenEv
 428              	_ZN7Sleeper6awakenEv:
 429              	.LFB42:
  25:src/sleeper.cpp **** {
 430              		.loc 1 25 1 is_stmt 1
 431              		.cfi_startproc
  26:src/sleeper.cpp ****     if(sleep.peekFirst() != 0)
 432              		.loc 1 26 5
 433              	.LVL39:
 434              	.LBB126:
 435              	.LBB127:
 436              	.LBB128:
  77:src/../h/sleep_list.h ****             }
  78:src/../h/sleep_list.h ****         }
  79:src/../h/sleep_list.h ****     }
  80:src/../h/sleep_list.h **** 
  81:src/../h/sleep_list.h ****     TCB *removeFirst()
  82:src/../h/sleep_list.h ****     {
  83:src/../h/sleep_list.h ****         if (!head) { return 0; }
  84:src/../h/sleep_list.h **** 
  85:src/../h/sleep_list.h ****         Elem *elem = head;
  86:src/../h/sleep_list.h ****         head = head->next;
  87:src/../h/sleep_list.h ****         if (!head) { tail = 0; }
  88:src/../h/sleep_list.h **** 
  89:src/../h/sleep_list.h ****         TCB *ret = elem->data;
  90:src/../h/sleep_list.h ****         delete elem;
  91:src/../h/sleep_list.h ****         return ret;
  92:src/../h/sleep_list.h ****     }
  93:src/../h/sleep_list.h **** 
  94:src/../h/sleep_list.h ****     TCB *peekFirst()
  95:src/../h/sleep_list.h ****     {
  96:src/../h/sleep_list.h ****         if (!head) { return 0; }
 437              		.loc 2 96 9
 438              		.loc 2 96 14 is_stmt 0
 439 0230 97070000 		ld	a5,.LANCHOR0+8
 439      83B70700 
 440              		.loc 2 96 9
 441 0238 6382070A 		beqz	a5,.L30
  97:src/../h/sleep_list.h ****         return head->data;
 442              		.loc 2 97 9 is_stmt 1
 443              		.loc 2 97 22 is_stmt 0
 444 023c 03B70700 		ld	a4,0(a5)
 445              	.LVL40:
 446              	.LBE128:
 447              	.LBE127:
GAS LISTING /tmp/ccVIPci5.s 			page 13


  26:src/sleeper.cpp ****     if(sleep.peekFirst() != 0)
 448              		.loc 1 26 5
 449 0240 630E0708 		beqz	a4,.L30
 450              	.LBB129:
  29:src/sleeper.cpp ****         sleep.head->time -= 1;
 451              		.loc 1 29 9 is_stmt 1
  29:src/sleeper.cpp ****         sleep.head->time -= 1;
 452              		.loc 1 29 26 is_stmt 0
 453 0244 03B78701 		ld	a4,24(a5)
 454 0248 1307F7FF 		addi	a4,a4,-1
 455 024c 23BCE700 		sd	a4,24(a5)
  30:src/sleeper.cpp ****         while(sleep.head && sleep.head->time == 0)
 456              		.loc 1 30 9 is_stmt 1
  30:src/sleeper.cpp ****         while(sleep.head && sleep.head->time == 0)
 457              		.loc 1 30 26
  30:src/sleeper.cpp ****         while(sleep.head && sleep.head->time == 0)
 458              		.loc 1 30 21 is_stmt 0
 459 0250 17050000 		ld	a0,.LANCHOR0+8
 459      03350500 
  30:src/sleeper.cpp ****         while(sleep.head && sleep.head->time == 0)
 460              		.loc 1 30 26
 461 0258 63020508 		beqz	a0,.L30
  30:src/sleeper.cpp ****         while(sleep.head && sleep.head->time == 0)
 462              		.loc 1 30 41
 463 025c 83378501 		ld	a5,24(a0)
  30:src/sleeper.cpp ****         while(sleep.head && sleep.head->time == 0)
 464              		.loc 1 30 26
 465 0260 639E0706 		bnez	a5,.L30
 466              	.LBE129:
 467              	.LBE126:
  25:src/sleeper.cpp **** {
 468              		.loc 1 25 1
 469 0264 130101FE 		addi	sp,sp,-32
 470              		.cfi_def_cfa_offset 32
 471 0268 233C1100 		sd	ra,24(sp)
 472 026c 23388100 		sd	s0,16(sp)
 473 0270 23349100 		sd	s1,8(sp)
 474              		.cfi_offset 1, -8
 475              		.cfi_offset 8, -16
 476              		.cfi_offset 9, -24
 477 0274 13040102 		addi	s0,sp,32
 478              		.cfi_def_cfa 8, 0
 479 0278 6F00C003 		j	.L33
 480              	.LVL41:
 481              	.L36:
 482              	.LBB139:
 483              	.LBB138:
 484              	.LBB130:
 485              	.LBB131:
 486              	.LBB132:
  87:src/../h/sleep_list.h **** 
 487              		.loc 2 87 22 is_stmt 1
  87:src/../h/sleep_list.h **** 
 488              		.loc 2 87 27 is_stmt 0
 489 027c 97070000 		sd	zero,.LANCHOR0+16,a5
 489      23B00700 
 490              	.L27:
GAS LISTING /tmp/ccVIPci5.s 			page 14


  89:src/../h/sleep_list.h ****         delete elem;
 491              		.loc 2 89 9 is_stmt 1
  89:src/../h/sleep_list.h ****         delete elem;
 492              		.loc 2 89 14 is_stmt 0
 493 0284 83340500 		ld	s1,0(a0)
 494              	.LVL42:
  90:src/../h/sleep_list.h ****         return ret;
 495              		.loc 2 90 9 is_stmt 1
 496              	.LBB133:
 497              	.LBB134:
  28:src/../h/sleep_list.h ****         }
 498              		.loc 2 28 13
  28:src/../h/sleep_list.h ****         }
 499              		.loc 2 28 38 is_stmt 0
 500 0288 97000000 		call	_ZN15MemoryAllocator8mem_freeEPv@plt
 500      E7800000 
 501              	.LVL43:
 502              	.LBE134:
 503              	.LBE133:
  91:src/../h/sleep_list.h ****     }
 504              		.loc 2 91 9 is_stmt 1
 505              	.LBE132:
 506              	.LBE131:
  34:src/sleeper.cpp ****             tcb->t_blocked = false;
 507              		.loc 1 34 13
  34:src/sleeper.cpp ****             tcb->t_blocked = false;
 508              		.loc 1 34 28 is_stmt 0
 509 0290 A3840402 		sb	zero,41(s1)
  36:src/sleeper.cpp ****             Scheduler::put(tcb);
 510              		.loc 1 36 13 is_stmt 1
  36:src/sleeper.cpp ****             Scheduler::put(tcb);
 511              		.loc 1 36 27 is_stmt 0
 512 0294 13850400 		mv	a0,s1
 513 0298 97000000 		call	_ZN9Scheduler3putEP3TCB@plt
 513      E7800000 
 514              	.LVL44:
 515              	.LBE130:
  30:src/sleeper.cpp ****         while(sleep.head && sleep.head->time == 0)
 516              		.loc 1 30 9 is_stmt 1
  30:src/sleeper.cpp ****         while(sleep.head && sleep.head->time == 0)
 517              		.loc 1 30 26
  30:src/sleeper.cpp ****         while(sleep.head && sleep.head->time == 0)
 518              		.loc 1 30 21 is_stmt 0
 519 02a0 17050000 		ld	a0,.LANCHOR0+8
 519      03350500 
  30:src/sleeper.cpp ****         while(sleep.head && sleep.head->time == 0)
 520              		.loc 1 30 26
 521 02a8 63000502 		beqz	a0,.L25
  30:src/sleeper.cpp ****         while(sleep.head && sleep.head->time == 0)
 522              		.loc 1 30 41 discriminator 1
 523 02ac 83378501 		ld	a5,24(a0)
  30:src/sleeper.cpp ****         while(sleep.head && sleep.head->time == 0)
 524              		.loc 1 30 26 discriminator 1
 525 02b0 639C0700 		bnez	a5,.L25
 526              	.LVL45:
 527              	.L33:
 528              	.LBB137:
GAS LISTING /tmp/ccVIPci5.s 			page 15


  33:src/sleeper.cpp ****             TCB* tcb = sleep.removeFirst();
 529              		.loc 1 33 13 is_stmt 1
 530              	.LBB136:
 531              	.LBB135:
  83:src/../h/sleep_list.h **** 
 532              		.loc 2 83 9
  85:src/../h/sleep_list.h ****         head = head->next;
 533              		.loc 2 85 9
  86:src/../h/sleep_list.h ****         if (!head) { tail = 0; }
 534              		.loc 2 86 9
  86:src/../h/sleep_list.h ****         if (!head) { tail = 0; }
 535              		.loc 2 86 22 is_stmt 0
 536 02b4 83378500 		ld	a5,8(a0)
  86:src/../h/sleep_list.h ****         if (!head) { tail = 0; }
 537              		.loc 2 86 14
 538 02b8 17070000 		sd	a5,.LANCHOR0+8,a4
 538      2330F700 
  87:src/../h/sleep_list.h **** 
 539              		.loc 2 87 9 is_stmt 1
 540 02c0 E39207FC 		bnez	a5,.L27
 541 02c4 6FF09FFB 		j	.L36
 542              	.LVL46:
 543              	.L25:
 544              	.LBE135:
 545              	.LBE136:
 546              	.LBE137:
 547              	.LBE138:
 548              	.LBE139:
 549              		.loc 1 42 1 is_stmt 0
 550 02c8 83308101 		ld	ra,24(sp)
 551              		.cfi_restore 1
 552 02cc 03340101 		ld	s0,16(sp)
 553              		.cfi_restore 8
 554              		.cfi_def_cfa 2, 32
 555 02d0 83348100 		ld	s1,8(sp)
 556              		.cfi_restore 9
 557              	.LVL47:
 558 02d4 13010102 		addi	sp,sp,32
 559              		.cfi_def_cfa_offset 0
 560 02d8 67800000 		jr	ra
 561              	.L30:
 562 02dc 67800000 		ret
 563              		.cfi_endproc
 564              	.LFE42:
 566              		.align	2
 568              	_GLOBAL__sub_I__ZN7Sleeper5sleepE:
 569              	.LFB44:
 570              		.loc 1 42 1 is_stmt 1
 571              		.cfi_startproc
 572 02e0 130101FF 		addi	sp,sp,-16
 573              		.cfi_def_cfa_offset 16
 574 02e4 23341100 		sd	ra,8(sp)
 575 02e8 23308100 		sd	s0,0(sp)
 576              		.cfi_offset 1, -8
 577              		.cfi_offset 8, -16
 578 02ec 13040101 		addi	s0,sp,16
 579              		.cfi_def_cfa 8, 0
GAS LISTING /tmp/ccVIPci5.s 			page 16


 580              		.loc 1 42 1 is_stmt 0
 581 02f0 B7050100 		li	a1,65536
 582 02f4 9385F5FF 		addi	a1,a1,-1
 583 02f8 13051000 		li	a0,1
 584 02fc 97000000 		call	_Z41__static_initialization_and_destruction_0ii
 584      E7800000 
 585              	.LVL48:
 586 0304 83308100 		ld	ra,8(sp)
 587              		.cfi_restore 1
 588 0308 03340100 		ld	s0,0(sp)
 589              		.cfi_restore 8
 590              		.cfi_def_cfa 2, 16
 591 030c 13010101 		addi	sp,sp,16
 592              		.cfi_def_cfa_offset 0
 593 0310 67800000 		jr	ra
 594              		.cfi_endproc
 595              	.LFE44:
 597              		.section	.init_array,"aw"
 598              		.align	3
 599 0000 00000000 		.dword	_GLOBAL__sub_I__ZN7Sleeper5sleepE
 599      00000000 
 600              		.globl	_ZN7Sleeper5sleepE
 601              		.bss
 602              		.align	3
 603              		.set	.LANCHOR0,. + 0
 606              	_ZN7Sleeper5sleepE:
 607 0000 00000000 		.zero	24
 607      00000000 
 607      00000000 
 607      00000000 
 607      00000000 
 608              		.text
 609              	.Letext0:
 610              		.file 4 "src/../h/../lib/hw.h"
 611              		.file 5 "src/../h/MemoryAllocator.h"
 612              		.file 6 "src/../h/scheduler.h"
 613              		.file 7 "src/../h/sleeper.h"
GAS LISTING /tmp/ccVIPci5.s 			page 17


DEFINED SYMBOLS
                            *ABS*:0000000000000000 sleeper.cpp
     /tmp/ccVIPci5.s:8      .text:0000000000000000 _Z41__static_initialization_and_destruction_0ii
     /tmp/ccVIPci5.s:12     .text:0000000000000000 .L0 
     /tmp/ccVIPci5.s:14     .text:0000000000000000 .L0 
     /tmp/ccVIPci5.s:15     .text:0000000000000004 .L0 
     /tmp/ccVIPci5.s:17     .text:0000000000000008 .L0 
     /tmp/ccVIPci5.s:19     .text:000000000000000c .L0 
     /tmp/ccVIPci5.s:21     .text:000000000000000c .L0 
     /tmp/ccVIPci5.s:25     .text:0000000000000018 .L0 
     /tmp/ccVIPci5.s:26     .text:0000000000000018 .L0 
     /tmp/ccVIPci5.s:27     .text:0000000000000018 .L0 
     /tmp/ccVIPci5.s:29     .text:000000000000001c .L0 
     /tmp/ccVIPci5.s:32     .text:0000000000000020 .L0 
     /tmp/ccVIPci5.s:34     .text:0000000000000020 .L0 
     /tmp/ccVIPci5.s:43     .text:000000000000002c .L0 
     /tmp/ccVIPci5.s:52     .text:0000000000000040 .L0 
     /tmp/ccVIPci5.s:53     .text:0000000000000044 .L0 
     /tmp/ccVIPci5.s:59     .text:0000000000000044 _ZN7Sleeper10time_sleepEm
     /tmp/ccVIPci5.s:62     .text:0000000000000044 .L0 
     /tmp/ccVIPci5.s:64     .text:0000000000000044 .L0 
     /tmp/ccVIPci5.s:65     .text:0000000000000044 .L0 
     /tmp/ccVIPci5.s:67     .text:0000000000000048 .L0 
     /tmp/ccVIPci5.s:68     .text:000000000000004c .L0 
     /tmp/ccVIPci5.s:73     .text:000000000000005c .L0 
     /tmp/ccVIPci5.s:74     .text:000000000000005c .L0 
     /tmp/ccVIPci5.s:75     .text:000000000000005c .L0 
     /tmp/ccVIPci5.s:76     .text:000000000000005c .L0 
     /tmp/ccVIPci5.s:78     .text:0000000000000060 .L0 
     /tmp/ccVIPci5.s:81     .text:0000000000000064 .L0 
     /tmp/ccVIPci5.s:82     .text:0000000000000064 .L0 
     /tmp/ccVIPci5.s:86     .text:0000000000000070 .L0 
     /tmp/ccVIPci5.s:92     .text:0000000000000074 .L0 
     /tmp/ccVIPci5.s:93     .text:0000000000000074 .L0 
     /tmp/ccVIPci5.s:94     .text:0000000000000074 .L0 
     /tmp/ccVIPci5.s:99     .text:0000000000000078 .L0 
     /tmp/ccVIPci5.s:104    .text:000000000000007c .L0 
     /tmp/ccVIPci5.s:105    .text:000000000000007c .L0 
     /tmp/ccVIPci5.s:110    .text:0000000000000080 .L0 
     /tmp/ccVIPci5.s:112    .text:0000000000000084 .L0 
     /tmp/ccVIPci5.s:113    .text:0000000000000084 .L0 
     /tmp/ccVIPci5.s:119    .text:000000000000008c .L0 
     /tmp/ccVIPci5.s:120    .text:000000000000008c .L0 
     /tmp/ccVIPci5.s:122    .text:000000000000008c .L0 
     /tmp/ccVIPci5.s:123    .text:000000000000008c .L0 
     /tmp/ccVIPci5.s:125    .text:0000000000000094 .L0 
     /tmp/ccVIPci5.s:134    .text:0000000000000098 .L0 
     /tmp/ccVIPci5.s:135    .text:0000000000000098 .L0 
     /tmp/ccVIPci5.s:137    .text:000000000000009c .L0 
     /tmp/ccVIPci5.s:140    .text:00000000000000a0 .L0 
     /tmp/ccVIPci5.s:141    .text:00000000000000a0 .L0 
     /tmp/ccVIPci5.s:145    .text:00000000000000a8 .L0 
     /tmp/ccVIPci5.s:146    .text:00000000000000a8 .L0 
     /tmp/ccVIPci5.s:147    .text:00000000000000a8 .L0 
     /tmp/ccVIPci5.s:149    .text:00000000000000b0 .L0 
     /tmp/ccVIPci5.s:151    .text:00000000000000b4 .L0 
     /tmp/ccVIPci5.s:153    .text:00000000000000b8 .L0 
GAS LISTING /tmp/ccVIPci5.s 			page 18


     /tmp/ccVIPci5.s:155    .text:00000000000000bc .L0 
     /tmp/ccVIPci5.s:156    .text:00000000000000bc .L0 
     /tmp/ccVIPci5.s:159    .text:00000000000000c0 .L0 
     /tmp/ccVIPci5.s:160    .text:00000000000000c0 .L0 
     /tmp/ccVIPci5.s:162    .text:00000000000000c4 .L0 
     /tmp/ccVIPci5.s:164    .text:00000000000000cc .L0 
     /tmp/ccVIPci5.s:173    .text:00000000000000d0 .L0 
     /tmp/ccVIPci5.s:174    .text:00000000000000d0 .L0 
     /tmp/ccVIPci5.s:175    .text:00000000000000d0 .L0 
     /tmp/ccVIPci5.s:183    .text:00000000000000dc .L0 
     /tmp/ccVIPci5.s:191    .text:00000000000000ec .L0 
     /tmp/ccVIPci5.s:192    .text:00000000000000ec .L0 
     /tmp/ccVIPci5.s:195    .text:00000000000000f8 .L0 
     /tmp/ccVIPci5.s:196    .text:00000000000000f8 .L0 
     /tmp/ccVIPci5.s:198    .text:00000000000000fc .L0 
     /tmp/ccVIPci5.s:200    .text:0000000000000100 .L0 
     /tmp/ccVIPci5.s:201    .text:0000000000000100 .L0 
     /tmp/ccVIPci5.s:203    .text:0000000000000108 .L0 
     /tmp/ccVIPci5.s:212    .text:000000000000010c .L0 
     /tmp/ccVIPci5.s:213    .text:000000000000010c .L0 
     /tmp/ccVIPci5.s:214    .text:000000000000010c .L0 
     /tmp/ccVIPci5.s:220    .text:0000000000000118 .L0 
     /tmp/ccVIPci5.s:226    .text:0000000000000124 .L0 
     /tmp/ccVIPci5.s:234    .text:0000000000000134 .L0 
     /tmp/ccVIPci5.s:236    .text:0000000000000138 .L0 
     /tmp/ccVIPci5.s:238    .text:000000000000013c .L0 
     /tmp/ccVIPci5.s:239    .text:000000000000013c .L0 
     /tmp/ccVIPci5.s:244    .text:0000000000000148 .L0 
     /tmp/ccVIPci5.s:245    .text:0000000000000148 .L0 
     /tmp/ccVIPci5.s:247    .text:000000000000014c .L0 
     /tmp/ccVIPci5.s:254    .text:0000000000000150 .L0 
     /tmp/ccVIPci5.s:260    .text:0000000000000154 .L0 
     /tmp/ccVIPci5.s:261    .text:0000000000000154 .L0 
     /tmp/ccVIPci5.s:262    .text:0000000000000154 .L0 
     /tmp/ccVIPci5.s:269    .text:0000000000000160 .L0 
     /tmp/ccVIPci5.s:276    .text:0000000000000170 .L0 
     /tmp/ccVIPci5.s:284    .text:0000000000000180 .L0 
     /tmp/ccVIPci5.s:285    .text:0000000000000180 .L0 
     /tmp/ccVIPci5.s:287    .text:0000000000000184 .L0 
     /tmp/ccVIPci5.s:289    .text:0000000000000188 .L0 
     /tmp/ccVIPci5.s:291    .text:000000000000018c .L0 
     /tmp/ccVIPci5.s:292    .text:000000000000018c .L0 
     /tmp/ccVIPci5.s:295    .text:0000000000000190 .L0 
     /tmp/ccVIPci5.s:297    .text:0000000000000198 .L0 
     /tmp/ccVIPci5.s:299    .text:000000000000019c .L0 
     /tmp/ccVIPci5.s:300    .text:000000000000019c .L0 
     /tmp/ccVIPci5.s:315    .text:00000000000001a8 .L0 
     /tmp/ccVIPci5.s:316    .text:00000000000001a8 .L0 
     /tmp/ccVIPci5.s:317    .text:00000000000001a8 .L0 
     /tmp/ccVIPci5.s:320    .text:00000000000001b4 .L0 
     /tmp/ccVIPci5.s:321    .text:00000000000001b4 .L0 
     /tmp/ccVIPci5.s:324    .text:00000000000001bc .L0 
     /tmp/ccVIPci5.s:325    .text:00000000000001bc .L0 
     /tmp/ccVIPci5.s:328    .text:00000000000001c0 .L0 
     /tmp/ccVIPci5.s:329    .text:00000000000001c4 .L0 
     /tmp/ccVIPci5.s:330    .text:00000000000001c4 .L0 
     /tmp/ccVIPci5.s:332    .text:00000000000001c8 .L0 
GAS LISTING /tmp/ccVIPci5.s 			page 19


     /tmp/ccVIPci5.s:333    .text:00000000000001c8 .L0 
     /tmp/ccVIPci5.s:335    .text:00000000000001cc .L0 
     /tmp/ccVIPci5.s:337    .text:00000000000001d0 .L0 
     /tmp/ccVIPci5.s:340    .text:00000000000001d4 .L0 
     /tmp/ccVIPci5.s:344    .text:00000000000001d8 .L0 
     /tmp/ccVIPci5.s:355    .text:00000000000001d8 .L0 
     /tmp/ccVIPci5.s:356    .text:00000000000001d8 .L0 
     /tmp/ccVIPci5.s:357    .text:00000000000001d8 .L0 
     /tmp/ccVIPci5.s:364    .text:00000000000001e4 .L0 
     /tmp/ccVIPci5.s:370    .text:00000000000001f0 .L0 
     /tmp/ccVIPci5.s:378    .text:0000000000000200 .L0 
     /tmp/ccVIPci5.s:380    .text:0000000000000204 .L0 
     /tmp/ccVIPci5.s:382    .text:0000000000000208 .L0 
     /tmp/ccVIPci5.s:383    .text:0000000000000208 .L0 
     /tmp/ccVIPci5.s:385    .text:000000000000020c .L0 
     /tmp/ccVIPci5.s:388    .text:0000000000000210 .L0 
     /tmp/ccVIPci5.s:389    .text:0000000000000210 .L0 
     /tmp/ccVIPci5.s:390    .text:0000000000000210 .L0 
     /tmp/ccVIPci5.s:391    .text:0000000000000210 .L0 
     /tmp/ccVIPci5.s:392    .text:0000000000000210 .L0 
     /tmp/ccVIPci5.s:401    .text:0000000000000210 .L0 
     /tmp/ccVIPci5.s:404    .text:0000000000000214 .L0 
     /tmp/ccVIPci5.s:407    .text:0000000000000218 .L0 
     /tmp/ccVIPci5.s:408    .text:0000000000000218 .L0 
     /tmp/ccVIPci5.s:409    .text:0000000000000218 .L0 
     /tmp/ccVIPci5.s:410    .text:0000000000000218 .L0 
     /tmp/ccVIPci5.s:411    .text:0000000000000218 .L0 
     /tmp/ccVIPci5.s:413    .text:0000000000000218 .L0 
     /tmp/ccVIPci5.s:417    .text:0000000000000220 .L0 
     /tmp/ccVIPci5.s:422    .text:0000000000000230 .L0 
     /tmp/ccVIPci5.s:428    .text:0000000000000230 _ZN7Sleeper6awakenEv
     /tmp/ccVIPci5.s:431    .text:0000000000000230 .L0 
     /tmp/ccVIPci5.s:432    .text:0000000000000230 .L0 
     /tmp/ccVIPci5.s:437    .text:0000000000000230 .L0 
     /tmp/ccVIPci5.s:438    .text:0000000000000230 .L0 
     /tmp/ccVIPci5.s:439    .text:0000000000000230 .L0 
     /tmp/ccVIPci5.s:441    .text:0000000000000238 .L0 
     /tmp/ccVIPci5.s:443    .text:000000000000023c .L0 
     /tmp/ccVIPci5.s:444    .text:000000000000023c .L0 
     /tmp/ccVIPci5.s:449    .text:0000000000000240 .L0 
     /tmp/ccVIPci5.s:452    .text:0000000000000244 .L0 
     /tmp/ccVIPci5.s:453    .text:0000000000000244 .L0 
     /tmp/ccVIPci5.s:457    .text:0000000000000250 .L0 
     /tmp/ccVIPci5.s:458    .text:0000000000000250 .L0 
     /tmp/ccVIPci5.s:459    .text:0000000000000250 .L0 
     /tmp/ccVIPci5.s:461    .text:0000000000000258 .L0 
     /tmp/ccVIPci5.s:463    .text:000000000000025c .L0 
     /tmp/ccVIPci5.s:465    .text:0000000000000260 .L0 
     /tmp/ccVIPci5.s:469    .text:0000000000000264 .L0 
     /tmp/ccVIPci5.s:470    .text:0000000000000268 .L0 
     /tmp/ccVIPci5.s:474    .text:0000000000000274 .L0 
     /tmp/ccVIPci5.s:475    .text:0000000000000274 .L0 
     /tmp/ccVIPci5.s:476    .text:0000000000000274 .L0 
     /tmp/ccVIPci5.s:478    .text:0000000000000278 .L0 
     /tmp/ccVIPci5.s:488    .text:000000000000027c .L0 
     /tmp/ccVIPci5.s:489    .text:000000000000027c .L0 
     /tmp/ccVIPci5.s:492    .text:0000000000000284 .L0 
GAS LISTING /tmp/ccVIPci5.s 			page 20


     /tmp/ccVIPci5.s:493    .text:0000000000000284 .L0 
     /tmp/ccVIPci5.s:498    .text:0000000000000288 .L0 
     /tmp/ccVIPci5.s:499    .text:0000000000000288 .L0 
     /tmp/ccVIPci5.s:500    .text:0000000000000288 .L0 
     /tmp/ccVIPci5.s:507    .text:0000000000000290 .L0 
     /tmp/ccVIPci5.s:508    .text:0000000000000290 .L0 
     /tmp/ccVIPci5.s:509    .text:0000000000000290 .L0 
     /tmp/ccVIPci5.s:511    .text:0000000000000294 .L0 
     /tmp/ccVIPci5.s:512    .text:0000000000000294 .L0 
     /tmp/ccVIPci5.s:517    .text:00000000000002a0 .L0 
     /tmp/ccVIPci5.s:518    .text:00000000000002a0 .L0 
     /tmp/ccVIPci5.s:519    .text:00000000000002a0 .L0 
     /tmp/ccVIPci5.s:521    .text:00000000000002a8 .L0 
     /tmp/ccVIPci5.s:523    .text:00000000000002ac .L0 
     /tmp/ccVIPci5.s:525    .text:00000000000002b0 .L0 
     /tmp/ccVIPci5.s:532    .text:00000000000002b4 .L0 
     /tmp/ccVIPci5.s:533    .text:00000000000002b4 .L0 
     /tmp/ccVIPci5.s:534    .text:00000000000002b4 .L0 
     /tmp/ccVIPci5.s:535    .text:00000000000002b4 .L0 
     /tmp/ccVIPci5.s:536    .text:00000000000002b4 .L0 
     /tmp/ccVIPci5.s:538    .text:00000000000002b8 .L0 
     /tmp/ccVIPci5.s:540    .text:00000000000002c0 .L0 
     /tmp/ccVIPci5.s:550    .text:00000000000002c8 .L0 
     /tmp/ccVIPci5.s:551    .text:00000000000002cc .L0 
     /tmp/ccVIPci5.s:553    .text:00000000000002d0 .L0 
     /tmp/ccVIPci5.s:554    .text:00000000000002d0 .L0 
     /tmp/ccVIPci5.s:556    .text:00000000000002d4 .L0 
     /tmp/ccVIPci5.s:559    .text:00000000000002d8 .L0 
     /tmp/ccVIPci5.s:563    .text:00000000000002e0 .L0 
     /tmp/ccVIPci5.s:568    .text:00000000000002e0 _GLOBAL__sub_I__ZN7Sleeper5sleepE
     /tmp/ccVIPci5.s:571    .text:00000000000002e0 .L0 
     /tmp/ccVIPci5.s:572    .text:00000000000002e0 .L0 
     /tmp/ccVIPci5.s:573    .text:00000000000002e4 .L0 
     /tmp/ccVIPci5.s:576    .text:00000000000002ec .L0 
     /tmp/ccVIPci5.s:577    .text:00000000000002ec .L0 
     /tmp/ccVIPci5.s:579    .text:00000000000002f0 .L0 
     /tmp/ccVIPci5.s:581    .text:00000000000002f0 .L0 
     /tmp/ccVIPci5.s:587    .text:0000000000000308 .L0 
     /tmp/ccVIPci5.s:589    .text:000000000000030c .L0 
     /tmp/ccVIPci5.s:590    .text:000000000000030c .L0 
     /tmp/ccVIPci5.s:592    .text:0000000000000310 .L0 
     /tmp/ccVIPci5.s:594    .text:0000000000000314 .L0 
     /tmp/ccVIPci5.s:606    .bss:0000000000000000 _ZN7Sleeper5sleepE
     /tmp/ccVIPci5.s:603    .bss:0000000000000000 .LANCHOR0
     /tmp/ccVIPci5.s:614    .text:0000000000000314 .L0 
     /tmp/ccVIPci5.s:43     .text:000000000000002c .L0 
     /tmp/ccVIPci5.s:82     .text:0000000000000064 .L0 
     /tmp/ccVIPci5.s:123    .text:000000000000008c .L0 
     /tmp/ccVIPci5.s:141    .text:00000000000000a0 .L0 
     /tmp/ccVIPci5.s:147    .text:00000000000000a8 .L0 
     /tmp/ccVIPci5.s:162    .text:00000000000000c4 .L0 
     /tmp/ccVIPci5.s:192    .text:00000000000000ec .L0 
     /tmp/ccVIPci5.s:201    .text:0000000000000100 .L0 
     /tmp/ccVIPci5.s:220    .text:0000000000000118 .L0 
     /tmp/ccVIPci5.s:269    .text:0000000000000160 .L0 
     /tmp/ccVIPci5.s:295    .text:0000000000000190 .L0 
     /tmp/ccVIPci5.s:317    .text:00000000000001a8 .L0 
GAS LISTING /tmp/ccVIPci5.s 			page 21


     /tmp/ccVIPci5.s:364    .text:00000000000001e4 .L0 
     /tmp/ccVIPci5.s:439    .text:0000000000000230 .L0 
     /tmp/ccVIPci5.s:459    .text:0000000000000250 .L0 
     /tmp/ccVIPci5.s:489    .text:000000000000027c .L0 
     /tmp/ccVIPci5.s:519    .text:00000000000002a0 .L0 
     /tmp/ccVIPci5.s:538    .text:00000000000002b8 .L0 
     /tmp/ccVIPci5.s:31     .text:0000000000000020 .L4
     /tmp/ccVIPci5.s:23     .text:0000000000000014 .L1
     /tmp/ccVIPci5.s:387    .text:0000000000000210 .L15
     /tmp/ccVIPci5.s:406    .text:0000000000000218 .L16
     /tmp/ccVIPci5.s:415    .text:0000000000000220 .L17
     /tmp/ccVIPci5.s:419    .text:0000000000000228 .L18
     /tmp/ccVIPci5.s:166    .text:00000000000000d0 .L23
     /tmp/ccVIPci5.s:205    .text:000000000000010c .L24
     /tmp/ccVIPci5.s:249    .text:0000000000000150 .L11
     /tmp/ccVIPci5.s:143    .text:00000000000000a8 .L12
     /tmp/ccVIPci5.s:307    .text:00000000000001a8 .L9
     /tmp/ccVIPci5.s:343    .text:00000000000001d8 .L13
     /tmp/ccVIPci5.s:293    .text:0000000000000190 .L14
     /tmp/ccVIPci5.s:326    .text:00000000000001c0 .L6
     /tmp/ccVIPci5.s:561    .text:00000000000002dc .L30
     /tmp/ccVIPci5.s:527    .text:00000000000002b4 .L33
     /tmp/ccVIPci5.s:543    .text:00000000000002c8 .L25
     /tmp/ccVIPci5.s:490    .text:0000000000000284 .L27
     /tmp/ccVIPci5.s:481    .text:000000000000027c .L36
     /tmp/ccVIPci5.s:2140   .debug_abbrev:0000000000000000 .Ldebug_abbrev0
     /tmp/ccVIPci5.s:3971   .debug_str:00000000000006e6 .LASF119
     /tmp/ccVIPci5.s:3895   .debug_str:00000000000004cd .LASF120
     /tmp/ccVIPci5.s:3827   .debug_str:000000000000025a .LASF121
     /tmp/ccVIPci5.s:5      .text:0000000000000000 .Ltext0
     /tmp/ccVIPci5.s:609    .text:0000000000000314 .Letext0
     /tmp/ccVIPci5.s:3753   .debug_line:0000000000000000 .Ldebug_line0
     /tmp/ccVIPci5.s:3903   .debug_str:000000000000050f .LASF0
     /tmp/ccVIPci5.s:3923   .debug_str:00000000000005a7 .LASF1
     /tmp/ccVIPci5.s:3885   .debug_str:0000000000000486 .LASF2
     /tmp/ccVIPci5.s:3853   .debug_str:000000000000039a .LASF4
     /tmp/ccVIPci5.s:3955   .debug_str:0000000000000672 .LASF3
     /tmp/ccVIPci5.s:3781   .debug_str:00000000000000db .LASF5
     /tmp/ccVIPci5.s:3813   .debug_str:000000000000020c .LASF6
     /tmp/ccVIPci5.s:3925   .debug_str:00000000000005ba .LASF7
     /tmp/ccVIPci5.s:3901   .debug_str:00000000000004fc .LASF8
     /tmp/ccVIPci5.s:3985   .debug_str:00000000000007e7 .LASF9
     /tmp/ccVIPci5.s:3839   .debug_str:00000000000002e9 .LASF10
     /tmp/ccVIPci5.s:3931   .debug_str:00000000000005e2 .LASF11
     /tmp/ccVIPci5.s:3977   .debug_str:00000000000007bf .LASF12
     /tmp/ccVIPci5.s:3785   .debug_str:0000000000000104 .LASF13
     /tmp/ccVIPci5.s:3761   .debug_str:000000000000003a .LASF14
     /tmp/ccVIPci5.s:3799   .debug_str:0000000000000180 .LASF15
     /tmp/ccVIPci5.s:3947   .debug_str:0000000000000627 .LASF16
     /tmp/ccVIPci5.s:3809   .debug_str:00000000000001f1 .LASF17
     /tmp/ccVIPci5.s:3975   .debug_str:00000000000007b4 .LASF34
     /tmp/ccVIPci5.s:4009   .debug_str:00000000000008ce .LASF18
     /tmp/ccVIPci5.s:3999   .debug_str:0000000000000856 .LASF19
     /tmp/ccVIPci5.s:3965   .debug_str:00000000000006d0 .LASF20
     /tmp/ccVIPci5.s:3881   .debug_str:0000000000000468 .LASF31
     /tmp/ccVIPci5.s:3959   .debug_str:0000000000000695 .LASF21
     /tmp/ccVIPci5.s:3963   .debug_str:00000000000006af .LASF23
GAS LISTING /tmp/ccVIPci5.s 			page 22


     /tmp/ccVIPci5.s:3935   .debug_str:00000000000005f6 .LASF22
     /tmp/ccVIPci5.s:3837   .debug_str:00000000000002c8 .LASF24
     /tmp/ccVIPci5.s:3917   .debug_str:000000000000055d .LASF50
     /tmp/ccVIPci5.s:3757   .debug_str:000000000000000b .LASF52
     /tmp/ccVIPci5.s:3995   .debug_str:0000000000000839 .LASF25
     /tmp/ccVIPci5.s:3803   .debug_str:0000000000000198 .LASF27
     /tmp/ccVIPci5.s:3991   .debug_str:0000000000000810 .LASF26
     /tmp/ccVIPci5.s:3851   .debug_str:0000000000000367 .LASF28
     /tmp/ccVIPci5.s:3847   .debug_str:0000000000000345 .LASF29
     /tmp/ccVIPci5.s:3883   .debug_str:0000000000000478 .LASF30
     /tmp/ccVIPci5.s:3929   .debug_str:00000000000005d8 .LASF32
     /tmp/ccVIPci5.s:3829   .debug_str:0000000000000278 .LASF33
     /tmp/ccVIPci5.s:3849   .debug_str:0000000000000353 .LASF122
     /tmp/ccVIPci5.s:3797   .debug_str:0000000000000168 .LASF123
     /tmp/ccVIPci5.s:3877   .debug_str:0000000000000451 .LASF124
     /tmp/ccVIPci5.s:3767   .debug_str:000000000000006b .LASF35
     /tmp/ccVIPci5.s:3815   .debug_str:0000000000000213 .LASF36
     /tmp/ccVIPci5.s:3939   .debug_str:0000000000000604 .LASF37
     /tmp/ccVIPci5.s:3927   .debug_str:00000000000005cd .LASF40
     /tmp/ccVIPci5.s:3805   .debug_str:00000000000001c3 .LASF42
     /tmp/ccVIPci5.s:3887   .debug_str:0000000000000494 .LASF38
     /tmp/ccVIPci5.s:4011   .debug_str:00000000000008d3 .LASF39
     /tmp/ccVIPci5.s:3879   .debug_str:000000000000045b .LASF41
     /tmp/ccVIPci5.s:3779   .debug_str:00000000000000c2 .LASF43
     /tmp/ccVIPci5.s:3765   .debug_str:0000000000000061 .LASF44
     /tmp/ccVIPci5.s:3869   .debug_str:00000000000003fa .LASF45
     /tmp/ccVIPci5.s:3983   .debug_str:00000000000007db .LASF46
     /tmp/ccVIPci5.s:3889   .debug_str:00000000000004a0 .LASF47
     /tmp/ccVIPci5.s:3841   .debug_str:00000000000002f7 .LASF48
     /tmp/ccVIPci5.s:3825   .debug_str:0000000000000242 .LASF49
     /tmp/ccVIPci5.s:3949   .debug_str:000000000000063d .LASF51
     /tmp/ccVIPci5.s:3893   .debug_str:00000000000004bd .LASF53
     /tmp/ccVIPci5.s:3819   .debug_str:0000000000000222 .LASF125
     /tmp/ccVIPci5.s:3867   .debug_str:00000000000003ed .LASF54
     /tmp/ccVIPci5.s:3921   .debug_str:0000000000000587 .LASF55
     /tmp/ccVIPci5.s:3941   .debug_str:0000000000000610 .LASF126
     /tmp/ccVIPci5.s:4001   .debug_str:000000000000085b .LASF56
     /tmp/ccVIPci5.s:3771   .debug_str:000000000000008d .LASF57
     /tmp/ccVIPci5.s:3807   .debug_str:00000000000001da .LASF58
     /tmp/ccVIPci5.s:3791   .debug_str:0000000000000134 .LASF59
     /tmp/ccVIPci5.s:3855   .debug_str:00000000000003a1 .LASF60
     /tmp/ccVIPci5.s:3835   .debug_str:00000000000002b8 .LASF61
     /tmp/ccVIPci5.s:3759   .debug_str:000000000000002e .LASF62
     /tmp/ccVIPci5.s:3961   .debug_str:000000000000069f .LASF63
     /tmp/ccVIPci5.s:3945   .debug_str:000000000000061a .LASF65
     /tmp/ccVIPci5.s:3857   .debug_str:00000000000003ad .LASF64
     /tmp/ccVIPci5.s:3795   .debug_str:000000000000015b .LASF66
     /tmp/ccVIPci5.s:3787   .debug_str:0000000000000114 .LASF67
     /tmp/ccVIPci5.s:3763   .debug_str:000000000000004a .LASF68
     /tmp/ccVIPci5.s:3897   .debug_str:00000000000004dd .LASF69
     /tmp/ccVIPci5.s:3865   .debug_str:00000000000003d6 .LASF70
     /tmp/ccVIPci5.s:3861   .debug_str:00000000000003c9 .LASF71
     /tmp/ccVIPci5.s:3907   .debug_str:0000000000000525 .LASF72
     /tmp/ccVIPci5.s:3909   .debug_str:000000000000052b .LASF73
     /tmp/ccVIPci5.s:3863   .debug_str:00000000000003ce .LASF74
     /tmp/ccVIPci5.s:3859   .debug_str:00000000000003c0 .LASF75
     /tmp/ccVIPci5.s:3997   .debug_str:000000000000084c .LASF76
GAS LISTING /tmp/ccVIPci5.s 			page 23


     /tmp/ccVIPci5.s:3913   .debug_str:000000000000053a .LASF77
     /tmp/ccVIPci5.s:3817   .debug_str:0000000000000218 .LASF78
     /tmp/ccVIPci5.s:3957   .debug_str:0000000000000684 .LASF79
     /tmp/ccVIPci5.s:3905   .debug_str:000000000000051c .LASF81
     /tmp/ccVIPci5.s:3821   .debug_str:000000000000022a .LASF83
     /tmp/ccVIPci5.s:3993   .debug_str:000000000000082b .LASF80
     /tmp/ccVIPci5.s:3843   .debug_str:0000000000000304 .LASF91
     /tmp/ccVIPci5.s:3871   .debug_str:000000000000040f .LASF82
     /tmp/ccVIPci5.s:3845   .debug_str:000000000000032c .LASF84
     /tmp/ccVIPci5.s:3823   .debug_str:000000000000023d .LASF85
     /tmp/ccVIPci5.s:3755   .debug_str:0000000000000000 .LASF86
     /tmp/ccVIPci5.s:3979   .debug_str:00000000000007ce .LASF87
     /tmp/ccVIPci5.s:3943   .debug_str:0000000000000615 .LASF88
     /tmp/ccVIPci5.s:3987   .debug_str:00000000000007f7 .LASF89
     /tmp/ccVIPci5.s:3915   .debug_str:0000000000000544 .LASF90
     /tmp/ccVIPci5.s:3793   .debug_str:0000000000000141 .LASF92
     /tmp/ccVIPci5.s:3875   .debug_str:000000000000042c .LASF93
     /tmp/ccVIPci5.s:3933   .debug_str:00000000000005f1 .LASF94
     /tmp/ccVIPci5.s:3811   .debug_str:0000000000000207 .LASF95
     /tmp/ccVIPci5.s:3891   .debug_str:00000000000004b8 .LASF96
     /tmp/ccVIPci5.s:3989   .debug_str:00000000000007fc .LASF97
     /tmp/ccVIPci5.s:4005   .debug_str:00000000000008a2 .LASF98
     /tmp/ccVIPci5.s:3973   .debug_str:00000000000007aa .LASF127
     /tmp/ccVIPci5.s:3777   .debug_str:00000000000000ab .LASF128
     /tmp/ccVIPci5.s:4013   .debug_str:00000000000008ea .LASF99
     /tmp/ccVIPci5.s:3801   .debug_str:000000000000018c .LASF100
     /tmp/ccVIPci5.s:3919   .debug_str:0000000000000568 .LASF101
     /tmp/ccVIPci5.s:3899   .debug_str:00000000000004f2 .LASF102
     /tmp/ccVIPci5.s:3831   .debug_str:0000000000000289 .LASF103
     /tmp/ccVIPci5.s:3981   .debug_str:00000000000007d3 .LASF104
     /tmp/ccVIPci5.s:3967   .debug_str:00000000000006d5 .LASF105
     /tmp/ccVIPci5.s:3773   .debug_str:0000000000000099 .LASF106
     /tmp/ccVIPci5.s:3769   .debug_str:0000000000000073 .LASF107
     /tmp/ccVIPci5.s:3775   .debug_str:00000000000000a4 .LASF108
     /tmp/ccVIPci5.s:4007   .debug_str:00000000000008b9 .LASF109
     /tmp/ccVIPci5.s:3833   .debug_str:00000000000002a5 .LASF129
     /tmp/ccVIPci5.s:3783   .debug_str:00000000000000e2 .LASF110
     /tmp/ccVIPci5.s:569    .text:00000000000002e0 .LFB44
     /tmp/ccVIPci5.s:595    .text:0000000000000314 .LFE44
     /tmp/ccVIPci5.s:585    .text:0000000000000304 .LVL48
     /tmp/ccVIPci5.s:3953   .debug_str:0000000000000648 .LASF111
     /tmp/ccVIPci5.s:9      .text:0000000000000000 .LFB43
     /tmp/ccVIPci5.s:54     .text:0000000000000044 .LFE43
     /tmp/ccVIPci5.s:3873   .debug_str:000000000000041d .LASF112
     /tmp/ccVIPci5.s:3969   .debug_str:00000000000006db .LASF113
     /tmp/ccVIPci5.s:38     .text:000000000000002c .LBB48
     /tmp/ccVIPci5.s:50     .text:0000000000000040 .LBE48
     /tmp/ccVIPci5.s:3268   .debug_loc:0000000000000000 .LLST0
     /tmp/ccVIPci5.s:429    .text:0000000000000230 .LFB42
     /tmp/ccVIPci5.s:564    .text:00000000000002e0 .LFE42
     /tmp/ccVIPci5.s:3731   .debug_ranges:0000000000000000 .Ldebug_ranges0
     /tmp/ccVIPci5.s:3277   .debug_loc:000000000000002c .LLST38
     /tmp/ccVIPci5.s:485    .text:000000000000027c .LBB131
     /tmp/ccVIPci5.s:3288   .debug_loc:0000000000000062 .LLST39
     /tmp/ccVIPci5.s:3303   .debug_loc:00000000000000aa .LLST40
     /tmp/ccVIPci5.s:3314   .debug_loc:00000000000000e0 .LLST41
     /tmp/ccVIPci5.s:496    .text:0000000000000288 .LBB133
GAS LISTING /tmp/ccVIPci5.s 			page 24


     /tmp/ccVIPci5.s:503    .text:0000000000000290 .LBE133
     /tmp/ccVIPci5.s:3321   .debug_loc:0000000000000103 .LLST42
     /tmp/ccVIPci5.s:501    .text:0000000000000290 .LVL43
     /tmp/ccVIPci5.s:514    .text:00000000000002a0 .LVL44
     /tmp/ccVIPci5.s:435    .text:0000000000000230 .LBB127
     /tmp/ccVIPci5.s:447    .text:0000000000000240 .LBE127
     /tmp/ccVIPci5.s:3328   .debug_loc:0000000000000126 .LLST37
     /tmp/ccVIPci5.s:60     .text:0000000000000044 .LFB41
     /tmp/ccVIPci5.s:423    .text:0000000000000230 .LFE41
     /tmp/ccVIPci5.s:3337   .debug_loc:0000000000000152 .LLST1
     /tmp/ccVIPci5.s:3392   .debug_loc:000000000000022c .LLST2
     /tmp/ccVIPci5.s:89     .text:0000000000000074 .LBB85
     /tmp/ccVIPci5.s:97     .text:0000000000000078 .LBE85
     /tmp/ccVIPci5.s:3407   .debug_loc:0000000000000275 .LLST3
     /tmp/ccVIPci5.s:101    .text:000000000000007c .LBB87
     /tmp/ccVIPci5.s:108    .text:0000000000000080 .LBE87
     /tmp/ccVIPci5.s:3414   .debug_loc:0000000000000298 .LLST4
     /tmp/ccVIPci5.s:117    .text:000000000000008c .LBB89
     /tmp/ccVIPci5.s:3421   .debug_loc:00000000000002bb .LLST5
     /tmp/ccVIPci5.s:3461   .debug_loc:0000000000000359 .LLST6
     /tmp/ccVIPci5.s:3472   .debug_loc:000000000000038f .LLST7
     /tmp/ccVIPci5.s:3487   .debug_loc:00000000000003d7 .LLST8
     /tmp/ccVIPci5.s:255    .text:0000000000000154 .LBB95
     /tmp/ccVIPci5.s:308    .text:00000000000001a8 .LBE95
     /tmp/ccVIPci5.s:3513   .debug_loc:0000000000000449 .LLST9
     /tmp/ccVIPci5.s:258    .text:0000000000000154 .LBB96
     /tmp/ccVIPci5.s:267    .text:0000000000000160 .LBE96
     /tmp/ccVIPci5.s:3525   .debug_loc:0000000000000480 .LLST10
     /tmp/ccVIPci5.s:265    .text:0000000000000160 .LVL23
     /tmp/ccVIPci5.s:273    .text:0000000000000170 .LBB98
     /tmp/ccVIPci5.s:282    .text:0000000000000180 .LBE98
     /tmp/ccVIPci5.s:3534   .debug_loc:00000000000004a5 .LLST11
     /tmp/ccVIPci5.s:3541   .debug_loc:00000000000004c8 .LLST12
     /tmp/ccVIPci5.s:3548   .debug_loc:00000000000004eb .LLST13
     /tmp/ccVIPci5.s:3555   .debug_loc:000000000000050e .LLST14
     /tmp/ccVIPci5.s:3562   .debug_loc:0000000000000531 .LLST15
     /tmp/ccVIPci5.s:351    .text:00000000000001d8 .LBB100
     /tmp/ccVIPci5.s:393    .text:0000000000000210 .LBE100
     /tmp/ccVIPci5.s:3569   .debug_loc:0000000000000554 .LLST16
     /tmp/ccVIPci5.s:353    .text:00000000000001d8 .LBB101
     /tmp/ccVIPci5.s:362    .text:00000000000001e4 .LBE101
     /tmp/ccVIPci5.s:3576   .debug_loc:0000000000000577 .LLST17
     /tmp/ccVIPci5.s:360    .text:00000000000001e4 .LVL33
     /tmp/ccVIPci5.s:367    .text:00000000000001f0 .LBB103
     /tmp/ccVIPci5.s:376    .text:0000000000000200 .LBE103
     /tmp/ccVIPci5.s:3585   .debug_loc:000000000000059c .LLST18
     /tmp/ccVIPci5.s:3592   .debug_loc:00000000000005bf .LLST19
     /tmp/ccVIPci5.s:3599   .debug_loc:00000000000005e2 .LLST20
     /tmp/ccVIPci5.s:3607   .debug_loc:0000000000000606 .LLST21
     /tmp/ccVIPci5.s:3614   .debug_loc:0000000000000629 .LLST22
     /tmp/ccVIPci5.s:208    .text:000000000000010c .LBB106
     /tmp/ccVIPci5.s:250    .text:0000000000000150 .LBE106
     /tmp/ccVIPci5.s:3621   .debug_loc:000000000000064c .LLST23
     /tmp/ccVIPci5.s:210    .text:000000000000010c .LBB107
     /tmp/ccVIPci5.s:218    .text:0000000000000118 .LBE107
     /tmp/ccVIPci5.s:3628   .debug_loc:000000000000066f .LLST24
     /tmp/ccVIPci5.s:216    .text:0000000000000118 .LVL16
GAS LISTING /tmp/ccVIPci5.s 			page 25


     /tmp/ccVIPci5.s:223    .text:0000000000000124 .LBB109
     /tmp/ccVIPci5.s:232    .text:0000000000000134 .LBE109
     /tmp/ccVIPci5.s:3637   .debug_loc:0000000000000694 .LLST25
     /tmp/ccVIPci5.s:3644   .debug_loc:00000000000006b7 .LLST26
     /tmp/ccVIPci5.s:3652   .debug_loc:00000000000006db .LLST27
     /tmp/ccVIPci5.s:3659   .debug_loc:00000000000006fe .LLST28
     /tmp/ccVIPci5.s:3666   .debug_loc:0000000000000721 .LLST29
     /tmp/ccVIPci5.s:169    .text:00000000000000d0 .LBB113
     /tmp/ccVIPci5.s:206    .text:000000000000010c .LBE113
     /tmp/ccVIPci5.s:3673   .debug_loc:0000000000000744 .LLST30
     /tmp/ccVIPci5.s:171    .text:00000000000000d0 .LBB114
     /tmp/ccVIPci5.s:179    .text:00000000000000dc .LBE114
     /tmp/ccVIPci5.s:3680   .debug_loc:0000000000000767 .LLST31
     /tmp/ccVIPci5.s:177    .text:00000000000000dc .LVL13
     /tmp/ccVIPci5.s:180    .text:00000000000000dc .LBB116
     /tmp/ccVIPci5.s:189    .text:00000000000000ec .LBE116
     /tmp/ccVIPci5.s:3689   .debug_loc:000000000000078c .LLST32
     /tmp/ccVIPci5.s:3696   .debug_loc:00000000000007af .LLST33
     /tmp/ccVIPci5.s:3704   .debug_loc:00000000000007d3 .LLST35
     /tmp/ccVIPci5.s:3711   .debug_loc:00000000000007f6 .LLST36
     /tmp/ccVIPci5.s:322    .text:00000000000001bc .LVL29
     /tmp/ccVIPci5.s:3937   .debug_str:00000000000005ff .LASF114
     /tmp/ccVIPci5.s:3951   .debug_str:0000000000000643 .LASF115
     /tmp/ccVIPci5.s:3911   .debug_str:0000000000000530 .LASF116
     /tmp/ccVIPci5.s:3789   .debug_str:0000000000000120 .LASF117
     /tmp/ccVIPci5.s:4003   .debug_str:000000000000087d .LASF118
     /tmp/ccVIPci5.s:37     .text:000000000000002c .LVL1
     /tmp/ccVIPci5.s:47     .text:0000000000000040 .LVL2
     /tmp/ccVIPci5.s:526    .text:00000000000002b4 .LVL45
     /tmp/ccVIPci5.s:542    .text:00000000000002c8 .LVL46
     /tmp/ccVIPci5.s:557    .text:00000000000002d4 .LVL47
     /tmp/ccVIPci5.s:480    .text:000000000000027c .LVL41
     /tmp/ccVIPci5.s:494    .text:0000000000000288 .LVL42
     /tmp/ccVIPci5.s:433    .text:0000000000000230 .LVL39
     /tmp/ccVIPci5.s:445    .text:0000000000000240 .LVL40
     /tmp/ccVIPci5.s:63     .text:0000000000000044 .LVL3
     /tmp/ccVIPci5.s:165    .text:00000000000000d0 .LVL12
     /tmp/ccVIPci5.s:241    .text:0000000000000144 .LVL19
     /tmp/ccVIPci5.s:248    .text:0000000000000150 .LVL20
     /tmp/ccVIPci5.s:263    .text:0000000000000158 .LVL22
     /tmp/ccVIPci5.s:342    .text:00000000000001d8 .LVL31
     /tmp/ccVIPci5.s:358    .text:00000000000001dc .LVL32
     /tmp/ccVIPci5.s:386    .text:0000000000000210 .LVL36
     /tmp/ccVIPci5.s:402    .text:0000000000000214 .LVL37
     /tmp/ccVIPci5.s:405    .text:0000000000000218 .LVL38
     /tmp/ccVIPci5.s:84     .text:0000000000000070 .LVL4
     /tmp/ccVIPci5.s:338    .text:00000000000001d0 .LVL30
     /tmp/ccVIPci5.s:88     .text:0000000000000074 .LVL5
     /tmp/ccVIPci5.s:95     .text:0000000000000078 .LVL6
     /tmp/ccVIPci5.s:100    .text:000000000000007c .LVL7
     /tmp/ccVIPci5.s:106    .text:0000000000000080 .LVL8
     /tmp/ccVIPci5.s:116    .text:000000000000008c .LVL9
     /tmp/ccVIPci5.s:306    .text:00000000000001a8 .LVL28
     /tmp/ccVIPci5.s:142    .text:00000000000000a8 .LVL10
     /tmp/ccVIPci5.s:303    .text:00000000000001a4 .LVL27
     /tmp/ccVIPci5.s:280    .text:0000000000000180 .LVL25
     /tmp/ccVIPci5.s:301    .text:00000000000001a0 .LVL26
GAS LISTING /tmp/ccVIPci5.s 			page 26


     /tmp/ccVIPci5.s:257    .text:0000000000000154 .LVL21
     /tmp/ccVIPci5.s:272    .text:0000000000000170 .LVL24
     /tmp/ccVIPci5.s:374    .text:0000000000000200 .LVL35
     /tmp/ccVIPci5.s:366    .text:00000000000001f0 .LVL34
     /tmp/ccVIPci5.s:230    .text:0000000000000134 .LVL18
     /tmp/ccVIPci5.s:204    .text:000000000000010c .LVL15
     /tmp/ccVIPci5.s:222    .text:0000000000000124 .LVL17
     /tmp/ccVIPci5.s:187    .text:00000000000000ec .LVL14
     /tmp/ccVIPci5.s:615    .debug_info:0000000000000000 .Ldebug_info0
     /tmp/ccVIPci5.s:128    .text:0000000000000098 .LBE89
     /tmp/ccVIPci5.s:130    .text:0000000000000098 .LBB124
     /tmp/ccVIPci5.s:314    .text:00000000000001a8 .LBE124
     /tmp/ccVIPci5.s:345    .text:00000000000001d8 .LBB125
     /tmp/ccVIPci5.s:399    .text:0000000000000210 .LBE125
     /tmp/ccVIPci5.s:484    .text:000000000000027c .LBB130
     /tmp/ccVIPci5.s:515    .text:00000000000002a0 .LBE130
     /tmp/ccVIPci5.s:528    .text:00000000000002b4 .LBB137
     /tmp/ccVIPci5.s:546    .text:00000000000002c8 .LBE137
     /tmp/ccVIPci5.s:506    .text:0000000000000290 .LBE131
     /tmp/ccVIPci5.s:530    .text:00000000000002b4 .LBB136
     /tmp/ccVIPci5.s:545    .text:00000000000002c8 .LBE136

UNDEFINED SYMBOLS
_ZN3TCB7runningE
_ZN15MemoryAllocator9mem_allocEm
_ZN3TCB16timeSliceCounterE
_ZN3TCB8dispatchEv
_ZN15MemoryAllocator8mem_freeEPv
_ZN9Scheduler3putEP3TCB
