GAS LISTING /tmp/cckub2Ct.s 			page 1


   1              		.file	"syscall_c.cpp"
   2              		.option pic
   3              		.option norelax
   4              		.text
   5              	.Ltext0:
   6              		.align	2
   7              		.globl	_Z9mem_allocm
   9              	_Z9mem_allocm:
  10              	.LFB42:
  11              		.file 1 "src/syscall_c.cpp"
   1:src/syscall_c.cpp **** //
   2:src/syscall_c.cpp **** // Created by os on 9/16/25.
   3:src/syscall_c.cpp **** //
   4:src/syscall_c.cpp **** 
   5:src/syscall_c.cpp **** #include "../h/syscall_c.h"
   6:src/syscall_c.cpp **** #include "printing.hpp"
   7:src/syscall_c.cpp **** #include "../lib/console.h"
   8:src/syscall_c.cpp **** 
   9:src/syscall_c.cpp **** void* mem_alloc(size_t size)
  10:src/syscall_c.cpp **** {
  12              		.loc 1 10 1
  13              		.cfi_startproc
  14              	.LVL0:
  15 0000 130101FF 		addi	sp,sp,-16
  16              		.cfi_def_cfa_offset 16
  17 0004 23348100 		sd	s0,8(sp)
  18              		.cfi_offset 8, -8
  19 0008 13040101 		addi	s0,sp,16
  20              		.cfi_def_cfa 8, 0
  11:src/syscall_c.cpp ****     /*
  12:src/syscall_c.cpp ****     int64 rsize = size/MEM_BLOCK_SIZE;
  13:src/syscall_c.cpp ****     if(size % MEM_BLOCK_SIZE > 0)rsize++;
  14:src/syscall_c.cpp ****     abiCall(0x01, (uint64)rsize);
  15:src/syscall_c.cpp ****     */
  16:src/syscall_c.cpp ****     /*
  17:src/syscall_c.cpp ****     if(size < MEM_BLOCK_SIZE) { newSize = 1;} else {
  18:src/syscall_c.cpp ****         size /= MEM_BLOCK_SIZE;
  19:src/syscall_c.cpp ****         newSize = (size % MEM_BLOCK_SIZE != 0) ? size + 1 : size;
  20:src/syscall_c.cpp ****     }
  21:src/syscall_c.cpp ****     */
  22:src/syscall_c.cpp ****     size_t rsize = size * MEM_BLOCK_SIZE;
  21              		.loc 1 22 5
  22              		.loc 1 22 12 is_stmt 0
  23 000c 13156500 		slli	a0,a0,6
  24              	.LVL1:
  23:src/syscall_c.cpp ****     __asm__ volatile("mv a1, %0" : : "r"(rsize));
  25              		.loc 1 23 5 is_stmt 1
  26              		.loc 1 23 49 is_stmt 0
  27              	#APP
  28              	# 23 "src/syscall_c.cpp" 1
  24              	    __asm__ volatile("li a0, 0x01");
  29              		mv a1, a0
  30              	# 0 "" 2
  31              		.loc 1 24 5 is_stmt 1
  32              		.loc 1 24 36 is_stmt 0
  33              	# 24 "src/syscall_c.cpp" 1
  25              	    __asm__ volatile("ecall");
GAS LISTING /tmp/cckub2Ct.s 			page 2


  34              		li a0, 0x01
  35              	# 0 "" 2
  36              		.loc 1 25 5 is_stmt 1
  37              		.loc 1 25 30 is_stmt 0
  38              	# 25 "src/syscall_c.cpp" 1
  26              	
  27:src/syscall_c.cpp ****     void* retVal;
  39              		ecall
  40              	# 0 "" 2
  41              		.loc 1 27 5 is_stmt 1
  28:src/syscall_c.cpp ****     __asm__ volatile("mv %0, a0" : "=r"(retVal));
  42              		.loc 1 28 5
  43              		.loc 1 28 49 is_stmt 0
  44              	# 28 "src/syscall_c.cpp" 1
  29              	    return retVal;
  45              		mv a0, a0
  46              	# 0 "" 2
  47              	.LVL2:
  48              		.loc 1 29 5 is_stmt 1
  30:src/syscall_c.cpp **** }
  49              		.loc 1 30 1 is_stmt 0
  50              	#NO_APP
  51 0020 03348100 		ld	s0,8(sp)
  52              		.cfi_restore 8
  53              		.cfi_def_cfa 2, 16
  54 0024 13010101 		addi	sp,sp,16
  55              		.cfi_def_cfa_offset 0
  56 0028 67800000 		jr	ra
  57              		.cfi_endproc
  58              	.LFE42:
  60              		.align	2
  61              		.globl	_Z8mem_freePv
  63              	_Z8mem_freePv:
  64              	.LFB43:
  31:src/syscall_c.cpp **** int mem_free(void* p)
  32:src/syscall_c.cpp **** {
  65              		.loc 1 32 1 is_stmt 1
  66              		.cfi_startproc
  67              	.LVL3:
  68 002c 130101FF 		addi	sp,sp,-16
  69              		.cfi_def_cfa_offset 16
  70 0030 23348100 		sd	s0,8(sp)
  71              		.cfi_offset 8, -8
  72 0034 13040101 		addi	s0,sp,16
  73              		.cfi_def_cfa 8, 0
  33:src/syscall_c.cpp ****     __asm__ volatile("mv a1, %0" : : "r"(p));
  74              		.loc 1 33 5
  75              		.loc 1 33 45 is_stmt 0
  76              	#APP
  77              	# 33 "src/syscall_c.cpp" 1
  34              	    __asm__ volatile("li a0, 0x02");
  78              		mv a1, a0
  79              	# 0 "" 2
  80              		.loc 1 34 5 is_stmt 1
  81              		.loc 1 34 36 is_stmt 0
  82              	# 34 "src/syscall_c.cpp" 1
  35              	    __asm__ volatile("ecall");
GAS LISTING /tmp/cckub2Ct.s 			page 3


  83              		li a0, 0x02
  84              	# 0 "" 2
  85              		.loc 1 35 5 is_stmt 1
  86              		.loc 1 35 30 is_stmt 0
  87              	# 35 "src/syscall_c.cpp" 1
  36              	
  37:src/syscall_c.cpp ****     int retVal;
  88              		ecall
  89              	# 0 "" 2
  90              		.loc 1 37 5 is_stmt 1
  38:src/syscall_c.cpp ****     __asm__ volatile("mv %0, a0" : "=r"(retVal));
  91              		.loc 1 38 5
  92              		.loc 1 38 49 is_stmt 0
  93              	# 38 "src/syscall_c.cpp" 1
  39              	    return retVal;
  94              		mv a0, a0
  95              	# 0 "" 2
  96              	.LVL4:
  97              		.loc 1 39 5 is_stmt 1
  40:src/syscall_c.cpp **** }
  98              		.loc 1 40 1 is_stmt 0
  99              	#NO_APP
 100 0048 1B050500 		sext.w	a0,a0
 101 004c 03348100 		ld	s0,8(sp)
 102              		.cfi_restore 8
 103              		.cfi_def_cfa 2, 16
 104 0050 13010101 		addi	sp,sp,16
 105              		.cfi_def_cfa_offset 0
 106 0054 67800000 		jr	ra
 107              		.cfi_endproc
 108              	.LFE43:
 110              		.align	2
 111              		.globl	_Z18mem_get_free_spacev
 113              	_Z18mem_get_free_spacev:
 114              	.LFB44:
  41:src/syscall_c.cpp **** size_t mem_get_free_space()
  42:src/syscall_c.cpp **** {
 115              		.loc 1 42 1 is_stmt 1
 116              		.cfi_startproc
 117 0058 130101FF 		addi	sp,sp,-16
 118              		.cfi_def_cfa_offset 16
 119 005c 23348100 		sd	s0,8(sp)
 120              		.cfi_offset 8, -8
 121 0060 13040101 		addi	s0,sp,16
 122              		.cfi_def_cfa 8, 0
  43:src/syscall_c.cpp ****     __asm__ volatile("li a0, 0x03");
 123              		.loc 1 43 5
 124              		.loc 1 43 36 is_stmt 0
 125              	#APP
 126              	# 43 "src/syscall_c.cpp" 1
  44              	    __asm__ volatile("ecall");
 127              		li a0, 0x03
 128              	# 0 "" 2
 129              		.loc 1 44 5 is_stmt 1
 130              		.loc 1 44 30 is_stmt 0
 131              	# 44 "src/syscall_c.cpp" 1
  45              	
GAS LISTING /tmp/cckub2Ct.s 			page 4


  46:src/syscall_c.cpp ****     size_t retVal;
 132              		ecall
 133              	# 0 "" 2
 134              		.loc 1 46 5 is_stmt 1
  47:src/syscall_c.cpp ****     __asm__ volatile("mv %0, a0" : "=r"(retVal));
 135              		.loc 1 47 5
 136              		.loc 1 47 49 is_stmt 0
 137              	# 47 "src/syscall_c.cpp" 1
  48              	    return retVal;
 138              		mv a0, a0
 139              	# 0 "" 2
 140              	.LVL5:
 141              		.loc 1 48 5 is_stmt 1
  49:src/syscall_c.cpp **** }
 142              		.loc 1 49 1 is_stmt 0
 143              	#NO_APP
 144 0070 03348100 		ld	s0,8(sp)
 145              		.cfi_restore 8
 146              		.cfi_def_cfa 2, 16
 147 0074 13010101 		addi	sp,sp,16
 148              		.cfi_def_cfa_offset 0
 149 0078 67800000 		jr	ra
 150              		.cfi_endproc
 151              	.LFE44:
 153              		.align	2
 154              		.globl	_Z26mem_get_largest_free_blockv
 156              	_Z26mem_get_largest_free_blockv:
 157              	.LFB45:
  50:src/syscall_c.cpp **** size_t mem_get_largest_free_block()
  51:src/syscall_c.cpp **** {
 158              		.loc 1 51 1 is_stmt 1
 159              		.cfi_startproc
 160 007c 130101FF 		addi	sp,sp,-16
 161              		.cfi_def_cfa_offset 16
 162 0080 23348100 		sd	s0,8(sp)
 163              		.cfi_offset 8, -8
 164 0084 13040101 		addi	s0,sp,16
 165              		.cfi_def_cfa 8, 0
  52:src/syscall_c.cpp ****     __asm__ volatile("li a0, 0x04");
 166              		.loc 1 52 5
 167              		.loc 1 52 36 is_stmt 0
 168              	#APP
 169              	# 52 "src/syscall_c.cpp" 1
  53              	    __asm__ volatile("ecall");
 170              		li a0, 0x04
 171              	# 0 "" 2
 172              		.loc 1 53 5 is_stmt 1
 173              		.loc 1 53 30 is_stmt 0
 174              	# 53 "src/syscall_c.cpp" 1
  54              	
  55:src/syscall_c.cpp ****     size_t retVal;
 175              		ecall
 176              	# 0 "" 2
 177              		.loc 1 55 5 is_stmt 1
  56:src/syscall_c.cpp ****     __asm__ volatile("mv %0, a0" : "=r"(retVal));
 178              		.loc 1 56 5
 179              		.loc 1 56 49 is_stmt 0
GAS LISTING /tmp/cckub2Ct.s 			page 5


 180              	# 56 "src/syscall_c.cpp" 1
  57              	    return retVal;
 181              		mv a0, a0
 182              	# 0 "" 2
 183              	.LVL6:
 184              		.loc 1 57 5 is_stmt 1
  58:src/syscall_c.cpp **** }
 185              		.loc 1 58 1 is_stmt 0
 186              	#NO_APP
 187 0094 03348100 		ld	s0,8(sp)
 188              		.cfi_restore 8
 189              		.cfi_def_cfa 2, 16
 190 0098 13010101 		addi	sp,sp,16
 191              		.cfi_def_cfa_offset 0
 192 009c 67800000 		jr	ra
 193              		.cfi_endproc
 194              	.LFE45:
 196              		.align	2
 197              		.globl	_Z13thread_createPP3TCBPFvPvES2_
 199              	_Z13thread_createPP3TCBPFvPvES2_:
 200              	.LFB46:
  59:src/syscall_c.cpp **** 
  60:src/syscall_c.cpp **** int thread_create(thread_t* handle, void(*start_routine)(void*), void* arg)
  61:src/syscall_c.cpp **** {
 201              		.loc 1 61 1 is_stmt 1
 202              		.cfi_startproc
 203              	.LVL7:
 204 00a0 130101FC 		addi	sp,sp,-64
 205              		.cfi_def_cfa_offset 64
 206 00a4 233C1102 		sd	ra,56(sp)
 207 00a8 23388102 		sd	s0,48(sp)
 208 00ac 23349102 		sd	s1,40(sp)
 209 00b0 23302103 		sd	s2,32(sp)
 210 00b4 233C3101 		sd	s3,24(sp)
 211              		.cfi_offset 1, -8
 212              		.cfi_offset 8, -16
 213              		.cfi_offset 9, -24
 214              		.cfi_offset 18, -32
 215              		.cfi_offset 19, -40
 216 00b8 13040104 		addi	s0,sp,64
 217              		.cfi_def_cfa 8, 0
 218 00bc 13090500 		mv	s2,a0
 219 00c0 93840500 		mv	s1,a1
 220 00c4 93090600 		mv	s3,a2
  62:src/syscall_c.cpp ****     /*
  63:src/syscall_c.cpp ****     void* volatile stack= nullptr;
  64:src/syscall_c.cpp ****     if(start_routine)stack = mem_alloc(DEFAULT_STACK_SIZE);
  65:src/syscall_c.cpp ****     */
  66:src/syscall_c.cpp ****     void* volatile stack = nullptr;
 221              		.loc 1 66 5
 222              		.loc 1 66 20 is_stmt 0
 223 00c8 233404FC 		sd	zero,-56(s0)
  67:src/syscall_c.cpp ****     if(start_routine) stack = MemoryAllocator::mem_alloc(DEFAULT_STACK_SIZE);
 224              		.loc 1 67 5 is_stmt 1
 225 00cc 638A0500 		beqz	a1,.L10
 226              		.loc 1 67 23 discriminator 1
 227              		.loc 1 67 57 is_stmt 0 discriminator 1
GAS LISTING /tmp/cckub2Ct.s 			page 6


 228 00d0 37150000 		li	a0,4096
 229              	.LVL8:
 230 00d4 97000000 		call	_ZN15MemoryAllocator9mem_allocEm@plt
 230      E7800000 
 231              	.LVL9:
 232              		.loc 1 67 29 discriminator 1
 233 00dc 2334A4FC 		sd	a0,-56(s0)
 234              	.L10:
  68:src/syscall_c.cpp ****     __asm__ volatile ("mv a4, %0" :: "r" (stack));
 235              		.loc 1 68 5 is_stmt 1
 236              		.loc 1 68 43 is_stmt 0
 237 00e0 833784FC 		ld	a5,-56(s0)
 238              		.loc 1 68 50
 239              	#APP
 240              	# 68 "src/syscall_c.cpp" 1
  69              	    __asm__ volatile ("mv a3, %0" :: "r" (arg));
 241              		mv a4, a5
 242              	# 0 "" 2
 243              		.loc 1 69 5 is_stmt 1
 244              		.loc 1 69 48 is_stmt 0
 245              	# 69 "src/syscall_c.cpp" 1
  70              	    __asm__ volatile ("mv a2, %0" :: "r" (start_routine));
 246              		mv a3, s3
 247              	# 0 "" 2
 248              		.loc 1 70 5 is_stmt 1
 249              		.loc 1 70 58 is_stmt 0
 250              	# 70 "src/syscall_c.cpp" 1
  71              	    __asm__ volatile ("mv a1, %0" :: "r" (handle));
 251              		mv a2, s1
 252              	# 0 "" 2
 253              		.loc 1 71 5 is_stmt 1
 254              		.loc 1 71 51 is_stmt 0
 255              	# 71 "src/syscall_c.cpp" 1
  72              	
  73:src/syscall_c.cpp ****     //printString("Syscall correclty starting\n");
  74:src/syscall_c.cpp ****     __asm__ volatile("li a0, 0x11");
 256              		mv a1, s2
 257              	# 0 "" 2
 258              		.loc 1 74 5 is_stmt 1
 259              		.loc 1 74 36 is_stmt 0
 260              	# 74 "src/syscall_c.cpp" 1
  75              	    __asm__ volatile("ecall");
 261              		li a0, 0x11
 262              	# 0 "" 2
 263              		.loc 1 75 5 is_stmt 1
 264              		.loc 1 75 30 is_stmt 0
 265              	# 75 "src/syscall_c.cpp" 1
  76              	    //printString("Syscall correclty finished\n");
  77:src/syscall_c.cpp **** 
  78:src/syscall_c.cpp ****     int retVal;
 266              		ecall
 267              	# 0 "" 2
 268              		.loc 1 78 5 is_stmt 1
  79:src/syscall_c.cpp ****     __asm__ volatile("mv %0, a0" : "=r"(retVal));
 269              		.loc 1 79 5
 270              		.loc 1 79 49 is_stmt 0
 271              	# 79 "src/syscall_c.cpp" 1
GAS LISTING /tmp/cckub2Ct.s 			page 7


  80              	    return retVal;
 272              		mv a0, a0
 273              	# 0 "" 2
 274              	.LVL10:
 275              		.loc 1 80 5 is_stmt 1
  81:src/syscall_c.cpp **** }
 276              		.loc 1 81 1 is_stmt 0
 277              	#NO_APP
 278 0100 1B050500 		sext.w	a0,a0
 279 0104 83308103 		ld	ra,56(sp)
 280              		.cfi_restore 1
 281 0108 03340103 		ld	s0,48(sp)
 282              		.cfi_restore 8
 283              		.cfi_def_cfa 2, 64
 284 010c 83348102 		ld	s1,40(sp)
 285              		.cfi_restore 9
 286              	.LVL11:
 287 0110 03390102 		ld	s2,32(sp)
 288              		.cfi_restore 18
 289              	.LVL12:
 290 0114 83398101 		ld	s3,24(sp)
 291              		.cfi_restore 19
 292              	.LVL13:
 293 0118 13010104 		addi	sp,sp,64
 294              		.cfi_def_cfa_offset 0
 295 011c 67800000 		jr	ra
 296              		.cfi_endproc
 297              	.LFE46:
 299              		.align	2
 300              		.globl	_Z11thread_exitv
 302              	_Z11thread_exitv:
 303              	.LFB47:
  82:src/syscall_c.cpp **** int thread_exit()
  83:src/syscall_c.cpp **** {
 304              		.loc 1 83 1 is_stmt 1
 305              		.cfi_startproc
 306 0120 130101FF 		addi	sp,sp,-16
 307              		.cfi_def_cfa_offset 16
 308 0124 23348100 		sd	s0,8(sp)
 309              		.cfi_offset 8, -8
 310 0128 13040101 		addi	s0,sp,16
 311              		.cfi_def_cfa 8, 0
  84:src/syscall_c.cpp ****     __asm__ volatile("li a0, 0x12");
 312              		.loc 1 84 5
 313              		.loc 1 84 36 is_stmt 0
 314              	#APP
 315              	# 84 "src/syscall_c.cpp" 1
  85              	    __asm__ volatile("ecall");
 316              		li a0, 0x12
 317              	# 0 "" 2
 318              		.loc 1 85 5 is_stmt 1
 319              		.loc 1 85 30 is_stmt 0
 320              	# 85 "src/syscall_c.cpp" 1
  86              	
  87:src/syscall_c.cpp ****     int retVal;
 321              		ecall
 322              	# 0 "" 2
GAS LISTING /tmp/cckub2Ct.s 			page 8


 323              		.loc 1 87 5 is_stmt 1
  88:src/syscall_c.cpp ****     __asm__ volatile("mv %0, a0" : "=r"(retVal));
 324              		.loc 1 88 5
 325              		.loc 1 88 49 is_stmt 0
 326              	# 88 "src/syscall_c.cpp" 1
  89              	    return retVal;
 327              		mv a0, a0
 328              	# 0 "" 2
 329              	.LVL14:
 330              		.loc 1 89 5 is_stmt 1
  90:src/syscall_c.cpp **** }
 331              		.loc 1 90 1 is_stmt 0
 332              	#NO_APP
 333 0138 1B050500 		sext.w	a0,a0
 334 013c 03348100 		ld	s0,8(sp)
 335              		.cfi_restore 8
 336              		.cfi_def_cfa 2, 16
 337 0140 13010101 		addi	sp,sp,16
 338              		.cfi_def_cfa_offset 0
 339 0144 67800000 		jr	ra
 340              		.cfi_endproc
 341              	.LFE47:
 343              		.align	2
 344              		.globl	_Z15thread_dispatchv
 346              	_Z15thread_dispatchv:
 347              	.LFB48:
  91:src/syscall_c.cpp **** void thread_dispatch()
  92:src/syscall_c.cpp **** {
 348              		.loc 1 92 1 is_stmt 1
 349              		.cfi_startproc
 350 0148 130101FF 		addi	sp,sp,-16
 351              		.cfi_def_cfa_offset 16
 352 014c 23348100 		sd	s0,8(sp)
 353              		.cfi_offset 8, -8
 354 0150 13040101 		addi	s0,sp,16
 355              		.cfi_def_cfa 8, 0
  93:src/syscall_c.cpp ****     __asm__ volatile("li a0, 0x13");
 356              		.loc 1 93 5
 357              		.loc 1 93 36 is_stmt 0
 358              	#APP
 359              	# 93 "src/syscall_c.cpp" 1
  94              	    __asm__ volatile("ecall");
 360              		li a0, 0x13
 361              	# 0 "" 2
 362              		.loc 1 94 5 is_stmt 1
 363              		.loc 1 94 30 is_stmt 0
 364              	# 94 "src/syscall_c.cpp" 1
  95              	    return;
 365              		ecall
 366              	# 0 "" 2
 367              		.loc 1 95 5 is_stmt 1
  96:src/syscall_c.cpp **** }
 368              		.loc 1 96 1 is_stmt 0
 369              	#NO_APP
 370 015c 03348100 		ld	s0,8(sp)
 371              		.cfi_restore 8
 372              		.cfi_def_cfa 2, 16
GAS LISTING /tmp/cckub2Ct.s 			page 9


 373 0160 13010101 		addi	sp,sp,16
 374              		.cfi_def_cfa_offset 0
 375 0164 67800000 		jr	ra
 376              		.cfi_endproc
 377              	.LFE48:
 379              		.align	2
 380              		.globl	_Z8sem_openPP10SemaphoreCj
 382              	_Z8sem_openPP10SemaphoreCj:
 383              	.LFB49:
  97:src/syscall_c.cpp **** 
  98:src/syscall_c.cpp **** int sem_open(sem_t* handle, unsigned init)
  99:src/syscall_c.cpp **** {
 384              		.loc 1 99 1 is_stmt 1
 385              		.cfi_startproc
 386              	.LVL15:
 387 0168 130101FF 		addi	sp,sp,-16
 388              		.cfi_def_cfa_offset 16
 389 016c 23348100 		sd	s0,8(sp)
 390              		.cfi_offset 8, -8
 391 0170 13040101 		addi	s0,sp,16
 392              		.cfi_def_cfa 8, 0
 100:src/syscall_c.cpp ****     __asm__ volatile ("mv a2, %0" :: "r" (init));
 393              		.loc 1 100 5
 394              		.loc 1 100 49 is_stmt 0
 395              	#APP
 396              	# 100 "src/syscall_c.cpp" 1
 101              	    __asm__ volatile ("mv a1, %0":: "r" (handle));
 397              		mv a2, a1
 398              	# 0 "" 2
 399              		.loc 1 101 5 is_stmt 1
 400              		.loc 1 101 50 is_stmt 0
 401              	# 101 "src/syscall_c.cpp" 1
 102              	
 103:src/syscall_c.cpp ****     __asm__ volatile("li a0, 0x21");
 402              		mv a1, a0
 403              	# 0 "" 2
 404              		.loc 1 103 5 is_stmt 1
 405              		.loc 1 103 36 is_stmt 0
 406              	# 103 "src/syscall_c.cpp" 1
 104              	    __asm__ volatile("ecall");
 407              		li a0, 0x21
 408              	# 0 "" 2
 409              		.loc 1 104 5 is_stmt 1
 410              		.loc 1 104 30 is_stmt 0
 411              	# 104 "src/syscall_c.cpp" 1
 105              	
 106:src/syscall_c.cpp ****     int retVal;
 412              		ecall
 413              	# 0 "" 2
 414              		.loc 1 106 5 is_stmt 1
 107:src/syscall_c.cpp ****     __asm__ volatile("mv %0, a0" : "=r"(retVal));
 415              		.loc 1 107 5
 416              		.loc 1 107 49 is_stmt 0
 417              	# 107 "src/syscall_c.cpp" 1
 108              	    return retVal;
 418              		mv a0, a0
 419              	# 0 "" 2
GAS LISTING /tmp/cckub2Ct.s 			page 10


 420              	.LVL16:
 421              		.loc 1 108 5 is_stmt 1
 109:src/syscall_c.cpp **** }
 422              		.loc 1 109 1 is_stmt 0
 423              	#NO_APP
 424 0188 1B050500 		sext.w	a0,a0
 425 018c 03348100 		ld	s0,8(sp)
 426              		.cfi_restore 8
 427              		.cfi_def_cfa 2, 16
 428 0190 13010101 		addi	sp,sp,16
 429              		.cfi_def_cfa_offset 0
 430 0194 67800000 		jr	ra
 431              		.cfi_endproc
 432              	.LFE49:
 434              		.align	2
 435              		.globl	_Z9sem_closeP10SemaphoreC
 437              	_Z9sem_closeP10SemaphoreC:
 438              	.LFB50:
 110:src/syscall_c.cpp **** int sem_close(sem_t handle)
 111:src/syscall_c.cpp **** {
 439              		.loc 1 111 1 is_stmt 1
 440              		.cfi_startproc
 441              	.LVL17:
 442 0198 130101FF 		addi	sp,sp,-16
 443              		.cfi_def_cfa_offset 16
 444 019c 23348100 		sd	s0,8(sp)
 445              		.cfi_offset 8, -8
 446 01a0 13040101 		addi	s0,sp,16
 447              		.cfi_def_cfa 8, 0
 112:src/syscall_c.cpp ****     __asm__ volatile ("mv a1, %0":: "r" (handle));
 448              		.loc 1 112 5
 449              		.loc 1 112 50 is_stmt 0
 450              	#APP
 451              	# 112 "src/syscall_c.cpp" 1
 113              	
 114:src/syscall_c.cpp ****     __asm__ volatile("li a0, 0x22");
 452              		mv a1, a0
 453              	# 0 "" 2
 454              		.loc 1 114 5 is_stmt 1
 455              		.loc 1 114 36 is_stmt 0
 456              	# 114 "src/syscall_c.cpp" 1
 115              	    __asm__ volatile("ecall");
 457              		li a0, 0x22
 458              	# 0 "" 2
 459              		.loc 1 115 5 is_stmt 1
 460              		.loc 1 115 30 is_stmt 0
 461              	# 115 "src/syscall_c.cpp" 1
 116              	
 117:src/syscall_c.cpp ****     int retVal;
 462              		ecall
 463              	# 0 "" 2
 464              		.loc 1 117 5 is_stmt 1
 118:src/syscall_c.cpp ****     __asm__ volatile("mv %0, a0" : "=r"(retVal));
 465              		.loc 1 118 5
 466              		.loc 1 118 49 is_stmt 0
 467              	# 118 "src/syscall_c.cpp" 1
 119              	    return retVal;
GAS LISTING /tmp/cckub2Ct.s 			page 11


 468              		mv a0, a0
 469              	# 0 "" 2
 470              	.LVL18:
 471              		.loc 1 119 5 is_stmt 1
 120:src/syscall_c.cpp **** }
 472              		.loc 1 120 1 is_stmt 0
 473              	#NO_APP
 474 01b4 1B050500 		sext.w	a0,a0
 475 01b8 03348100 		ld	s0,8(sp)
 476              		.cfi_restore 8
 477              		.cfi_def_cfa 2, 16
 478 01bc 13010101 		addi	sp,sp,16
 479              		.cfi_def_cfa_offset 0
 480 01c0 67800000 		jr	ra
 481              		.cfi_endproc
 482              	.LFE50:
 484              		.align	2
 485              		.globl	_Z8sem_waitP10SemaphoreC
 487              	_Z8sem_waitP10SemaphoreC:
 488              	.LFB51:
 121:src/syscall_c.cpp **** int sem_wait(sem_t id)
 122:src/syscall_c.cpp **** {
 489              		.loc 1 122 1 is_stmt 1
 490              		.cfi_startproc
 491              	.LVL19:
 492 01c4 130101FF 		addi	sp,sp,-16
 493              		.cfi_def_cfa_offset 16
 494 01c8 23348100 		sd	s0,8(sp)
 495              		.cfi_offset 8, -8
 496 01cc 13040101 		addi	s0,sp,16
 497              		.cfi_def_cfa 8, 0
 123:src/syscall_c.cpp ****     __asm__ volatile ("mv a1, %0":: "r" (id));
 498              		.loc 1 123 5
 499              		.loc 1 123 46 is_stmt 0
 500              	#APP
 501              	# 123 "src/syscall_c.cpp" 1
 124              	
 125:src/syscall_c.cpp ****     __asm__ volatile("li a0, 0x23");
 502              		mv a1, a0
 503              	# 0 "" 2
 504              		.loc 1 125 5 is_stmt 1
 505              		.loc 1 125 36 is_stmt 0
 506              	# 125 "src/syscall_c.cpp" 1
 126              	    __asm__ volatile("ecall");
 507              		li a0, 0x23
 508              	# 0 "" 2
 509              		.loc 1 126 5 is_stmt 1
 510              		.loc 1 126 30 is_stmt 0
 511              	# 126 "src/syscall_c.cpp" 1
 127              	
 128:src/syscall_c.cpp ****     int retVal;
 512              		ecall
 513              	# 0 "" 2
 514              		.loc 1 128 5 is_stmt 1
 129:src/syscall_c.cpp ****     __asm__ volatile("mv %0, a0" : "=r"(retVal));
 515              		.loc 1 129 5
 516              		.loc 1 129 49 is_stmt 0
GAS LISTING /tmp/cckub2Ct.s 			page 12


 517              	# 129 "src/syscall_c.cpp" 1
 130              	    return retVal;
 518              		mv a0, a0
 519              	# 0 "" 2
 520              	.LVL20:
 521              		.loc 1 130 5 is_stmt 1
 131:src/syscall_c.cpp **** }
 522              		.loc 1 131 1 is_stmt 0
 523              	#NO_APP
 524 01e0 1B050500 		sext.w	a0,a0
 525 01e4 03348100 		ld	s0,8(sp)
 526              		.cfi_restore 8
 527              		.cfi_def_cfa 2, 16
 528 01e8 13010101 		addi	sp,sp,16
 529              		.cfi_def_cfa_offset 0
 530 01ec 67800000 		jr	ra
 531              		.cfi_endproc
 532              	.LFE51:
 534              		.align	2
 535              		.globl	_Z10sem_signalP10SemaphoreC
 537              	_Z10sem_signalP10SemaphoreC:
 538              	.LFB52:
 132:src/syscall_c.cpp **** int sem_signal(sem_t id)
 133:src/syscall_c.cpp **** {
 539              		.loc 1 133 1 is_stmt 1
 540              		.cfi_startproc
 541              	.LVL21:
 542 01f0 130101FF 		addi	sp,sp,-16
 543              		.cfi_def_cfa_offset 16
 544 01f4 23348100 		sd	s0,8(sp)
 545              		.cfi_offset 8, -8
 546 01f8 13040101 		addi	s0,sp,16
 547              		.cfi_def_cfa 8, 0
 134:src/syscall_c.cpp ****     __asm__ volatile ("mv a1, %0":: "r" (id));
 548              		.loc 1 134 5
 549              		.loc 1 134 46 is_stmt 0
 550              	#APP
 551              	# 134 "src/syscall_c.cpp" 1
 135              	
 136:src/syscall_c.cpp ****     __asm__ volatile("li a0, 0x24");
 552              		mv a1, a0
 553              	# 0 "" 2
 554              		.loc 1 136 5 is_stmt 1
 555              		.loc 1 136 36 is_stmt 0
 556              	# 136 "src/syscall_c.cpp" 1
 137              	    __asm__ volatile("ecall");
 557              		li a0, 0x24
 558              	# 0 "" 2
 559              		.loc 1 137 5 is_stmt 1
 560              		.loc 1 137 30 is_stmt 0
 561              	# 137 "src/syscall_c.cpp" 1
 138              	
 139:src/syscall_c.cpp ****     int retVal;
 562              		ecall
 563              	# 0 "" 2
 564              		.loc 1 139 5 is_stmt 1
 140:src/syscall_c.cpp ****     __asm__ volatile("mv %0, a0" : "=r"(retVal));
GAS LISTING /tmp/cckub2Ct.s 			page 13


 565              		.loc 1 140 5
 566              		.loc 1 140 49 is_stmt 0
 567              	# 140 "src/syscall_c.cpp" 1
 141              	    return retVal;
 568              		mv a0, a0
 569              	# 0 "" 2
 570              	.LVL22:
 571              		.loc 1 141 5 is_stmt 1
 142:src/syscall_c.cpp **** }
 572              		.loc 1 142 1 is_stmt 0
 573              	#NO_APP
 574 020c 1B050500 		sext.w	a0,a0
 575 0210 03348100 		ld	s0,8(sp)
 576              		.cfi_restore 8
 577              		.cfi_def_cfa 2, 16
 578 0214 13010101 		addi	sp,sp,16
 579              		.cfi_def_cfa_offset 0
 580 0218 67800000 		jr	ra
 581              		.cfi_endproc
 582              	.LFE52:
 584              		.align	2
 585              		.globl	_Z10time_sleepm
 587              	_Z10time_sleepm:
 588              	.LFB53:
 143:src/syscall_c.cpp **** 
 144:src/syscall_c.cpp **** int time_sleep(time_t time)
 145:src/syscall_c.cpp **** {
 589              		.loc 1 145 1 is_stmt 1
 590              		.cfi_startproc
 591              	.LVL23:
 592 021c 130101FF 		addi	sp,sp,-16
 593              		.cfi_def_cfa_offset 16
 594 0220 23348100 		sd	s0,8(sp)
 595              		.cfi_offset 8, -8
 596 0224 13040101 		addi	s0,sp,16
 597              		.cfi_def_cfa 8, 0
 146:src/syscall_c.cpp ****     __asm__ volatile ("mv a1, %0":: "r" (time));
 598              		.loc 1 146 5
 599              		.loc 1 146 48 is_stmt 0
 600              	#APP
 601              	# 146 "src/syscall_c.cpp" 1
 147              	
 148:src/syscall_c.cpp ****     __asm__ volatile("li a0, 0x31");
 602              		mv a1, a0
 603              	# 0 "" 2
 604              		.loc 1 148 5 is_stmt 1
 605              		.loc 1 148 36 is_stmt 0
 606              	# 148 "src/syscall_c.cpp" 1
 149              	    __asm__ volatile("ecall");
 607              		li a0, 0x31
 608              	# 0 "" 2
 609              		.loc 1 149 5 is_stmt 1
 610              		.loc 1 149 30 is_stmt 0
 611              	# 149 "src/syscall_c.cpp" 1
 150              	
 151:src/syscall_c.cpp ****     int retVal;
 612              		ecall
GAS LISTING /tmp/cckub2Ct.s 			page 14


 613              	# 0 "" 2
 614              		.loc 1 151 5 is_stmt 1
 152:src/syscall_c.cpp ****     __asm__ volatile("mv %0, a0" : "=r"(retVal));
 615              		.loc 1 152 5
 616              		.loc 1 152 49 is_stmt 0
 617              	# 152 "src/syscall_c.cpp" 1
 153              	    return retVal;
 618              		mv a0, a0
 619              	# 0 "" 2
 620              	.LVL24:
 621              		.loc 1 153 5 is_stmt 1
 154:src/syscall_c.cpp **** }
 622              		.loc 1 154 1 is_stmt 0
 623              	#NO_APP
 624 0238 1B050500 		sext.w	a0,a0
 625 023c 03348100 		ld	s0,8(sp)
 626              		.cfi_restore 8
 627              		.cfi_def_cfa 2, 16
 628 0240 13010101 		addi	sp,sp,16
 629              		.cfi_def_cfa_offset 0
 630 0244 67800000 		jr	ra
 631              		.cfi_endproc
 632              	.LFE53:
 634              		.align	2
 635              		.globl	_Z4getcv
 637              	_Z4getcv:
 638              	.LFB54:
 155:src/syscall_c.cpp **** 
 156:src/syscall_c.cpp **** char getc()
 157:src/syscall_c.cpp **** {
 639              		.loc 1 157 1 is_stmt 1
 640              		.cfi_startproc
 641 0248 130101FF 		addi	sp,sp,-16
 642              		.cfi_def_cfa_offset 16
 643 024c 23348100 		sd	s0,8(sp)
 644              		.cfi_offset 8, -8
 645 0250 13040101 		addi	s0,sp,16
 646              		.cfi_def_cfa 8, 0
 158:src/syscall_c.cpp ****     __asm__ volatile("li a0, 0x41");
 647              		.loc 1 158 5
 648              		.loc 1 158 36 is_stmt 0
 649              	#APP
 650              	# 158 "src/syscall_c.cpp" 1
 159              	    __asm__ volatile("ecall");
 651              		li a0, 0x41
 652              	# 0 "" 2
 653              		.loc 1 159 5 is_stmt 1
 654              		.loc 1 159 30 is_stmt 0
 655              	# 159 "src/syscall_c.cpp" 1
 160              	
 161:src/syscall_c.cpp ****     char retVal;
 656              		ecall
 657              	# 0 "" 2
 658              		.loc 1 161 5 is_stmt 1
 162:src/syscall_c.cpp ****     __asm__ volatile("mv %0, a0" : "=r"(retVal));
 659              		.loc 1 162 5
 660              		.loc 1 162 49 is_stmt 0
GAS LISTING /tmp/cckub2Ct.s 			page 15


 661              	# 162 "src/syscall_c.cpp" 1
 163              	    return retVal;
 662              		mv a0, a0
 663              	# 0 "" 2
 664              	.LVL25:
 665              		.loc 1 163 5 is_stmt 1
 164:src/syscall_c.cpp **** }
 666              		.loc 1 164 1 is_stmt 0
 667              	#NO_APP
 668 0260 1375F50F 		andi	a0,a0,0xff
 669 0264 03348100 		ld	s0,8(sp)
 670              		.cfi_restore 8
 671              		.cfi_def_cfa 2, 16
 672 0268 13010101 		addi	sp,sp,16
 673              		.cfi_def_cfa_offset 0
 674 026c 67800000 		jr	ra
 675              		.cfi_endproc
 676              	.LFE54:
 678              		.align	2
 679              		.globl	_Z4putcc
 681              	_Z4putcc:
 682              	.LFB55:
 165:src/syscall_c.cpp **** void putc(char c)
 166:src/syscall_c.cpp **** {
 683              		.loc 1 166 1 is_stmt 1
 684              		.cfi_startproc
 685              	.LVL26:
 686 0270 130101FF 		addi	sp,sp,-16
 687              		.cfi_def_cfa_offset 16
 688 0274 23348100 		sd	s0,8(sp)
 689              		.cfi_offset 8, -8
 690 0278 13040101 		addi	s0,sp,16
 691              		.cfi_def_cfa 8, 0
 167:src/syscall_c.cpp ****     __asm__ volatile ("mv a1, %0":: "r" (c));
 692              		.loc 1 167 5
 693              		.loc 1 167 45 is_stmt 0
 694              	#APP
 695              	# 167 "src/syscall_c.cpp" 1
 168              	
 169:src/syscall_c.cpp ****     __asm__ volatile("li a0, 0x42");
 696              		mv a1, a0
 697              	# 0 "" 2
 698              		.loc 1 169 5 is_stmt 1
 699              		.loc 1 169 36 is_stmt 0
 700              	# 169 "src/syscall_c.cpp" 1
 170              	    __asm__ volatile("ecall");
 701              		li a0, 0x42
 702              	# 0 "" 2
 703              		.loc 1 170 5 is_stmt 1
 704              		.loc 1 170 30 is_stmt 0
 705              	# 170 "src/syscall_c.cpp" 1
 171              	
 172:src/syscall_c.cpp ****     return;
 706              		ecall
 707              	# 0 "" 2
 708              		.loc 1 172 5 is_stmt 1
 173:src/syscall_c.cpp **** }...
GAS LISTING /tmp/cckub2Ct.s 			page 16


 709              		.loc 1 173 1 is_stmt 0
 710              	#NO_APP
 711 0288 03348100 		ld	s0,8(sp)
 712              		.cfi_restore 8
 713              		.cfi_def_cfa 2, 16
 714 028c 13010101 		addi	sp,sp,16
 715              		.cfi_def_cfa_offset 0
 716 0290 67800000 		jr	ra
 717              		.cfi_endproc
 718              	.LFE55:
 720              	.Letext0:
 721              		.file 2 "src/../h/../lib/hw.h"
 722              		.file 3 "src/../h/MemoryAllocator.h"
 723              		.file 4 "src/../h/list.h"
 724              		.file 5 "src/../h/tcb.h"
 725              		.file 6 "src/../h/Semaphore.h"
 726              		.file 7 "src/../h/syscall_c.h"
GAS LISTING /tmp/cckub2Ct.s 			page 17


DEFINED SYMBOLS
                            *ABS*:0000000000000000 syscall_c.cpp
     /tmp/cckub2Ct.s:9      .text:0000000000000000 _Z9mem_allocm
     /tmp/cckub2Ct.s:13     .text:0000000000000000 .L0 
     /tmp/cckub2Ct.s:15     .text:0000000000000000 .L0 
     /tmp/cckub2Ct.s:16     .text:0000000000000004 .L0 
     /tmp/cckub2Ct.s:18     .text:0000000000000008 .L0 
     /tmp/cckub2Ct.s:20     .text:000000000000000c .L0 
     /tmp/cckub2Ct.s:22     .text:000000000000000c .L0 
     /tmp/cckub2Ct.s:23     .text:000000000000000c .L0 
     /tmp/cckub2Ct.s:26     .text:0000000000000010 .L0 
   src/syscall_c.cpp:23     .text:0000000000000010 .L0 
     /tmp/cckub2Ct.s:32     .text:0000000000000014 .L0 
   src/syscall_c.cpp:24     .text:0000000000000014 .L0 
     /tmp/cckub2Ct.s:37     .text:0000000000000018 .L0 
   src/syscall_c.cpp:25     .text:0000000000000018 .L0 
     /tmp/cckub2Ct.s:42     .text:000000000000001c .L0 
     /tmp/cckub2Ct.s:43     .text:000000000000001c .L0 
   src/syscall_c.cpp:28     .text:000000000000001c .L0 
     /tmp/cckub2Ct.s:49     .text:0000000000000020 .L0 
     /tmp/cckub2Ct.s:51     .text:0000000000000020 .L0 
     /tmp/cckub2Ct.s:52     .text:0000000000000024 .L0 
     /tmp/cckub2Ct.s:53     .text:0000000000000024 .L0 
     /tmp/cckub2Ct.s:55     .text:0000000000000028 .L0 
     /tmp/cckub2Ct.s:57     .text:000000000000002c .L0 
     /tmp/cckub2Ct.s:63     .text:000000000000002c _Z8mem_freePv
     /tmp/cckub2Ct.s:66     .text:000000000000002c .L0 
     /tmp/cckub2Ct.s:68     .text:000000000000002c .L0 
     /tmp/cckub2Ct.s:69     .text:0000000000000030 .L0 
     /tmp/cckub2Ct.s:71     .text:0000000000000034 .L0 
     /tmp/cckub2Ct.s:73     .text:0000000000000038 .L0 
     /tmp/cckub2Ct.s:75     .text:0000000000000038 .L0 
   src/syscall_c.cpp:33     .text:0000000000000038 .L0 
     /tmp/cckub2Ct.s:81     .text:000000000000003c .L0 
   src/syscall_c.cpp:34     .text:000000000000003c .L0 
     /tmp/cckub2Ct.s:86     .text:0000000000000040 .L0 
   src/syscall_c.cpp:35     .text:0000000000000040 .L0 
     /tmp/cckub2Ct.s:91     .text:0000000000000044 .L0 
     /tmp/cckub2Ct.s:92     .text:0000000000000044 .L0 
   src/syscall_c.cpp:38     .text:0000000000000044 .L0 
     /tmp/cckub2Ct.s:98     .text:0000000000000048 .L0 
     /tmp/cckub2Ct.s:100    .text:0000000000000048 .L0 
     /tmp/cckub2Ct.s:102    .text:0000000000000050 .L0 
     /tmp/cckub2Ct.s:103    .text:0000000000000050 .L0 
     /tmp/cckub2Ct.s:105    .text:0000000000000054 .L0 
     /tmp/cckub2Ct.s:107    .text:0000000000000058 .L0 
     /tmp/cckub2Ct.s:113    .text:0000000000000058 _Z18mem_get_free_spacev
     /tmp/cckub2Ct.s:116    .text:0000000000000058 .L0 
     /tmp/cckub2Ct.s:117    .text:0000000000000058 .L0 
     /tmp/cckub2Ct.s:118    .text:000000000000005c .L0 
     /tmp/cckub2Ct.s:120    .text:0000000000000060 .L0 
     /tmp/cckub2Ct.s:122    .text:0000000000000064 .L0 
     /tmp/cckub2Ct.s:124    .text:0000000000000064 .L0 
   src/syscall_c.cpp:43     .text:0000000000000064 .L0 
     /tmp/cckub2Ct.s:130    .text:0000000000000068 .L0 
   src/syscall_c.cpp:44     .text:0000000000000068 .L0 
     /tmp/cckub2Ct.s:135    .text:000000000000006c .L0 
GAS LISTING /tmp/cckub2Ct.s 			page 18


     /tmp/cckub2Ct.s:136    .text:000000000000006c .L0 
   src/syscall_c.cpp:47     .text:000000000000006c .L0 
     /tmp/cckub2Ct.s:142    .text:0000000000000070 .L0 
     /tmp/cckub2Ct.s:144    .text:0000000000000070 .L0 
     /tmp/cckub2Ct.s:145    .text:0000000000000074 .L0 
     /tmp/cckub2Ct.s:146    .text:0000000000000074 .L0 
     /tmp/cckub2Ct.s:148    .text:0000000000000078 .L0 
     /tmp/cckub2Ct.s:150    .text:000000000000007c .L0 
     /tmp/cckub2Ct.s:156    .text:000000000000007c _Z26mem_get_largest_free_blockv
     /tmp/cckub2Ct.s:159    .text:000000000000007c .L0 
     /tmp/cckub2Ct.s:160    .text:000000000000007c .L0 
     /tmp/cckub2Ct.s:161    .text:0000000000000080 .L0 
     /tmp/cckub2Ct.s:163    .text:0000000000000084 .L0 
     /tmp/cckub2Ct.s:165    .text:0000000000000088 .L0 
     /tmp/cckub2Ct.s:167    .text:0000000000000088 .L0 
   src/syscall_c.cpp:52     .text:0000000000000088 .L0 
     /tmp/cckub2Ct.s:173    .text:000000000000008c .L0 
   src/syscall_c.cpp:53     .text:000000000000008c .L0 
     /tmp/cckub2Ct.s:178    .text:0000000000000090 .L0 
     /tmp/cckub2Ct.s:179    .text:0000000000000090 .L0 
   src/syscall_c.cpp:56     .text:0000000000000090 .L0 
     /tmp/cckub2Ct.s:185    .text:0000000000000094 .L0 
     /tmp/cckub2Ct.s:187    .text:0000000000000094 .L0 
     /tmp/cckub2Ct.s:188    .text:0000000000000098 .L0 
     /tmp/cckub2Ct.s:189    .text:0000000000000098 .L0 
     /tmp/cckub2Ct.s:191    .text:000000000000009c .L0 
     /tmp/cckub2Ct.s:193    .text:00000000000000a0 .L0 
     /tmp/cckub2Ct.s:199    .text:00000000000000a0 _Z13thread_createPP3TCBPFvPvES2_
     /tmp/cckub2Ct.s:202    .text:00000000000000a0 .L0 
     /tmp/cckub2Ct.s:204    .text:00000000000000a0 .L0 
     /tmp/cckub2Ct.s:205    .text:00000000000000a4 .L0 
     /tmp/cckub2Ct.s:211    .text:00000000000000b8 .L0 
     /tmp/cckub2Ct.s:212    .text:00000000000000b8 .L0 
     /tmp/cckub2Ct.s:213    .text:00000000000000b8 .L0 
     /tmp/cckub2Ct.s:214    .text:00000000000000b8 .L0 
     /tmp/cckub2Ct.s:215    .text:00000000000000b8 .L0 
     /tmp/cckub2Ct.s:217    .text:00000000000000bc .L0 
     /tmp/cckub2Ct.s:222    .text:00000000000000c8 .L0 
     /tmp/cckub2Ct.s:223    .text:00000000000000c8 .L0 
     /tmp/cckub2Ct.s:225    .text:00000000000000cc .L0 
     /tmp/cckub2Ct.s:227    .text:00000000000000d0 .L0 
     /tmp/cckub2Ct.s:228    .text:00000000000000d0 .L0 
     /tmp/cckub2Ct.s:233    .text:00000000000000dc .L0 
     /tmp/cckub2Ct.s:236    .text:00000000000000e0 .L0 
     /tmp/cckub2Ct.s:237    .text:00000000000000e0 .L0 
   src/syscall_c.cpp:68     .text:00000000000000e4 .L0 
     /tmp/cckub2Ct.s:244    .text:00000000000000e8 .L0 
   src/syscall_c.cpp:69     .text:00000000000000e8 .L0 
     /tmp/cckub2Ct.s:249    .text:00000000000000ec .L0 
   src/syscall_c.cpp:70     .text:00000000000000ec .L0 
     /tmp/cckub2Ct.s:254    .text:00000000000000f0 .L0 
   src/syscall_c.cpp:71     .text:00000000000000f0 .L0 
     /tmp/cckub2Ct.s:259    .text:00000000000000f4 .L0 
   src/syscall_c.cpp:74     .text:00000000000000f4 .L0 
     /tmp/cckub2Ct.s:264    .text:00000000000000f8 .L0 
   src/syscall_c.cpp:75     .text:00000000000000f8 .L0 
     /tmp/cckub2Ct.s:269    .text:00000000000000fc .L0 
GAS LISTING /tmp/cckub2Ct.s 			page 19


     /tmp/cckub2Ct.s:270    .text:00000000000000fc .L0 
   src/syscall_c.cpp:79     .text:00000000000000fc .L0 
     /tmp/cckub2Ct.s:276    .text:0000000000000100 .L0 
     /tmp/cckub2Ct.s:278    .text:0000000000000100 .L0 
     /tmp/cckub2Ct.s:280    .text:0000000000000108 .L0 
     /tmp/cckub2Ct.s:282    .text:000000000000010c .L0 
     /tmp/cckub2Ct.s:283    .text:000000000000010c .L0 
     /tmp/cckub2Ct.s:285    .text:0000000000000110 .L0 
     /tmp/cckub2Ct.s:288    .text:0000000000000114 .L0 
     /tmp/cckub2Ct.s:291    .text:0000000000000118 .L0 
     /tmp/cckub2Ct.s:294    .text:000000000000011c .L0 
     /tmp/cckub2Ct.s:296    .text:0000000000000120 .L0 
     /tmp/cckub2Ct.s:302    .text:0000000000000120 _Z11thread_exitv
     /tmp/cckub2Ct.s:305    .text:0000000000000120 .L0 
     /tmp/cckub2Ct.s:306    .text:0000000000000120 .L0 
     /tmp/cckub2Ct.s:307    .text:0000000000000124 .L0 
     /tmp/cckub2Ct.s:309    .text:0000000000000128 .L0 
     /tmp/cckub2Ct.s:311    .text:000000000000012c .L0 
     /tmp/cckub2Ct.s:313    .text:000000000000012c .L0 
   src/syscall_c.cpp:84     .text:000000000000012c .L0 
     /tmp/cckub2Ct.s:319    .text:0000000000000130 .L0 
   src/syscall_c.cpp:85     .text:0000000000000130 .L0 
     /tmp/cckub2Ct.s:324    .text:0000000000000134 .L0 
     /tmp/cckub2Ct.s:325    .text:0000000000000134 .L0 
   src/syscall_c.cpp:88     .text:0000000000000134 .L0 
     /tmp/cckub2Ct.s:331    .text:0000000000000138 .L0 
     /tmp/cckub2Ct.s:333    .text:0000000000000138 .L0 
     /tmp/cckub2Ct.s:335    .text:0000000000000140 .L0 
     /tmp/cckub2Ct.s:336    .text:0000000000000140 .L0 
     /tmp/cckub2Ct.s:338    .text:0000000000000144 .L0 
     /tmp/cckub2Ct.s:340    .text:0000000000000148 .L0 
     /tmp/cckub2Ct.s:346    .text:0000000000000148 _Z15thread_dispatchv
     /tmp/cckub2Ct.s:349    .text:0000000000000148 .L0 
     /tmp/cckub2Ct.s:350    .text:0000000000000148 .L0 
     /tmp/cckub2Ct.s:351    .text:000000000000014c .L0 
     /tmp/cckub2Ct.s:353    .text:0000000000000150 .L0 
     /tmp/cckub2Ct.s:355    .text:0000000000000154 .L0 
     /tmp/cckub2Ct.s:357    .text:0000000000000154 .L0 
   src/syscall_c.cpp:93     .text:0000000000000154 .L0 
     /tmp/cckub2Ct.s:363    .text:0000000000000158 .L0 
   src/syscall_c.cpp:94     .text:0000000000000158 .L0 
     /tmp/cckub2Ct.s:368    .text:000000000000015c .L0 
     /tmp/cckub2Ct.s:370    .text:000000000000015c .L0 
     /tmp/cckub2Ct.s:371    .text:0000000000000160 .L0 
     /tmp/cckub2Ct.s:372    .text:0000000000000160 .L0 
     /tmp/cckub2Ct.s:374    .text:0000000000000164 .L0 
     /tmp/cckub2Ct.s:376    .text:0000000000000168 .L0 
     /tmp/cckub2Ct.s:382    .text:0000000000000168 _Z8sem_openPP10SemaphoreCj
     /tmp/cckub2Ct.s:385    .text:0000000000000168 .L0 
     /tmp/cckub2Ct.s:387    .text:0000000000000168 .L0 
     /tmp/cckub2Ct.s:388    .text:000000000000016c .L0 
     /tmp/cckub2Ct.s:390    .text:0000000000000170 .L0 
     /tmp/cckub2Ct.s:392    .text:0000000000000174 .L0 
     /tmp/cckub2Ct.s:394    .text:0000000000000174 .L0 
   src/syscall_c.cpp:100    .text:0000000000000174 .L0 
     /tmp/cckub2Ct.s:400    .text:0000000000000178 .L0 
   src/syscall_c.cpp:101    .text:0000000000000178 .L0 
GAS LISTING /tmp/cckub2Ct.s 			page 20


     /tmp/cckub2Ct.s:405    .text:000000000000017c .L0 
   src/syscall_c.cpp:103    .text:000000000000017c .L0 
     /tmp/cckub2Ct.s:410    .text:0000000000000180 .L0 
   src/syscall_c.cpp:104    .text:0000000000000180 .L0 
     /tmp/cckub2Ct.s:415    .text:0000000000000184 .L0 
     /tmp/cckub2Ct.s:416    .text:0000000000000184 .L0 
   src/syscall_c.cpp:107    .text:0000000000000184 .L0 
     /tmp/cckub2Ct.s:422    .text:0000000000000188 .L0 
     /tmp/cckub2Ct.s:424    .text:0000000000000188 .L0 
     /tmp/cckub2Ct.s:426    .text:0000000000000190 .L0 
     /tmp/cckub2Ct.s:427    .text:0000000000000190 .L0 
     /tmp/cckub2Ct.s:429    .text:0000000000000194 .L0 
     /tmp/cckub2Ct.s:431    .text:0000000000000198 .L0 
     /tmp/cckub2Ct.s:437    .text:0000000000000198 _Z9sem_closeP10SemaphoreC
     /tmp/cckub2Ct.s:440    .text:0000000000000198 .L0 
     /tmp/cckub2Ct.s:442    .text:0000000000000198 .L0 
     /tmp/cckub2Ct.s:443    .text:000000000000019c .L0 
     /tmp/cckub2Ct.s:445    .text:00000000000001a0 .L0 
     /tmp/cckub2Ct.s:447    .text:00000000000001a4 .L0 
     /tmp/cckub2Ct.s:449    .text:00000000000001a4 .L0 
   src/syscall_c.cpp:112    .text:00000000000001a4 .L0 
     /tmp/cckub2Ct.s:455    .text:00000000000001a8 .L0 
   src/syscall_c.cpp:114    .text:00000000000001a8 .L0 
     /tmp/cckub2Ct.s:460    .text:00000000000001ac .L0 
   src/syscall_c.cpp:115    .text:00000000000001ac .L0 
     /tmp/cckub2Ct.s:465    .text:00000000000001b0 .L0 
     /tmp/cckub2Ct.s:466    .text:00000000000001b0 .L0 
   src/syscall_c.cpp:118    .text:00000000000001b0 .L0 
     /tmp/cckub2Ct.s:472    .text:00000000000001b4 .L0 
     /tmp/cckub2Ct.s:474    .text:00000000000001b4 .L0 
     /tmp/cckub2Ct.s:476    .text:00000000000001bc .L0 
     /tmp/cckub2Ct.s:477    .text:00000000000001bc .L0 
     /tmp/cckub2Ct.s:479    .text:00000000000001c0 .L0 
     /tmp/cckub2Ct.s:481    .text:00000000000001c4 .L0 
     /tmp/cckub2Ct.s:487    .text:00000000000001c4 _Z8sem_waitP10SemaphoreC
     /tmp/cckub2Ct.s:490    .text:00000000000001c4 .L0 
     /tmp/cckub2Ct.s:492    .text:00000000000001c4 .L0 
     /tmp/cckub2Ct.s:493    .text:00000000000001c8 .L0 
     /tmp/cckub2Ct.s:495    .text:00000000000001cc .L0 
     /tmp/cckub2Ct.s:497    .text:00000000000001d0 .L0 
     /tmp/cckub2Ct.s:499    .text:00000000000001d0 .L0 
   src/syscall_c.cpp:123    .text:00000000000001d0 .L0 
     /tmp/cckub2Ct.s:505    .text:00000000000001d4 .L0 
   src/syscall_c.cpp:125    .text:00000000000001d4 .L0 
     /tmp/cckub2Ct.s:510    .text:00000000000001d8 .L0 
   src/syscall_c.cpp:126    .text:00000000000001d8 .L0 
     /tmp/cckub2Ct.s:515    .text:00000000000001dc .L0 
     /tmp/cckub2Ct.s:516    .text:00000000000001dc .L0 
   src/syscall_c.cpp:129    .text:00000000000001dc .L0 
     /tmp/cckub2Ct.s:522    .text:00000000000001e0 .L0 
     /tmp/cckub2Ct.s:524    .text:00000000000001e0 .L0 
     /tmp/cckub2Ct.s:526    .text:00000000000001e8 .L0 
     /tmp/cckub2Ct.s:527    .text:00000000000001e8 .L0 
     /tmp/cckub2Ct.s:529    .text:00000000000001ec .L0 
     /tmp/cckub2Ct.s:531    .text:00000000000001f0 .L0 
     /tmp/cckub2Ct.s:537    .text:00000000000001f0 _Z10sem_signalP10SemaphoreC
     /tmp/cckub2Ct.s:540    .text:00000000000001f0 .L0 
GAS LISTING /tmp/cckub2Ct.s 			page 21


     /tmp/cckub2Ct.s:542    .text:00000000000001f0 .L0 
     /tmp/cckub2Ct.s:543    .text:00000000000001f4 .L0 
     /tmp/cckub2Ct.s:545    .text:00000000000001f8 .L0 
     /tmp/cckub2Ct.s:547    .text:00000000000001fc .L0 
     /tmp/cckub2Ct.s:549    .text:00000000000001fc .L0 
   src/syscall_c.cpp:134    .text:00000000000001fc .L0 
     /tmp/cckub2Ct.s:555    .text:0000000000000200 .L0 
   src/syscall_c.cpp:136    .text:0000000000000200 .L0 
     /tmp/cckub2Ct.s:560    .text:0000000000000204 .L0 
   src/syscall_c.cpp:137    .text:0000000000000204 .L0 
     /tmp/cckub2Ct.s:565    .text:0000000000000208 .L0 
     /tmp/cckub2Ct.s:566    .text:0000000000000208 .L0 
   src/syscall_c.cpp:140    .text:0000000000000208 .L0 
     /tmp/cckub2Ct.s:572    .text:000000000000020c .L0 
     /tmp/cckub2Ct.s:574    .text:000000000000020c .L0 
     /tmp/cckub2Ct.s:576    .text:0000000000000214 .L0 
     /tmp/cckub2Ct.s:577    .text:0000000000000214 .L0 
     /tmp/cckub2Ct.s:579    .text:0000000000000218 .L0 
     /tmp/cckub2Ct.s:581    .text:000000000000021c .L0 
     /tmp/cckub2Ct.s:587    .text:000000000000021c _Z10time_sleepm
     /tmp/cckub2Ct.s:590    .text:000000000000021c .L0 
     /tmp/cckub2Ct.s:592    .text:000000000000021c .L0 
     /tmp/cckub2Ct.s:593    .text:0000000000000220 .L0 
     /tmp/cckub2Ct.s:595    .text:0000000000000224 .L0 
     /tmp/cckub2Ct.s:597    .text:0000000000000228 .L0 
     /tmp/cckub2Ct.s:599    .text:0000000000000228 .L0 
   src/syscall_c.cpp:146    .text:0000000000000228 .L0 
     /tmp/cckub2Ct.s:605    .text:000000000000022c .L0 
   src/syscall_c.cpp:148    .text:000000000000022c .L0 
     /tmp/cckub2Ct.s:610    .text:0000000000000230 .L0 
   src/syscall_c.cpp:149    .text:0000000000000230 .L0 
     /tmp/cckub2Ct.s:615    .text:0000000000000234 .L0 
     /tmp/cckub2Ct.s:616    .text:0000000000000234 .L0 
   src/syscall_c.cpp:152    .text:0000000000000234 .L0 
     /tmp/cckub2Ct.s:622    .text:0000000000000238 .L0 
     /tmp/cckub2Ct.s:624    .text:0000000000000238 .L0 
     /tmp/cckub2Ct.s:626    .text:0000000000000240 .L0 
     /tmp/cckub2Ct.s:627    .text:0000000000000240 .L0 
     /tmp/cckub2Ct.s:629    .text:0000000000000244 .L0 
     /tmp/cckub2Ct.s:631    .text:0000000000000248 .L0 
     /tmp/cckub2Ct.s:637    .text:0000000000000248 _Z4getcv
     /tmp/cckub2Ct.s:640    .text:0000000000000248 .L0 
     /tmp/cckub2Ct.s:641    .text:0000000000000248 .L0 
     /tmp/cckub2Ct.s:642    .text:000000000000024c .L0 
     /tmp/cckub2Ct.s:644    .text:0000000000000250 .L0 
     /tmp/cckub2Ct.s:646    .text:0000000000000254 .L0 
     /tmp/cckub2Ct.s:648    .text:0000000000000254 .L0 
   src/syscall_c.cpp:158    .text:0000000000000254 .L0 
     /tmp/cckub2Ct.s:654    .text:0000000000000258 .L0 
   src/syscall_c.cpp:159    .text:0000000000000258 .L0 
     /tmp/cckub2Ct.s:659    .text:000000000000025c .L0 
     /tmp/cckub2Ct.s:660    .text:000000000000025c .L0 
   src/syscall_c.cpp:162    .text:000000000000025c .L0 
     /tmp/cckub2Ct.s:666    .text:0000000000000260 .L0 
     /tmp/cckub2Ct.s:668    .text:0000000000000260 .L0 
     /tmp/cckub2Ct.s:670    .text:0000000000000268 .L0 
     /tmp/cckub2Ct.s:671    .text:0000000000000268 .L0 
GAS LISTING /tmp/cckub2Ct.s 			page 22


     /tmp/cckub2Ct.s:673    .text:000000000000026c .L0 
     /tmp/cckub2Ct.s:675    .text:0000000000000270 .L0 
     /tmp/cckub2Ct.s:681    .text:0000000000000270 _Z4putcc
     /tmp/cckub2Ct.s:684    .text:0000000000000270 .L0 
     /tmp/cckub2Ct.s:686    .text:0000000000000270 .L0 
     /tmp/cckub2Ct.s:687    .text:0000000000000274 .L0 
     /tmp/cckub2Ct.s:689    .text:0000000000000278 .L0 
     /tmp/cckub2Ct.s:691    .text:000000000000027c .L0 
     /tmp/cckub2Ct.s:693    .text:000000000000027c .L0 
   src/syscall_c.cpp:167    .text:000000000000027c .L0 
     /tmp/cckub2Ct.s:699    .text:0000000000000280 .L0 
   src/syscall_c.cpp:169    .text:0000000000000280 .L0 
     /tmp/cckub2Ct.s:704    .text:0000000000000284 .L0 
   src/syscall_c.cpp:170    .text:0000000000000284 .L0 
     /tmp/cckub2Ct.s:709    .text:0000000000000288 .L0 
     /tmp/cckub2Ct.s:711    .text:0000000000000288 .L0 
     /tmp/cckub2Ct.s:712    .text:000000000000028c .L0 
     /tmp/cckub2Ct.s:713    .text:000000000000028c .L0 
     /tmp/cckub2Ct.s:715    .text:0000000000000290 .L0 
     /tmp/cckub2Ct.s:717    .text:0000000000000294 .L0 
     /tmp/cckub2Ct.s:727    .text:0000000000000294 .L0 
     /tmp/cckub2Ct.s:234    .text:00000000000000e0 .L10
     /tmp/cckub2Ct.s:2113   .debug_abbrev:0000000000000000 .Ldebug_abbrev0
     /tmp/cckub2Ct.s:3445   .debug_str:00000000000008a1 .LASF154
     /tmp/cckub2Ct.s:3305   .debug_str:000000000000047e .LASF155
     /tmp/cckub2Ct.s:3269   .debug_str:0000000000000314 .LASF156
     /tmp/cckub2Ct.s:5      .text:0000000000000000 .Ltext0
     /tmp/cckub2Ct.s:720    .text:0000000000000294 .Letext0
     /tmp/cckub2Ct.s:3167   .debug_line:0000000000000000 .Ldebug_line0
     /tmp/cckub2Ct.s:3359   .debug_str:00000000000005f9 .LASF0
     /tmp/cckub2Ct.s:3381   .debug_str:00000000000006ac .LASF1
     /tmp/cckub2Ct.s:3337   .debug_str:000000000000056b .LASF2
     /tmp/cckub2Ct.s:3299   .debug_str:0000000000000458 .LASF4
     /tmp/cckub2Ct.s:3427   .debug_str:0000000000000823 .LASF3
     /tmp/cckub2Ct.s:3201   .debug_str:00000000000000f3 .LASF5
     /tmp/cckub2Ct.s:3245   .debug_str:000000000000026c .LASF6
     /tmp/cckub2Ct.s:3385   .debug_str:00000000000006d9 .LASF7
     /tmp/cckub2Ct.s:3357   .debug_str:00000000000005e6 .LASF8
     /tmp/cckub2Ct.s:3463   .debug_str:00000000000009d5 .LASF9
     /tmp/cckub2Ct.s:3281   .debug_str:0000000000000388 .LASF10
     /tmp/cckub2Ct.s:3393   .debug_str:000000000000071f .LASF11
     /tmp/cckub2Ct.s:3451   .debug_str:000000000000097c .LASF12
     /tmp/cckub2Ct.s:3205   .debug_str:0000000000000100 .LASF13
     /tmp/cckub2Ct.s:3181   .debug_str:0000000000000063 .LASF14
     /tmp/cckub2Ct.s:3219   .debug_str:000000000000016a .LASF15
     /tmp/cckub2Ct.s:3415   .debug_str:00000000000007be .LASF16
     /tmp/cckub2Ct.s:3237   .debug_str:000000000000021f .LASF17
     /tmp/cckub2Ct.s:3449   .debug_str:0000000000000971 .LASF50
     /tmp/cckub2Ct.s:3491   .debug_str:0000000000000ac4 .LASF18
     /tmp/cckub2Ct.s:3477   .debug_str:0000000000000a3b .LASF19
     /tmp/cckub2Ct.s:3441   .debug_str:0000000000000893 .LASF20
     /tmp/cckub2Ct.s:3331   .debug_str:0000000000000531 .LASF31
     /tmp/cckub2Ct.s:3431   .debug_str:0000000000000846 .LASF21
     /tmp/cckub2Ct.s:3437   .debug_str:0000000000000867 .LASF23
     /tmp/cckub2Ct.s:3397   .debug_str:0000000000000736 .LASF22
     /tmp/cckub2Ct.s:3279   .debug_str:0000000000000367 .LASF24
     /tmp/cckub2Ct.s:3375   .debug_str:000000000000066d .LASF66
GAS LISTING /tmp/cckub2Ct.s 			page 23


     /tmp/cckub2Ct.s:3173   .debug_str:000000000000000f .LASF68
     /tmp/cckub2Ct.s:3473   .debug_str:0000000000000a1e .LASF25
     /tmp/cckub2Ct.s:3221   .debug_str:0000000000000176 .LASF27
     /tmp/cckub2Ct.s:3469   .debug_str:00000000000009f5 .LASF26
     /tmp/cckub2Ct.s:3295   .debug_str:0000000000000420 .LASF28
     /tmp/cckub2Ct.s:3291   .debug_str:00000000000003fb .LASF29
     /tmp/cckub2Ct.s:3335   .debug_str:000000000000055d .LASF30
     /tmp/cckub2Ct.s:3323   .debug_str:0000000000000508 .LASF32
     /tmp/cckub2Ct.s:3325   .debug_str:0000000000000512 .LASF157
     /tmp/cckub2Ct.s:3243   .debug_str:0000000000000267 .LASF33
     /tmp/cckub2Ct.s:3345   .debug_str:00000000000005a5 .LASF34
     /tmp/cckub2Ct.s:3297   .debug_str:0000000000000453 .LASF35
     /tmp/cckub2Ct.s:3365   .debug_str:0000000000000624 .LASF36
     /tmp/cckub2Ct.s:3411   .debug_str:0000000000000793 .LASF42
     /tmp/cckub2Ct.s:3351   .debug_str:00000000000005bf .LASF128
     /tmp/cckub2Ct.s:3287   .debug_str:00000000000003cb .LASF130
     /tmp/cckub2Ct.s:3443   .debug_str:0000000000000898 .LASF37
     /tmp/cckub2Ct.s:3251   .debug_str:000000000000029d .LASF38
     /tmp/cckub2Ct.s:3343   .debug_str:000000000000059d .LASF39
     /tmp/cckub2Ct.s:3247   .debug_str:0000000000000273 .LASF40
     /tmp/cckub2Ct.s:3447   .debug_str:0000000000000965 .LASF41
     /tmp/cckub2Ct.s:3177   .debug_str:000000000000003e .LASF43
     /tmp/cckub2Ct.s:3215   .debug_str:000000000000015a .LASF44
     /tmp/cckub2Ct.s:3315   .debug_str:00000000000004c1 .LASF45
     /tmp/cckub2Ct.s:3369   .debug_str:000000000000063c .LASF46
     /tmp/cckub2Ct.s:3197   .debug_str:00000000000000bd .LASF47
     /tmp/cckub2Ct.s:3319   .debug_str:00000000000004f1 .LASF48
     /tmp/cckub2Ct.s:3479   .debug_str:0000000000000a40 .LASF49
     /tmp/cckub2Ct.s:3189   .debug_str:0000000000000099 .LASF51
     /tmp/cckub2Ct.s:3253   .debug_str:00000000000002ba .LASF52
     /tmp/cckub2Ct.s:3403   .debug_str:000000000000075d .LASF53
     /tmp/cckub2Ct.s:3387   .debug_str:00000000000006ec .LASF54
     /tmp/cckub2Ct.s:3227   .debug_str:00000000000001c5 .LASF55
     /tmp/cckub2Ct.s:3339   .debug_str:0000000000000579 .LASF56
     /tmp/cckub2Ct.s:3293   .debug_str:0000000000000409 .LASF57
     /tmp/cckub2Ct.s:3327   .debug_str:0000000000000517 .LASF58
     /tmp/cckub2Ct.s:3199   .debug_str:00000000000000da .LASF59
     /tmp/cckub2Ct.s:3187   .debug_str:000000000000008f .LASF60
     /tmp/cckub2Ct.s:3317   .debug_str:00000000000004dc .LASF61
     /tmp/cckub2Ct.s:3459   .debug_str:00000000000009be .LASF62
     /tmp/cckub2Ct.s:3341   .debug_str:0000000000000585 .LASF63
     /tmp/cckub2Ct.s:3283   .debug_str:0000000000000396 .LASF64
     /tmp/cckub2Ct.s:3267   .debug_str:00000000000002fc .LASF65
     /tmp/cckub2Ct.s:3417   .debug_str:00000000000007d4 .LASF67
     /tmp/cckub2Ct.s:3347   .debug_str:00000000000005aa .LASF69
     /tmp/cckub2Ct.s:3259   .debug_str:00000000000002d3 .LASF158
     /tmp/cckub2Ct.s:3313   .debug_str:00000000000004b4 .LASF70
     /tmp/cckub2Ct.s:3379   .debug_str:000000000000068c .LASF71
     /tmp/cckub2Ct.s:3407   .debug_str:0000000000000781 .LASF159
     /tmp/cckub2Ct.s:3483   .debug_str:0000000000000a7a .LASF72
     /tmp/cckub2Ct.s:3191   .debug_str:00000000000000a1 .LASF73
     /tmp/cckub2Ct.s:3235   .debug_str:0000000000000208 .LASF74
     /tmp/cckub2Ct.s:3213   .debug_str:000000000000014d .LASF75
     /tmp/cckub2Ct.s:3301   .debug_str:000000000000045f .LASF76
     /tmp/cckub2Ct.s:3277   .debug_str:0000000000000357 .LASF77
     /tmp/cckub2Ct.s:3175   .debug_str:0000000000000032 .LASF78
     /tmp/cckub2Ct.s:3433   .debug_str:0000000000000850 .LASF79
GAS LISTING /tmp/cckub2Ct.s 			page 24


     /tmp/cckub2Ct.s:3409   .debug_str:0000000000000786 .LASF81
     /tmp/cckub2Ct.s:3303   .debug_str:000000000000046b .LASF80
     /tmp/cckub2Ct.s:3329   .debug_str:0000000000000524 .LASF82
     /tmp/cckub2Ct.s:3209   .debug_str:0000000000000129 .LASF83
     /tmp/cckub2Ct.s:3185   .debug_str:0000000000000078 .LASF84
     /tmp/cckub2Ct.s:3353   .debug_str:00000000000005c9 .LASF85
     /tmp/cckub2Ct.s:3311   .debug_str:000000000000049d .LASF86
     /tmp/cckub2Ct.s:3307   .debug_str:0000000000000490 .LASF87
     /tmp/cckub2Ct.s:3489   .debug_str:0000000000000abe .LASF88
     /tmp/cckub2Ct.s:3367   .debug_str:0000000000000637 .LASF89
     /tmp/cckub2Ct.s:3309   .debug_str:0000000000000495 .LASF90
     /tmp/cckub2Ct.s:3455   .debug_str:00000000000009a0 .LASF91
     /tmp/cckub2Ct.s:3475   .debug_str:0000000000000a31 .LASF92
     /tmp/cckub2Ct.s:3371   .debug_str:0000000000000647 .LASF93
     /tmp/cckub2Ct.s:3257   .debug_str:00000000000002c9 .LASF94
     /tmp/cckub2Ct.s:3429   .debug_str:0000000000000835 .LASF95
     /tmp/cckub2Ct.s:3363   .debug_str:000000000000061b .LASF96
     /tmp/cckub2Ct.s:3263   .debug_str:00000000000002e4 .LASF98
     /tmp/cckub2Ct.s:3471   .debug_str:0000000000000a10 .LASF160
     /tmp/cckub2Ct.s:3285   .debug_str:00000000000003a3 .LASF161
     /tmp/cckub2Ct.s:3321   .debug_str:00000000000004fa .LASF97
     /tmp/cckub2Ct.s:3289   .debug_str:00000000000003e2 .LASF99
     /tmp/cckub2Ct.s:3265   .debug_str:00000000000002f7 .LASF100
     /tmp/cckub2Ct.s:3439   .debug_str:0000000000000888 .LASF101
     /tmp/cckub2Ct.s:3261   .debug_str:00000000000002db .LASF102
     /tmp/cckub2Ct.s:3421   .debug_str:00000000000007ee .LASF103
     /tmp/cckub2Ct.s:3273   .debug_str:000000000000033b .LASF104
     /tmp/cckub2Ct.s:3377   .debug_str:0000000000000678 .LASF105
     /tmp/cckub2Ct.s:3493   .debug_str:0000000000000ac9 .LASF106
     /tmp/cckub2Ct.s:3241   .debug_str:0000000000000250 .LASF107
     /tmp/cckub2Ct.s:3389   .debug_str:00000000000006f7 .LASF108
     /tmp/cckub2Ct.s:3229   .debug_str:00000000000001dc .LASF109
     /tmp/cckub2Ct.s:3395   .debug_str:000000000000072e .LASF110
     /tmp/cckub2Ct.s:3239   .debug_str:0000000000000235 .LASF111
     /tmp/cckub2Ct.s:3465   .debug_str:00000000000009e5 .LASF112
     /tmp/cckub2Ct.s:3373   .debug_str:0000000000000651 .LASF113
     /tmp/cckub2Ct.s:3171   .debug_str:0000000000000009 .LASF114
     /tmp/cckub2Ct.s:3405   .debug_str:0000000000000769 .LASF115
     /tmp/cckub2Ct.s:3413   .debug_str:00000000000007aa .LASF116
     /tmp/cckub2Ct.s:3487   .debug_str:0000000000000aaa .LASF117
     /tmp/cckub2Ct.s:3457   .debug_str:00000000000009a9 .LASF118
     /tmp/cckub2Ct.s:3361   .debug_str:0000000000000606 .LASF119
     /tmp/cckub2Ct.s:3419   .debug_str:00000000000007da .LASF120
     /tmp/cckub2Ct.s:3435   .debug_str:0000000000000860 .LASF121
     /tmp/cckub2Ct.s:3355   .debug_str:00000000000005de .LASF122
     /tmp/cckub2Ct.s:3169   .debug_str:0000000000000000 .LASF123
     /tmp/cckub2Ct.s:3203   .debug_str:00000000000000fa .LASF124
     /tmp/cckub2Ct.s:3349   .debug_str:00000000000005ba .LASF125
     /tmp/cckub2Ct.s:3271   .debug_str:0000000000000332 .LASF126
     /tmp/cckub2Ct.s:682    .text:0000000000000270 .LFB55
     /tmp/cckub2Ct.s:718    .text:0000000000000294 .LFE55
     /tmp/cckub2Ct.s:3195   .debug_str:00000000000000b8 .LASF127
     /tmp/cckub2Ct.s:3183   .debug_str:0000000000000073 .LASF129
     /tmp/cckub2Ct.s:3425   .debug_str:000000000000081a .LASF131
     /tmp/cckub2Ct.s:638    .text:0000000000000248 .LFB54
     /tmp/cckub2Ct.s:676    .text:0000000000000270 .LFE54
     /tmp/cckub2Ct.s:3467   .debug_str:00000000000009ee .LASF132
GAS LISTING /tmp/cckub2Ct.s 			page 25


     /tmp/cckub2Ct.s:3193   .debug_str:00000000000000ad .LASF133
     /tmp/cckub2Ct.s:3399   .debug_str:000000000000073f .LASF134
     /tmp/cckub2Ct.s:588    .text:000000000000021c .LFB53
     /tmp/cckub2Ct.s:632    .text:0000000000000248 .LFE53
     /tmp/cckub2Ct.s:3233   .debug_str:0000000000000203 .LASF135
     /tmp/cckub2Ct.s:2986   .debug_loc:0000000000000000 .LLST10
     /tmp/cckub2Ct.s:3461   .debug_str:00000000000009ca .LASF136
     /tmp/cckub2Ct.s:3333   .debug_str:0000000000000541 .LASF137
     /tmp/cckub2Ct.s:538    .text:00000000000001f0 .LFB52
     /tmp/cckub2Ct.s:582    .text:000000000000021c .LFE52
     /tmp/cckub2Ct.s:3000   .debug_loc:0000000000000039 .LLST9
     /tmp/cckub2Ct.s:3223   .debug_str:00000000000001a1 .LASF138
     /tmp/cckub2Ct.s:3207   .debug_str:0000000000000110 .LASF139
     /tmp/cckub2Ct.s:488    .text:00000000000001c4 .LFB51
     /tmp/cckub2Ct.s:532    .text:00000000000001f0 .LFE51
     /tmp/cckub2Ct.s:3014   .debug_loc:0000000000000072 .LLST8
     /tmp/cckub2Ct.s:3255   .debug_str:00000000000002bf .LASF140
     /tmp/cckub2Ct.s:3383   .debug_str:00000000000006bf .LASF141
     /tmp/cckub2Ct.s:438    .text:0000000000000198 .LFB50
     /tmp/cckub2Ct.s:482    .text:00000000000001c4 .LFE50
     /tmp/cckub2Ct.s:3179   .debug_str:000000000000005c .LASF142
     /tmp/cckub2Ct.s:3028   .debug_loc:00000000000000ab .LLST7
     /tmp/cckub2Ct.s:3225   .debug_str:00000000000001aa .LASF143
     /tmp/cckub2Ct.s:383    .text:0000000000000168 .LFB49
     /tmp/cckub2Ct.s:432    .text:0000000000000198 .LFE49
     /tmp/cckub2Ct.s:3042   .debug_loc:00000000000000e4 .LLST6
     /tmp/cckub2Ct.s:3495   .debug_str:0000000000000ace .LASF144
     /tmp/cckub2Ct.s:3275   .debug_str:0000000000000347 .LASF162
     /tmp/cckub2Ct.s:3453   .debug_str:000000000000098b .LASF163
     /tmp/cckub2Ct.s:347    .text:0000000000000148 .LFB48
     /tmp/cckub2Ct.s:377    .text:0000000000000168 .LFE48
     /tmp/cckub2Ct.s:3423   .debug_str:0000000000000809 .LASF145
     /tmp/cckub2Ct.s:303    .text:0000000000000120 .LFB47
     /tmp/cckub2Ct.s:341    .text:0000000000000148 .LFE47
     /tmp/cckub2Ct.s:3249   .debug_str:000000000000028f .LASF146
     /tmp/cckub2Ct.s:3391   .debug_str:00000000000006fe .LASF147
     /tmp/cckub2Ct.s:200    .text:00000000000000a0 .LFB46
     /tmp/cckub2Ct.s:297    .text:0000000000000120 .LFE46
     /tmp/cckub2Ct.s:3056   .debug_loc:000000000000011d .LLST3
     /tmp/cckub2Ct.s:3401   .debug_str:000000000000074f .LASF148
     /tmp/cckub2Ct.s:3074   .debug_loc:0000000000000169 .LLST4
     /tmp/cckub2Ct.s:3092   .debug_loc:00000000000001b5 .LLST5
     /tmp/cckub2Ct.s:231    .text:00000000000000dc .LVL9
     /tmp/cckub2Ct.s:3481   .debug_str:0000000000000a5a .LASF149
     /tmp/cckub2Ct.s:157    .text:000000000000007c .LFB45
     /tmp/cckub2Ct.s:194    .text:00000000000000a0 .LFE45
     /tmp/cckub2Ct.s:3211   .debug_str:0000000000000135 .LASF150
     /tmp/cckub2Ct.s:114    .text:0000000000000058 .LFB44
     /tmp/cckub2Ct.s:151    .text:000000000000007c .LFE44
     /tmp/cckub2Ct.s:3485   .debug_str:0000000000000a9c .LASF151
     /tmp/cckub2Ct.s:64     .text:000000000000002c .LFB43
     /tmp/cckub2Ct.s:108    .text:0000000000000058 .LFE43
     /tmp/cckub2Ct.s:3110   .debug_loc:0000000000000201 .LLST2
     /tmp/cckub2Ct.s:3231   .debug_str:00000000000001f5 .LASF152
     /tmp/cckub2Ct.s:10     .text:0000000000000000 .LFB42
     /tmp/cckub2Ct.s:58     .text:000000000000002c .LFE42
     /tmp/cckub2Ct.s:3124   .debug_loc:000000000000023a .LLST0
GAS LISTING /tmp/cckub2Ct.s 			page 26


     /tmp/cckub2Ct.s:3217   .debug_str:0000000000000164 .LASF153
     /tmp/cckub2Ct.s:3138   .debug_loc:0000000000000273 .LLST1
     /tmp/cckub2Ct.s:591    .text:000000000000021c .LVL23
     /tmp/cckub2Ct.s:620    .text:0000000000000238 .LVL24
     /tmp/cckub2Ct.s:541    .text:00000000000001f0 .LVL21
     /tmp/cckub2Ct.s:570    .text:000000000000020c .LVL22
     /tmp/cckub2Ct.s:491    .text:00000000000001c4 .LVL19
     /tmp/cckub2Ct.s:520    .text:00000000000001e0 .LVL20
     /tmp/cckub2Ct.s:441    .text:0000000000000198 .LVL17
     /tmp/cckub2Ct.s:470    .text:00000000000001b4 .LVL18
     /tmp/cckub2Ct.s:386    .text:0000000000000168 .LVL15
     /tmp/cckub2Ct.s:420    .text:0000000000000188 .LVL16
     /tmp/cckub2Ct.s:203    .text:00000000000000a0 .LVL7
     /tmp/cckub2Ct.s:229    .text:00000000000000d4 .LVL8
     /tmp/cckub2Ct.s:289    .text:0000000000000114 .LVL12
     /tmp/cckub2Ct.s:286    .text:0000000000000110 .LVL11
     /tmp/cckub2Ct.s:292    .text:0000000000000118 .LVL13
     /tmp/cckub2Ct.s:67     .text:000000000000002c .LVL3
     /tmp/cckub2Ct.s:96     .text:0000000000000048 .LVL4
     /tmp/cckub2Ct.s:14     .text:0000000000000000 .LVL0
     /tmp/cckub2Ct.s:24     .text:0000000000000010 .LVL1
     /tmp/cckub2Ct.s:47     .text:0000000000000020 .LVL2
     /tmp/cckub2Ct.s:728    .debug_info:0000000000000000 .Ldebug_info0

UNDEFINED SYMBOLS
_ZN15MemoryAllocator9mem_allocEm
