GAS LISTING /tmp/ccqjir6b.s 			page 1


   1              		.file	"tcb.cpp"
   2              		.option pic
   3              		.option norelax
   4              		.text
   5              	.Ltext0:
   6              		.align	2
   7              		.globl	_ZN3TCB12createThreadEPFvPvES0_
   9              	_ZN3TCB12createThreadEPFvPvES0_:
  10              	.LFB59:
  11              		.file 1 "src/tcb.cpp"
   1:src/tcb.cpp   **** //
   2:src/tcb.cpp   **** // Created by os on 8/16/25.
   3:src/tcb.cpp   **** //
   4:src/tcb.cpp   **** 
   5:src/tcb.cpp   **** #include "../h/tcb.h"
   6:src/tcb.cpp   **** #include "../h/riscv.h"
   7:src/tcb.cpp   **** #include "printing.hpp"
   8:src/tcb.cpp   **** 
   9:src/tcb.cpp   **** TCB *TCB::running = nullptr;
  10:src/tcb.cpp   **** uint64 TCB::timeSliceCounter = 0;
  11:src/tcb.cpp   **** 
  12:src/tcb.cpp   **** TCB* TCB::createThread(Body body, void* args)
  13:src/tcb.cpp   **** {
  12              		.loc 1 13 1
  13              		.cfi_startproc
  14              		.cfi_personality 0x9b,DW.ref.__gxx_personality_v0
  15              		.cfi_lsda 0x1b,.LLSDA59
  16              	.LVL0:
  17 0000 130101FD 		addi	sp,sp,-48
  18              		.cfi_def_cfa_offset 48
  19 0004 23341102 		sd	ra,40(sp)
  20 0008 23308102 		sd	s0,32(sp)
  21 000c 233C9100 		sd	s1,24(sp)
  22 0010 23382101 		sd	s2,16(sp)
  23 0014 23343101 		sd	s3,8(sp)
  24              		.cfi_offset 1, -8
  25              		.cfi_offset 8, -16
  26              		.cfi_offset 9, -24
  27              		.cfi_offset 18, -32
  28              		.cfi_offset 19, -40
  29 0018 13040103 		addi	s0,sp,48
  30              		.cfi_def_cfa 8, 0
  31 001c 13090500 		mv	s2,a0
  32 0020 93890500 		mv	s3,a1
  14:src/tcb.cpp   ****     return new TCB(body, args, DEFAULT_TIME_SLICE);
  33              		.loc 1 14 5
  34              	.LVL1:
  35              	.LBB42:
  36              	.LBB43:
  37              		.file 2 "src/../h/tcb.h"
   1:src/../h/tcb.h **** //
   2:src/../h/tcb.h **** // Created by os on 8/16/25.
   3:src/../h/tcb.h **** //
   4:src/../h/tcb.h **** 
   5:src/../h/tcb.h **** #ifndef PROJECT_BASE_TCB_H
   6:src/../h/tcb.h **** #define PROJECT_BASE_TCB_H
   7:src/../h/tcb.h **** 
GAS LISTING /tmp/ccqjir6b.s 			page 2


   8:src/../h/tcb.h **** #include "MemoryAllocator.h"
   9:src/../h/tcb.h **** #include "scheduler.h"
  10:src/../h/tcb.h **** #include "../lib/hw.h"
  11:src/../h/tcb.h **** #include "../lib/console.h"
  12:src/../h/tcb.h **** //#include "../src/printing.hpp"
  13:src/../h/tcb.h **** 
  14:src/../h/tcb.h **** class TCB
  15:src/../h/tcb.h **** {
  16:src/../h/tcb.h **** public:
  17:src/../h/tcb.h **** 
  18:src/../h/tcb.h ****     ~TCB() { delete[] stack; } //delete the whole stack??? might have issue here with mem leaks----
  19:src/../h/tcb.h **** 
  20:src/../h/tcb.h ****     bool isFinished() const { return finished; }
  21:src/../h/tcb.h **** 
  22:src/../h/tcb.h ****     void setFinished(bool value) { finished = value; }
  23:src/../h/tcb.h **** 
  24:src/../h/tcb.h ****     uint64 getTimeSlice() const { return timeSlice; }
  25:src/../h/tcb.h **** 
  26:src/../h/tcb.h ****     bool isBlocked() const { return t_blocked; }
  27:src/../h/tcb.h **** 
  28:src/../h/tcb.h ****     bool isSysThread() const { return sysThread; }
  29:src/../h/tcb.h **** 
  30:src/../h/tcb.h ****     void setSysThread(bool value) { sysThread = value; } // PRIVATE THIS LATER---------------------
  31:src/../h/tcb.h **** 
  32:src/../h/tcb.h ****     using Body = void(*)(void*);
  33:src/../h/tcb.h **** 
  34:src/../h/tcb.h ****     static void yield();
  35:src/../h/tcb.h **** 
  36:src/../h/tcb.h ****     static TCB* running;
  37:src/../h/tcb.h **** 
  38:src/../h/tcb.h ****     static TCB* createThread(Body body, void* args);
  39:src/../h/tcb.h ****     static TCB* createThread(Body body, void* args, uint64* stack);
  40:src/../h/tcb.h **** 	static int thread_exit();
  41:src/../h/tcb.h **** 
  42:src/../h/tcb.h ****     void* operator new(size_t size)
  43:src/../h/tcb.h ****      {
  44:src/../h/tcb.h ****          return MemoryAllocator::mem_alloc(size);
  38              		.loc 2 44 10
  39              		.loc 2 44 43 is_stmt 0
  40 0024 13050004 		li	a0,64
  41              	.LVL2:
  42              	.LEHB0:
  43 0028 97000000 		call	_ZN15MemoryAllocator9mem_allocEm@plt
  43      E7800000 
  44              	.LVL3:
  45              	.LEHE0:
  46 0030 93040500 		mv	s1,a0
  47              	.LVL4:
  48              	.LBE43:
  49              	.LBE42:
  50              	.LBB44:
  51              	.LBB45:
  52              	.LBB46:
  45:src/../h/tcb.h ****      }
  46:src/../h/tcb.h ****     void* operator new[](size_t size)
  47:src/../h/tcb.h ****     {
  48:src/../h/tcb.h ****         return MemoryAllocator::mem_alloc(size);
GAS LISTING /tmp/ccqjir6b.s 			page 3


  49:src/../h/tcb.h ****     }
  50:src/../h/tcb.h ****     void operator delete(void* ptr)
  51:src/../h/tcb.h ****     {
  52:src/../h/tcb.h ****         MemoryAllocator::mem_free(ptr);
  53:src/../h/tcb.h ****         return;
  54:src/../h/tcb.h ****     }
  55:src/../h/tcb.h ****     void operator delete[] (void* ptr)
  56:src/../h/tcb.h ****     {
  57:src/../h/tcb.h ****         MemoryAllocator::mem_free(ptr);
  58:src/../h/tcb.h ****         return;
  59:src/../h/tcb.h ****     }
  60:src/../h/tcb.h **** 
  61:src/../h/tcb.h ****     static void idle_thread();
  62:src/../h/tcb.h **** 
  63:src/../h/tcb.h **** 
  64:src/../h/tcb.h **** private: //time slice can nullpoint
  65:src/../h/tcb.h ****     explicit TCB(Body body, void* args, uint64 timeSlice): body(body),
  66:src/../h/tcb.h ****         stack( body != nullptr ? ( (uint64*) MemoryAllocator::mem_alloc( DEFAULT_STACK_SIZE * sizeo
  67:src/../h/tcb.h ****         context(
  68:src/../h/tcb.h ****            { (uint64) &threadWrapper, stack != nullptr ? (uint64) &stack[DEFAULT_STACK_SIZE] : 0 }
  69:src/../h/tcb.h ****         ),finished(false), t_blocked(false), timeSlice(timeSlice), sysThread(false)
  53              		.loc 2 69 83
  54 0034 23302501 		sd	s2,0(a0)
  66:src/../h/tcb.h ****         context(
  55              		.loc 2 66 32
  56 0038 630A0900 		beqz	s2,.L5
  66:src/../h/tcb.h ****         context(
  57              		.loc 2 66 72
  58 003c 37850000 		li	a0,32768
  59              	.LEHB1:
  60 0040 97000000 		call	_ZN15MemoryAllocator9mem_allocEm@plt
  60      E7800000 
  61              	.LVL5:
  62 0048 6F008000 		j	.L2
  63              	.L5:
  66:src/../h/tcb.h ****         context(
  64              		.loc 2 66 32
  65 004c 13050000 		li	a0,0
  66              	.L2:
  67              		.loc 2 69 83
  68 0050 23B4A400 		sd	a0,8(s1)
  69 0054 23B83401 		sd	s3,16(s1)
  70 0058 97070000 		lla	a5,_ZN3TCB13threadWrapperEv
  70      93870700 
  71 0060 23BCF400 		sd	a5,24(s1)
  68:src/../h/tcb.h ****         ),finished(false), t_blocked(false), timeSlice(timeSlice), sysThread(false)
  72              		.loc 2 68 56
  73 0064 630A0502 		beqz	a0,.L6
  68:src/../h/tcb.h ****         ),finished(false), t_blocked(false), timeSlice(timeSlice), sysThread(false)
  74              		.loc 2 68 67
  75 0068 B7870000 		li	a5,32768
  76 006c 3305F500 		add	a0,a0,a5
  77              	.L3:
  78              		.loc 2 69 83
  79 0070 23B0A402 		sd	a0,32(s1)
  80 0074 23840402 		sb	zero,40(s1)
  81 0078 A3840402 		sb	zero,41(s1)
GAS LISTING /tmp/ccqjir6b.s 			page 4


  82 007c 93072000 		li	a5,2
  83 0080 23B8F402 		sd	a5,48(s1)
  84 0084 238C0402 		sb	zero,56(s1)
  70:src/../h/tcb.h ****     {
  71:src/../h/tcb.h ****         //if(body != nullptr) Scheduler::put(this);
  72:src/../h/tcb.h ****         Scheduler::put(this);
  85              		.loc 2 72 9 is_stmt 1
  86              		.loc 2 72 23 is_stmt 0
  87 0088 13850400 		mv	a0,s1
  88 008c 97000000 		call	_ZN9Scheduler3putEP3TCB@plt
  88      E7800000 
  89              	.LVL6:
  90              	.LEHE1:
  91 0094 6F008002 		j	.L10
  92              	.L6:
  68:src/../h/tcb.h ****         ),finished(false), t_blocked(false), timeSlice(timeSlice), sysThread(false)
  93              		.loc 2 68 56
  94 0098 13050000 		li	a0,0
  95 009c 6FF05FFD 		j	.L3
  96              	.L7:
  97 00a0 13090500 		mv	s2,a0
  98              	.LVL7:
  99              	.LBE46:
 100              	.LBE45:
 101              	.LBE44:
 102              	.LBB47:
 103              	.LBB48:
  52:src/../h/tcb.h ****         return;
 104              		.loc 2 52 9 is_stmt 1
  52:src/../h/tcb.h ****         return;
 105              		.loc 2 52 34 is_stmt 0
 106 00a4 13850400 		mv	a0,s1
 107 00a8 97000000 		call	_ZN15MemoryAllocator8mem_freeEPv@plt
 107      E7800000 
 108              	.LVL8:
  53:src/../h/tcb.h ****     }
 109              		.loc 2 53 9 is_stmt 1
 110 00b0 13050900 		mv	a0,s2
 111              	.LEHB2:
 112 00b4 97000000 		call	_Unwind_Resume@plt
 112      E7800000 
 113              	.LVL9:
 114              	.LEHE2:
 115              	.L10:
 116              	.LBE48:
 117              	.LBE47:
  15:src/tcb.cpp   **** }
 118              		.loc 1 15 1 is_stmt 0
 119 00bc 13850400 		mv	a0,s1
 120 00c0 83308102 		ld	ra,40(sp)
 121              		.cfi_restore 1
 122 00c4 03340102 		ld	s0,32(sp)
 123              		.cfi_restore 8
 124              		.cfi_def_cfa 2, 48
 125 00c8 83348101 		ld	s1,24(sp)
 126              		.cfi_restore 9
 127              	.LVL10:
GAS LISTING /tmp/ccqjir6b.s 			page 5


 128 00cc 03390101 		ld	s2,16(sp)
 129              		.cfi_restore 18
 130              	.LVL11:
 131 00d0 83398100 		ld	s3,8(sp)
 132              		.cfi_restore 19
 133              	.LVL12:
 134 00d4 13010103 		addi	sp,sp,48
 135              		.cfi_def_cfa_offset 0
 136 00d8 67800000 		jr	ra
 137              		.cfi_endproc
 138              	.LFE59:
 139              		.globl	__gxx_personality_v0
 140              		.section	.gcc_except_table,"a",@progbits
 141              	.LLSDA59:
 142 0000 FF       		.byte	0xff
 143 0001 FF       		.byte	0xff
 144 0002 03       		.byte	0x3
 145 0003 27       		.byte	0x27
 146 0004 00000000 		.4byte	.LEHB0-.LFB59
 147 0008 00000000 		.4byte	.LEHE0-.LEHB0
 148 000c 00000000 		.4byte	0
 149 0010 00       		.byte	0
 150 0011 00000000 		.4byte	.LEHB1-.LFB59
 151 0015 00000000 		.4byte	.LEHE1-.LEHB1
 152 0019 00000000 		.4byte	.L7-.LFB59
 153 001d 00       		.byte	0
 154 001e 00000000 		.4byte	.LEHB2-.LFB59
 155 0022 00000000 		.4byte	.LEHE2-.LEHB2
 156 0026 00000000 		.4byte	0
 157 002a 00       		.byte	0
 158              		.text
 160              		.align	2
 161              		.globl	_ZN3TCB12createThreadEPFvPvES0_Pm
 163              	_ZN3TCB12createThreadEPFvPvES0_Pm:
 164              	.LFB60:
  16:src/tcb.cpp   **** 
  17:src/tcb.cpp   **** TCB* TCB::createThread(Body body, void* args, uint64* stack)
  18:src/tcb.cpp   **** {
 165              		.loc 1 18 1 is_stmt 1
 166              		.cfi_startproc
 167              		.cfi_personality 0x9b,DW.ref.__gxx_personality_v0
 168              		.cfi_lsda 0x1b,.LLSDA60
 169              	.LVL13:
 170 00dc 130101FD 		addi	sp,sp,-48
 171              		.cfi_def_cfa_offset 48
 172 00e0 23341102 		sd	ra,40(sp)
 173 00e4 23308102 		sd	s0,32(sp)
 174 00e8 233C9100 		sd	s1,24(sp)
 175 00ec 23382101 		sd	s2,16(sp)
 176 00f0 23343101 		sd	s3,8(sp)
 177 00f4 23304101 		sd	s4,0(sp)
 178              		.cfi_offset 1, -8
 179              		.cfi_offset 8, -16
 180              		.cfi_offset 9, -24
 181              		.cfi_offset 18, -32
 182              		.cfi_offset 19, -40
 183              		.cfi_offset 20, -48
GAS LISTING /tmp/ccqjir6b.s 			page 6


 184 00f8 13040103 		addi	s0,sp,48
 185              		.cfi_def_cfa 8, 0
 186 00fc 130A0500 		mv	s4,a0
 187 0100 93890500 		mv	s3,a1
 188 0104 13090600 		mv	s2,a2
  19:src/tcb.cpp   ****     return new TCB(body, stack, args, DEFAULT_TIME_SLICE);
 189              		.loc 1 19 5
 190              	.LVL14:
 191              	.LBB49:
 192              	.LBB50:
  44:src/../h/tcb.h ****      }
 193              		.loc 2 44 10
  44:src/../h/tcb.h ****      }
 194              		.loc 2 44 43 is_stmt 0
 195 0108 13050004 		li	a0,64
 196              	.LVL15:
 197              	.LEHB3:
 198 010c 97000000 		call	_ZN15MemoryAllocator9mem_allocEm@plt
 198      E7800000 
 199              	.LVL16:
 200              	.LEHE3:
 201 0114 93040500 		mv	s1,a0
 202              	.LVL17:
 203              	.LBE50:
 204              	.LBE49:
 205              	.LBB51:
 206              	.LBB52:
 207              	.LBB53:
  73:src/../h/tcb.h ****     }
  74:src/../h/tcb.h ****     explicit TCB(Body body, uint64* stack, void* args, uint64 timeSlice): body(body),
  75:src/../h/tcb.h ****         stack( stack != nullptr ? stack : 0), args(args),
  76:src/../h/tcb.h ****         context(
  77:src/../h/tcb.h ****            { (uint64) &threadWrapper, stack != nullptr ? (uint64) &stack[DEFAULT_STACK_SIZE/sizeof(
  78:src/../h/tcb.h ****         ),finished(false), t_blocked(false), timeSlice(timeSlice), sysThread(false)
 208              		.loc 2 78 83
 209 0118 23304501 		sd	s4,0(a0)
 210 011c 23342501 		sd	s2,8(a0)
 211 0120 23383501 		sd	s3,16(a0)
 212 0124 97070000 		lla	a5,_ZN3TCB13threadWrapperEv
 212      93870700 
 213 012c 233CF500 		sd	a5,24(a0)
  77:src/../h/tcb.h ****         ),finished(false), t_blocked(false), timeSlice(timeSlice), sysThread(false)
 214              		.loc 2 77 56
 215 0130 630A0902 		beqz	s2,.L14
  77:src/../h/tcb.h ****         ),finished(false), t_blocked(false), timeSlice(timeSlice), sysThread(false)
 216              		.loc 2 77 67
 217 0134 37160000 		li	a2,4096
 218 0138 3309C900 		add	s2,s2,a2
 219              	.LVL18:
 220              	.L12:
 221              		.loc 2 78 83
 222 013c 23B02403 		sd	s2,32(s1)
 223 0140 23840402 		sb	zero,40(s1)
 224 0144 A3840402 		sb	zero,41(s1)
 225 0148 93072000 		li	a5,2
 226 014c 23B8F402 		sd	a5,48(s1)
 227 0150 238C0402 		sb	zero,56(s1)
GAS LISTING /tmp/ccqjir6b.s 			page 7


  79:src/../h/tcb.h ****     {
  80:src/../h/tcb.h ****         //if(body != nullptr) Scheduler::put(this);
  81:src/../h/tcb.h ****         Scheduler::put(this);
 228              		.loc 2 81 9 is_stmt 1
 229              		.loc 2 81 23 is_stmt 0
 230 0154 13850400 		mv	a0,s1
 231              	.LEHB4:
 232 0158 97000000 		call	_ZN9Scheduler3putEP3TCB@plt
 232      E7800000 
 233              	.LVL19:
 234              	.LEHE4:
 235 0160 6F008002 		j	.L18
 236              	.LVL20:
 237              	.L14:
  77:src/../h/tcb.h ****         ),finished(false), t_blocked(false), timeSlice(timeSlice), sysThread(false)
 238              		.loc 2 77 56
 239 0164 13090000 		li	s2,0
 240              	.LVL21:
 241 0168 6FF05FFD 		j	.L12
 242              	.LVL22:
 243              	.L15:
 244 016c 13090500 		mv	s2,a0
 245              	.LVL23:
 246              	.LBE53:
 247              	.LBE52:
 248              	.LBE51:
 249              	.LBB54:
 250              	.LBB55:
  52:src/../h/tcb.h ****         return;
 251              		.loc 2 52 9 is_stmt 1
  52:src/../h/tcb.h ****         return;
 252              		.loc 2 52 34 is_stmt 0
 253 0170 13850400 		mv	a0,s1
 254 0174 97000000 		call	_ZN15MemoryAllocator8mem_freeEPv@plt
 254      E7800000 
 255              	.LVL24:
  53:src/../h/tcb.h ****     }
 256              		.loc 2 53 9 is_stmt 1
 257 017c 13050900 		mv	a0,s2
 258              	.LEHB5:
 259 0180 97000000 		call	_Unwind_Resume@plt
 259      E7800000 
 260              	.LVL25:
 261              	.LEHE5:
 262              	.L18:
 263              	.LBE55:
 264              	.LBE54:
  20:src/tcb.cpp   **** }
 265              		.loc 1 20 1 is_stmt 0
 266 0188 13850400 		mv	a0,s1
 267 018c 83308102 		ld	ra,40(sp)
 268              		.cfi_restore 1
 269 0190 03340102 		ld	s0,32(sp)
 270              		.cfi_restore 8
 271              		.cfi_def_cfa 2, 48
 272 0194 83348101 		ld	s1,24(sp)
 273              		.cfi_restore 9
GAS LISTING /tmp/ccqjir6b.s 			page 8


 274              	.LVL26:
 275 0198 03390101 		ld	s2,16(sp)
 276              		.cfi_restore 18
 277 019c 83398100 		ld	s3,8(sp)
 278              		.cfi_restore 19
 279              	.LVL27:
 280 01a0 033A0100 		ld	s4,0(sp)
 281              		.cfi_restore 20
 282              	.LVL28:
 283 01a4 13010103 		addi	sp,sp,48
 284              		.cfi_def_cfa_offset 0
 285 01a8 67800000 		jr	ra
 286              		.cfi_endproc
 287              	.LFE60:
 288              		.section	.gcc_except_table
 289              	.LLSDA60:
 290 002b FF       		.byte	0xff
 291 002c FF       		.byte	0xff
 292 002d 03       		.byte	0x3
 293 002e 27       		.byte	0x27
 294 002f 00000000 		.4byte	.LEHB3-.LFB60
 295 0033 00000000 		.4byte	.LEHE3-.LEHB3
 296 0037 00000000 		.4byte	0
 297 003b 00       		.byte	0
 298 003c 00000000 		.4byte	.LEHB4-.LFB60
 299 0040 00000000 		.4byte	.LEHE4-.LEHB4
 300 0044 00000000 		.4byte	.L15-.LFB60
 301 0048 00       		.byte	0
 302 0049 00000000 		.4byte	.LEHB5-.LFB60
 303 004d 00000000 		.4byte	.LEHE5-.LEHB5
 304 0051 00000000 		.4byte	0
 305 0055 00       		.byte	0
 306              		.text
 308              		.align	2
 309              		.globl	_ZN3TCB5yieldEv
 311              	_ZN3TCB5yieldEv:
 312              	.LFB61:
  21:src/tcb.cpp   **** 
  22:src/tcb.cpp   **** void TCB::yield()
  23:src/tcb.cpp   **** {
 313              		.loc 1 23 1 is_stmt 1
 314              		.cfi_startproc
 315 01ac 130101FF 		addi	sp,sp,-16
 316              		.cfi_def_cfa_offset 16
 317 01b0 23348100 		sd	s0,8(sp)
 318              		.cfi_offset 8, -8
 319 01b4 13040101 		addi	s0,sp,16
 320              		.cfi_def_cfa 8, 0
  24:src/tcb.cpp   ****     //push registers on - all the ones that arent ra and sp
  25:src/tcb.cpp   ****     //so we yield at the end of threat wrapper which needs to dispatch to the next nit - but ecall 
  26:src/tcb.cpp   ****     //syscalls - so we make a new code of operation
  27:src/tcb.cpp   ****     __asm__ volatile("ecall");
 321              		.loc 1 27 5
 322              		.loc 1 27 30 is_stmt 0
 323              	#APP
 324              	# 27 "src/tcb.cpp" 1
  28              	}
GAS LISTING /tmp/ccqjir6b.s 			page 9


 325              		ecall
 326              	# 0 "" 2
 327              		.loc 1 28 1
 328              	#NO_APP
 329 01bc 03348100 		ld	s0,8(sp)
 330              		.cfi_restore 8
 331              		.cfi_def_cfa 2, 16
 332 01c0 13010101 		addi	sp,sp,16
 333              		.cfi_def_cfa_offset 0
 334 01c4 67800000 		jr	ra
 335              		.cfi_endproc
 336              	.LFE61:
 338              		.align	2
 339              		.globl	_ZN3TCB13threadWrapperEv
 341              	_ZN3TCB13threadWrapperEv:
 342              	.LFB63:
  29:src/tcb.cpp   **** 
  30:src/tcb.cpp   **** void TCB::dispatch()
  31:src/tcb.cpp   **** {
  32:src/tcb.cpp   ****     //timeSliceCounter=0;
  33:src/tcb.cpp   ****     TCB* old = running;
  34:src/tcb.cpp   ****     if(!old->isFinished() && !old->isBlocked())
  35:src/tcb.cpp   ****     {
  36:src/tcb.cpp   ****         //scheduler put old routine
  37:src/tcb.cpp   ****         Scheduler::put(old);
  38:src/tcb.cpp   ****     }
  39:src/tcb.cpp   ****     running=Scheduler::get(); //ISSUE CAUSED HERE--------------------------------------------------
  40:src/tcb.cpp   ****     Riscv::setPriviledge();
  41:src/tcb.cpp   ****     TCB::contextSwitch(&old->context, &running->context); //CONTEXT SWITCH IN
  42:src/tcb.cpp   **** }
  43:src/tcb.cpp   **** 
  44:src/tcb.cpp   **** void TCB::threadWrapper()
  45:src/tcb.cpp   **** {
 343              		.loc 1 45 1 is_stmt 1
 344              		.cfi_startproc
 345 01c8 130101FE 		addi	sp,sp,-32
 346              		.cfi_def_cfa_offset 32
 347 01cc 233C1100 		sd	ra,24(sp)
 348 01d0 23388100 		sd	s0,16(sp)
 349 01d4 23349100 		sd	s1,8(sp)
 350              		.cfi_offset 1, -8
 351              		.cfi_offset 8, -16
 352              		.cfi_offset 9, -24
 353 01d8 13040102 		addi	s0,sp,32
 354              		.cfi_def_cfa 8, 0
  46:src/tcb.cpp   ****     Riscv::popSppSpie(); // when new thread created from dispatch, it is still in sup mode - need t
 355              		.loc 1 46 5
 356              		.loc 1 46 22 is_stmt 0
 357 01dc 97000000 		call	_ZN5Riscv10popSppSpieEv@plt
 357      E7800000 
 358              	.LVL29:
  47:src/tcb.cpp   ****                         // to previous mode when executing from here thereafter, since it doesn't d
  48:src/tcb.cpp   ****     running->body(running->args);
 359              		.loc 1 48 5 is_stmt 1
 360              		.loc 1 48 14 is_stmt 0
 361 01e4 97040000 		lla	s1,.LANCHOR0
 361      93840400 
GAS LISTING /tmp/ccqjir6b.s 			page 10


 362 01ec 83B70400 		ld	a5,0(s1)
 363 01f0 03B70700 		ld	a4,0(a5)
 364              		.loc 1 48 18
 365 01f4 03B50701 		ld	a0,16(a5)
 366 01f8 E7000700 		jalr	a4
 367              	.LVL30:
  49:src/tcb.cpp   ****     running->setFinished(true); //finish nit implicitno, dont have to explicitly release
 368              		.loc 1 49 5 is_stmt 1
 369              		.loc 1 49 25 is_stmt 0
 370 01fc 83B70400 		ld	a5,0(s1)
 371              	.LVL31:
 372              	.LBB56:
 373              	.LBB57:
  22:src/../h/tcb.h **** 
 374              		.loc 2 22 36 is_stmt 1
  22:src/../h/tcb.h **** 
 375              		.loc 2 22 45 is_stmt 0
 376 0200 13071000 		li	a4,1
 377 0204 2384E702 		sb	a4,40(a5)
 378              	.LVL32:
 379              	.LBE57:
 380              	.LBE56:
  50:src/tcb.cpp   ****     yield();
 381              		.loc 1 50 5 is_stmt 1
 382              		.loc 1 50 10 is_stmt 0
 383 0208 97000000 		call	_ZN3TCB5yieldEv
 383      E7800000 
 384              	.LVL33:
  51:src/tcb.cpp   **** 
  52:src/tcb.cpp   **** }
 385              		.loc 1 52 1
 386 0210 83308101 		ld	ra,24(sp)
 387              		.cfi_restore 1
 388 0214 03340101 		ld	s0,16(sp)
 389              		.cfi_restore 8
 390              		.cfi_def_cfa 2, 32
 391 0218 83348100 		ld	s1,8(sp)
 392              		.cfi_restore 9
 393 021c 13010102 		addi	sp,sp,32
 394              		.cfi_def_cfa_offset 0
 395 0220 67800000 		jr	ra
 396              		.cfi_endproc
 397              	.LFE63:
 399              		.align	2
 400              		.globl	_ZN3TCB8dispatchEv
 402              	_ZN3TCB8dispatchEv:
 403              	.LFB62:
  31:src/tcb.cpp   ****     //timeSliceCounter=0;
 404              		.loc 1 31 1 is_stmt 1
 405              		.cfi_startproc
 406 0224 130101FE 		addi	sp,sp,-32
 407              		.cfi_def_cfa_offset 32
 408 0228 233C1100 		sd	ra,24(sp)
 409 022c 23388100 		sd	s0,16(sp)
 410 0230 23349100 		sd	s1,8(sp)
 411              		.cfi_offset 1, -8
 412              		.cfi_offset 8, -16
GAS LISTING /tmp/ccqjir6b.s 			page 11


 413              		.cfi_offset 9, -24
 414 0234 13040102 		addi	s0,sp,32
 415              		.cfi_def_cfa 8, 0
  33:src/tcb.cpp   ****     if(!old->isFinished() && !old->isBlocked())
 416              		.loc 1 33 5
  33:src/tcb.cpp   ****     if(!old->isFinished() && !old->isBlocked())
 417              		.loc 1 33 10 is_stmt 0
 418 0238 97040000 		ld	s1,.LANCHOR0
 418      83B40400 
 419              	.LVL34:
  34:src/tcb.cpp   ****     {
 420              		.loc 1 34 5 is_stmt 1
 421              	.LBB58:
 422              	.LBB59:
  20:src/../h/tcb.h **** 
 423              		.loc 2 20 31
  20:src/../h/tcb.h **** 
 424              		.loc 2 20 38 is_stmt 0
 425 0240 83C78402 		lbu	a5,40(s1)
 426              	.LVL35:
 427              	.LBE59:
 428              	.LBE58:
  34:src/tcb.cpp   ****     {
 429              		.loc 1 34 27
 430 0244 63960700 		bnez	a5,.L24
 431              	.LVL36:
 432              	.LBB60:
 433              	.LBB61:
  26:src/../h/tcb.h **** 
 434              		.loc 2 26 30 is_stmt 1
  26:src/../h/tcb.h **** 
 435              		.loc 2 26 37 is_stmt 0
 436 0248 83C79402 		lbu	a5,41(s1)
 437              	.LVL37:
 438              	.LBE61:
 439              	.LBE60:
  34:src/tcb.cpp   ****     {
 440              		.loc 1 34 27
 441 024c 63840704 		beqz	a5,.L28
 442              	.L24:
  39:src/tcb.cpp   ****     Riscv::setPriviledge();
 443              		.loc 1 39 5 is_stmt 1
  39:src/tcb.cpp   ****     Riscv::setPriviledge();
 444              		.loc 1 39 27 is_stmt 0
 445 0250 97000000 		call	_ZN9Scheduler3getEv@plt
 445      E7800000 
 446              	.LVL38:
  39:src/tcb.cpp   ****     Riscv::setPriviledge();
 447              		.loc 1 39 12
 448 0258 97070000 		sd	a0,.LANCHOR0,a5
 448      23B0A700 
  40:src/tcb.cpp   ****     TCB::contextSwitch(&old->context, &running->context); //CONTEXT SWITCH IN
 449              		.loc 1 40 5 is_stmt 1
 450              	.LBB62:
 451              	.LBB63:
 452              		.file 3 "src/../h/riscv.h"
   1:src/../h/riscv.h **** //
GAS LISTING /tmp/ccqjir6b.s 			page 12


   2:src/../h/riscv.h **** // Created by os on 8/15/25.
   3:src/../h/riscv.h **** //
   4:src/../h/riscv.h **** 
   5:src/../h/riscv.h **** #ifndef PROJECT_BASE_RISCV_H
   6:src/../h/riscv.h **** #define PROJECT_BASE_RISCV_H
   7:src/../h/riscv.h **** 
   8:src/../h/riscv.h **** #include "../lib/hw.h"
   9:src/../h/riscv.h **** #include "tcb.h"
  10:src/../h/riscv.h **** 
  11:src/../h/riscv.h **** class Riscv
  12:src/../h/riscv.h **** {
  13:src/../h/riscv.h **** public:
  14:src/../h/riscv.h ****     static void setPriviledge()
  15:src/../h/riscv.h ****     {
  16:src/../h/riscv.h ****         if (TCB::running->isSysThread())
 453              		.loc 3 16 9
 454              	.LVL39:
 455              	.LBB64:
 456              	.LBB65:
  28:src/../h/tcb.h **** 
 457              		.loc 2 28 32
  28:src/../h/tcb.h **** 
 458              		.loc 2 28 39 is_stmt 0
 459 0260 83478503 		lbu	a5,56(a0)
 460              	.LVL40:
 461              	.LBE65:
 462              	.LBE64:
 463              		.loc 3 16 9
 464 0264 63800704 		beqz	a5,.L25
  17:src/../h/riscv.h ****             ms_sstatus(Riscv::SSTATUS_SPP);
 465              		.loc 3 17 13 is_stmt 1
 466              	.LVL41:
 467              	.LBB66:
 468              	.LBB67:
  18:src/../h/riscv.h ****         else
  19:src/../h/riscv.h ****             mc_sstatus(Riscv::SSTATUS_SPP);
  20:src/../h/riscv.h ****     }
  21:src/../h/riscv.h ****     // pop sstatus.spp and sstatus.spie bits (has to be a non inline function)
  22:src/../h/riscv.h ****     static void popSppSpie();
  23:src/../h/riscv.h **** 
  24:src/../h/riscv.h ****     // read register scause
  25:src/../h/riscv.h ****     static uint64 r_scause();
  26:src/../h/riscv.h **** 
  27:src/../h/riscv.h ****     // write register scause
  28:src/../h/riscv.h ****     static void w_scause(uint64 scause);
  29:src/../h/riscv.h **** 
  30:src/../h/riscv.h ****     // read register sepc
  31:src/../h/riscv.h ****     static uint64 r_sepc();
  32:src/../h/riscv.h **** 
  33:src/../h/riscv.h ****     // write register sepc
  34:src/../h/riscv.h ****     static void w_sepc(uint64 sepc);
  35:src/../h/riscv.h **** 
  36:src/../h/riscv.h ****     // read register stvec
  37:src/../h/riscv.h ****     static uint64 r_stvec();
  38:src/../h/riscv.h **** 
  39:src/../h/riscv.h ****     // write register stvec
  40:src/../h/riscv.h ****     static void w_stvec(uint64 stvec);
GAS LISTING /tmp/ccqjir6b.s 			page 13


  41:src/../h/riscv.h **** 
  42:src/../h/riscv.h ****     // read register stval
  43:src/../h/riscv.h ****     static uint64 r_stval();
  44:src/../h/riscv.h **** 
  45:src/../h/riscv.h ****     // write register stval
  46:src/../h/riscv.h ****     static void w_stval(uint64 stval);
  47:src/../h/riscv.h **** 
  48:src/../h/riscv.h ****     enum BitMaskSip
  49:src/../h/riscv.h ****     {
  50:src/../h/riscv.h ****         SIP_SSIP = (1 << 1),
  51:src/../h/riscv.h ****         SIP_STIP = (1 << 5),
  52:src/../h/riscv.h ****         SIP_SEIP = (1 << 9),
  53:src/../h/riscv.h ****     };
  54:src/../h/riscv.h **** 
  55:src/../h/riscv.h ****     // mask set register sip
  56:src/../h/riscv.h ****     static void ms_sip(uint64 mask);
  57:src/../h/riscv.h **** 
  58:src/../h/riscv.h ****     // mask clear register sip
  59:src/../h/riscv.h ****     static void mc_sip(uint64 mask);
  60:src/../h/riscv.h **** 
  61:src/../h/riscv.h ****     // read register sip
  62:src/../h/riscv.h ****     static uint64 r_sip();
  63:src/../h/riscv.h **** 
  64:src/../h/riscv.h ****     // write register sip
  65:src/../h/riscv.h ****     static void w_sip(uint64 sip);
  66:src/../h/riscv.h **** 
  67:src/../h/riscv.h ****     enum BitMaskSstatus
  68:src/../h/riscv.h ****     {
  69:src/../h/riscv.h ****         SSTATUS_SIE = (1 << 1),
  70:src/../h/riscv.h ****         SSTATUS_SPIE = (1 << 5),
  71:src/../h/riscv.h ****         SSTATUS_SPP = (1 << 8),
  72:src/../h/riscv.h ****     };
  73:src/../h/riscv.h **** 
  74:src/../h/riscv.h ****     // mask set register sstatus
  75:src/../h/riscv.h ****     static void ms_sstatus(uint64 mask);
  76:src/../h/riscv.h **** 
  77:src/../h/riscv.h ****     // mask clear register sstatus
  78:src/../h/riscv.h ****     static void mc_sstatus(uint64 mask);
  79:src/../h/riscv.h **** 
  80:src/../h/riscv.h ****     // read register sstatus
  81:src/../h/riscv.h ****     static uint64 r_sstatus();
  82:src/../h/riscv.h **** 
  83:src/../h/riscv.h ****     // write register sstatus
  84:src/../h/riscv.h ****     static void w_sstatus(uint64 sstatus);
  85:src/../h/riscv.h **** 
  86:src/../h/riscv.h ****     // supervisor trap
  87:src/../h/riscv.h ****     static void supervisorTrap();
  88:src/../h/riscv.h **** 
  89:src/../h/riscv.h ****     //user mode - chagne to private later after testing--------------------------------------------
  90:src/../h/riscv.h **** private:
  91:src/../h/riscv.h **** 
  92:src/../h/riscv.h ****     // supervisor trap handler
  93:src/../h/riscv.h ****     static void handleSupervisorTrap();
  94:src/../h/riscv.h **** 
  95:src/../h/riscv.h **** 
  96:src/../h/riscv.h **** };
  97:src/../h/riscv.h **** 
GAS LISTING /tmp/ccqjir6b.s 			page 14


  98:src/../h/riscv.h **** inline uint64 Riscv::r_scause()
  99:src/../h/riscv.h **** {
 100:src/../h/riscv.h ****     uint64 volatile scause;
 101:src/../h/riscv.h ****     __asm__ volatile ("csrr %[scause], scause" : [scause] "=r"(scause));
 102:src/../h/riscv.h ****     return scause;
 103:src/../h/riscv.h **** }
 104:src/../h/riscv.h **** 
 105:src/../h/riscv.h **** inline void Riscv::w_scause(uint64 scause)
 106:src/../h/riscv.h **** {
 107:src/../h/riscv.h ****     __asm__ volatile ("csrw scause, %[scause]" : : [scause] "r"(scause));
 108:src/../h/riscv.h **** }
 109:src/../h/riscv.h **** 
 110:src/../h/riscv.h **** inline uint64 Riscv::r_sepc()
 111:src/../h/riscv.h **** {
 112:src/../h/riscv.h ****     uint64 volatile sepc;
 113:src/../h/riscv.h ****     __asm__ volatile ("csrr %[sepc], sepc" : [sepc] "=r"(sepc));
 114:src/../h/riscv.h ****     return sepc;
 115:src/../h/riscv.h **** }
 116:src/../h/riscv.h **** 
 117:src/../h/riscv.h **** inline void Riscv::w_sepc(uint64 sepc)
 118:src/../h/riscv.h **** {
 119:src/../h/riscv.h ****     __asm__ volatile ("csrw sepc, %[sepc]" : : [sepc] "r"(sepc));
 120:src/../h/riscv.h **** }
 121:src/../h/riscv.h **** 
 122:src/../h/riscv.h **** inline uint64 Riscv::r_stvec()
 123:src/../h/riscv.h **** {
 124:src/../h/riscv.h ****     uint64 volatile stvec;
 125:src/../h/riscv.h ****     __asm__ volatile ("csrr %[stvec], stvec" : [stvec] "=r"(stvec));
 126:src/../h/riscv.h ****     return stvec;
 127:src/../h/riscv.h **** }
 128:src/../h/riscv.h **** 
 129:src/../h/riscv.h **** inline void Riscv::w_stvec(uint64 stvec)
 130:src/../h/riscv.h **** {
 131:src/../h/riscv.h ****     __asm__ volatile ("csrw stvec, %[stvec]" : : [stvec] "r"(stvec));
 132:src/../h/riscv.h **** }
 133:src/../h/riscv.h **** 
 134:src/../h/riscv.h **** inline uint64 Riscv::r_stval()
 135:src/../h/riscv.h **** {
 136:src/../h/riscv.h ****     uint64 volatile stval;
 137:src/../h/riscv.h ****     __asm__ volatile ("csrr %[stval], stval" : [stval] "=r"(stval));
 138:src/../h/riscv.h ****     return stval;
 139:src/../h/riscv.h **** }
 140:src/../h/riscv.h **** 
 141:src/../h/riscv.h **** inline void Riscv::w_stval(uint64 stval)
 142:src/../h/riscv.h **** {
 143:src/../h/riscv.h ****     __asm__ volatile ("csrw stval, %[stval]" : : [stval] "r"(stval));
 144:src/../h/riscv.h **** }
 145:src/../h/riscv.h **** 
 146:src/../h/riscv.h **** inline void Riscv::ms_sip(uint64 mask)
 147:src/../h/riscv.h **** {
 148:src/../h/riscv.h ****     __asm__ volatile ("csrs sip, %[mask]" : : [mask] "r"(mask));
 149:src/../h/riscv.h **** }
 150:src/../h/riscv.h **** 
 151:src/../h/riscv.h **** inline void Riscv::mc_sip(uint64 mask)
 152:src/../h/riscv.h **** {
 153:src/../h/riscv.h ****     __asm__ volatile ("csrc sip, %[mask]" : : [mask] "r"(mask));
 154:src/../h/riscv.h **** }
GAS LISTING /tmp/ccqjir6b.s 			page 15


 155:src/../h/riscv.h **** 
 156:src/../h/riscv.h **** inline uint64 Riscv::r_sip()
 157:src/../h/riscv.h **** {
 158:src/../h/riscv.h ****     uint64 volatile sip;
 159:src/../h/riscv.h ****     __asm__ volatile ("csrr %[sip], sip" : [sip] "=r"(sip));
 160:src/../h/riscv.h ****     return sip;
 161:src/../h/riscv.h **** }
 162:src/../h/riscv.h **** 
 163:src/../h/riscv.h **** inline void Riscv::w_sip(uint64 sip)
 164:src/../h/riscv.h **** {
 165:src/../h/riscv.h ****     __asm__ volatile ("csrw sip, %[sip]" : : [sip] "r"(sip));
 166:src/../h/riscv.h **** }
 167:src/../h/riscv.h **** 
 168:src/../h/riscv.h **** inline void Riscv::ms_sstatus(uint64 mask)
 169:src/../h/riscv.h **** {
 170:src/../h/riscv.h ****     __asm__ volatile ("csrs sstatus, %[mask]" : : [mask] "r"(mask));
 469              		.loc 3 170 5
 470              		.loc 3 170 68 is_stmt 0
 471 0268 93070010 		li	a5,256
 472              	#APP
 473              	# 170 "src/../h/riscv.h" 1
 171              	}
 474              		csrs sstatus, a5
 475              	# 0 "" 2
 476              	.LVL42:
 477              	#NO_APP
 478              	.L26:
 479              	.LBE67:
 480              	.LBE66:
 481              	.LBE63:
 482              	.LBE62:
  41:src/tcb.cpp   **** }
 483              		.loc 1 41 5 is_stmt 1
  41:src/tcb.cpp   **** }
 484              		.loc 1 41 23 is_stmt 0
 485 0270 93058501 		addi	a1,a0,24
 486 0274 13858401 		addi	a0,s1,24
 487 0278 97000000 		call	_ZN3TCB13contextSwitchEPNS_7ContextES1_@plt
 487      E7800000 
 488              	.LVL43:
  42:src/tcb.cpp   **** 
 489              		.loc 1 42 1
 490 0280 83308101 		ld	ra,24(sp)
 491              		.cfi_remember_state
 492              		.cfi_restore 1
 493 0284 03340101 		ld	s0,16(sp)
 494              		.cfi_restore 8
 495              		.cfi_def_cfa 2, 32
 496 0288 83348100 		ld	s1,8(sp)
 497              		.cfi_restore 9
 498              	.LVL44:
 499 028c 13010102 		addi	sp,sp,32
 500              		.cfi_def_cfa_offset 0
 501 0290 67800000 		jr	ra
 502              	.LVL45:
 503              	.L28:
 504              		.cfi_restore_state
GAS LISTING /tmp/ccqjir6b.s 			page 16


  37:src/tcb.cpp   ****     }
 505              		.loc 1 37 9 is_stmt 1
  37:src/tcb.cpp   ****     }
 506              		.loc 1 37 23 is_stmt 0
 507 0294 13850400 		mv	a0,s1
 508 0298 97000000 		call	_ZN9Scheduler3putEP3TCB@plt
 508      E7800000 
 509              	.LVL46:
 510 02a0 6FF01FFB 		j	.L24
 511              	.L25:
 512              	.LBB71:
 513              	.LBB70:
  19:src/../h/riscv.h ****     }
 514              		.loc 3 19 13 is_stmt 1
 515              	.LVL47:
 516              	.LBB68:
 517              	.LBB69:
 172:src/../h/riscv.h **** 
 173:src/../h/riscv.h **** inline void Riscv::mc_sstatus(uint64 mask)
 174:src/../h/riscv.h **** {
 175:src/../h/riscv.h ****     __asm__ volatile ("csrc sstatus, %[mask]" : : [mask] "r"(mask));
 518              		.loc 3 175 5
 519              		.loc 3 175 68 is_stmt 0
 520 02a4 93070010 		li	a5,256
 521              	#APP
 522              	# 175 "src/../h/riscv.h" 1
 176              	}
 523              		csrc sstatus, a5
 524              	# 0 "" 2
 525              		.loc 3 176 1
 526              	#NO_APP
 527 02ac 6FF05FFC 		j	.L26
 528              	.LBE69:
 529              	.LBE68:
 530              	.LBE70:
 531              	.LBE71:
 532              		.cfi_endproc
 533              	.LFE62:
 535              		.align	2
 536              		.globl	_ZN3TCB11thread_exitEv
 538              	_ZN3TCB11thread_exitEv:
 539              	.LFB64:
  53:src/tcb.cpp   **** 
  54:src/tcb.cpp   **** int TCB::thread_exit()
  55:src/tcb.cpp   **** {
 540              		.loc 1 55 1 is_stmt 1
 541              		.cfi_startproc
  56:src/tcb.cpp   ****     if(running->body == nullptr) return -1;
 542              		.loc 1 56 5
 543              		.loc 1 56 17 is_stmt 0
 544 02b0 97070000 		ld	a5,.LANCHOR0
 544      83B70700 
 545 02b8 03B70700 		ld	a4,0(a5)
 546              		.loc 1 56 5
 547 02bc 630C0702 		beqz	a4,.L31
  55:src/tcb.cpp   ****     if(running->body == nullptr) return -1;
 548              		.loc 1 55 1
GAS LISTING /tmp/ccqjir6b.s 			page 17


 549 02c0 130101FF 		addi	sp,sp,-16
 550              		.cfi_def_cfa_offset 16
 551 02c4 23341100 		sd	ra,8(sp)
 552 02c8 23308100 		sd	s0,0(sp)
 553              		.cfi_offset 1, -8
 554              		.cfi_offset 8, -16
 555 02cc 13040101 		addi	s0,sp,16
 556              		.cfi_def_cfa 8, 0
  57:src/tcb.cpp   ****     running->setFinished(true);
 557              		.loc 1 57 5 is_stmt 1
 558              	.LVL48:
 559              	.LBB72:
 560              	.LBB73:
  22:src/../h/tcb.h **** 
 561              		.loc 2 22 36
  22:src/../h/tcb.h **** 
 562              		.loc 2 22 45 is_stmt 0
 563 02d0 13071000 		li	a4,1
 564 02d4 2384E702 		sb	a4,40(a5)
 565              	.LVL49:
 566              	.LBE73:
 567              	.LBE72:
  58:src/tcb.cpp   ****     dispatch();
 568              		.loc 1 58 5 is_stmt 1
 569              		.loc 1 58 13 is_stmt 0
 570 02d8 97000000 		call	_ZN3TCB8dispatchEv
 570      E7800000 
 571              	.LVL50:
  59:src/tcb.cpp   ****     return 0;
 572              		.loc 1 59 5 is_stmt 1
 573              		.loc 1 59 12 is_stmt 0
 574 02e0 13050000 		li	a0,0
  60:src/tcb.cpp   **** }
 575              		.loc 1 60 1
 576 02e4 83308100 		ld	ra,8(sp)
 577              		.cfi_restore 1
 578 02e8 03340100 		ld	s0,0(sp)
 579              		.cfi_restore 8
 580              		.cfi_def_cfa 2, 16
 581 02ec 13010101 		addi	sp,sp,16
 582              		.cfi_def_cfa_offset 0
 583 02f0 67800000 		jr	ra
 584              	.L31:
  56:src/tcb.cpp   ****     running->setFinished(true);
 585              		.loc 1 56 42
 586 02f4 1305F0FF 		li	a0,-1
 587              		.loc 1 60 1
 588 02f8 67800000 		ret
 589              		.cfi_endproc
 590              	.LFE64:
 592              		.align	2
 593              		.globl	_ZN3TCB11idle_threadEv
 595              	_ZN3TCB11idle_threadEv:
 596              	.LFB65:
  61:src/tcb.cpp   **** 
  62:src/tcb.cpp   **** void TCB::idle_thread()
  63:src/tcb.cpp   **** {
GAS LISTING /tmp/ccqjir6b.s 			page 18


 597              		.loc 1 63 1 is_stmt 1
 598              		.cfi_startproc
 599 02fc 130101FF 		addi	sp,sp,-16
 600              		.cfi_def_cfa_offset 16
 601 0300 23341100 		sd	ra,8(sp)
 602 0304 23308100 		sd	s0,0(sp)
 603              		.cfi_offset 1, -8
 604              		.cfi_offset 8, -16
 605 0308 13040101 		addi	s0,sp,16
 606              		.cfi_def_cfa 8, 0
 607              	.L37:
  64:src/tcb.cpp   ****     while(true) {
 608              		.loc 1 64 5 discriminator 1
  65:src/tcb.cpp   ****         dispatch();
 609              		.loc 1 65 9 discriminator 1
 610              		.loc 1 65 17 is_stmt 0 discriminator 1
 611 030c 97000000 		call	_ZN3TCB8dispatchEv
 611      E7800000 
 612              	.LVL51:
  64:src/tcb.cpp   ****     while(true) {
 613              		.loc 1 64 5 is_stmt 1 discriminator 1
 614 0314 6FF09FFF 		j	.L37
 615              		.cfi_endproc
 616              	.LFE65:
 618              		.globl	_ZN3TCB16timeSliceCounterE
 619              		.globl	_ZN3TCB7runningE
 620              		.bss
 621              		.align	3
 622              		.set	.LANCHOR0,. + 0
 625              	_ZN3TCB7runningE:
 626 0000 00000000 		.zero	8
 626      00000000 
 629              	_ZN3TCB16timeSliceCounterE:
 630 0008 00000000 		.zero	8
 630      00000000 
 631              		.text
 632              	.Letext0:
 633              		.file 4 "src/../h/../lib/hw.h"
 634              		.file 5 "src/../h/MemoryAllocator.h"
 635              		.file 6 "src/../h/scheduler.h"
 636              		.file 7 "src/../h/list.h"
 637              		.file 8 "src/../h/syscall_c.h"
 4095              		.align	3
 4098              	DW.ref.__gxx_personality_v0:
 4099 0000 00000000 		.dword	__gxx_personality_v0
 4099      00000000 
 4100              		.ident	"GCC: (Ubuntu 9.4.0-1ubuntu1~20.04) 9.4.0"
 4101              		.section	.note.GNU-stack,"",@progbits
GAS LISTING /tmp/ccqjir6b.s 			page 19


DEFINED SYMBOLS
                            *ABS*:0000000000000000 tcb.cpp
     /tmp/ccqjir6b.s:9      .text:0000000000000000 _ZN3TCB12createThreadEPFvPvES0_
     /tmp/ccqjir6b.s:13     .text:0000000000000000 .L0 
     /tmp/ccqjir6b.s:4098   .data.rel.local.DW.ref.__gxx_personality_v0:0000000000000000 DW.ref.__gxx_personality_v0
     /tmp/ccqjir6b.s:17     .text:0000000000000000 .L0 
     /tmp/ccqjir6b.s:18     .text:0000000000000004 .L0 
     /tmp/ccqjir6b.s:24     .text:0000000000000018 .L0 
     /tmp/ccqjir6b.s:25     .text:0000000000000018 .L0 
     /tmp/ccqjir6b.s:26     .text:0000000000000018 .L0 
     /tmp/ccqjir6b.s:27     .text:0000000000000018 .L0 
     /tmp/ccqjir6b.s:28     .text:0000000000000018 .L0 
     /tmp/ccqjir6b.s:30     .text:000000000000001c .L0 
     /tmp/ccqjir6b.s:38     .text:0000000000000024 .L0 
     /tmp/ccqjir6b.s:39     .text:0000000000000024 .L0 
     /tmp/ccqjir6b.s:40     .text:0000000000000024 .L0 
     /tmp/ccqjir6b.s:54     .text:0000000000000034 .L0 
     /tmp/ccqjir6b.s:56     .text:0000000000000038 .L0 
     /tmp/ccqjir6b.s:58     .text:000000000000003c .L0 
     /tmp/ccqjir6b.s:65     .text:000000000000004c .L0 
     /tmp/ccqjir6b.s:68     .text:0000000000000050 .L0 
     /tmp/ccqjir6b.s:341    .text:00000000000001c8 _ZN3TCB13threadWrapperEv
     /tmp/ccqjir6b.s:73     .text:0000000000000064 .L0 
     /tmp/ccqjir6b.s:75     .text:0000000000000068 .L0 
     /tmp/ccqjir6b.s:79     .text:0000000000000070 .L0 
     /tmp/ccqjir6b.s:86     .text:0000000000000088 .L0 
     /tmp/ccqjir6b.s:87     .text:0000000000000088 .L0 
     /tmp/ccqjir6b.s:94     .text:0000000000000098 .L0 
     /tmp/ccqjir6b.s:105    .text:00000000000000a4 .L0 
     /tmp/ccqjir6b.s:106    .text:00000000000000a4 .L0 
     /tmp/ccqjir6b.s:110    .text:00000000000000b0 .L0 
     /tmp/ccqjir6b.s:119    .text:00000000000000bc .L0 
     /tmp/ccqjir6b.s:121    .text:00000000000000c4 .L0 
     /tmp/ccqjir6b.s:123    .text:00000000000000c8 .L0 
     /tmp/ccqjir6b.s:124    .text:00000000000000c8 .L0 
     /tmp/ccqjir6b.s:126    .text:00000000000000cc .L0 
     /tmp/ccqjir6b.s:129    .text:00000000000000d0 .L0 
     /tmp/ccqjir6b.s:132    .text:00000000000000d4 .L0 
     /tmp/ccqjir6b.s:135    .text:00000000000000d8 .L0 
     /tmp/ccqjir6b.s:137    .text:00000000000000dc .L0 
     /tmp/ccqjir6b.s:163    .text:00000000000000dc _ZN3TCB12createThreadEPFvPvES0_Pm
     /tmp/ccqjir6b.s:166    .text:00000000000000dc .L0 
     /tmp/ccqjir6b.s:170    .text:00000000000000dc .L0 
     /tmp/ccqjir6b.s:171    .text:00000000000000e0 .L0 
     /tmp/ccqjir6b.s:178    .text:00000000000000f8 .L0 
     /tmp/ccqjir6b.s:179    .text:00000000000000f8 .L0 
     /tmp/ccqjir6b.s:180    .text:00000000000000f8 .L0 
     /tmp/ccqjir6b.s:181    .text:00000000000000f8 .L0 
     /tmp/ccqjir6b.s:182    .text:00000000000000f8 .L0 
     /tmp/ccqjir6b.s:183    .text:00000000000000f8 .L0 
     /tmp/ccqjir6b.s:185    .text:00000000000000fc .L0 
     /tmp/ccqjir6b.s:193    .text:0000000000000108 .L0 
     /tmp/ccqjir6b.s:194    .text:0000000000000108 .L0 
     /tmp/ccqjir6b.s:195    .text:0000000000000108 .L0 
     /tmp/ccqjir6b.s:209    .text:0000000000000118 .L0 
     /tmp/ccqjir6b.s:215    .text:0000000000000130 .L0 
     /tmp/ccqjir6b.s:217    .text:0000000000000134 .L0 
GAS LISTING /tmp/ccqjir6b.s 			page 20


     /tmp/ccqjir6b.s:222    .text:000000000000013c .L0 
     /tmp/ccqjir6b.s:229    .text:0000000000000154 .L0 
     /tmp/ccqjir6b.s:230    .text:0000000000000154 .L0 
     /tmp/ccqjir6b.s:239    .text:0000000000000164 .L0 
     /tmp/ccqjir6b.s:252    .text:0000000000000170 .L0 
     /tmp/ccqjir6b.s:253    .text:0000000000000170 .L0 
     /tmp/ccqjir6b.s:257    .text:000000000000017c .L0 
     /tmp/ccqjir6b.s:266    .text:0000000000000188 .L0 
     /tmp/ccqjir6b.s:268    .text:0000000000000190 .L0 
     /tmp/ccqjir6b.s:270    .text:0000000000000194 .L0 
     /tmp/ccqjir6b.s:271    .text:0000000000000194 .L0 
     /tmp/ccqjir6b.s:273    .text:0000000000000198 .L0 
     /tmp/ccqjir6b.s:276    .text:000000000000019c .L0 
     /tmp/ccqjir6b.s:278    .text:00000000000001a0 .L0 
     /tmp/ccqjir6b.s:281    .text:00000000000001a4 .L0 
     /tmp/ccqjir6b.s:284    .text:00000000000001a8 .L0 
     /tmp/ccqjir6b.s:286    .text:00000000000001ac .L0 
     /tmp/ccqjir6b.s:311    .text:00000000000001ac _ZN3TCB5yieldEv
     /tmp/ccqjir6b.s:314    .text:00000000000001ac .L0 
     /tmp/ccqjir6b.s:315    .text:00000000000001ac .L0 
     /tmp/ccqjir6b.s:316    .text:00000000000001b0 .L0 
     /tmp/ccqjir6b.s:318    .text:00000000000001b4 .L0 
     /tmp/ccqjir6b.s:320    .text:00000000000001b8 .L0 
     /tmp/ccqjir6b.s:322    .text:00000000000001b8 .L0 
         src/tcb.cpp:27     .text:00000000000001b8 .L0 
     /tmp/ccqjir6b.s:329    .text:00000000000001bc .L0 
     /tmp/ccqjir6b.s:330    .text:00000000000001c0 .L0 
     /tmp/ccqjir6b.s:331    .text:00000000000001c0 .L0 
     /tmp/ccqjir6b.s:333    .text:00000000000001c4 .L0 
     /tmp/ccqjir6b.s:335    .text:00000000000001c8 .L0 
     /tmp/ccqjir6b.s:344    .text:00000000000001c8 .L0 
     /tmp/ccqjir6b.s:345    .text:00000000000001c8 .L0 
     /tmp/ccqjir6b.s:346    .text:00000000000001cc .L0 
     /tmp/ccqjir6b.s:350    .text:00000000000001d8 .L0 
     /tmp/ccqjir6b.s:351    .text:00000000000001d8 .L0 
     /tmp/ccqjir6b.s:352    .text:00000000000001d8 .L0 
     /tmp/ccqjir6b.s:354    .text:00000000000001dc .L0 
     /tmp/ccqjir6b.s:356    .text:00000000000001dc .L0 
     /tmp/ccqjir6b.s:357    .text:00000000000001dc .L0 
     /tmp/ccqjir6b.s:360    .text:00000000000001e4 .L0 
     /tmp/ccqjir6b.s:361    .text:00000000000001e4 .L0 
     /tmp/ccqjir6b.s:365    .text:00000000000001f4 .L0 
     /tmp/ccqjir6b.s:369    .text:00000000000001fc .L0 
     /tmp/ccqjir6b.s:370    .text:00000000000001fc .L0 
     /tmp/ccqjir6b.s:375    .text:0000000000000200 .L0 
     /tmp/ccqjir6b.s:376    .text:0000000000000200 .L0 
     /tmp/ccqjir6b.s:382    .text:0000000000000208 .L0 
     /tmp/ccqjir6b.s:383    .text:0000000000000208 .L0 
     /tmp/ccqjir6b.s:386    .text:0000000000000210 .L0 
     /tmp/ccqjir6b.s:387    .text:0000000000000214 .L0 
     /tmp/ccqjir6b.s:389    .text:0000000000000218 .L0 
     /tmp/ccqjir6b.s:390    .text:0000000000000218 .L0 
     /tmp/ccqjir6b.s:392    .text:000000000000021c .L0 
     /tmp/ccqjir6b.s:394    .text:0000000000000220 .L0 
     /tmp/ccqjir6b.s:396    .text:0000000000000224 .L0 
     /tmp/ccqjir6b.s:402    .text:0000000000000224 _ZN3TCB8dispatchEv
     /tmp/ccqjir6b.s:405    .text:0000000000000224 .L0 
GAS LISTING /tmp/ccqjir6b.s 			page 21


     /tmp/ccqjir6b.s:406    .text:0000000000000224 .L0 
     /tmp/ccqjir6b.s:407    .text:0000000000000228 .L0 
     /tmp/ccqjir6b.s:411    .text:0000000000000234 .L0 
     /tmp/ccqjir6b.s:412    .text:0000000000000234 .L0 
     /tmp/ccqjir6b.s:413    .text:0000000000000234 .L0 
     /tmp/ccqjir6b.s:415    .text:0000000000000238 .L0 
     /tmp/ccqjir6b.s:417    .text:0000000000000238 .L0 
     /tmp/ccqjir6b.s:418    .text:0000000000000238 .L0 
     /tmp/ccqjir6b.s:423    .text:0000000000000240 .L0 
     /tmp/ccqjir6b.s:424    .text:0000000000000240 .L0 
     /tmp/ccqjir6b.s:425    .text:0000000000000240 .L0 
     /tmp/ccqjir6b.s:430    .text:0000000000000244 .L0 
     /tmp/ccqjir6b.s:435    .text:0000000000000248 .L0 
     /tmp/ccqjir6b.s:436    .text:0000000000000248 .L0 
     /tmp/ccqjir6b.s:441    .text:000000000000024c .L0 
     /tmp/ccqjir6b.s:444    .text:0000000000000250 .L0 
     /tmp/ccqjir6b.s:445    .text:0000000000000250 .L0 
     /tmp/ccqjir6b.s:448    .text:0000000000000258 .L0 
     /tmp/ccqjir6b.s:453    .text:0000000000000260 .L0 
     /tmp/ccqjir6b.s:457    .text:0000000000000260 .L0 
     /tmp/ccqjir6b.s:458    .text:0000000000000260 .L0 
     /tmp/ccqjir6b.s:459    .text:0000000000000260 .L0 
     /tmp/ccqjir6b.s:464    .text:0000000000000264 .L0 
     /tmp/ccqjir6b.s:469    .text:0000000000000268 .L0 
     /tmp/ccqjir6b.s:470    .text:0000000000000268 .L0 
     /tmp/ccqjir6b.s:471    .text:0000000000000268 .L0 
     /tmp/ccqjir6b.s:484    .text:0000000000000270 .L0 
     /tmp/ccqjir6b.s:485    .text:0000000000000270 .L0 
     /tmp/ccqjir6b.s:490    .text:0000000000000280 .L0 
     /tmp/ccqjir6b.s:491    .text:0000000000000284 .L0 
     /tmp/ccqjir6b.s:492    .text:0000000000000284 .L0 
     /tmp/ccqjir6b.s:494    .text:0000000000000288 .L0 
     /tmp/ccqjir6b.s:495    .text:0000000000000288 .L0 
     /tmp/ccqjir6b.s:497    .text:000000000000028c .L0 
     /tmp/ccqjir6b.s:500    .text:0000000000000290 .L0 
     /tmp/ccqjir6b.s:504    .text:0000000000000294 .L0 
     /tmp/ccqjir6b.s:506    .text:0000000000000294 .L0 
     /tmp/ccqjir6b.s:507    .text:0000000000000294 .L0 
     /tmp/ccqjir6b.s:518    .text:00000000000002a4 .L0 
     /tmp/ccqjir6b.s:519    .text:00000000000002a4 .L0 
     /tmp/ccqjir6b.s:520    .text:00000000000002a4 .L0 
     /tmp/ccqjir6b.s:527    .text:00000000000002ac .L0 
     /tmp/ccqjir6b.s:532    .text:00000000000002b0 .L0 
     /tmp/ccqjir6b.s:538    .text:00000000000002b0 _ZN3TCB11thread_exitEv
     /tmp/ccqjir6b.s:541    .text:00000000000002b0 .L0 
     /tmp/ccqjir6b.s:542    .text:00000000000002b0 .L0 
     /tmp/ccqjir6b.s:543    .text:00000000000002b0 .L0 
     /tmp/ccqjir6b.s:544    .text:00000000000002b0 .L0 
     /tmp/ccqjir6b.s:547    .text:00000000000002bc .L0 
     /tmp/ccqjir6b.s:549    .text:00000000000002c0 .L0 
     /tmp/ccqjir6b.s:550    .text:00000000000002c4 .L0 
     /tmp/ccqjir6b.s:553    .text:00000000000002cc .L0 
     /tmp/ccqjir6b.s:554    .text:00000000000002cc .L0 
     /tmp/ccqjir6b.s:556    .text:00000000000002d0 .L0 
     /tmp/ccqjir6b.s:561    .text:00000000000002d0 .L0 
     /tmp/ccqjir6b.s:562    .text:00000000000002d0 .L0 
     /tmp/ccqjir6b.s:563    .text:00000000000002d0 .L0 
GAS LISTING /tmp/ccqjir6b.s 			page 22


     /tmp/ccqjir6b.s:569    .text:00000000000002d8 .L0 
     /tmp/ccqjir6b.s:570    .text:00000000000002d8 .L0 
     /tmp/ccqjir6b.s:573    .text:00000000000002e0 .L0 
     /tmp/ccqjir6b.s:574    .text:00000000000002e0 .L0 
     /tmp/ccqjir6b.s:576    .text:00000000000002e4 .L0 
     /tmp/ccqjir6b.s:577    .text:00000000000002e8 .L0 
     /tmp/ccqjir6b.s:579    .text:00000000000002ec .L0 
     /tmp/ccqjir6b.s:580    .text:00000000000002ec .L0 
     /tmp/ccqjir6b.s:582    .text:00000000000002f0 .L0 
     /tmp/ccqjir6b.s:586    .text:00000000000002f4 .L0 
     /tmp/ccqjir6b.s:588    .text:00000000000002f8 .L0 
     /tmp/ccqjir6b.s:589    .text:00000000000002fc .L0 
     /tmp/ccqjir6b.s:595    .text:00000000000002fc _ZN3TCB11idle_threadEv
     /tmp/ccqjir6b.s:598    .text:00000000000002fc .L0 
     /tmp/ccqjir6b.s:599    .text:00000000000002fc .L0 
     /tmp/ccqjir6b.s:600    .text:0000000000000300 .L0 
     /tmp/ccqjir6b.s:603    .text:0000000000000308 .L0 
     /tmp/ccqjir6b.s:604    .text:0000000000000308 .L0 
     /tmp/ccqjir6b.s:606    .text:000000000000030c .L0 
     /tmp/ccqjir6b.s:609    .text:000000000000030c .L0 
     /tmp/ccqjir6b.s:610    .text:000000000000030c .L0 
     /tmp/ccqjir6b.s:611    .text:000000000000030c .L0 
     /tmp/ccqjir6b.s:614    .text:0000000000000314 .L0 
     /tmp/ccqjir6b.s:615    .text:0000000000000318 .L0 
     /tmp/ccqjir6b.s:629    .bss:0000000000000008 _ZN3TCB16timeSliceCounterE
     /tmp/ccqjir6b.s:625    .bss:0000000000000000 _ZN3TCB7runningE
     /tmp/ccqjir6b.s:622    .bss:0000000000000000 .LANCHOR0
     /tmp/ccqjir6b.s:638    .text:0000000000000318 .L0 
     /tmp/ccqjir6b.s:70     .text:0000000000000058 .L0 
     /tmp/ccqjir6b.s:212    .text:0000000000000124 .L0 
     /tmp/ccqjir6b.s:361    .text:00000000000001e4 .L0 
     /tmp/ccqjir6b.s:418    .text:0000000000000238 .L0 
     /tmp/ccqjir6b.s:448    .text:0000000000000258 .L0 
     /tmp/ccqjir6b.s:544    .text:00000000000002b0 .L0 
     /tmp/ccqjir6b.s:63     .text:000000000000004c .L5
     /tmp/ccqjir6b.s:66     .text:0000000000000050 .L2
     /tmp/ccqjir6b.s:92     .text:0000000000000098 .L6
     /tmp/ccqjir6b.s:115    .text:00000000000000bc .L10
     /tmp/ccqjir6b.s:77     .text:0000000000000070 .L3
     /tmp/ccqjir6b.s:237    .text:0000000000000164 .L14
     /tmp/ccqjir6b.s:262    .text:0000000000000188 .L18
     /tmp/ccqjir6b.s:220    .text:000000000000013c .L12
     /tmp/ccqjir6b.s:442    .text:0000000000000250 .L24
     /tmp/ccqjir6b.s:503    .text:0000000000000294 .L28
     /tmp/ccqjir6b.s:511    .text:00000000000002a4 .L25
     /tmp/ccqjir6b.s:478    .text:0000000000000270 .L26
     /tmp/ccqjir6b.s:584    .text:00000000000002f4 .L31
     /tmp/ccqjir6b.s:607    .text:000000000000030c .L37
     /tmp/ccqjir6b.s:42     .text:0000000000000028 .LEHB0
     /tmp/ccqjir6b.s:10     .text:0000000000000000 .LFB59
     /tmp/ccqjir6b.s:45     .text:0000000000000030 .LEHE0
     /tmp/ccqjir6b.s:59     .text:0000000000000040 .LEHB1
     /tmp/ccqjir6b.s:90     .text:0000000000000094 .LEHE1
     /tmp/ccqjir6b.s:96     .text:00000000000000a0 .L7
     /tmp/ccqjir6b.s:111    .text:00000000000000b4 .LEHB2
     /tmp/ccqjir6b.s:114    .text:00000000000000bc .LEHE2
     /tmp/ccqjir6b.s:197    .text:000000000000010c .LEHB3
GAS LISTING /tmp/ccqjir6b.s 			page 23


     /tmp/ccqjir6b.s:164    .text:00000000000000dc .LFB60
     /tmp/ccqjir6b.s:200    .text:0000000000000114 .LEHE3
     /tmp/ccqjir6b.s:231    .text:0000000000000158 .LEHB4
     /tmp/ccqjir6b.s:234    .text:0000000000000160 .LEHE4
     /tmp/ccqjir6b.s:243    .text:000000000000016c .L15
     /tmp/ccqjir6b.s:258    .text:0000000000000180 .LEHB5
     /tmp/ccqjir6b.s:261    .text:0000000000000188 .LEHE5
     /tmp/ccqjir6b.s:2311   .debug_abbrev:0000000000000000 .Ldebug_abbrev0
     /tmp/ccqjir6b.s:4022   .debug_str:000000000000082f .LASF154
     /tmp/ccqjir6b.s:3860   .debug_str:0000000000000368 .LASF155
     /tmp/ccqjir6b.s:3838   .debug_str:00000000000002a2 .LASF156
     /tmp/ccqjir6b.s:5      .text:0000000000000000 .Ltext0
     /tmp/ccqjir6b.s:632    .text:0000000000000318 .Letext0
     /tmp/ccqjir6b.s:3754   .debug_line:0000000000000000 .Ldebug_line0
     /tmp/ccqjir6b.s:3862   .debug_str:0000000000000374 .LASF0
     /tmp/ccqjir6b.s:3888   .debug_str:0000000000000466 .LASF1
     /tmp/ccqjir6b.s:3962   .debug_str:000000000000069a .LASF2
     /tmp/ccqjir6b.s:3970   .debug_str:00000000000006d7 .LASF4
     /tmp/ccqjir6b.s:3870   .debug_str:00000000000003af .LASF3
     /tmp/ccqjir6b.s:3766   .debug_str:0000000000000063 .LASF5
     /tmp/ccqjir6b.s:3938   .debug_str:00000000000005d5 .LASF6
     /tmp/ccqjir6b.s:3878   .debug_str:0000000000000417 .LASF7
     /tmp/ccqjir6b.s:3836   .debug_str:0000000000000292 .LASF8
     /tmp/ccqjir6b.s:3844   .debug_str:00000000000002e8 .LASF9
     /tmp/ccqjir6b.s:3790   .debug_str:0000000000000121 .LASF10
     /tmp/ccqjir6b.s:3828   .debug_str:0000000000000268 .LASF11
     /tmp/ccqjir6b.s:3804   .debug_str:0000000000000188 .LASF12
     /tmp/ccqjir6b.s:3788   .debug_str:0000000000000111 .LASF13
     /tmp/ccqjir6b.s:4004   .debug_str:00000000000007c6 .LASF14
     /tmp/ccqjir6b.s:3818   .debug_str:00000000000001fc .LASF15
     /tmp/ccqjir6b.s:3990   .debug_str:0000000000000758 .LASF16
     /tmp/ccqjir6b.s:3926   .debug_str:0000000000000580 .LASF51
     /tmp/ccqjir6b.s:3792   .debug_str:0000000000000130 .LASF17
     /tmp/ccqjir6b.s:3774   .debug_str:00000000000000a4 .LASF18
     /tmp/ccqjir6b.s:3886   .debug_str:0000000000000461 .LASF19
     /tmp/ccqjir6b.s:3934   .debug_str:00000000000005b9 .LASF30
     /tmp/ccqjir6b.s:3912   .debug_str:0000000000000517 .LASF20
     /tmp/ccqjir6b.s:3770   .debug_str:0000000000000075 .LASF22
     /tmp/ccqjir6b.s:4012   .debug_str:00000000000007f8 .LASF21
     /tmp/ccqjir6b.s:3914   .debug_str:0000000000000521 .LASF23
     /tmp/ccqjir6b.s:3786   .debug_str:0000000000000106 .LASF67
     /tmp/ccqjir6b.s:3812   .debug_str:00000000000001ca .LASF69
     /tmp/ccqjir6b.s:3916   .debug_str:0000000000000542 .LASF24
     /tmp/ccqjir6b.s:3950   .debug_str:000000000000063a .LASF26
     /tmp/ccqjir6b.s:3882   .debug_str:000000000000043d .LASF25
     /tmp/ccqjir6b.s:4058   .debug_str:00000000000009f9 .LASF27
     /tmp/ccqjir6b.s:4016   .debug_str:000000000000080c .LASF28
     /tmp/ccqjir6b.s:3772   .debug_str:0000000000000096 .LASF29
     /tmp/ccqjir6b.s:3834   .debug_str:0000000000000288 .LASF31
     /tmp/ccqjir6b.s:3984   .debug_str:000000000000072e .LASF32
     /tmp/ccqjir6b.s:4072   .debug_str:0000000000000a94 .LASF157
     /tmp/ccqjir6b.s:3854   .debug_str:0000000000000326 .LASF158
     /tmp/ccqjir6b.s:4050   .debug_str:00000000000009c1 .LASF33
     /tmp/ccqjir6b.s:4040   .debug_str:000000000000096f .LASF159
     /tmp/ccqjir6b.s:3996   .debug_str:0000000000000799 .LASF34
     /tmp/ccqjir6b.s:3922   .debug_str:0000000000000574 .LASF35
     /tmp/ccqjir6b.s:3958   .debug_str:000000000000068a .LASF36
GAS LISTING /tmp/ccqjir6b.s 			page 24


     /tmp/ccqjir6b.s:3992   .debug_str:000000000000076e .LASF37
     /tmp/ccqjir6b.s:3824   .debug_str:000000000000023a .LASF43
     /tmp/ccqjir6b.s:3966   .debug_str:00000000000006b5 .LASF160
     /tmp/ccqjir6b.s:3956   .debug_str:0000000000000673 .LASF161
     /tmp/ccqjir6b.s:3884   .debug_str:0000000000000458 .LASF38
     /tmp/ccqjir6b.s:3782   .debug_str:00000000000000d4 .LASF39
     /tmp/ccqjir6b.s:3900   .debug_str:00000000000004b9 .LASF40
     /tmp/ccqjir6b.s:3820   .debug_str:0000000000000212 .LASF41
     /tmp/ccqjir6b.s:3936   .debug_str:00000000000005c9 .LASF42
     /tmp/ccqjir6b.s:4052   .debug_str:00000000000009cb .LASF44
     /tmp/ccqjir6b.s:4090   .debug_str:0000000000000b26 .LASF45
     /tmp/ccqjir6b.s:4076   .debug_str:0000000000000ab4 .LASF46
     /tmp/ccqjir6b.s:3980   .debug_str:000000000000070e .LASF47
     /tmp/ccqjir6b.s:3876   .debug_str:00000000000003fa .LASF48
     /tmp/ccqjir6b.s:3952   .debug_str:0000000000000665 .LASF49
     /tmp/ccqjir6b.s:3760   .debug_str:0000000000000015 .LASF50
     /tmp/ccqjir6b.s:3798   .debug_str:0000000000000152 .LASF52
     /tmp/ccqjir6b.s:3972   .debug_str:00000000000006de .LASF53
     /tmp/ccqjir6b.s:3764   .debug_str:0000000000000057 .LASF54
     /tmp/ccqjir6b.s:4014   .debug_str:0000000000000801 .LASF55
     /tmp/ccqjir6b.s:3918   .debug_str:0000000000000555 .LASF56
     /tmp/ccqjir6b.s:3778   .debug_str:00000000000000ba .LASF57
     /tmp/ccqjir6b.s:4034   .debug_str:0000000000000934 .LASF58
     /tmp/ccqjir6b.s:3892   .debug_str:000000000000047f .LASF59
     /tmp/ccqjir6b.s:4042   .debug_str:0000000000000974 .LASF60
     /tmp/ccqjir6b.s:4064   .debug_str:0000000000000a5d .LASF61
     /tmp/ccqjir6b.s:3784   .debug_str:00000000000000f1 .LASF62
     /tmp/ccqjir6b.s:4074   .debug_str:0000000000000aa8 .LASF63
     /tmp/ccqjir6b.s:4006   .debug_str:00000000000007d2 .LASF64
     /tmp/ccqjir6b.s:3848   .debug_str:0000000000000308 .LASF65
     /tmp/ccqjir6b.s:3994   .debug_str:0000000000000781 .LASF66
     /tmp/ccqjir6b.s:3890   .debug_str:0000000000000479 .LASF68
     /tmp/ccqjir6b.s:4024   .debug_str:00000000000008f3 .LASF70
     /tmp/ccqjir6b.s:4018   .debug_str:000000000000081a .LASF162
     /tmp/ccqjir6b.s:4002   .debug_str:00000000000007b9 .LASF71
     /tmp/ccqjir6b.s:4044   .debug_str:000000000000098d .LASF72
     /tmp/ccqjir6b.s:3932   .debug_str:00000000000005b4 .LASF163
     /tmp/ccqjir6b.s:4060   .debug_str:0000000000000a2c .LASF73
     /tmp/ccqjir6b.s:3904   .debug_str:00000000000004ce .LASF74
     /tmp/ccqjir6b.s:3826   .debug_str:0000000000000251 .LASF75
     /tmp/ccqjir6b.s:4084   .debug_str:0000000000000b08 .LASF76
     /tmp/ccqjir6b.s:3840   .debug_str:00000000000002c0 .LASF77
     /tmp/ccqjir6b.s:3906   .debug_str:00000000000004da .LASF78
     /tmp/ccqjir6b.s:3832   .debug_str:000000000000027c .LASF79
     /tmp/ccqjir6b.s:3758   .debug_str:0000000000000005 .LASF80
     /tmp/ccqjir6b.s:3902   .debug_str:00000000000004c1 .LASF82
     /tmp/ccqjir6b.s:3988   .debug_str:0000000000000745 .LASF81
     /tmp/ccqjir6b.s:3964   .debug_str:00000000000006a8 .LASF83
     /tmp/ccqjir6b.s:3896   .debug_str:00000000000004a5 .LASF84
     /tmp/ccqjir6b.s:3908   .debug_str:00000000000004ea .LASF85
     /tmp/ccqjir6b.s:3944   .debug_str:000000000000060b .LASF86
     /tmp/ccqjir6b.s:4078   .debug_str:0000000000000acf .LASF87
     /tmp/ccqjir6b.s:3756   .debug_str:0000000000000000 .LASF88
     /tmp/ccqjir6b.s:3986   .debug_str:000000000000073f .LASF89
     /tmp/ccqjir6b.s:4008   .debug_str:00000000000007ea .LASF90
     /tmp/ccqjir6b.s:4030   .debug_str:0000000000000917 .LASF91
     /tmp/ccqjir6b.s:4010   .debug_str:00000000000007ef .LASF92
GAS LISTING /tmp/ccqjir6b.s 			page 25


     /tmp/ccqjir6b.s:4028   .debug_str:000000000000090d .LASF93
     /tmp/ccqjir6b.s:4026   .debug_str:0000000000000903 .LASF94
     /tmp/ccqjir6b.s:4082   .debug_str:0000000000000afe .LASF95
     /tmp/ccqjir6b.s:3978   .debug_str:00000000000006fd .LASF96
     /tmp/ccqjir6b.s:3814   .debug_str:00000000000001ed .LASF98
     /tmp/ccqjir6b.s:3800   .debug_str:000000000000015a .LASF100
     /tmp/ccqjir6b.s:3806   .debug_str:0000000000000198 .LASF97
     /tmp/ccqjir6b.s:3762   .debug_str:000000000000002f .LASF164
     /tmp/ccqjir6b.s:3780   .debug_str:00000000000000c6 .LASF99
     /tmp/ccqjir6b.s:3894   .debug_str:000000000000048c .LASF101
     /tmp/ccqjir6b.s:3954   .debug_str:000000000000066e .LASF102
     /tmp/ccqjir6b.s:4054   .debug_str:00000000000009e9 .LASF103
     /tmp/ccqjir6b.s:4046   .debug_str:00000000000009ad .LASF165
     /tmp/ccqjir6b.s:3822   .debug_str:000000000000022e .LASF104
     /tmp/ccqjir6b.s:4020   .debug_str:0000000000000822 .LASF105
     /tmp/ccqjir6b.s:3808   .debug_str:00000000000001a6 .LASF106
     /tmp/ccqjir6b.s:3942   .debug_str:00000000000005fd .LASF107
     /tmp/ccqjir6b.s:3802   .debug_str:000000000000016d .LASF108
     /tmp/ccqjir6b.s:3850   .debug_str:0000000000000315 .LASF109
     /tmp/ccqjir6b.s:3858   .debug_str:0000000000000350 .LASF110
     /tmp/ccqjir6b.s:4036   .debug_str:000000000000094b .LASF111
     /tmp/ccqjir6b.s:4032   .debug_str:000000000000091f .LASF112
     /tmp/ccqjir6b.s:4086   .debug_str:0000000000000b15 .LASF113
     /tmp/ccqjir6b.s:3930   .debug_str:000000000000059f .LASF114
     /tmp/ccqjir6b.s:3946   .debug_str:0000000000000620 .LASF115
     /tmp/ccqjir6b.s:3948   .debug_str:0000000000000627 .LASF116
     /tmp/ccqjir6b.s:3924   .debug_str:0000000000000579 .LASF117
     /tmp/ccqjir6b.s:3880   .debug_str:000000000000042a .LASF118
     /tmp/ccqjir6b.s:4066   .debug_str:0000000000000a67 .LASF119
     /tmp/ccqjir6b.s:4000   .debug_str:00000000000007a5 .LASF120
     /tmp/ccqjir6b.s:3920   .debug_str:000000000000056c .LASF121
     /tmp/ccqjir6b.s:3928   .debug_str:000000000000058b .LASF122
     /tmp/ccqjir6b.s:3898   .debug_str:00000000000004b1 .LASF123
     /tmp/ccqjir6b.s:3868   .debug_str:000000000000039b .LASF124
     /tmp/ccqjir6b.s:4088   .debug_str:0000000000000b1e .LASF125
     /tmp/ccqjir6b.s:3866   .debug_str:0000000000000387 .LASF126
     /tmp/ccqjir6b.s:3998   .debug_str:000000000000079e .LASF127
     /tmp/ccqjir6b.s:3974   .debug_str:00000000000006e3 .LASF128
     /tmp/ccqjir6b.s:3976   .debug_str:00000000000006f6 .LASF129
     /tmp/ccqjir6b.s:3796   .debug_str:000000000000013f .LASF130
     /tmp/ccqjir6b.s:3816   .debug_str:00000000000001f6 .LASF131
     /tmp/ccqjir6b.s:3856   .debug_str:000000000000033e .LASF132
     /tmp/ccqjir6b.s:3864   .debug_str:0000000000000381 .LASF133
     /tmp/ccqjir6b.s:3846   .debug_str:00000000000002f6 .LASF134
     /tmp/ccqjir6b.s:3768   .debug_str:000000000000006a .LASF135
     /tmp/ccqjir6b.s:3968   .debug_str:00000000000006bf .LASF136
     /tmp/ccqjir6b.s:3960   .debug_str:000000000000068f .LASF137
     /tmp/ccqjir6b.s:4080   .debug_str:0000000000000ae6 .LASF138
     /tmp/ccqjir6b.s:4056   .debug_str:00000000000009ef .LASF139
     /tmp/ccqjir6b.s:4068   .debug_str:0000000000000a6f .LASF140
     /tmp/ccqjir6b.s:3794   .debug_str:0000000000000135 .LASF141
     /tmp/ccqjir6b.s:3910   .debug_str:0000000000000501 .LASF142
     /tmp/ccqjir6b.s:4062   .debug_str:0000000000000a4e .LASF143
     /tmp/ccqjir6b.s:3842   .debug_str:00000000000002cc .LASF144
     /tmp/ccqjir6b.s:3940   .debug_str:00000000000005e8 .LASF145
     /tmp/ccqjir6b.s:3874   .debug_str:00000000000003d8 .LASF146
     /tmp/ccqjir6b.s:3776   .debug_str:00000000000000a9 .LASF147
GAS LISTING /tmp/ccqjir6b.s 			page 26


     /tmp/ccqjir6b.s:4038   .debug_str:0000000000000954 .LASF148
     /tmp/ccqjir6b.s:596    .text:00000000000002fc .LFB65
     /tmp/ccqjir6b.s:616    .text:0000000000000318 .LFE65
     /tmp/ccqjir6b.s:612    .text:0000000000000314 .LVL51
     /tmp/ccqjir6b.s:539    .text:00000000000002b0 .LFB64
     /tmp/ccqjir6b.s:590    .text:00000000000002fc .LFE64
     /tmp/ccqjir6b.s:559    .text:00000000000002d0 .LBB72
     /tmp/ccqjir6b.s:567    .text:00000000000002d8 .LBE72
     /tmp/ccqjir6b.s:3384   .debug_loc:0000000000000000 .LLST23
     /tmp/ccqjir6b.s:3392   .debug_loc:0000000000000024 .LLST24
     /tmp/ccqjir6b.s:571    .text:00000000000002e0 .LVL50
     /tmp/ccqjir6b.s:342    .text:00000000000001c8 .LFB63
     /tmp/ccqjir6b.s:397    .text:0000000000000224 .LFE63
     /tmp/ccqjir6b.s:372    .text:0000000000000200 .LBB56
     /tmp/ccqjir6b.s:380    .text:0000000000000208 .LBE56
     /tmp/ccqjir6b.s:3399   .debug_loc:0000000000000047 .LLST16
     /tmp/ccqjir6b.s:3407   .debug_loc:000000000000006b .LLST17
     /tmp/ccqjir6b.s:358    .text:00000000000001e4 .LVL29
     /tmp/ccqjir6b.s:384    .text:0000000000000210 .LVL33
     /tmp/ccqjir6b.s:403    .text:0000000000000224 .LFB62
     /tmp/ccqjir6b.s:533    .text:00000000000002b0 .LFE62
     /tmp/ccqjir6b.s:3414   .debug_loc:000000000000008e .LLST18
     /tmp/ccqjir6b.s:421    .text:0000000000000240 .LBB58
     /tmp/ccqjir6b.s:428    .text:0000000000000244 .LBE58
     /tmp/ccqjir6b.s:3425   .debug_loc:00000000000000c4 .LLST19
     /tmp/ccqjir6b.s:432    .text:0000000000000248 .LBB60
     /tmp/ccqjir6b.s:439    .text:000000000000024c .LBE60
     /tmp/ccqjir6b.s:3432   .debug_loc:00000000000000e7 .LLST20
     /tmp/ccqjir6b.s:450    .text:0000000000000260 .LBB62
     /tmp/ccqjir6b.s:3746   .debug_ranges:0000000000000000 .Ldebug_ranges0
     /tmp/ccqjir6b.s:455    .text:0000000000000260 .LBB64
     /tmp/ccqjir6b.s:462    .text:0000000000000264 .LBE64
     /tmp/ccqjir6b.s:3439   .debug_loc:000000000000010a .LLST21
     /tmp/ccqjir6b.s:467    .text:0000000000000268 .LBB66
     /tmp/ccqjir6b.s:480    .text:0000000000000270 .LBE66
     /tmp/ccqjir6b.s:3446   .debug_loc:000000000000012d .LLST22
     /tmp/ccqjir6b.s:516    .text:00000000000002a4 .LBB68
     /tmp/ccqjir6b.s:529    .text:00000000000002b0 .LBE68
     /tmp/ccqjir6b.s:446    .text:0000000000000258 .LVL38
     /tmp/ccqjir6b.s:488    .text:0000000000000280 .LVL43
     /tmp/ccqjir6b.s:509    .text:00000000000002a0 .LVL46
     /tmp/ccqjir6b.s:312    .text:00000000000001ac .LFB61
     /tmp/ccqjir6b.s:336    .text:00000000000001c8 .LFE61
     /tmp/ccqjir6b.s:287    .text:00000000000001ac .LFE60
     /tmp/ccqjir6b.s:3455   .debug_loc:0000000000000153 .LLST7
     /tmp/ccqjir6b.s:3473   .debug_loc:000000000000019f .LLST8
     /tmp/ccqjir6b.s:3491   .debug_loc:00000000000001eb .LLST9
     /tmp/ccqjir6b.s:191    .text:0000000000000108 .LBB49
     /tmp/ccqjir6b.s:204    .text:0000000000000118 .LBE49
     /tmp/ccqjir6b.s:3530   .debug_loc:0000000000000288 .LLST10
     /tmp/ccqjir6b.s:199    .text:0000000000000114 .LVL16
     /tmp/ccqjir6b.s:205    .text:0000000000000118 .LBB51
     /tmp/ccqjir6b.s:248    .text:0000000000000170 .LBE51
     /tmp/ccqjir6b.s:3539   .debug_loc:00000000000002ad .LLST11
     /tmp/ccqjir6b.s:3553   .debug_loc:00000000000002e6 .LLST12
     /tmp/ccqjir6b.s:3588   .debug_loc:0000000000000370 .LLST13
     /tmp/ccqjir6b.s:3602   .debug_loc:00000000000003a9 .LLST14
GAS LISTING /tmp/ccqjir6b.s 			page 27


     /tmp/ccqjir6b.s:233    .text:0000000000000160 .LVL19
     /tmp/ccqjir6b.s:249    .text:0000000000000170 .LBB54
     /tmp/ccqjir6b.s:264    .text:0000000000000188 .LBE54
     /tmp/ccqjir6b.s:3613   .debug_loc:00000000000003df .LLST15
     /tmp/ccqjir6b.s:255    .text:000000000000017c .LVL24
     /tmp/ccqjir6b.s:260    .text:0000000000000188 .LVL25
     /tmp/ccqjir6b.s:138    .text:00000000000000dc .LFE59
     /tmp/ccqjir6b.s:3620   .debug_loc:0000000000000402 .LLST0
     /tmp/ccqjir6b.s:3649   .debug_loc:0000000000000477 .LLST1
     /tmp/ccqjir6b.s:35     .text:0000000000000024 .LBB42
     /tmp/ccqjir6b.s:49     .text:0000000000000034 .LBE42
     /tmp/ccqjir6b.s:3667   .debug_loc:00000000000004c3 .LLST2
     /tmp/ccqjir6b.s:44     .text:0000000000000030 .LVL3
     /tmp/ccqjir6b.s:50     .text:0000000000000034 .LBB44
     /tmp/ccqjir6b.s:101    .text:00000000000000a4 .LBE44
     /tmp/ccqjir6b.s:3676   .debug_loc:00000000000004e8 .LLST3
     /tmp/ccqjir6b.s:3690   .debug_loc:0000000000000521 .LLST4
     /tmp/ccqjir6b.s:3715   .debug_loc:0000000000000583 .LLST5
     /tmp/ccqjir6b.s:61     .text:0000000000000048 .LVL5
     /tmp/ccqjir6b.s:89     .text:0000000000000094 .LVL6
     /tmp/ccqjir6b.s:102    .text:00000000000000a4 .LBB47
     /tmp/ccqjir6b.s:117    .text:00000000000000bc .LBE47
     /tmp/ccqjir6b.s:3726   .debug_loc:00000000000005b9 .LLST6
     /tmp/ccqjir6b.s:108    .text:00000000000000b0 .LVL8
     /tmp/ccqjir6b.s:113    .text:00000000000000bc .LVL9
     /tmp/ccqjir6b.s:4048   .debug_str:00000000000009bc .LASF149
     /tmp/ccqjir6b.s:3830   .debug_str:0000000000000277 .LASF150
     /tmp/ccqjir6b.s:3872   .debug_str:00000000000003c1 .LASF151
     /tmp/ccqjir6b.s:3982   .debug_str:0000000000000719 .LASF152
     /tmp/ccqjir6b.s:3852   .debug_str:0000000000000320 .LASF153
     /tmp/ccqjir6b.s:4070   .debug_str:0000000000000a85 .LASF166
     /tmp/ccqjir6b.s:3810   .debug_str:00000000000001b2 .LASF167
     /tmp/ccqjir6b.s:558    .text:00000000000002d0 .LVL48
     /tmp/ccqjir6b.s:565    .text:00000000000002d8 .LVL49
     /tmp/ccqjir6b.s:371    .text:0000000000000200 .LVL31
     /tmp/ccqjir6b.s:378    .text:0000000000000208 .LVL32
     /tmp/ccqjir6b.s:419    .text:0000000000000240 .LVL34
     /tmp/ccqjir6b.s:498    .text:000000000000028c .LVL44
     /tmp/ccqjir6b.s:502    .text:0000000000000294 .LVL45
     /tmp/ccqjir6b.s:426    .text:0000000000000244 .LVL35
     /tmp/ccqjir6b.s:431    .text:0000000000000248 .LVL36
     /tmp/ccqjir6b.s:437    .text:000000000000024c .LVL37
     /tmp/ccqjir6b.s:454    .text:0000000000000260 .LVL39
     /tmp/ccqjir6b.s:460    .text:0000000000000264 .LVL40
     /tmp/ccqjir6b.s:466    .text:0000000000000268 .LVL41
     /tmp/ccqjir6b.s:476    .text:0000000000000270 .LVL42
     /tmp/ccqjir6b.s:169    .text:00000000000000dc .LVL13
     /tmp/ccqjir6b.s:196    .text:000000000000010c .LVL15
     /tmp/ccqjir6b.s:282    .text:00000000000001a4 .LVL28
     /tmp/ccqjir6b.s:279    .text:00000000000001a0 .LVL27
     /tmp/ccqjir6b.s:219    .text:000000000000013c .LVL18
     /tmp/ccqjir6b.s:236    .text:0000000000000164 .LVL20
     /tmp/ccqjir6b.s:240    .text:0000000000000168 .LVL21
     /tmp/ccqjir6b.s:242    .text:000000000000016c .LVL22
     /tmp/ccqjir6b.s:190    .text:0000000000000108 .LVL14
     /tmp/ccqjir6b.s:202    .text:0000000000000118 .LVL17
     /tmp/ccqjir6b.s:274    .text:0000000000000198 .LVL26
GAS LISTING /tmp/ccqjir6b.s 			page 28


     /tmp/ccqjir6b.s:245    .text:0000000000000170 .LVL23
     /tmp/ccqjir6b.s:16     .text:0000000000000000 .LVL0
     /tmp/ccqjir6b.s:41     .text:0000000000000028 .LVL2
     /tmp/ccqjir6b.s:98     .text:00000000000000a4 .LVL7
     /tmp/ccqjir6b.s:130    .text:00000000000000d0 .LVL11
     /tmp/ccqjir6b.s:133    .text:00000000000000d4 .LVL12
     /tmp/ccqjir6b.s:34     .text:0000000000000024 .LVL1
     /tmp/ccqjir6b.s:47     .text:0000000000000034 .LVL4
     /tmp/ccqjir6b.s:127    .text:00000000000000cc .LVL10
     /tmp/ccqjir6b.s:639    .debug_info:0000000000000000 .Ldebug_info0
     /tmp/ccqjir6b.s:482    .text:0000000000000270 .LBE62
     /tmp/ccqjir6b.s:512    .text:00000000000002a4 .LBB71
     /tmp/ccqjir6b.s:531    .text:00000000000002b0 .LBE71
     /tmp/ccqjir6b.s:141    .gcc_except_table:0000000000000000 .LLSDA59
     /tmp/ccqjir6b.s:289    .gcc_except_table:000000000000002b .LLSDA60

UNDEFINED SYMBOLS
_ZN15MemoryAllocator9mem_allocEm
_ZN9Scheduler3putEP3TCB
_ZN15MemoryAllocator8mem_freeEPv
_Unwind_Resume
__gxx_personality_v0
_ZN5Riscv10popSppSpieEv
_ZN9Scheduler3getEv
_ZN3TCB13contextSwitchEPNS_7ContextES1_
